Component: ARM Compiler 6.16 Tool: armlink [5dfeaa00]

==============================================================================

Image Symbol Table

    Local Symbols

    Symbol Name                              Value     Ov Type        Size  Object(Section)

    ../clib/angel/boardlib.s                 0x00000000   Number         0  boardinit1.o ABSOLUTE
    ../clib/angel/boardlib.s                 0x00000000   Number         0  boardinit2.o ABSOLUTE
    ../clib/angel/boardlib.s                 0x00000000   Number         0  boardinit3.o ABSOLUTE
    ../clib/angel/boardlib.s                 0x00000000   Number         0  boardshut.o ABSOLUTE
    ../clib/angel/dczerorl.s                 0x00000000   Number         0  __dczerorl.o ABSOLUTE
    ../clib/angel/handlers.s                 0x00000000   Number         0  __scatter_zi.o ABSOLUTE
    ../clib/angel/kernel.s                   0x00000000   Number         0  __rtentry.o ABSOLUTE
    ../clib/angel/kernel.s                   0x00000000   Number         0  __rtentry2.o ABSOLUTE
    ../clib/angel/kernel.s                   0x00000000   Number         0  __rtentry4.o ABSOLUTE
    ../clib/angel/kernel.s                   0x00000000   Number         0  rtexit.o ABSOLUTE
    ../clib/angel/kernel.s                   0x00000000   Number         0  rtexit2.o ABSOLUTE
    ../clib/angel/rt.s                       0x00000000   Number         0  rt_ctype_table.o ABSOLUTE
    ../clib/angel/rt.s                       0x00000000   Number         0  rt_locale.o ABSOLUTE
    ../clib/angel/rt.s                       0x00000000   Number         0  rt_locale_intlibspace.o ABSOLUTE
    ../clib/angel/rt.s                       0x00000000   Number         0  rt_ddtor_pointer_addr.o ABSOLUTE
    ../clib/angel/rt.s                       0x00000000   Number         0  rt_ddtor_pointer_addr_intlibspace.o ABSOLUTE
    ../clib/angel/rt.s                       0x00000000   Number         0  rt_raise.o ABSOLUTE
    ../clib/angel/rt.s                       0x00000000   Number         0  rt_heap_descriptor.o ABSOLUTE
    ../clib/angel/rt.s                       0x00000000   Number         0  rt_heap_descriptor_intlibspace.o ABSOLUTE
    ../clib/angel/rt.s                       0x00000000   Number         0  rt_errno_addr.o ABSOLUTE
    ../clib/angel/rt.s                       0x00000000   Number         0  rt_errno_addr_intlibspace.o ABSOLUTE
    ../clib/angel/scatter.s                  0x00000000   Number         0  __scatter.o ABSOLUTE
    ../clib/angel/startup.s                  0x00000000   Number         0  __main.o ABSOLUTE
    ../clib/angel/sys.s                      0x00000000   Number         0  use_no_semi.o ABSOLUTE
    ../clib/angel/sys.s                      0x00000000   Number         0  indicate_semi.o ABSOLUTE
    ../clib/angel/sys.s                      0x00000000   Number         0  libspace.o ABSOLUTE
    ../clib/angel/sys.s                      0x00000000   Number         0  mutex_dummy.o ABSOLUTE
    ../clib/angel/sys.s                      0x00000000   Number         0  sys_stackheap_outer.o ABSOLUTE
    ../clib/angel/sysapp.c                   0x00000000   Number         0  sys_time.o ABSOLUTE
    ../clib/angel/sysapp.c                   0x00000000   Number         0  sys_time_hlt.o ABSOLUTE
    ../clib/angel/sysapp.c                   0x00000000   Number         0  sys_io.o ABSOLUTE
    ../clib/angel/sysapp.c                   0x00000000   Number         0  sys_io_names.o ABSOLUTE
    ../clib/angel/sysapp.c                   0x00000000   Number         0  sys_io_hlt.o ABSOLUTE
    ../clib/angel/sysapp.c                   0x00000000   Number         0  sys_command.o ABSOLUTE
    ../clib/angel/sysapp.c                   0x00000000   Number         0  sys_exit.o ABSOLUTE
    ../clib/angel/sysapp.c                   0x00000000   Number         0  sys_command_hlt.o ABSOLUTE
    ../clib/angel/sysapp.c                   0x00000000   Number         0  sys_exit_hlt.o ABSOLUTE
    ../clib/angel/sysapp.c                   0x00000000   Number         0  sys_wrch.o ABSOLUTE
    ../clib/angel/sysapp.c                   0x00000000   Number         0  sys_wrch_hlt.o ABSOLUTE
    ../clib/arm_runtime.c                    0x00000000   Number         0  init_aeabi.o ABSOLUTE
    ../clib/arm_runtime.c                    0x00000000   Number         0  init_aeabi.o ABSOLUTE
    ../clib/armsys.c                         0x00000000   Number         0  argv_veneer.o ABSOLUTE
    ../clib/armsys.c                         0x00000000   Number         0  argv_veneer.o ABSOLUTE
    ../clib/armsys.c                         0x00000000   Number         0  _get_argv.o ABSOLUTE
    ../clib/armsys.c                         0x00000000   Number         0  _get_argv_nomalloc.o ABSOLUTE
    ../clib/armsys.c                         0x00000000   Number         0  no_argv.o ABSOLUTE
    ../clib/bigflt.c                         0x00000000   Number         0  bigflt0.o ABSOLUTE
[...]
    DMA2_Channel8_IRQHandler                 0x20000337   Thumb Code     0  startup_n32g4fr.o(.text)
    DVP_IRQHandler                           0x20000337   Thumb Code     0  startup_n32g4fr.o(.text)
    ETH_IRQHandler                           0x20000337   Thumb Code     0  startup_n32g4fr.o(.text)
    ETH_WKUP_IRQHandler                      0x20000337   Thumb Code     0  startup_n32g4fr.o(.text)
    EXTI0_IRQHandler                         0x20000337   Thumb Code     0  startup_n32g4fr.o(.text)
    EXTI15_10_IRQHandler                     0x20000337   Thumb Code     0  startup_n32g4fr.o(.text)
    EXTI1_IRQHandler                         0x20000337   Thumb Code     0  startup_n32g4fr.o(.text)
    EXTI2_IRQHandler                         0x20000337   Thumb Code     0  startup_n32g4fr.o(.text)
    EXTI3_IRQHandler                         0x20000337   Thumb Code     0  startup_n32g4fr.o(.text)
    EXTI4_IRQHandler                         0x20000337   Thumb Code     0  startup_n32g4fr.o(.text)
    EXTI9_5_IRQHandler                       0x20000337   Thumb Code     0  startup_n32g4fr.o(.text)
    FLASH_IRQHandler                         0x20000337   Thumb Code     0  startup_n32g4fr.o(.text)
    I2C1_ER_IRQHandler                       0x20000337   Thumb Code     0  startup_n32g4fr.o(.text)
    I2C1_EV_IRQHandler                       0x20000337   Thumb Code     0  startup_n32g4fr.o(.text)
    I2C2_ER_IRQHandler                       0x20000337   Thumb Code     0  startup_n32g4fr.o(.text)
    I2C2_EV_IRQHandler                       0x20000337   Thumb Code     0  startup_n32g4fr.o(.text)
    I2C3_ER_IRQHandler                       0x20000337   Thumb Code     0  startup_n32g4fr.o(.text)
    I2C3_EV_IRQHandler                       0x20000337   Thumb Code     0  startup_n32g4fr.o(.text)
    I2C4_ER_IRQHandler                       0x20000337   Thumb Code     0  startup_n32g4fr.o(.text)
    I2C4_EV_IRQHandler                       0x20000337   Thumb Code     0  startup_n32g4fr.o(.text)
    MMU_IRQHandler                           0x20000337   Thumb Code     0  startup_n32g4fr.o(.text)
    PVD_IRQHandler                           0x20000337   Thumb Code     0  startup_n32g4fr.o(.text)
    QSPI_IRQHandler                          0x20000337   Thumb Code     0  startup_n32g4fr.o(.text)
    RCC_IRQHandler                           0x20000337   Thumb Code     0  startup_n32g4fr.o(.text)
    RSRAM_IRQHandler                         0x20000337   Thumb Code     0  startup_n32g4fr.o(.text)
    RTCAlarm_IRQHandler                      0x20000337   Thumb Code     0  startup_n32g4fr.o(.text)
    RTC_WKUP_IRQHandler                      0x20000337   Thumb Code     0  startup_n32g4fr.o(.text)
    SAC_IRQHandler                           0x20000337   Thumb Code     0  startup_n32g4fr.o(.text)
    SDIO_IRQHandler                          0x20000337   Thumb Code     0  startup_n32g4fr.o(.text)
    SPI1_IRQHandler                          0x20000337   Thumb Code     0  startup_n32g4fr.o(.text)
    SPI2_IRQHandler                          0x20000337   Thumb Code     0  startup_n32g4fr.o(.text)
    SPI3_IRQHandler                          0x20000337   Thumb Code     0  startup_n32g4fr.o(.text)
    TAMPER_IRQHandler                        0x20000337   Thumb Code     0  startup_n32g4fr.o(.text)
    TIM1_BRK_IRQHandler                      0x20000337   Thumb Code     0  startup_n32g4fr.o(.text)
    TIM1_TRG_COM_IRQHandler                  0x20000337   Thumb Code     0  startup_n32g4fr.o(.text)
    TIM1_UP_IRQHandler                       0x20000337   Thumb Code     0  startup_n32g4fr.o(.text)
    TIM2_IRQHandler                          0x20000337   Thumb Code     0  startup_n32g4fr.o(.text)
    TIM3_IRQHandler                          0x20000337   Thumb Code     0  startup_n32g4fr.o(.text)
    TIM4_IRQHandler                          0x20000337   Thumb Code     0  startup_n32g4fr.o(.text)
    TIM5_IRQHandler                          0x20000337   Thumb Code     0  startup_n32g4fr.o(.text)
    TIM6_IRQHandler                          0x20000337   Thumb Code     0  startup_n32g4fr.o(.text)
    TIM7_IRQHandler                          0x20000337   Thumb Code     0  startup_n32g4fr.o(.text)
    TIM8_BRK_IRQHandler                      0x20000337   Thumb Code     0  startup_n32g4fr.o(.text)
    TIM8_CC_IRQHandler                       0x20000337   Thumb Code     0  startup_n32g4fr.o(.text)
    TIM8_TRG_COM_IRQHandler                  0x20000337   Thumb Code     0  startup_n32g4fr.o(.text)
    TIM8_UP_IRQHandler                       0x20000337   Thumb Code     0  startup_n32g4fr.o(.text)
    TSC_IRQHandler                           0x20000337   Thumb Code     0  startup_n32g4fr.o(.text)
    UART4_IRQHandler                         0x20000337   Thumb Code     0  startup_n32g4fr.o(.text)
    UART5_IRQHandler                         0x20000337   Thumb Code     0  startup_n32g4fr.o(.text)
    UART6_IRQHandler                         0x20000337   Thumb Code     0  startup_n32g4fr.o(.text)
    UART7_IRQHandler                         0x20000337   Thumb Code     0  startup_n32g4fr.o(.text)
    USART1_IRQHandler                        0x20000337   Thumb Code     0  startup_n32g4fr.o(.text)
    USART2_IRQHandler                        0x20000337   Thumb Code     0  startup_n32g4fr.o(.text)
    USBWakeUp_IRQHandler                     0x20000337   Thumb Code     0  startup_n32g4fr.o(.text)
    USB_HP_CAN1_TX_IRQHandler                0x20000337   Thumb Code     0  startup_n32g4fr.o(.text)
    USB_LP_CAN1_RX0_IRQHandler               0x20000337   Thumb Code     0  startup_n32g4fr.o(.text)
    WWDG_IRQHandler                          0x20000337   Thumb Code     0  startup_n32g4fr.o(.text)
    XFMC_IRQHandler                          0x20000337   Thumb Code     0  startup_n32g4fr.o(.text)
    __user_initial_stackheap                 0x20000339   Thumb Code     0  startup_n32g4fr.o(.text)
    __rt_ctype_table                         0x2000035d   Thumb Code    16  rt_ctype_table.o(.text)
    printf                                   0x2000036d   Thumb Code    20  printf.o(.text)
    putc                                     0x20000385   Thumb Code     4  putc.o(.text)
    __cxa_atexit                             0x20000389   Thumb Code    10  cxa_atexit.o(.text)
    strstr                                   0x20000393   Thumb Code    36  strstr.o(.text)
    strcpy                                   0x200003b7   Thumb Code    72  strcpy.o(.text)
    strlen                                   0x200003ff   Thumb Code    62  strlen.o(.text)
    __aeabi_memcpy                           0x2000043d   Thumb Code     0  rt_memcpy_v6.o(.text)
    __rt_memcpy                              0x2000043d   Thumb Code   138  rt_memcpy_v6.o(.text)
    _memcpy_lastbytes                        0x200004a3   Thumb Code     0  rt_memcpy_v6.o(.text)
    strcmp                                   0x200004c9   Thumb Code   124  strcmpv7em.o(.text)
    __use_two_region_memory                  0x20000545   Thumb Code     2  heapauxi.o(.text)
    __rt_heap_escrow                         0x20000547   Thumb Code     2  heapauxi.o(.text)
    __rt_heap_expand                         0x20000549   Thumb Code     2  heapauxi.o(.text)
    __cpp_initialize__aeabi_                 0x2000054d   Thumb Code    28  init_aeabi.o(.text)
    __I$use$semihosting                      0x20000571   Thumb Code     0  use_no_semi.o(.text)
    __use_no_semihosting_swi                 0x20000571   Thumb Code     2  use_no_semi.o(.text)
    __semihosting_library_function           0x20000573   Thumb Code     0  indicate_semi.o(.text)
    __rt_locale                              0x20000575   Thumb Code     8  rt_locale_intlibspace.o(.text)
    _printf_pre_padding                      0x2000057d   Thumb Code    44  _printf_pad.o(.text)
    _printf_post_padding                     0x200005a9   Thumb Code    34  _printf_pad.o(.text)
    _printf_truncate_signed                  0x200005cb   Thumb Code    18  _printf_truncate.o(.text)
    _printf_truncate_unsigned                0x200005dd   Thumb Code    18  _printf_truncate.o(.text)
    _printf_str                              0x200005ef   Thumb Code    82  _printf_str.o(.text)
    _printf_int_dec                          0x20000641   Thumb Code   104  _printf_dec.o(.text)
    _printf_charcount                        0x200006b9   Thumb Code    40  _printf_charcount.o(.text)
    _printf_char_file                        0x200006e1   Thumb Code    32  _printf_char_file.o(.text)
    _printf_wctomb                           0x20000705   Thumb Code   182  _printf_wctomb.o(.text)
    _printf_longlong_dec                     0x200007c1   Thumb Code   108  _printf_longlong_dec.o(.text)
    _printf_longlong_oct                     0x2000083d   Thumb Code    68  _printf_oct_int_ll.o(.text)
    _printf_int_oct                          0x20000881   Thumb Code    24  _printf_oct_int_ll.o(.text)
    _printf_ll_oct                           0x20000899   Thumb Code    12  _printf_oct_int_ll.o(.text)
    _printf_longlong_hex                     0x200008ad   Thumb Code    86  _printf_hex_int_ll_ptr.o(.text)
    _printf_int_hex                          0x20000903   Thumb Code    28  _printf_hex_int_ll_ptr.o(.text)
    _printf_ll_hex                           0x2000091f   Thumb Code    12  _printf_hex_int_ll_ptr.o(.text)
    _printf_hex_ptr                          0x2000092b   Thumb Code    18  _printf_hex_int_ll_ptr.o(.text)
    __printf                                 0x20000941   Thumb Code   388  __printf_flags_ss_wp.o(.text)
    _fseek                                   0x20000ac9   Thumb Code   242  fseek.o(.text)
    fseek                                    0x20000ac9   Thumb Code     0  fseek.o(.text)
    _seterr                                  0x20000bc1   Thumb Code    20  stdio.o(.text)
    _writebuf                                0x20000bd5   Thumb Code    84  stdio.o(.text)
    _fflush                                  0x20000c29   Thumb Code    70  stdio.o(.text)
    _deferredlazyseek                        0x20000c6f   Thumb Code    60  stdio.o(.text)
    _initio                                  0x20000cb1   Thumb Code   210  initio.o(.text)
    _terminateio                             0x20000d83   Thumb Code    56  initio.o(.text)
    __aeabi_atexit                           0x20000de9   Thumb Code    46  aeabi_atexit.o(.text)
    __aeabi_memcpy4                          0x20000e17   Thumb Code     0  rt_memcpy_w.o(.text)
    __aeabi_memcpy8                          0x20000e17   Thumb Code     0  rt_memcpy_w.o(.text)
    __rt_memcpy_w                            0x20000e17   Thumb Code   100  rt_memcpy_w.o(.text)
    _memcpy_lastbytes_aligned                0x20000e5f   Thumb Code     0  rt_memcpy_w.o(.text)
    _sys_open                                0x20000e7b   Thumb Code    20  sys_io.o(.text)
    _sys_close                               0x20000e8f   Thumb Code    12  sys_io.o(.text)
    _sys_write                               0x20000e9b   Thumb Code    16  sys_io.o(.text)
    _sys_read                                0x20000eab   Thumb Code    14  sys_io.o(.text)
    _sys_istty                               0x20000eb9   Thumb Code    12  sys_io.o(.text)
    _sys_seek                                0x20000ec5   Thumb Code    14  sys_io.o(.text)
    _sys_ensure                              0x20000ed3   Thumb Code     2  sys_io.o(.text)
    _sys_flen                                0x20000ed5   Thumb Code    12  sys_io.o(.text)
    __user_libspace                          0x20000ee1   Thumb Code     8  libspace.o(.text)
    __user_perproc_libspace                  0x20000ee1   Thumb Code     0  libspace.o(.text)
    __user_perthread_libspace                0x20000ee1   Thumb Code     0  libspace.o(.text)
    __rt_ddtor_pointer_addr                  0x20000ee9   Thumb Code     8  rt_ddtor_pointer_addr_intlibspace.o(.text)
    malloc                                   0x20000ef1   Thumb Code    94  h1_alloc.o(.text)
    free                                     0x20000f4f   Thumb Code    78  h1_free.o(.text)
    _ll_udiv10                               0x20000f9d   Thumb Code   138  lludiv10.o(.text)
    _printf_int_common                       0x20001027   Thumb Code   178  _printf_intcommon.o(.text)
    _printf_fp_dec_real                      0x20001289   Thumb Code   620  _printf_fp_dec.o(.text)
    _printf_fp_hex_real                      0x200014f5   Thumb Code   756  _printf_fp_hex.o(.text)
    _printf_char_common                      0x200017fb   Thumb Code    32  _printf_char_common.o(.text)
    _printf_cs_common                        0x20001821   Thumb Code    20  _printf_char.o(.text)
    _printf_char                             0x20001835   Thumb Code    16  _printf_char.o(.text)
    _printf_string                           0x20001845   Thumb Code     8  _printf_char.o(.text)
    _printf_lcs_common                       0x2000184d   Thumb Code    20  _printf_wchar.o(.text)
    _printf_wchar                            0x20001861   Thumb Code    16  _printf_wchar.o(.text)
    _printf_wstring                          0x20001871   Thumb Code     8  _printf_wchar.o(.text)
    ferror                                   0x20001879   Thumb Code     8  ferror.o(.text)
    _ftell_internal                          0x20001881   Thumb Code    66  ftell.o(.text)
    ftell                                    0x20001881   Thumb Code     0  ftell.o(.text)
    setvbuf                                  0x200018c3   Thumb Code    70  setvbuf.o(.text)
    freopen                                  0x20001909   Thumb Code   160  fopen.o(.text)
    fopen                                    0x200019a9   Thumb Code    74  fopen.o(.text)
    _fclose_internal                         0x200019f9   Thumb Code    76  fclose.o(.text)
    fclose                                   0x200019f9   Thumb Code     0  fclose.o(.text)
    _c16rtomb                                0x20001a45   Thumb Code    72  _c16rtomb.o(.text)
    _wcrtomb                                 0x20001a45   Thumb Code     0  _c16rtomb.o(.text)
    __cxa_finalize                           0x20001a8d   Thumb Code    66  cxa_finalize.o(.text)
    __rt_SIGRTRED                            0x20001acf   Thumb Code    14  defsig_rtred_outer.o(.text)
    __aeabi_memclr4                          0x20001add   Thumb Code     0  rt_memclr_w.o(.text)
    __aeabi_memclr8                          0x20001add   Thumb Code     0  rt_memclr_w.o(.text)
    __rt_memclr_w                            0x20001add   Thumb Code     0  rt_memclr_w.o(.text)
    _memset_w                                0x20001ae1   Thumb Code    74  rt_memclr_w.o(.text)
    __user_setup_stackheap                   0x20001b2b   Thumb Code    74  sys_stackheap_outer.o(.text)
    __rt_heap_descriptor                     0x20001b75   Thumb Code     8  rt_heap_descriptor_intlibspace.o(.text)
    __aeabi_errno_addr                       0x20001b7d   Thumb Code     8  rt_errno_addr_intlibspace.o(.text)
    __errno$intlibspace                      0x20001b7d   Thumb Code     0  rt_errno_addr_intlibspace.o(.text)
    __rt_errno_addr$intlibspace              0x20001b7d   Thumb Code     0  rt_errno_addr_intlibspace.o(.text)
    __use_no_heap                            0x20001b85   Thumb Code     2  hguard.o(.text)
    __heap$guard                             0x20001b87   Thumb Code     2  hguard.o(.text)
    _terminate_user_alloc                    0x20001b89   Thumb Code     2  init_alloc.o(.text)
    _init_user_alloc                         0x20001b8b   Thumb Code     2  init_alloc.o(.text)
    __Heap_Full                              0x20001b8d   Thumb Code    34  init_alloc.o(.text)
    __Heap_Broken                            0x20001baf   Thumb Code     6  init_alloc.o(.text)
    _init_alloc                              0x20001bb5   Thumb Code    94  init_alloc.o(.text)
    __Heap_Initialize                        0x20001c13   Thumb Code    10  h1_init.o(.text)
    __Heap_DescSize                          0x20001c1d   Thumb Code     4  h1_init.o(.text)
    _printf_fp_infnan                        0x20001c21   Thumb Code   112  _printf_fp_infnan.o(.text)
    _btod_etento                             0x20001ca1   Thumb Code   224  bigflt0.o(.text)
    exit                                     0x20001d85   Thumb Code    18  exit.o(.text)
    __sig_exit                               0x20001d97   Thumb Code    10  defsig_exit.o(.text)
    __rt_SIGRTRED_inner                      0x20001da1   Thumb Code    14  defsig_rtred_inner.o(.text)
    _sys_exit                                0x20001dd5   Thumb Code     8  sys_exit.o(.text)
    __Heap_ProvideMemory                     0x20001de1   Thumb Code    52  h1_extend.o(.text)
    _maybe_terminate_alloc                   0x20001de1   Thumb Code     0  maybetermalloc1.o(.text)
    __default_signal_display                 0x20001e15   Thumb Code    50  defsig_general.o(.text)
    __rt_SIGRTMEM                            0x20001e47   Thumb Code    14  defsig_rtmem_outer.o(.text)
    _ttywrch                                 0x20001e55   Thumb Code    14  sys_wrch.o(.text)
    __rt_SIGRTMEM_inner                      0x20001e65   Thumb Code    22  defsig_rtmem_inner.o(.text)
    ADC_ConfigClk                            0x20001eb5   Thumb Code    56  n32g4fr_adc.o(.text.ADC_ConfigClk)
    BusFault_Handler                         0x20001eed   Thumb Code     4  n32g4fr_it.o(.text.BusFault_Handler)
    DAC_Enable                               0x20001ef1   Thumb Code    68  n32g4fr_dac.o(.text.DAC_Enable)
    DAC_Init                                 0x20001f35   Thumb Code    84  n32g4fr_dac.o(.text.DAC_Init)
    DAC_SetCh1Data                           0x20001f89   Thumb Code    44  n32g4fr_dac.o(.text.DAC_SetCh1Data)
    DAC_SoftTrgEnable                        0x20001fb5   Thumb Code    72  n32g4fr_dac.o(.text.DAC_SoftTrgEnable)
    DebugMon_Handler                         0x20001ffd   Thumb Code     2  n32g4fr_it.o(.text.DebugMon_Handler)
    GPIO_InitPeripheral                      0x20002001   Thumb Code   390  n32g4fr_gpio.o(.text.GPIO_InitPeripheral)
    HardFaultHandler                         0x20002189   Thumb Code   276  segger_hardfaulthandler.o(.text.HardFaultHandler)
    MemManage_Handler                        0x2000229d   Thumb Code     4  n32g4fr_it.o(.text.MemManage_Handler)
    NMI_Handler                              0x200022a1   Thumb Code     2  n32g4fr_it.o(.text.NMI_Handler)
    NVIC_Init                                0x200022a5   Thumb Code   170  misc.o(.text.NVIC_Init)
    NVIC_PriorityGroupConfig                 0x20002351   Thumb Code    28  misc.o(.text.NVIC_PriorityGroupConfig)
    RCC_ConfigAdc1mClk                       0x2000236d   Thumb Code    62  n32g4fr_rcc.o(.text.RCC_ConfigAdc1mClk)
    RCC_ConfigAdcHclk                        0x200023ad   Thumb Code    44  n32g4fr_rcc.o(.text.RCC_ConfigAdcHclk)
    RCC_ConfigAdcPllClk                      0x200023d9   Thumb Code    84  n32g4fr_rcc.o(.text.RCC_ConfigAdcPllClk)
    RCC_ConfigPclk1                          0x2000242d   Thumb Code    44  n32g4fr_rcc.o(.text.RCC_ConfigPclk1)
    RCC_EnableAHBPeriphClk                   0x20002459   Thumb Code    56  n32g4fr_rcc.o(.text.RCC_EnableAHBPeriphClk)
    RCC_EnableAPB1PeriphClk                  0x20002491   Thumb Code    56  n32g4fr_rcc.o(.text.RCC_EnableAPB1PeriphClk)
    RCC_EnableAPB2PeriphClk                  0x200024c9   Thumb Code    56  n32g4fr_rcc.o(.text.RCC_EnableAPB2PeriphClk)
    RCC_GetClocksFreqValue                   0x20002501   Thumb Code   452  n32g4fr_rcc.o(.text.RCC_GetClocksFreqValue)
    SEGGER_RTT_ConfigUpBuffer                0x200026c5   Thumb Code   160  segger_rtt.o(.text.SEGGER_RTT_ConfigUpBuffer)
    SEGGER_RTT_Init                          0x20002765   Thumb Code     8  segger_rtt.o(.text.SEGGER_RTT_Init)
    SEGGER_RTT_Write                         0x2000276d   Thumb Code    76  segger_rtt.o(.text.SEGGER_RTT_Write)
    SEGGER_RTT_WriteNoLock                   0x200027b9   Thumb Code   176  segger_rtt.o(.text.SEGGER_RTT_WriteNoLock)
    SEGGER_RTT_printf                        0x20002869   Thumb Code    42  segger_rtt_printf.o(.text.SEGGER_RTT_printf)
    SEGGER_RTT_vprintf                       0x20002895   Thumb Code   828  segger_rtt_printf.o(.text.SEGGER_RTT_vprintf)
    SVC_Handler                              0x20002bd1   Thumb Code     2  n32g4fr_it.o(.text.SVC_Handler)
    SysTick_Handler                          0x20002c95   Thumb Code    32  n32g4fr_it.o(.text.SysTick_Handler)
    SystemInit                               0x20002cb5   Thumb Code   190  system_n32g4fr.o(.text.SystemInit)
    TIM1_CC_IRQHandler                       0x20002d75   Thumb Code     2  n32g4fr_it.o(.text.TIM1_CC_IRQHandler)
    USART3_IRQHandler                        0x20002d79   Thumb Code   124  n32g4fr_it.o(.text.USART3_IRQHandler)
    USART_ConfigInt                          0x20002df5   Thumb Code   146  n32g4fr_usart.o(.text.USART_ConfigInt)
    USART_Enable                             0x20002e89   Thumb Code    44  n32g4fr_usart.o(.text.USART_Enable)
    USART_GetFlagStatus                      0x20002eb5   Thumb Code    68  n32g4fr_usart.o(.text.USART_GetFlagStatus)
    USART_GetIntStatus                       0x20002ef9   Thumb Code   176  n32g4fr_usart.o(.text.USART_GetIntStatus)
    USART_Init                               0x20002fa9   Thumb Code   292  n32g4fr_usart.o(.text.USART_Init)
    USART_ReceiveData                        0x200030cd   Thumb Code    16  n32g4fr_usart.o(.text.USART_ReceiveData)
    USART_SendData                           0x200030dd   Thumb Code    24  n32g4fr_usart.o(.text.USART_SendData)
    UsageFault_Handler                       0x200030f5   Thumb Code     4  n32g4fr_it.o(.text.UsageFault_Handler)
    shell_mode_cmd(char, char*)              0x20003751   Thumb Code   204  nr_micro_shell_commands.o(.text._Z14shell_mode_cmdcPc)
    shell_quit_cmd(char, char*)              0x2000381d   Thumb Code    58  nr_micro_shell_commands.o(.text._Z14shell_quit_cmdcPc)
    shell_stop_cmd(char, char*)              0x20003859   Thumb Code    40  nr_micro_shell_commands.o(.text._Z14shell_stop_cmdcPc)
    shell_start_cmd(char, char*)             0x20003881   Thumb Code    40  nr_micro_shell_commands.o(.text._Z15shell_start_cmdcPc)
    shell_hexdump_cmd(char, char*)           0x200038a9   Thumb Code   120  nr_micro_shell_commands.o(.text._Z17shell_hexdump_cmdcPc)
    loop()                                   0x20003921   Thumb Code    16  main.o(.text._Z4loopv)
    setup()                                  0x20003931   Thumb Code     8  main.o(.text._Z5setupv)
    App::idle_process()                      0x200039f9   Thumb Code    40  app.o(.text._ZN3App12idle_processEv)
    App::uart_process()                      0x20003a21   Thumb Code    14  app.o(.text._ZN3App12uart_processEv)
    App::error_process()                     0x20003a31   Thumb Code    40  app.o(.text._ZN3App13error_processEv)
    App::run()                               0x20003a59   Thumb Code    74  app.o(.text._ZN3App3runEv)
    App::sim_pt100()                         0x20003aa5   Thumb Code   250  app.o(.text._ZN3App9sim_pt100Ev)
    App::App()                               0x20003ba1   Thumb Code    16  app.o(.text._ZN3AppC2Ev)
    App::App__sub_object()                   0x20003ba1   Thumb Code    16  app.o(.text._ZN3AppC2Ev)
    App::~App()                              0x20003bb1   Thumb Code    10  app.o(.text._ZN3AppD2Ev)
    App::~App__sub_object()                  0x20003bb1   Thumb Code    10  app.o(.text._ZN3AppD2Ev)
    Clk::print_clock()                       0x20003bbd   Thumb Code   116  clk.o(.text._ZN3Clk11print_clockEv)
    Clk::Clk()                               0x20003c31   Thumb Code   158  clk.o(.text._ZN3ClkC2Ev)
    Clk::Clk__sub_object()                   0x20003c31   Thumb Code   158  clk.o(.text._ZN3ClkC2Ev)
    Clk::~Clk()                              0x20003cd1   Thumb Code    10  clk.o(.text._ZN3ClkD2Ev)
    Clk::~Clk__sub_object()                  0x20003cd1   Thumb Code    10  clk.o(.text._ZN3ClkD2Ev)
    Dac::set_dac_raw_value(unsigned short)   0x20003cdd   Thumb Code    34  dac.o(.text._ZN3Dac17set_dac_raw_valueEt)
    Dac::init()                              0x20003d01   Thumb Code    42  dac.o(.text._ZN3Dac4initEv)
    Dac::init_dac()                          0x20003d2d   Thumb Code    40  dac.o(.text._ZN3Dac8init_dacEv)
    Dac::init_pin(GPIO_Module*, unsigned int) 0x20003d55   Thumb Code    34  dac.o(.text._ZN3Dac8init_pinEP11GPIO_Modulej)
    Dac::Dac()                               0x20003d79   Thumb Code    20  dac.o(.text._ZN3DacC2Ev)
    Dac::Dac__sub_object()                   0x20003d79   Thumb Code    20  dac.o(.text._ZN3DacC2Ev)
    Dac::~Dac()                              0x20003d8d   Thumb Code    10  dac.o(.text._ZN3DacD2Ev)
    Dac::~Dac__sub_object()                  0x20003d8d   Thumb Code    10  dac.o(.text._ZN3DacD2Ev)
    Rtt::init()                              0x20003d99   Thumb Code   126  rtt.o(.text._ZN3Rtt4initEv)
    Rtt::Rtt()                               0x20003e19   Thumb Code    20  rtt.o(.text._ZN3RttC2Ev)
    Rtt::Rtt__sub_object()                   0x20003e19   Thumb Code    20  rtt.o(.text._ZN3RttC2Ev)
    Rtt::~Rtt()                              0x20003e2d   Thumb Code    10  rtt.o(.text._ZN3RttD2Ev)
    Rtt::~Rtt__sub_object()                  0x20003e2d   Thumb Code    10  rtt.o(.text._ZN3RttD2Ev)
    Uart::init(unsigned int)                 0x20003e39   Thumb Code    78  uart.o(.text._ZN4Uart4initEj)
    Uart::init_pin()                         0x20003e89   Thumb Code    78  uart.o(.text._ZN4Uart8init_pinEv)
    Uart::init_nvic()                        0x20003ed9   Thumb Code    42  uart.o(.text._ZN4Uart9init_nvicEv)
    Uart::Uart()                             0x20003f05   Thumb Code    36  uart.o(.text._ZN4UartC2Ev)
    Uart::Uart__sub_object()                 0x20003f05   Thumb Code    36  uart.o(.text._ZN4UartC2Ev)
    Uart::~Uart()                            0x20003f29   Thumb Code    10  uart.o(.text._ZN4UartD2Ev)
    Uart::~Uart__sub_object()                0x20003f29   Thumb Code    10  uart.o(.text._ZN4UartD2Ev)
    Shell::init()                            0x20003f35   Thumb Code    34  shell.o(.text._ZN5Shell4initEv)
    Shell::Shell()                           0x20003f59   Thumb Code    20  shell.o(.text._ZN5ShellC2Ev)
    Shell::Shell__sub_object()               0x20003f59   Thumb Code    20  shell.o(.text._ZN5ShellC2Ev)
    Shell::~Shell()                          0x20003f6d   Thumb Code    10  shell.o(.text._ZN5ShellD2Ev)
    Shell::~Shell__sub_object()              0x20003f6d   Thumb Code    10  shell.o(.text._ZN5ShellD2Ev)
    Systick::init()                          0x20003f79   Thumb Code    56  systick.o(.text._ZN7Systick4initEv)
    Systick::delay_ms(unsigned int)          0x20003fb1   Thumb Code    40  systick.o(.text._ZN7Systick8delay_msEj)
    Systick::Systick()                       0x20003fd9   Thumb Code    20  systick.o(.text._ZN7SystickC2Ev)
    Systick::Systick__sub_object()           0x20003fd9   Thumb Code    20  systick.o(.text._ZN7SystickC2Ev)
    Systick::~Systick()                      0x20003fed   Thumb Code    10  systick.o(.text._ZN7SystickD2Ev)
    Systick::~Systick__sub_object()          0x20003fed   Thumb Code    10  systick.o(.text._ZN7SystickD2Ev)
    DWTDelay::init(unsigned int)             0x20003ff9   Thumb Code    48  dwtdelay.o(.text._ZN8DWTDelay4initEj)
    DWTDelay::delay_ms(unsigned int)         0x20004029   Thumb Code    26  dwtdelay.o(.text._ZN8DWTDelay8delay_msEj)
    DWTDelay::delay_us(unsigned int)         0x20004045   Thumb Code   134  dwtdelay.o(.text._ZN8DWTDelay8delay_usEj)
    DWTDelay::DWTDelay()                     0x200040cd   Thumb Code    30  dwtdelay.o(.text._ZN8DWTDelayC2Ev)
    DWTDelay::DWTDelay__sub_object()         0x200040cd   Thumb Code    30  dwtdelay.o(.text._ZN8DWTDelayC2Ev)
    DWTDelay::~DWTDelay()                    0x200040ed   Thumb Code    10  dwtdelay.o(.text._ZN8DWTDelayD2Ev)
    DWTDelay::~DWTDelay__sub_object()        0x200040ed   Thumb Code    10  dwtdelay.o(.text._ZN8DWTDelayD2Ev)
    Hardware::Hardware()                     0x200040f9   Thumb Code    36  hardware.o(.text._ZN8HardwareC2Ev)
    Hardware::Hardware__sub_object()         0x200040f9   Thumb Code    36  hardware.o(.text._ZN8HardwareC2Ev)
    Hardware::~Hardware()                    0x2000411d   Thumb Code    36  hardware.o(.text._ZN8HardwareD2Ev)
    Hardware::~Hardware__sub_object()        0x2000411d   Thumb Code    36  hardware.o(.text._ZN8HardwareD2Ev)
    _shell_init                              0x20004249   Thumb Code   214  nr_micro_shell.o(.text._shell_init)
    ansi_clear_current_line                  0x20004321   Thumb Code    30  ansi.o(.text.ansi_clear_current_line)
    ansi_get_char                            0x20004341   Thumb Code   372  ansi.o(.text.ansi_get_char)
    ansi_init                                0x200044b5   Thumb Code    42  ansi.o(.text.ansi_init)
    ansi_search_char                         0x200044e1   Thumb Code    98  ansi.o(.text.ansi_search_char)
    ansi_show_str                            0x20004545   Thumb Code    56  ansi_port.o(.text.ansi_show_str)
    fputc                                    0x2000457d   Thumb Code    52  bsp.o(.text.fputc)
    hexdump                                  0x200045b1   Thumb Code   824  bsp.o(.text.hexdump)
    main                                     0x200048e9   Thumb Code    20  main.o(.text.main)
    memory_init                              0x200048fd   Thumb Code     2  bsp.o(.text.memory_init)
    nr_ansi_common_char_slover               0x20004901   Thumb Code   212  ansi_port.o(.text.nr_ansi_common_char_slover)
    nr_ansi_ctrl_common_slover               0x200049d5   Thumb Code    62  ansi_port.o(.text.nr_ansi_ctrl_common_slover)
    nr_ansi_in__                             0x20004a15   Thumb Code   108  ansi_port.o(.text.nr_ansi_in__)
    nr_ansi_in_backspace                     0x20004a81   Thumb Code   108  ansi_port.o(.text.nr_ansi_in_backspace)
    nr_ansi_in_down                          0x20004aed   Thumb Code   164  ansi_port.o(.text.nr_ansi_in_down)
    nr_ansi_in_enter                         0x20004b91   Thumb Code    60  ansi_port.o(.text.nr_ansi_in_enter)
    nr_ansi_in_left                          0x20004bcd   Thumb Code    44  ansi_port.o(.text.nr_ansi_in_left)
    nr_ansi_in_newline                       0x20004bf9   Thumb Code    50  ansi_port.o(.text.nr_ansi_in_newline)
    nr_ansi_in_right                         0x20004c2d   Thumb Code    48  ansi_port.o(.text.nr_ansi_in_right)
    nr_ansi_in_tab                           0x20004c5d   Thumb Code   254  ansi_port.o(.text.nr_ansi_in_tab)
    nr_ansi_in_up                            0x20004d5d   Thumb Code   168  ansi_port.o(.text.nr_ansi_in_up)
    shell_cmd_complete                       0x20004f11   Thumb Code   186  nr_micro_shell.o(.text.shell_cmd_complete)
    shell_his_copy_queue_item                0x20004fcd   Thumb Code   376  nr_micro_shell.o(.text.shell_his_copy_queue_item)
    shell_his_queue_add_cmd                  0x20005145   Thumb Code   366  nr_micro_shell.o(.text.shell_his_queue_add_cmd)
    shell_his_queue_init                     0x200052b5   Thumb Code    34  nr_micro_shell.o(.text.shell_his_queue_init)
    shell_his_queue_search_cmd               0x200052d9   Thumb Code   380  nr_micro_shell.o(.text.shell_his_queue_search_cmd)
    shell_parser                             0x20005455   Thumb Code   360  nr_micro_shell.o(.text.shell_parser)
    shell_search_cmd                         0x200055bd   Thumb Code    98  nr_micro_shell.o(.text.shell_search_cmd)
    _btod_d2e                                0x2000561f   Thumb Code    62  btod.o(CL$$btod_d2e)
    _d2e_denorm_low                          0x2000565d   Thumb Code    70  btod.o(CL$$btod_d2e_denorm_low)
    _d2e_norm_op1                            0x200056a3   Thumb Code    96  btod.o(CL$$btod_d2e_norm_op1)
    __btod_div_common                        0x20005705   Thumb Code   696  btod.o(CL$$btod_div_common)
    _e2e                                     0x20005a3d   Thumb Code   220  btod.o(CL$$btod_e2e)
    _btod_ediv                               0x20005b19   Thumb Code    42  btod.o(CL$$btod_ediv)
    _btod_emul                               0x20005b43   Thumb Code    42  btod.o(CL$$btod_emul)
    __btod_mult_common                       0x20005b6d   Thumb Code   580  btod.o(CL$$btod_mult_common)
    HardFault_Handler                        0x20005db1   Thumb Code     0  hardfaulthandler.o(OSKERNEL)
    __ARM_fpclassify                         0x20005dc3   Thumb Code    48  fpclassify.o(i.__ARM_fpclassify)
    _is_digit                                0x20005df3   Thumb Code    14  __printf_wp.o(i._is_digit)
    _get_lc_ctype                            0x20005e01   Thumb Code    44  lc_ctype_c.o(locale$$code)
    _get_lc_numeric                          0x20005e2d   Thumb Code    44  lc_numeric_c.o(locale$$code)
    _fp_init                                 0x20005e59   Thumb Code    26  fpinit.o(x$fpl$fpinit)
    __fplib_config_fpu_vfp                   0x20005e71   Thumb Code     0  fpinit.o(x$fpl$fpinit)
    __fplib_config_pureend_doubles           0x20005e71   Thumb Code     0  fpinit.o(x$fpl$fpinit)
    _printf_fp_dec                           0x20005e73   Thumb Code     4  printf1.o(x$fpl$printf1)
    _printf_fp_hex                           0x20005e77   Thumb Code     4  printf2.o(x$fpl$printf2)
    __I$use$fp                               0x20005e7a   Number         0  usenofp.o(x$fpl$usenofp)
    __stdin_name                             0x20005ebd   Data           4  sys_io_names.o(.constdata)
    __stdout_name                            0x20005ec1   Data           4  sys_io_names.o(.constdata)
    __stderr_name                            0x20005ec5   Data           4  sys_io_names.o(.constdata)
    nr_ansi_in_cmd                           0x20005f94   Data          21  ansi.o(.rodata.nr_ansi_in_cmd)
    nr_ansi_in_cmd_fun                       0x20005fac   Data          80  ansi.o(.rodata.nr_ansi_in_cmd_fun)
    nr_ansi_in_special_symbol                0x20005ffc   Data           5  ansi.o(.rodata.nr_ansi_in_special_symbol)
    nr_ansi_in_special_symbol_fun            0x20006004   Data          16  ansi.o(.rodata.nr_ansi_in_special_symbol_fun)
    _nr_cmd_start_                           0x20006014   Data          20  nr_micro_shell.o(.rodata.nr_shell_cmd0.end)
    _nr_cmd_end_                             0x20006028   Data          20  nr_micro_shell.o(.rodata.nr_shell_cmd1.end)
    static_cmd                               0x2000607c   Data         120  nr_micro_shell_commands.o(.rodata.static_cmd)
    Region$$Table$$Base                      0x20006540   Number         0  anon$$obj.o(Region$$Table)
    Region$$Table$$Limit                     0x20006560   Number         0  anon$$obj.o(Region$$Table)
    __ctype                                  0x2000656d   Data           0  lc_ctype_c.o(locale$$data)
    SHT$$INIT_ARRAY$$Base                    0x2000668c   Number         0  main.o(.init_array)
    SHT$$INIT_ARRAY$$Limit                   0x20006690   Number         0  init_aeabi.o(.init_array)
    __aeabi_stdin                            0x20010000   Data           4  stdio_streams.o(.data)
    __aeabi_stdout                           0x20010004   Data           4  stdio_streams.o(.data)
    __aeabi_stderr                           0x20010008   Data           4  stdio_streams.o(.data)
    SystemCoreClock                          0x2001000c   Data           4  system_n32g4fr.o(.data.SystemCoreClock)
    nr_shell                                 0x20010010   Data         316  nr_micro_shell.o(.data.nr_shell)
    __stdin                                  0x20010150   Data          84  stdio_streams.o(.bss)
    __stdout                                 0x200101a4   Data          84  stdio_streams.o(.bss)
    __stderr                                 0x200101f8   Data          84  stdio_streams.o(.bss)
    __libspace_start                         0x2001024c   Data          96  libspace.o(.bss)
    __temporary_stack_top$libspace           0x200102ac   Data           0  libspace.o(.bss)
    _SEGGER_RTT                              0x200102f0   Data         168  segger_rtt.o(.bss._SEGGER_RTT)
    app                                      0x200107ac   Data           2  main.o(.bss.app)
    delay                                    0x200107b0   Data           4  systick.o(.bss.delay)
    dwt                                      0x200107b4   Data           4  main.o(.bss.dwt)
    nr                                       0x200107b8   Data           1  main.o(.bss.nr)
    nr_ansi                                  0x200107bc   Data         132  ansi.o(.bss.nr_ansi)
    pta_sim                                  0x20010844   Data          12  main.o(.bss.pta_sim)
    segger_cb                                0x20010850   Data       16384  main.o(.bss.segger_cb)
    tick                                     0x20014850   Data           1  main.o(.bss.tick)



==============================================================================

Memory Map of the image

  Image Entry point : 0x20000199

  Load Region LR_IROM1 (Base: 0x20000000, Size: 0x000067e0, Max: 0x00010000, ABSOLUTE, COMPRESSED[0x000066b8])

    Execution Region ER_IROM1 (Exec base: 0x20000000, Load base: 0x20000000, Size: 0x00006690, Max: 0x00010000, ABSOLUTE)

    Exec Addr    Load Addr    Size         Type   Attr      Idx    E Section Name        Object

    0x20000000   0x20000000   0x00000198   Data   RO          404    RESET               startup_n32g4fr.o
    0x20000198   0x20000198   0x00000008   Code   RO         1926  * !!!main             c_w.l(__main.o)
    0x200001a0   0x200001a0   0x00000034   Code   RO         2442    !!!scatter          c_w.l(__scatter.o)
    0x200001d4   0x200001d4   0x0000003a   Code   RO         2440    !!dczerorl          c_w.l(__dczerorl.o)
    0x2000020e   0x2000020e   0x00000002   PAD
    0x20000210   0x20000210   0x0000001c   Code   RO         2444    !!handler_zi        c_w.l(__scatter_zi.o)
    0x2000022c   0x2000022c   0x00000000   Code   RO         2024    .ARM.Collect$$_printf_percent$$00000000  c_w.l(_printf_percent.o)
    0x2000022c   0x2000022c   0x00000006   Code   RO         2013    .ARM.Collect$$_printf_percent$$00000001  c_w.l(_printf_n.o)
    0x20000232   0x20000232   0x00000006   Code   RO         2015    .ARM.Collect$$_printf_percent$$00000002  c_w.l(_printf_p.o)
    0x20000238   0x20000238   0x00000006   Code   RO         2020    .ARM.Collect$$_printf_percent$$00000003  c_w.l(_printf_f.o)
    0x2000023e   0x2000023e   0x00000006   Code   RO         2021    .ARM.Collect$$_printf_percent$$00000004  c_w.l(_printf_e.o)
    0x20000244   0x20000244   0x00000006   Code   RO         2022    .ARM.Collect$$_printf_percent$$00000005  c_w.l(_printf_g.o)
    0x2000024a   0x2000024a   0x00000006   Code   RO         2023    .ARM.Collect$$_printf_percent$$00000006  c_w.l(_printf_a.o)
    0x20000250   0x20000250   0x0000000a   Code   RO         2028    .ARM.Collect$$_printf_percent$$00000007  c_w.l(_printf_ll.o)
    0x2000025a   0x2000025a   0x00000006   Code   RO         2017    .ARM.Collect$$_printf_percent$$00000008  c_w.l(_printf_i.o)
    0x20000260   0x20000260   0x00000006   Code   RO         2018    .ARM.Collect$$_printf_percent$$00000009  c_w.l(_printf_d.o)
    0x20000266   0x20000266   0x00000006   Code   RO         2019    .ARM.Collect$$_printf_percent$$0000000A  c_w.l(_printf_u.o)
    0x2000026c   0x2000026c   0x00000006   Code   RO         2016    .ARM.Collect$$_printf_percent$$0000000B  c_w.l(_printf_o.o)
    0x20000272   0x20000272   0x00000006   Code   RO         2014    .ARM.Collect$$_printf_percent$$0000000C  c_w.l(_printf_x.o)
    0x20000278   0x20000278   0x00000006   Code   RO         2025    .ARM.Collect$$_printf_percent$$0000000D  c_w.l(_printf_lli.o)
    0x2000027e   0x2000027e   0x00000006   Code   RO         2026    .ARM.Collect$$_printf_percent$$0000000E  c_w.l(_printf_lld.o)
    0x20000284   0x20000284   0x00000006   Code   RO         2027    .ARM.Collect$$_printf_percent$$0000000F  c_w.l(_printf_llu.o)
    0x2000028a   0x2000028a   0x00000006   Code   RO         2032    .ARM.Collect$$_printf_percent$$00000010  c_w.l(_printf_llo.o)
    0x20000290   0x20000290   0x00000006   Code   RO         2033    .ARM.Collect$$_printf_percent$$00000011  c_w.l(_printf_llx.o)
    0x20000296   0x20000296   0x0000000a   Code   RO         2029    .ARM.Collect$$_printf_percent$$00000012  c_w.l(_printf_l.o)
    0x200002a0   0x200002a0   0x00000006   Code   RO         2011    .ARM.Collect$$_printf_percent$$00000013  c_w.l(_printf_c.o)
    0x200002a6   0x200002a6   0x00000006   Code   RO         2012    .ARM.Collect$$_printf_percent$$00000014  c_w.l(_printf_s.o)
    0x200002ac   0x200002ac   0x00000006   Code   RO         2030    .ARM.Collect$$_printf_percent$$00000015  c_w.l(_printf_lc.o)
    0x200002b2   0x200002b2   0x00000006   Code   RO         2031    .ARM.Collect$$_printf_percent$$00000016  c_w.l(_printf_ls.o)
    0x200002b8   0x200002b8   0x00000004   Code   RO         2229    .ARM.Collect$$_printf_percent$$00000017  c_w.l(_printf_percent_end.o)
    0x200002bc   0x200002bc   0x00000002   Code   RO         2361    .ARM.Collect$$libinit$$00000000  c_w.l(libinit.o)
    0x200002be   0x200002be   0x00000004   Code   RO         2059    .ARM.Collect$$libinit$$00000001  c_w.l(libinit2.o)
    0x200002c2   0x200002c2   0x00000000   Code   RO         2062    .ARM.Collect$$libinit$$00000004  c_w.l(libinit2.o)
    0x200002c2   0x200002c2   0x00000008   Code   RO         2063    .ARM.Collect$$libinit$$00000005  c_w.l(libinit2.o)
    0x200002ca   0x200002ca   0x00000000   Code   RO         2065    .ARM.Collect$$libinit$$0000000A  c_w.l(libinit2.o)
    0x200002ca   0x200002ca   0x00000000   Code   RO         2067    .ARM.Collect$$libinit$$0000000C  c_w.l(libinit2.o)
    0x200002ca   0x200002ca   0x00000000   Code   RO         2069    .ARM.Collect$$libinit$$0000000E  c_w.l(libinit2.o)
    0x200002ca   0x200002ca   0x00000006   Code   RO         2070    .ARM.Collect$$libinit$$0000000F  c_w.l(libinit2.o)
    0x200002d0   0x200002d0   0x00000000   Code   RO         2072    .ARM.Collect$$libinit$$00000011  c_w.l(libinit2.o)
    0x200002d0   0x200002d0   0x0000000c   Code   RO         2073    .ARM.Collect$$libinit$$00000012  c_w.l(libinit2.o)
    0x200002dc   0x200002dc   0x00000000   Code   RO         2074    .ARM.Collect$$libinit$$00000013  c_w.l(libinit2.o)
    0x200002dc   0x200002dc   0x00000000   Code   RO         2076    .ARM.Collect$$libinit$$00000015  c_w.l(libinit2.o)
    0x200002dc   0x200002dc   0x0000000a   Code   RO         2077    .ARM.Collect$$libinit$$00000016  c_w.l(libinit2.o)
    0x200002e6   0x200002e6   0x00000000   Code   RO         2078    .ARM.Collect$$libinit$$00000017  c_w.l(libinit2.o)
    0x200002e6   0x200002e6   0x00000000   Code   RO         2080    .ARM.Collect$$libinit$$00000019  c_w.l(libinit2.o)
    0x200002e6   0x200002e6   0x00000000   Code   RO         2082    .ARM.Collect$$libinit$$0000001B  c_w.l(libinit2.o)
    0x200002e6   0x200002e6   0x00000000   Code   RO         2084    .ARM.Collect$$libinit$$0000001D  c_w.l(libinit2.o)
    0x200002e6   0x200002e6   0x00000000   Code   RO         2086    .ARM.Collect$$libinit$$0000001F  c_w.l(libinit2.o)
    0x200002e6   0x200002e6   0x00000000   Code   RO         2088    .ARM.Collect$$libinit$$00000021  c_w.l(libinit2.o)
    0x200002e6   0x200002e6   0x00000000   Code   RO         2090    .ARM.Collect$$libinit$$00000023  c_w.l(libinit2.o)
    0x200002e6   0x200002e6   0x00000004   Code   RO         2091    .ARM.Collect$$libinit$$00000024  c_w.l(libinit2.o)
    0x200002ea   0x200002ea   0x00000000   Code   RO         2092    .ARM.Collect$$libinit$$00000025  c_w.l(libinit2.o)
    0x200002ea   0x200002ea   0x00000000   Code   RO         2096    .ARM.Collect$$libinit$$0000002C  c_w.l(libinit2.o)
    0x200002ea   0x200002ea   0x00000000   Code   RO         2098    .ARM.Collect$$libinit$$0000002E  c_w.l(libinit2.o)
    0x200002ea   0x200002ea   0x00000000   Code   RO         2100    .ARM.Collect$$libinit$$00000030  c_w.l(libinit2.o)
    0x200002ea   0x200002ea   0x00000004   Code   RO         2101    .ARM.Collect$$libinit$$00000031  c_w.l(libinit2.o)
    0x200002ee   0x200002ee   0x00000000   Code   RO         2102    .ARM.Collect$$libinit$$00000032  c_w.l(libinit2.o)
    0x200002ee   0x200002ee   0x00000002   Code   RO         2103    .ARM.Collect$$libinit$$00000033  c_w.l(libinit2.o)
    0x200002f0   0x200002f0   0x00000002   Code   RO         2437    .ARM.Collect$$libshutdown$$00000000  c_w.l(libshutdown.o)
    0x200002f2   0x200002f2   0x00000006   Code   RO         2260    .ARM.Collect$$libshutdown$$00000001  c_w.l(libshutdown2.o)
    0x200002f8   0x200002f8   0x00000000   Code   RO         2261    .ARM.Collect$$libshutdown$$00000002  c_w.l(libshutdown2.o)
    0x200002f8   0x200002f8   0x00000004   Code   RO         2262    .ARM.Collect$$libshutdown$$00000003  c_w.l(libshutdown2.o)
    0x200002fc   0x200002fc   0x00000000   Code   RO         2263    .ARM.Collect$$libshutdown$$00000004  c_w.l(libshutdown2.o)
    0x200002fc   0x200002fc   0x00000000   Code   RO         2266    .ARM.Collect$$libshutdown$$00000007  c_w.l(libshutdown2.o)
    0x200002fc   0x200002fc   0x00000000   Code   RO         2269    .ARM.Collect$$libshutdown$$0000000A  c_w.l(libshutdown2.o)
    0x200002fc   0x200002fc   0x00000000   Code   RO         2271    .ARM.Collect$$libshutdown$$0000000C  c_w.l(libshutdown2.o)
    0x200002fc   0x200002fc   0x00000000   Code   RO         2274    .ARM.Collect$$libshutdown$$0000000F  c_w.l(libshutdown2.o)
    0x200002fc   0x200002fc   0x00000002   Code   RO         2275    .ARM.Collect$$libshutdown$$00000010  c_w.l(libshutdown2.o)
    0x200002fe   0x200002fe   0x00000000   Code   RO         1937    .ARM.Collect$$rtentry$$00000000  c_w.l(__rtentry.o)
    0x200002fe   0x200002fe   0x00000000   Code   RO         2129    .ARM.Collect$$rtentry$$00000002  c_w.l(__rtentry2.o)
    0x200002fe   0x200002fe   0x00000006   Code   RO         2141    .ARM.Collect$$rtentry$$00000004  c_w.l(__rtentry4.o)
    0x20000304   0x20000304   0x00000000   Code   RO         2131    .ARM.Collect$$rtentry$$00000009  c_w.l(__rtentry2.o)
    0x20000304   0x20000304   0x00000004   Code   RO         2132    .ARM.Collect$$rtentry$$0000000A  c_w.l(__rtentry2.o)
    0x20000308   0x20000308   0x00000000   Code   RO         2134    .ARM.Collect$$rtentry$$0000000C  c_w.l(__rtentry2.o)
    0x20000308   0x20000308   0x00000008   Code   RO         2135    .ARM.Collect$$rtentry$$0000000D  c_w.l(__rtentry2.o)
    0x20000310   0x20000310   0x00000002   Code   RO         2375    .ARM.Collect$$rtexit$$00000000  c_w.l(rtexit.o)
    0x20000312   0x20000312   0x00000000   Code   RO         2403    .ARM.Collect$$rtexit$$00000002  c_w.l(rtexit2.o)
    0x20000312   0x20000312   0x00000004   Code   RO         2404    .ARM.Collect$$rtexit$$00000003  c_w.l(rtexit2.o)
    0x20000316   0x20000316   0x00000006   Code   RO         2405    .ARM.Collect$$rtexit$$00000004  c_w.l(rtexit2.o)
    0x2000031c   0x2000031c   0x00000040   Code   RO          405    .text               startup_n32g4fr.o
    0x2000035c   0x2000035c   0x00000010   Code   RO         1883    .text               c_w.l(rt_ctype_table.o)
    0x2000036c   0x2000036c   0x00000018   Code   RO         1885    .text               c_w.l(printf.o)
    0x20000384   0x20000384   0x00000004   Code   RO         1893    .text               c_w.l(putc.o)
    0x20000388   0x20000388   0x0000000a   Code   RO         1906    .text               c_w.l(cxa_atexit.o)
    0x20000392   0x20000392   0x00000024   Code   RO         1909    .text               c_w.l(strstr.o)
    0x200003b6   0x200003b6   0x00000048   Code   RO         1911    .text               c_w.l(strcpy.o)
    0x200003fe   0x200003fe   0x0000003e   Code   RO         1913    .text               c_w.l(strlen.o)
    0x2000043c   0x2000043c   0x0000008a   Code   RO         1915    .text               c_w.l(rt_memcpy_v6.o)
    0x200004c6   0x200004c6   0x00000002   PAD
    0x200004c8   0x200004c8   0x0000007c   Code   RO         1917    .text               c_w.l(strcmpv7em.o)
    0x20000544   0x20000544   0x00000006   Code   RO         1924    .text               c_w.l(heapauxi.o)
    0x2000054a   0x2000054a   0x00000002   PAD
    0x2000054c   0x2000054c   0x00000024   Code   RO         1931    .text               c_w.l(init_aeabi.o)
    0x20000570   0x20000570   0x00000002   Code   RO         1934    .text               c_w.l(use_no_semi.o)
    0x20000572   0x20000572   0x00000000   Code   RO         1936    .text               c_w.l(indicate_semi.o)
    0x20000572   0x20000572   0x00000002   PAD
    0x20000574   0x20000574   0x00000008   Code   RO         1941    .text               c_w.l(rt_locale_intlibspace.o)
    0x2000057c   0x2000057c   0x0000004e   Code   RO         1947    .text               c_w.l(_printf_pad.o)
    0x200005ca   0x200005ca   0x00000024   Code   RO         1949    .text               c_w.l(_printf_truncate.o)
    0x200005ee   0x200005ee   0x00000052   Code   RO         1951    .text               c_w.l(_printf_str.o)
    0x20000640   0x20000640   0x00000078   Code   RO         1953    .text               c_w.l(_printf_dec.o)
    0x200006b8   0x200006b8   0x00000028   Code   RO         1955    .text               c_w.l(_printf_charcount.o)
    0x200006e0   0x200006e0   0x00000024   Code   RO         1957    .text               c_w.l(_printf_char_file.o)
    0x20000704   0x20000704   0x000000bc   Code   RO         1959    .text               c_w.l(_printf_wctomb.o)
    0x200007c0   0x200007c0   0x0000007c   Code   RO         1962    .text               c_w.l(_printf_longlong_dec.o)
    0x2000083c   0x2000083c   0x00000070   Code   RO         1968    .text               c_w.l(_printf_oct_int_ll.o)
    0x200008ac   0x200008ac   0x00000094   Code   RO         1988    .text               c_w.l(_printf_hex_int_ll_ptr.o)
    0x20000940   0x20000940   0x00000188   Code   RO         2008    .text               c_w.l(__printf_flags_ss_wp.o)
    0x20000ac8   0x20000ac8   0x000000f8   Code   RO         2034    .text               c_w.l(fseek.o)
    0x20000bc0   0x20000bc0   0x000000f0   Code   RO         2036    .text               c_w.l(stdio.o)
    0x20000cb0   0x20000cb0   0x00000138   Code   RO         2039    .text               c_w.l(initio.o)
    0x20000de8   0x20000de8   0x0000002e   Code   RO         2052    .text               c_w.l(aeabi_atexit.o)
    0x20000e16   0x20000e16   0x00000064   Code   RO         2055    .text               c_w.l(rt_memcpy_w.o)
    0x20000e7a   0x20000e7a   0x00000066   Code   RO         2116    .text               c_w.l(sys_io.o)
    0x20000ee0   0x20000ee0   0x00000008   Code   RO         2123    .text               c_w.l(libspace.o)
    0x20000ee8   0x20000ee8   0x00000008   Code   RO         2146    .text               c_w.l(rt_ddtor_pointer_addr_intlibspace.o)
    0x20000ef0   0x20000ef0   0x0000005e   Code   RO         2152    .text               c_w.l(h1_alloc.o)
    0x20000f4e   0x20000f4e   0x0000004e   Code   RO         2154    .text               c_w.l(h1_free.o)
    0x20000f9c   0x20000f9c   0x0000008a   Code   RO         2210    .text               c_w.l(lludiv10.o)
    0x20001026   0x20001026   0x000000b2   Code   RO         2212    .text               c_w.l(_printf_intcommon.o)
    0x200010d8   0x200010d8   0x0000041c   Code   RO         2214    .text               c_w.l(_printf_fp_dec.o)
    0x200014f4   0x200014f4   0x000002fc   Code   RO         2218    .text               c_w.l(_printf_fp_hex.o)
    0x200017f0   0x200017f0   0x00000030   Code   RO         2221    .text               c_w.l(_printf_char_common.o)
    0x20001820   0x20001820   0x0000002c   Code   RO         2225    .text               c_w.l(_printf_char.o)
    0x2000184c   0x2000184c   0x0000002c   Code   RO         2227    .text               c_w.l(_printf_wchar.o)
    0x20001878   0x20001878   0x00000008   Code   RO         2230    .text               c_w.l(ferror.o)
    0x20001880   0x20001880   0x00000042   Code   RO         2232    .text               c_w.l(ftell.o)
    0x200018c2   0x200018c2   0x00000046   Code   RO         2234    .text               c_w.l(setvbuf.o)
    0x20001908   0x20001908   0x000000f0   Code   RO         2236    .text               c_w.l(fopen.o)
    0x200019f8   0x200019f8   0x0000004c   Code   RO         2238    .text               c_w.l(fclose.o)
    0x20001a44   0x20001a44   0x00000048   Code   RO         2246    .text               c_w.l(_c16rtomb.o)
    0x20001a8c   0x20001a8c   0x00000042   Code   RO         2248    .text               c_w.l(cxa_finalize.o)
    0x20001ace   0x20001ace   0x0000000e   Code   RO         2251    .text               c_w.l(defsig_rtred_outer.o)
    0x20001adc   0x20001adc   0x0000004e   Code   RO         2255    .text               c_w.l(rt_memclr_w.o)
    0x20001b2a   0x20001b2a   0x0000004a   Code   RO         2278    .text               c_w.l(sys_stackheap_outer.o)
    0x20001b74   0x20001b74   0x00000008   Code   RO         2285    .text               c_w.l(rt_heap_descriptor_intlibspace.o)
    0x20001b7c   0x20001b7c   0x00000008   Code   RO         2290    .text               c_w.l(rt_errno_addr_intlibspace.o)
    0x20001b84   0x20001b84   0x00000004   Code   RO         2292    .text               c_w.l(hguard.o)
    0x20001b88   0x20001b88   0x0000008a   Code   RO         2294    .text               c_w.l(init_alloc.o)
    0x20001c12   0x20001c12   0x0000000e   Code   RO         2298    .text               c_w.l(h1_init.o)
    0x20001c20   0x20001c20   0x00000080   Code   RO         2310    .text               c_w.l(_printf_fp_infnan.o)
    0x20001ca0   0x20001ca0   0x000000e4   Code   RO         2314    .text               c_w.l(bigflt0.o)
    0x20001d84   0x20001d84   0x00000012   Code   RO         2344    .text               c_w.l(exit.o)
    0x20001d96   0x20001d96   0x0000000a   Code   RO         2346    .text               c_w.l(defsig_exit.o)
    0x20001da0   0x20001da0   0x00000034   Code   RO         2348    .text               c_w.l(defsig_rtred_inner.o)
    0x20001dd4   0x20001dd4   0x0000000c   Code   RO         2369    .text               c_w.l(sys_exit.o)
    0x20001de0   0x20001de0   0x00000000   Code   RO         2379    .text               c_w.l(maybetermalloc1.o)
    0x20001de0   0x20001de0   0x00000034   Code   RO         2381    .text               c_w.l(h1_extend.o)
    0x20001e14   0x20001e14   0x00000032   Code   RO         2389    .text               c_w.l(defsig_general.o)
    0x20001e46   0x20001e46   0x0000000e   Code   RO         2391    .text               c_w.l(defsig_rtmem_outer.o)
    0x20001e54   0x20001e54   0x0000000e   Code   RO         2398    .text               c_w.l(sys_wrch.o)
    0x20001e62   0x20001e62   0x00000002   PAD
    0x20001e64   0x20001e64   0x00000050   Code   RO         2413    .text               c_w.l(defsig_rtmem_inner.o)
    0x20001eb4   0x20001eb4   0x00000038   Code   RO          535    .text.ADC_ConfigClk  n32g4fr_adc.o
    0x20001eec   0x20001eec   0x00000004   Code   RO          416    .text.BusFault_Handler  n32g4fr_it.o
    0x20001ef0   0x20001ef0   0x00000044   Code   RO          675    .text.DAC_Enable    n32g4fr_dac.o
    0x20001f34   0x20001f34   0x00000054   Code   RO          671    .text.DAC_Init      n32g4fr_dac.o
    0x20001f88   0x20001f88   0x0000002c   Code   RO          685    .text.DAC_SetCh1Data  n32g4fr_dac.o
    0x20001fb4   0x20001fb4   0x00000048   Code   RO          679    .text.DAC_SoftTrgEnable  n32g4fr_dac.o
    0x20001ffc   0x20001ffc   0x00000002   Code   RO          422    .text.DebugMon_Handler  n32g4fr_it.o
    0x20001ffe   0x20001ffe   0x00000002   PAD
    0x20002000   0x20002000   0x00000186   Code   RO          863    .text.GPIO_InitPeripheral  n32g4fr_gpio.o
    0x20002186   0x20002186   0x00000002   PAD
    0x20002188   0x20002188   0x00000114   Code   RO         1762    .text.HardFaultHandler  segger_hardfaulthandler.o
    0x2000229c   0x2000229c   0x00000004   Code   RO          414    .text.MemManage_Handler  n32g4fr_it.o
    0x200022a0   0x200022a0   0x00000002   Code   RO          412    .text.NMI_Handler   n32g4fr_it.o
    0x200022a2   0x200022a2   0x00000002   PAD
    0x200022a4   0x200022a4   0x000000aa   Code   RO          442    .text.NVIC_Init     misc.o
    0x2000234e   0x2000234e   0x00000002   PAD
    0x20002350   0x20002350   0x0000001c   Code   RO          440    .text.NVIC_PriorityGroupConfig  misc.o
    0x2000236c   0x2000236c   0x0000003e   Code   RO         1118    .text.RCC_ConfigAdc1mClk  n32g4fr_rcc.o
    0x200023aa   0x200023aa   0x00000002   PAD
    0x200023ac   0x200023ac   0x0000002c   Code   RO         1122    .text.RCC_ConfigAdcHclk  n32g4fr_rcc.o
    0x200023d8   0x200023d8   0x00000054   Code   RO         1120    .text.RCC_ConfigAdcPllClk  n32g4fr_rcc.o
    0x2000242c   0x2000242c   0x0000002c   Code   RO         1104    .text.RCC_ConfigPclk1  n32g4fr_rcc.o
    0x20002458   0x20002458   0x00000038   Code   RO         1138    .text.RCC_EnableAHBPeriphClk  n32g4fr_rcc.o
    0x20002490   0x20002490   0x00000038   Code   RO         1142    .text.RCC_EnableAPB1PeriphClk  n32g4fr_rcc.o
    0x200024c8   0x200024c8   0x00000038   Code   RO         1140    .text.RCC_EnableAPB2PeriphClk  n32g4fr_rcc.o
    0x20002500   0x20002500   0x000001c4   Code   RO         1136    .text.RCC_GetClocksFreqValue  n32g4fr_rcc.o
    0x200026c4   0x200026c4   0x000000a0   Code   RO         1823    .text.SEGGER_RTT_ConfigUpBuffer  segger_rtt.o
    0x20002764   0x20002764   0x00000008   Code   RO         1835    .text.SEGGER_RTT_Init  segger_rtt.o
    0x2000276c   0x2000276c   0x0000004c   Code   RO         1799    .text.SEGGER_RTT_Write  segger_rtt.o
    0x200027b8   0x200027b8   0x000000b0   Code   RO         1795    .text.SEGGER_RTT_WriteNoLock  segger_rtt.o
    0x20002868   0x20002868   0x0000002a   Code   RO         1868    .text.SEGGER_RTT_printf  segger_rtt_printf.o
    0x20002892   0x20002892   0x00000002   PAD
    0x20002894   0x20002894   0x0000033c   Code   RO         1860    .text.SEGGER_RTT_vprintf  segger_rtt_printf.o
    0x20002bd0   0x20002bd0   0x00000002   Code   RO          420    .text.SVC_Handler   n32g4fr_it.o
    0x20002bd2   0x20002bd2   0x00000002   PAD
    0x20002bd4   0x20002bd4   0x000000be   Code   RO          390    .text.SetSysClock   system_n32g4fr.o
    0x20002c92   0x20002c92   0x00000002   PAD
    0x20002c94   0x20002c94   0x00000020   Code   RO          424    .text.SysTick_Handler  n32g4fr_it.o
    0x20002cb4   0x20002cb4   0x000000be   Code   RO          388    .text.SystemInit    system_n32g4fr.o
    0x20002d72   0x20002d72   0x00000002   PAD
    0x20002d74   0x20002d74   0x00000002   Code   RO          428    .text.TIM1_CC_IRQHandler  n32g4fr_it.o
    0x20002d76   0x20002d76   0x00000002   PAD
    0x20002d78   0x20002d78   0x0000007c   Code   RO          430    .text.USART3_IRQHandler  n32g4fr_it.o
    0x20002df4   0x20002df4   0x00000092   Code   RO         1657    .text.USART_ConfigInt  n32g4fr_usart.o
    0x20002e86   0x20002e86   0x00000002   PAD
    0x20002e88   0x20002e88   0x0000002c   Code   RO         1655    .text.USART_Enable  n32g4fr_usart.o
    0x20002eb4   0x20002eb4   0x00000044   Code   RO         1691    .text.USART_GetFlagStatus  n32g4fr_usart.o
    0x20002ef8   0x20002ef8   0x000000b0   Code   RO         1695    .text.USART_GetIntStatus  n32g4fr_usart.o
    0x20002fa8   0x20002fa8   0x00000124   Code   RO         1647    .text.USART_Init    n32g4fr_usart.o
    0x200030cc   0x200030cc   0x00000010   Code   RO         1673    .text.USART_ReceiveData  n32g4fr_usart.o
    0x200030dc   0x200030dc   0x00000018   Code   RO         1671    .text.USART_SendData  n32g4fr_usart.o
    0x200030f4   0x200030f4   0x00000004   Code   RO          418    .text.UsageFault_Handler  n32g4fr_it.o
    0x200030f8   0x200030f8   0x0000009c   Code   RO         1777    .text._DoInit       segger_rtt.o
    0x20003194   0x20003194   0x0000001c   Code   RO           20    .text._GLOBAL__sub_I_main.cpp  main.o
    0x200031b0   0x200031b0   0x0000003e   Code   RO         1789    .text._GetAvailWriteSpace  segger_rtt.o
    0x200031ee   0x200031ee   0x00000002   PAD
    0x200031f0   0x200031f0   0x000001cc   Code   RO         1864    .text._PrintInt     segger_rtt_printf.o
    0x200033bc   0x200033bc   0x000001ac   Code   RO         1866    .text._PrintUnsigned  segger_rtt_printf.o
    0x20003568   0x20003568   0x00000076   Code   RO         1862    .text._StoreChar    segger_rtt_printf.o
    0x200035de   0x200035de   0x00000002   PAD
    0x200035e0   0x200035e0   0x000000e4   Code   RO         1793    .text._WriteBlocking  segger_rtt.o
    0x200036c4   0x200036c4   0x0000008c   Code   RO         1791    .text._WriteNoCheck  segger_rtt.o
    0x20003750   0x20003750   0x000000cc   Code   RO          183    .text._Z14shell_mode_cmdcPc  nr_micro_shell_commands.o
    0x2000381c   0x2000381c   0x0000003a   Code   RO          179    .text._Z14shell_quit_cmdcPc  nr_micro_shell_commands.o
    0x20003856   0x20003856   0x00000002   PAD
    0x20003858   0x20003858   0x00000028   Code   RO          177    .text._Z14shell_stop_cmdcPc  nr_micro_shell_commands.o
    0x20003880   0x20003880   0x00000028   Code   RO          175    .text._Z15shell_start_cmdcPc  nr_micro_shell_commands.o
    0x200038a8   0x200038a8   0x00000078   Code   RO          173    .text._Z17shell_hexdump_cmdcPc  nr_micro_shell_commands.o
    0x20003920   0x20003920   0x00000010   Code   RO           16    .text._Z4loopv      main.o
    0x20003930   0x20003930   0x00000008   Code   RO           14    .text._Z5setupv     main.o
    0x20003938   0x20003938   0x00000052   Code   RO          200    .text._ZL14SysTick_Configj  systick.o
    0x2000398a   0x2000398a   0x00000002   PAD
    0x2000398c   0x2000398c   0x00000042   Code   RO          202    .text._ZL18__NVIC_SetPriority4IRQnj  systick.o
    0x200039ce   0x200039ce   0x00000002   PAD
    0x200039d0   0x200039d0   0x00000026   Code   RO          181    .text._ZL18__NVIC_SystemResetv  nr_micro_shell_commands.o
    0x200039f6   0x200039f6   0x00000002   PAD
    0x200039f8   0x200039f8   0x00000028   Code   RO          158    .text._ZN3App12idle_processEv  app.o
    0x20003a20   0x20003a20   0x0000000e   Code   RO          156    .text._ZN3App12uart_processEv  app.o
    0x20003a2e   0x20003a2e   0x00000002   PAD
    0x20003a30   0x20003a30   0x00000028   Code   RO          160    .text._ZN3App13error_processEv  app.o
    0x20003a58   0x20003a58   0x0000004a   Code   RO          152    .text._ZN3App3runEv  app.o
    0x20003aa2   0x20003aa2   0x00000002   PAD
    0x20003aa4   0x20003aa4   0x000000fa   Code   RO          154    .text._ZN3App9sim_pt100Ev  app.o
    0x20003b9e   0x20003b9e   0x00000002   PAD
    0x20003ba0   0x20003ba0   0x00000010   Code   RO          148    .text._ZN3AppC2Ev   app.o
    0x20003bb0   0x20003bb0   0x0000000a   Code   RO          150    .text._ZN3AppD2Ev   app.o
    0x20003bba   0x20003bba   0x00000002   PAD
    0x20003bbc   0x20003bbc   0x00000074   Code   RO           69    .text._ZN3Clk11print_clockEv  clk.o
    0x20003c30   0x20003c30   0x0000009e   Code   RO           67    .text._ZN3ClkC2Ev   clk.o
    0x20003cce   0x20003cce   0x00000002   PAD
    0x20003cd0   0x20003cd0   0x0000000a   Code   RO           71    .text._ZN3ClkD2Ev   clk.o
    0x20003cda   0x20003cda   0x00000002   PAD
    0x20003cdc   0x20003cdc   0x00000022   Code   RO          220    .text._ZN3Dac17set_dac_raw_valueEt  dac.o
    0x20003cfe   0x20003cfe   0x00000002   PAD
    0x20003d00   0x20003d00   0x0000002a   Code   RO          214    .text._ZN3Dac4initEv  dac.o
    0x20003d2a   0x20003d2a   0x00000002   PAD
    0x20003d2c   0x20003d2c   0x00000028   Code   RO          218    .text._ZN3Dac8init_dacEv  dac.o
    0x20003d54   0x20003d54   0x00000022   Code   RO          216    .text._ZN3Dac8init_pinEP11GPIO_Modulej  dac.o
    0x20003d76   0x20003d76   0x00000002   PAD
    0x20003d78   0x20003d78   0x00000014   Code   RO          222    .text._ZN3DacC2Ev   dac.o
    0x20003d8c   0x20003d8c   0x0000000a   Code   RO          224    .text._ZN3DacD2Ev   dac.o
    0x20003d96   0x20003d96   0x00000002   PAD
    0x20003d98   0x20003d98   0x0000007e   Code   RO           81    .text._ZN3Rtt4initEv  rtt.o
    0x20003e16   0x20003e16   0x00000002   PAD
    0x20003e18   0x20003e18   0x00000014   Code   RO           83    .text._ZN3RttC2Ev   rtt.o
    0x20003e2c   0x20003e2c   0x0000000a   Code   RO           85    .text._ZN3RttD2Ev   rtt.o
    0x20003e36   0x20003e36   0x00000002   PAD
    0x20003e38   0x20003e38   0x0000004e   Code   RO           52    .text._ZN4Uart4initEj  uart.o
    0x20003e86   0x20003e86   0x00000002   PAD
    0x20003e88   0x20003e88   0x0000004e   Code   RO           50    .text._ZN4Uart8init_pinEv  uart.o
    0x20003ed6   0x20003ed6   0x00000002   PAD
    0x20003ed8   0x20003ed8   0x0000002a   Code   RO           54    .text._ZN4Uart9init_nvicEv  uart.o
    0x20003f02   0x20003f02   0x00000002   PAD
    0x20003f04   0x20003f04   0x00000024   Code   RO           48    .text._ZN4UartC2Ev  uart.o
    0x20003f28   0x20003f28   0x0000000a   Code   RO           56    .text._ZN4UartD2Ev  uart.o
    0x20003f32   0x20003f32   0x00000002   PAD
    0x20003f34   0x20003f34   0x00000022   Code   RO          135    .text._ZN5Shell4initEv  shell.o
    0x20003f56   0x20003f56   0x00000002   PAD
    0x20003f58   0x20003f58   0x00000014   Code   RO          137    .text._ZN5ShellC2Ev  shell.o
    0x20003f6c   0x20003f6c   0x0000000a   Code   RO          139    .text._ZN5ShellD2Ev  shell.o
    0x20003f76   0x20003f76   0x00000002   PAD
    0x20003f78   0x20003f78   0x00000038   Code   RO          196    .text._ZN7Systick4initEv  systick.o
    0x20003fb0   0x20003fb0   0x00000028   Code   RO          204    .text._ZN7Systick8delay_msEj  systick.o
    0x20003fd8   0x20003fd8   0x00000014   Code   RO          194    .text._ZN7SystickC2Ev  systick.o
    0x20003fec   0x20003fec   0x0000000a   Code   RO          198    .text._ZN7SystickD2Ev  systick.o
    0x20003ff6   0x20003ff6   0x00000002   PAD
    0x20003ff8   0x20003ff8   0x00000030   Code   RO          116    .text._ZN8DWTDelay4initEj  dwtdelay.o
    0x20004028   0x20004028   0x0000001a   Code   RO          124    .text._ZN8DWTDelay8delay_msEj  dwtdelay.o
    0x20004042   0x20004042   0x00000002   PAD
    0x20004044   0x20004044   0x00000086   Code   RO          122    .text._ZN8DWTDelay8delay_usEj  dwtdelay.o
    0x200040ca   0x200040ca   0x00000002   PAD
    0x200040cc   0x200040cc   0x0000001e   Code   RO          118    .text._ZN8DWTDelayC2Ev  dwtdelay.o
    0x200040ea   0x200040ea   0x00000002   PAD
    0x200040ec   0x200040ec   0x0000000a   Code   RO          120    .text._ZN8DWTDelayD2Ev  dwtdelay.o
    0x200040f6   0x200040f6   0x00000002   PAD
    0x200040f8   0x200040f8   0x00000024   Code   RO           37    .text._ZN8HardwareC2Ev  hardware.o
    0x2000411c   0x2000411c   0x00000024   Code   RO           39    .text._ZN8HardwareD2Ev  hardware.o
    0x20004140   0x20004140   0x0000002c   Code   RO            2    .text.__cxx_global_var_init  main.o
    0x2000416c   0x2000416c   0x0000002c   Code   RO            4    .text.__cxx_global_var_init.1  main.o
    0x20004198   0x20004198   0x0000002c   Code   RO            6    .text.__cxx_global_var_init.2  main.o
    0x200041c4   0x200041c4   0x0000002c   Code   RO            8    .text.__cxx_global_var_init.3  main.o
    0x200041f0   0x200041f0   0x0000002c   Code   RO           10    .text.__cxx_global_var_init.4  main.o
    0x2000421c   0x2000421c   0x0000002c   Code   RO           12    .text.__cxx_global_var_init.5  main.o
    0x20004248   0x20004248   0x000000d6   Code   RO          324    .text._shell_init   nr_micro_shell.o
    0x2000431e   0x2000431e   0x00000002   PAD
    0x20004320   0x20004320   0x0000001e   Code   RO          276    .text.ansi_clear_current_line  ansi.o
    0x2000433e   0x2000433e   0x00000002   PAD
    0x20004340   0x20004340   0x00000174   Code   RO          278    .text.ansi_get_char  ansi.o
    0x200044b4   0x200044b4   0x0000002a   Code   RO          274    .text.ansi_init     ansi.o
    0x200044de   0x200044de   0x00000002   PAD
    0x200044e0   0x200044e0   0x00000062   Code   RO          272    .text.ansi_search_char  ansi.o
    0x20004542   0x20004542   0x00000002   PAD
    0x20004544   0x20004544   0x00000038   Code   RO          292    .text.ansi_show_str  ansi_port.o
    0x2000457c   0x2000457c   0x00000034   Code   RO          262    .text.fputc         bsp.o
    0x200045b0   0x200045b0   0x00000338   Code   RO          260    .text.hexdump       bsp.o
    0x200048e8   0x200048e8   0x00000014   Code   RO           18    .text.main          main.o
    0x200048fc   0x200048fc   0x00000002   Code   RO          258    .text.memory_init   bsp.o
    0x200048fe   0x200048fe   0x00000002   PAD
    0x20004900   0x20004900   0x000000d4   Code   RO          294    .text.nr_ansi_common_char_slover  ansi_port.o
    0x200049d4   0x200049d4   0x0000003e   Code   RO          296    .text.nr_ansi_ctrl_common_slover  ansi_port.o
    0x20004a12   0x20004a12   0x00000002   PAD
    0x20004a14   0x20004a14   0x0000006c   Code   RO          314    .text.nr_ansi_in__  ansi_port.o
    0x20004a80   0x20004a80   0x0000006c   Code   RO          302    .text.nr_ansi_in_backspace  ansi_port.o
    0x20004aec   0x20004aec   0x000000a4   Code   RO          306    .text.nr_ansi_in_down  ansi_port.o
    0x20004b90   0x20004b90   0x0000003c   Code   RO          298    .text.nr_ansi_in_enter  ansi_port.o
    0x20004bcc   0x20004bcc   0x0000002c   Code   RO          308    .text.nr_ansi_in_left  ansi_port.o
    0x20004bf8   0x20004bf8   0x00000032   Code   RO          300    .text.nr_ansi_in_newline  ansi_port.o
    0x20004c2a   0x20004c2a   0x00000002   PAD
    0x20004c2c   0x20004c2c   0x00000030   Code   RO          310    .text.nr_ansi_in_right  ansi_port.o
    0x20004c5c   0x20004c5c   0x000000fe   Code   RO          312    .text.nr_ansi_in_tab  ansi_port.o
    0x20004d5a   0x20004d5a   0x00000002   PAD
    0x20004d5c   0x20004d5c   0x000000a8   Code   RO          304    .text.nr_ansi_in_up  ansi_port.o
    0x20004e04   0x20004e04   0x0000010a   Code   RO          336    .text.nr_shell_strtok  nr_micro_shell.o
    0x20004f0e   0x20004f0e   0x00000002   PAD
    0x20004f10   0x20004f10   0x000000ba   Code   RO          338    .text.shell_cmd_complete  nr_micro_shell.o
    0x20004fca   0x20004fca   0x00000002   PAD
    0x20004fcc   0x20004fcc   0x00000178   Code   RO          340    .text.shell_his_copy_queue_item  nr_micro_shell.o
    0x20005144   0x20005144   0x0000016e   Code   RO          328    .text.shell_his_queue_add_cmd  nr_micro_shell.o
    0x200052b2   0x200052b2   0x00000002   PAD
    0x200052b4   0x200052b4   0x00000022   Code   RO          326    .text.shell_his_queue_init  nr_micro_shell.o
    0x200052d6   0x200052d6   0x00000002   PAD
    0x200052d8   0x200052d8   0x0000017c   Code   RO          334    .text.shell_his_queue_search_cmd  nr_micro_shell.o
    0x20005454   0x20005454   0x00000168   Code   RO          332    .text.shell_parser  nr_micro_shell.o
    0x200055bc   0x200055bc   0x00000062   Code   RO          330    .text.shell_search_cmd  nr_micro_shell.o
    0x2000561e   0x2000561e   0x0000003e   Code   RO         2317    CL$$btod_d2e        c_w.l(btod.o)
    0x2000565c   0x2000565c   0x00000046   Code   RO         2319    CL$$btod_d2e_denorm_low  c_w.l(btod.o)
    0x200056a2   0x200056a2   0x00000060   Code   RO         2318    CL$$btod_d2e_norm_op1  c_w.l(btod.o)
    0x20005702   0x20005702   0x00000002   PAD
    0x20005704   0x20005704   0x00000338   Code   RO         2327    CL$$btod_div_common  c_w.l(btod.o)
    0x20005a3c   0x20005a3c   0x000000dc   Code   RO         2324    CL$$btod_e2e        c_w.l(btod.o)
    0x20005b18   0x20005b18   0x0000002a   Code   RO         2321    CL$$btod_ediv       c_w.l(btod.o)
    0x20005b42   0x20005b42   0x0000002a   Code   RO         2320    CL$$btod_emul       c_w.l(btod.o)
    0x20005b6c   0x20005b6c   0x00000244   Code   RO         2326    CL$$btod_mult_common  c_w.l(btod.o)
    0x20005db0   0x20005db0   0x00000012   Code   RO         1771    OSKERNEL            hardfaulthandler.o
    0x20005dc2   0x20005dc2   0x00000030   Code   RO         2365    i.__ARM_fpclassify  m_wm.l(fpclassify.o)
    0x20005df2   0x20005df2   0x0000000e   Code   RO         2001    i._is_digit         c_w.l(__printf_wp.o)
    0x20005e00   0x20005e00   0x0000002c   Code   RO         2044    locale$$code        c_w.l(lc_ctype_c.o)
    0x20005e2c   0x20005e2c   0x0000002c   Code   RO         2342    locale$$code        c_w.l(lc_numeric_c.o)
    0x20005e58   0x20005e58   0x0000001a   Code   RO         2276    x$fpl$fpinit        fz_wm.l(fpinit.o)
    0x20005e72   0x20005e72   0x00000004   Code   RO         2108    x$fpl$printf1       fz_wm.l(printf1.o)
    0x20005e76   0x20005e76   0x00000004   Code   RO         2110    x$fpl$printf2       fz_wm.l(printf2.o)
    0x20005e7a   0x20005e7a   0x00000000   Code   RO         2364    x$fpl$usenofp       fz_wm.l(usenofp.o)
    0x20005e7a   0x20005e7a   0x00000002   PAD
    0x20005e7c   0x20005e7c   0x00000008   Data   RO         1960    .constdata          c_w.l(_printf_wctomb.o)
    0x20005e84   0x20005e84   0x00000028   Data   RO         1989    .constdata          c_w.l(_printf_hex_int_ll_ptr.o)
    0x20005eac   0x20005eac   0x00000011   Data   RO         2009    .constdata          c_w.l(__printf_flags_ss_wp.o)
    0x20005ebd   0x20005ebd   0x00000004   Data   RO         2118    .constdata          c_w.l(sys_io_names.o)
    0x20005ec1   0x20005ec1   0x00000004   Data   RO         2119    .constdata          c_w.l(sys_io_names.o)
    0x20005ec5   0x20005ec5   0x00000004   Data   RO         2120    .constdata          c_w.l(sys_io_names.o)
    0x20005ec9   0x20005ec9   0x00000026   Data   RO         2219    .constdata          c_w.l(_printf_fp_hex.o)
    0x20005eef   0x20005eef   0x00000001   PAD
    0x20005ef0   0x20005ef0   0x00000094   Data   RO         2315    .constdata          c_w.l(bigflt0.o)
    0x20005f84   0x20005f84   0x00000010   Data   RO         1870    .rodata._PrintUnsigned._aV2C  segger_rtt_printf.o
    0x20005f94   0x20005f94   0x00000015   Data   RO          280    .rodata.nr_ansi_in_cmd  ansi.o
    0x20005fa9   0x20005fa9   0x00000003   PAD
    0x20005fac   0x20005fac   0x00000050   Data   RO          281    .rodata.nr_ansi_in_cmd_fun  ansi.o
    0x20005ffc   0x20005ffc   0x00000005   Data   RO          282    .rodata.nr_ansi_in_special_symbol  ansi.o
    0x20006001   0x20006001   0x00000003   PAD
    0x20006004   0x20006004   0x00000010   Data   RO          283    .rodata.nr_ansi_in_special_symbol_fun  ansi.o
    0x20006014   0x20006014   0x00000014   Data   RO          342    .rodata.nr_shell_cmd0.end  nr_micro_shell.o
    0x20006028   0x20006028   0x00000014   Data   RO          343    .rodata.nr_shell_cmd1.end  nr_micro_shell.o
    0x2000603c   0x2000603c   0x00000010   Data   RO         1167    .rodata.s_AdcHclkPresTable  n32g4fr_rcc.o
    0x2000604c   0x2000604c   0x00000020   Data   RO         1168    .rodata.s_AdcPllClkPresTable  n32g4fr_rcc.o
    0x2000606c   0x2000606c   0x00000010   Data   RO         1166    .rodata.s_ApbAhbPresTable  n32g4fr_rcc.o
    0x2000607c   0x2000607c   0x00000078   Data   RO          186    .rodata.static_cmd  nr_micro_shell_commands.o
    0x200060f4   0x200060f4   0x00000034   Data   RO           73    .rodata.str1.1      clk.o
    0x20006128   0x20006128   0x00000071   Data   RO           87    .rodata.str1.1      rtt.o
    0x20006199   0x20006199   0x00000024   Data   RO          163    .rodata.str1.1      app.o
    0x200061bd   0x200061bd   0x00000134   Data   RO          185    .rodata.str1.1      nr_micro_shell_commands.o
    0x200062f1   0x200062f1   0x00000047   Data   RO          264    .rodata.str1.1      bsp.o
    0x20006338   0x20006338   0x00000021   Data   RO          316    .rodata.str1.1      ansi_port.o
    0x20006359   0x20006359   0x000001bd   Data   RO          345    .rodata.str1.1      nr_micro_shell.o
    0x20006516   0x20006516   0x00000013   Data   RO          432    .rodata.str1.1      n32g4fr_it.o
    0x20006529   0x20006529   0x00000014   Data   RO         1850    .rodata.str1.1      segger_rtt.o
    0x2000653d   0x2000653d   0x00000003   PAD
    0x20006540   0x20006540   0x00000020   Data   RO         2439    Region$$Table       anon$$obj.o
    0x20006560   0x20006560   0x00000110   Data   RO         2043    locale$$data        c_w.l(lc_ctype_c.o)
    0x20006670   0x20006670   0x0000001c   Data   RO         2341    locale$$data        c_w.l(lc_numeric_c.o)
    0x2000668c   0x2000668c   0x00000004   Data   RO           28    .init_array         main.o
    0x20006690   0x2000668c   0x00000000   Data   RO         1929    .init_array         c_w.l(init_aeabi.o)


    Execution Region RW_IRAM1 (Exec base: 0x20010000, Load base: 0x20006690, Size: 0x00005958, Max: 0x00010000, ABSOLUTE, COMPRESSED[0x00000028])

    Exec Addr    Load Addr    Size         Type   Attr      Idx    E Section Name        Object

    0x20010000   COMPRESSED   0x00000004   Data   RW         1898    .data               c_w.l(stdio_streams.o)
    0x20010004   COMPRESSED   0x00000004   Data   RW         1899    .data               c_w.l(stdio_streams.o)
    0x20010008   COMPRESSED   0x00000004   Data   RW         1900    .data               c_w.l(stdio_streams.o)
    0x2001000c   COMPRESSED   0x00000004   Data   RW          394    .data.SystemCoreClock  system_n32g4fr.o
    0x20010010   COMPRESSED   0x0000013c   Data   RW          344    .data.nr_shell      nr_micro_shell.o
    0x2001014c   COMPRESSED   0x00000004   PAD
    0x20010150        -       0x00000054   Zero   RW         1895    .bss                c_w.l(stdio_streams.o)
    0x200101a4        -       0x00000054   Zero   RW         1896    .bss                c_w.l(stdio_streams.o)
    0x200101f8        -       0x00000054   Zero   RW         1897    .bss                c_w.l(stdio_streams.o)
    0x2001024c        -       0x00000060   Zero   RW         2124    .bss                c_w.l(libspace.o)
    0x200102ac        -       0x00000040   Zero   RW         1764    .bss.HardFaultRegs  segger_hardfaulthandler.o
    0x200102ec        -       0x00000004   Zero   RW         1765    .bss._Continue      segger_hardfaulthandler.o
    0x200102f0        -       0x000000a8   Zero   RW         1847    .bss._SEGGER_RTT    segger_rtt.o
    0x20010398        -       0x00000004   Zero   RW          162    .bss._ZZN3App9sim_pt100EvE1i  app.o
    0x2001039c        -       0x00000010   Zero   RW         1852    .bss._acDownBuffer  segger_rtt.o
    0x200103ac        -       0x00000400   Zero   RW         1851    .bss._acUpBuffer    segger_rtt.o
    0x200107ac        -       0x00000002   Zero   RW           25    .bss.app            main.o
    0x200107ae   COMPRESSED   0x00000002   PAD
    0x200107b0        -       0x00000004   Zero   RW          206    .bss.delay          systick.o
    0x200107b4        -       0x00000004   Zero   RW           26    .bss.dwt            main.o
    0x200107b8        -       0x00000001   Zero   RW           24    .bss.nr             main.o
    0x200107b9   COMPRESSED   0x00000003   PAD
    0x200107bc        -       0x00000084   Zero   RW          284    .bss.nr_ansi        ansi.o
    0x20010840        -       0x00000004   Zero   RW          346    .bss.nr_shell_strtok.last  nr_micro_shell.o
    0x20010844        -       0x0000000c   Zero   RW           23    .bss.pta_sim        main.o
    0x20010850        -       0x00004000   Zero   RW           22    .bss.segger_cb      main.o
    0x20014850        -       0x00000001   Zero   RW           27    .bss.tick           main.o
    0x20014851   COMPRESSED   0x00000007   PAD
    0x20014858        -       0x00000100   Zero   RW          403    HEAP                startup_n32g4fr.o
    0x20014958        -       0x00001000   Zero   RW          402    STACK               startup_n32g4fr.o


==============================================================================

Image component sizes


      Code (inc. data)   RO Data    RW Data    ZI Data      Debug   Object Name

       542          0        122          0        132       2140   ansi.o
      1334          0         33          0          0       3173   ansi_port.o
       444         14         36          0          4      11457   app.o
       878          0         71          0          0       2589   bsp.o
       284          0         52          0          0      10928   clk.o
       180          0          0          0          0      11795   dac.o
       248          0          0          0          0      11473   dwtdelay.o
        18          0          0          0          0        304   hardfaulthandler.o
        72          0          0          0          0      11221   hardware.o
       336          0          4          0      16404      13591   main.o
       198          0          0          0          0       2901   misc.o
        56          0          0          0          0      10169   n32g4fr_adc.o
       268          0          0          0          0       3317   n32g4fr_dac.o
       390          0          0          0          0       6239   n32g4fr_gpio.o
       176          0         19          0          0       1853   n32g4fr_it.o
       854          0         64          0          0       8685   n32g4fr_rcc.o
       766          0          0          0          0       6783   n32g4fr_usart.o
      2280          0        485        316          4       5124   nr_micro_shell.o
       500          0        428          0          0      12678   nr_micro_shell_commands.o
       156          0        113          0          0      10499   rtt.o
       276          0          0          0         68       2687   segger_hardfaulthandler.o
      1006          0         20          0       1208      13104   segger_rtt.o
      1876         14         16          0          0       3796   segger_rtt_printf.o
        64          0          0          0          0      10402   shell.o
        64         26        408          0       4352        856   startup_n32g4fr.o
       380          0          0          4          0       2757   system_n32g4fr.o
       274          0          0          0          4      14166   systick.o
       244          0          0          0          0      13956   uart.o

    ----------------------------------------------------------------------
     14268         54       1912        320      22192     208643   Object Totals
         0          0         32          0          0          0   (incl. Generated)
       104          0          9          0         16          0   (incl. Padding)

    ----------------------------------------------------------------------

      Code (inc. data)   RO Data    RW Data    ZI Data      Debug   Library Member Name

        58          0          0          0          0          0   __dczerorl.o
         8          0          0          0          0         68   __main.o
       392          4         17          0          0         92   __printf_flags_ss_wp.o
        14          0          0          0          0         68   __printf_wp.o
         0          0          0          0          0          0   __rtentry.o
        12          0          0          0          0          0   __rtentry2.o
         6          0          0          0          0          0   __rtentry4.o
        52          8          0          0          0          0   __scatter.o
        28          0          0          0          0          0   __scatter_zi.o
        72          0          0          0          0         96   _c16rtomb.o
         6          0          0          0          0          0   _printf_a.o
         6          0          0          0          0          0   _printf_c.o
        44          0          0          0          0        108   _printf_char.o
        48          6          0          0          0         96   _printf_char_common.o
        36          4          0          0          0         80   _printf_char_file.o
        40          0          0          0          0         68   _printf_charcount.o
         6          0          0          0          0          0   _printf_d.o
       120         16          0          0          0         92   _printf_dec.o
         6          0          0          0          0          0   _printf_e.o
         6          0          0          0          0          0   _printf_f.o
      1052          0          0          0          0        148   _printf_fp_dec.o
       764          8         38          0          0        100   _printf_fp_hex.o
       128         16          0          0          0         84   _printf_fp_infnan.o
         6          0          0          0          0          0   _printf_g.o
       148          4         40          0          0        160   _printf_hex_int_ll_ptr.o
         6          0          0          0          0          0   _printf_i.o
       178          0          0          0          0         88   _printf_intcommon.o
        10          0          0          0          0          0   _printf_l.o
         6          0          0          0          0          0   _printf_lc.o
        10          0          0          0          0          0   _printf_ll.o
         6          0          0          0          0          0   _printf_lld.o
         6          0          0          0          0          0   _printf_lli.o
         6          0          0          0          0          0   _printf_llo.o
         6          0          0          0          0          0   _printf_llu.o
         6          0          0          0          0          0   _printf_llx.o
       124         16          0          0          0         92   _printf_longlong_dec.o
         6          0          0          0          0          0   _printf_ls.o
         6          0          0          0          0          0   _printf_n.o
         6          0          0          0          0          0   _printf_o.o
       112          8          0          0          0        124   _printf_oct_int_ll.o
         6          0          0          0          0          0   _printf_p.o
        78          0          0          0          0        108   _printf_pad.o
         0          0          0          0          0          0   _printf_percent.o
         4          0          0          0          0          0   _printf_percent_end.o
         6          0          0          0          0          0   _printf_s.o
        82          0          0          0          0         80   _printf_str.o
        36          0          0          0          0         84   _printf_truncate.o
         6          0          0          0          0          0   _printf_u.o
        44          0          0          0          0        108   _printf_wchar.o
       188          6          8          0          0         92   _printf_wctomb.o
         6          0          0          0          0          0   _printf_x.o
        46          0          0          0          0         84   aeabi_atexit.o
       228          4        148          0          0         96   bigflt0.o
      1936        128          0          0          0        668   btod.o
        10          0          0          0          0         68   cxa_atexit.o
        66          0          0          0          0         84   cxa_finalize.o
        10          0          0          0          0         68   defsig_exit.o
        50          0          0          0          0         88   defsig_general.o
        80         58          0          0          0         76   defsig_rtmem_inner.o
        14          0          0          0          0         80   defsig_rtmem_outer.o
        52         38          0          0          0         76   defsig_rtred_inner.o
        14          0          0          0          0         80   defsig_rtred_outer.o
        18          0          0          0          0         80   exit.o
        76          0          0          0          0         88   fclose.o
         8          0          0          0          0         68   ferror.o
       240          6          0          0          0        128   fopen.o
       248          6          0          0          0         84   fseek.o
        66          0          0          0          0         76   ftell.o
        94          0          0          0          0         80   h1_alloc.o
        52          0          0          0          0         68   h1_extend.o
        78          0          0          0          0         80   h1_free.o
        14          0          0          0          0         84   h1_init.o
         6          0          0          0          0        152   heapauxi.o
         4          0          0          0          0        136   hguard.o
         0          0          0          0          0          0   indicate_semi.o
        36          8          0          0          0         80   init_aeabi.o
       138          0          0          0          0        168   init_alloc.o
       312         46          0          0          0        112   initio.o
        44         10        272          0          0         76   lc_ctype_c.o
        44         10         28          0          0         76   lc_numeric_c.o
         2          0          0          0          0          0   libinit.o
        50          0          0          0          0          0   libinit2.o
         2          0          0          0          0          0   libshutdown.o
        12          0          0          0          0          0   libshutdown2.o
         8          4          0          0         96         68   libspace.o
       138          0          0          0          0         80   lludiv10.o
         0          0          0          0          0          0   maybetermalloc1.o
        24          4          0          0          0         84   printf.o
         4          0          0          0          0         68   putc.o
        16          4          0          0          0         76   rt_ctype_table.o
         8          4          0          0          0         68   rt_ddtor_pointer_addr_intlibspace.o
         8          4          0          0          0         68   rt_errno_addr_intlibspace.o
         8          4          0          0          0         68   rt_heap_descriptor_intlibspace.o
         8          4          0          0          0         68   rt_locale_intlibspace.o
        78          0          0          0          0         80   rt_memclr_w.o
       138          0          0          0          0         68   rt_memcpy_v6.o
       100          0          0          0          0         80   rt_memcpy_w.o
         2          0          0          0          0          0   rtexit.o
        10          0          0          0          0          0   rtexit2.o
        70          0          0          0          0         80   setvbuf.o
       240          6          0          0          0        156   stdio.o
         0          0          0         12        252          0   stdio_streams.o
       124          0          0          0          0         88   strcmpv7em.o
        72          0          0          0          0         80   strcpy.o
        62          0          0          0          0         76   strlen.o
        36          0          0          0          0         80   strstr.o
        12          4          0          0          0         68   sys_exit.o
       102          0          0          0          0        240   sys_io.o
         0          0         12          0          0          0   sys_io_names.o
        74          0          0          0          0         80   sys_stackheap_outer.o
        14          0          0          0          0         76   sys_wrch.o
         2          0          0          0          0         68   use_no_semi.o
        26          0          0          0          0        116   fpinit.o
         4          0          0          0          0        116   printf1.o
         4          0          0          0          0        116   printf2.o
         0          0          0          0          0          0   usenofp.o
        48          0          0          0          0        124   fpclassify.o

    ----------------------------------------------------------------------
      9512        448        564         12        348       7580   Library Totals
        14          0          1          0          0          0   (incl. Padding)

    ----------------------------------------------------------------------

      Code (inc. data)   RO Data    RW Data    ZI Data      Debug   Library Name

      9416        448        563         12        348       7108   c_w.l
        34          0          0          0          0        348   fz_wm.l
        48          0          0          0          0        124   m_wm.l

    ----------------------------------------------------------------------
      9512        448        564         12        348       7580   Library Totals

    ----------------------------------------------------------------------

==============================================================================


      Code (inc. data)   RO Data    RW Data    ZI Data      Debug   

     23780        502       2476        332      22540     211571   Grand Totals
     23780        502       2476         40      22540     211571   ELF Image Totals (compressed)
     23780        502       2476         40          0          0   ROM Totals

==============================================================================

    Total RO  Size (Code + RO Data)                26256 (  25.64kB)
    Total RW  Size (RW Data + ZI Data)             22872 (  22.34kB)
    Total ROM Size (Code + RO Data + RW Data)      26296 (  25.68kB)

==============================================================================

