Component: ARM Compiler 6.16 Tool: armlink [5dfeaa00]

==============================================================================

Image Symbol Table

    Local Symbols

    Symbol Name                              Value     Ov Type        Size  Object(Section)

    ../clib/angel/boardlib.s                 0x00000000   Number         0  boardinit1.o ABSOLUTE
    ../clib/angel/boardlib.s                 0x00000000   Number         0  boardinit2.o ABSOLUTE
    ../clib/angel/boardlib.s                 0x00000000   Number         0  boardinit3.o ABSOLUTE
    ../clib/angel/boardlib.s                 0x00000000   Number         0  boardshut.o ABSOLUTE
    ../clib/angel/dczerorl.s                 0x00000000   Number         0  __dczerorl.o ABSOLUTE
    ../clib/angel/handlers.s                 0x00000000   Number         0  __scatter_zi.o ABSOLUTE
    ../clib/angel/kernel.s                   0x00000000   Number         0  __rtentry.o ABSOLUTE
    ../clib/angel/kernel.s                   0x00000000   Number         0  __rtentry2.o ABSOLUTE
    ../clib/angel/kernel.s                   0x00000000   Number         0  __rtentry4.o ABSOLUTE
    ../clib/angel/kernel.s                   0x00000000   Number         0  rtexit.o ABSOLUTE
    ../clib/angel/kernel.s                   0x00000000   Number         0  rtexit2.o ABSOLUTE
    ../clib/angel/rt.s                       0x00000000   Number         0  rt_ctype_table.o ABSOLUTE
    ../clib/angel/rt.s                       0x00000000   Number         0  rt_locale.o ABSOLUTE
    ../clib/angel/rt.s                       0x00000000   Number         0  rt_locale_intlibspace.o ABSOLUTE
    ../clib/angel/rt.s                       0x00000000   Number         0  rt_ddtor_pointer_addr.o ABSOLUTE
    ../clib/angel/rt.s                       0x00000000   Number         0  rt_ddtor_pointer_addr_intlibspace.o ABSOLUTE
    ../clib/angel/rt.s                       0x00000000   Number         0  rt_raise.o ABSOLUTE
    ../clib/angel/rt.s                       0x00000000   Number         0  rt_heap_descriptor.o ABSOLUTE
    ../clib/angel/rt.s                       0x00000000   Number         0  rt_heap_descriptor_intlibspace.o ABSOLUTE
    ../clib/angel/rt.s                       0x00000000   Number         0  rt_errno_addr.o ABSOLUTE
    ../clib/angel/rt.s                       0x00000000   Number         0  rt_errno_addr_intlibspace.o ABSOLUTE
    ../clib/angel/scatter.s                  0x00000000   Number         0  __scatter.o ABSOLUTE
    ../clib/angel/startup.s                  0x00000000   Number         0  __main.o ABSOLUTE
    ../clib/angel/sys.s                      0x00000000   Number         0  use_no_semi.o ABSOLUTE
    ../clib/angel/sys.s                      0x00000000   Number         0  indicate_semi.o ABSOLUTE
    ../clib/angel/sys.s                      0x00000000   Number         0  libspace.o ABSOLUTE
    ../clib/angel/sys.s                      0x00000000   Number         0  mutex_dummy.o ABSOLUTE
    ../clib/angel/sys.s                      0x00000000   Number         0  sys_stackheap_outer.o ABSOLUTE
    ../clib/angel/sysapp.c                   0x00000000   Number         0  sys_time.o ABSOLUTE
    ../clib/angel/sysapp.c                   0x00000000   Number         0  sys_time_hlt.o ABSOLUTE
    ../clib/angel/sysapp.c                   0x00000000   Number         0  sys_io.o ABSOLUTE
    ../clib/angel/sysapp.c                   0x00000000   Number         0  sys_io_names.o ABSOLUTE
    ../clib/angel/sysapp.c                   0x00000000   Number         0  sys_io_hlt.o ABSOLUTE
    ../clib/angel/sysapp.c                   0x00000000   Number         0  sys_command.o ABSOLUTE
    ../clib/angel/sysapp.c                   0x00000000   Number         0  sys_exit.o ABSOLUTE
    ../clib/angel/sysapp.c                   0x00000000   Number         0  sys_command_hlt.o ABSOLUTE
    ../clib/angel/sysapp.c                   0x00000000   Number         0  sys_exit_hlt.o ABSOLUTE
    ../clib/angel/sysapp.c                   0x00000000   Number         0  sys_wrch.o ABSOLUTE
    ../clib/angel/sysapp.c                   0x00000000   Number         0  sys_wrch_hlt.o ABSOLUTE
    ../clib/arm_runtime.c                    0x00000000   Number         0  init_aeabi.o ABSOLUTE
    ../clib/arm_runtime.c                    0x00000000   Number         0  init_aeabi.o ABSOLUTE
    ../clib/armsys.c                         0x00000000   Number         0  argv_veneer.o ABSOLUTE
    ../clib/armsys.c                         0x00000000   Number         0  argv_veneer.o ABSOLUTE
    ../clib/armsys.c                         0x00000000   Number         0  _get_argv.o ABSOLUTE
    ../clib/armsys.c                         0x00000000   Number         0  _get_argv_nomalloc.o ABSOLUTE
    ../clib/armsys.c                         0x00000000   Number         0  no_argv.o ABSOLUTE
    ../clib/bigflt.c                         0x00000000   Number         0  bigflt0.o ABSOLUTE
[...]
    UART7_IRQHandler                         0x20000343   Thumb Code     0  startup_n32g4fr.o(.text)
    USART1_IRQHandler                        0x20000343   Thumb Code     0  startup_n32g4fr.o(.text)
    USART2_IRQHandler                        0x20000343   Thumb Code     0  startup_n32g4fr.o(.text)
    USBWakeUp_IRQHandler                     0x20000343   Thumb Code     0  startup_n32g4fr.o(.text)
    USB_HP_CAN1_TX_IRQHandler                0x20000343   Thumb Code     0  startup_n32g4fr.o(.text)
    USB_LP_CAN1_RX0_IRQHandler               0x20000343   Thumb Code     0  startup_n32g4fr.o(.text)
    WWDG_IRQHandler                          0x20000343   Thumb Code     0  startup_n32g4fr.o(.text)
    XFMC_IRQHandler                          0x20000343   Thumb Code     0  startup_n32g4fr.o(.text)
    __user_initial_stackheap                 0x20000345   Thumb Code     0  startup_n32g4fr.o(.text)
    time                                     0x20000369   Thumb Code    18  sys_time.o(.text)
    __rt_ctype_table                         0x2000037d   Thumb Code    16  rt_ctype_table.o(.text)
    printf                                   0x2000038d   Thumb Code    20  printf.o(.text)
    fprintf                                  0x200003a5   Thumb Code    20  fprintf.o(.text)
    vfprintf                                 0x200003b9   Thumb Code    10  vfprintf.o(.text)
    _do_fflush                               0x200003c5   Thumb Code    54  fflush.o(.text)
    fflush                                   0x200003fb   Thumb Code    42  fflush.o(.text)
    putc                                     0x20000429   Thumb Code     4  putc.o(.text)
    __cxa_atexit                             0x2000042d   Thumb Code    10  cxa_atexit.o(.text)
    strstr                                   0x20000437   Thumb Code    36  strstr.o(.text)
    strcpy                                   0x2000045b   Thumb Code    72  strcpy.o(.text)
    strlen                                   0x200004a3   Thumb Code    62  strlen.o(.text)
    __aeabi_memcpy                           0x200004e1   Thumb Code     0  rt_memcpy_v6.o(.text)
    __rt_memcpy                              0x200004e1   Thumb Code   138  rt_memcpy_v6.o(.text)
    _memcpy_lastbytes                        0x20000547   Thumb Code     0  rt_memcpy_v6.o(.text)
    __aeabi_memclr                           0x2000056b   Thumb Code     0  rt_memclr.o(.text)
    __rt_memclr                              0x2000056b   Thumb Code     0  rt_memclr.o(.text)
    _memset                                  0x2000056f   Thumb Code    64  rt_memclr.o(.text)
    strcmp                                   0x200005b1   Thumb Code   124  strcmpv7em.o(.text)
    localtime                                0x2000062d   Thumb Code     6  localtime.o(.text)
    strftime                                 0x20000679   Thumb Code   634  strftime.o(.text)
    __use_two_region_memory                  0x20000999   Thumb Code     2  heapauxi.o(.text)
    __rt_heap_escrow                         0x2000099b   Thumb Code     2  heapauxi.o(.text)
    __rt_heap_expand                         0x2000099d   Thumb Code     2  heapauxi.o(.text)
    __cpp_initialize__aeabi_                 0x200009a1   Thumb Code    28  init_aeabi.o(.text)
    __I$use$semihosting                      0x200009c5   Thumb Code     0  use_no_semi.o(.text)
    __use_no_semihosting_swi                 0x200009c5   Thumb Code     2  use_no_semi.o(.text)
    __semihosting_library_function           0x200009c7   Thumb Code     0  indicate_semi.o(.text)
    __rt_locale                              0x200009c9   Thumb Code     8  rt_locale_intlibspace.o(.text)
    sprintf                                  0x200009d1   Thumb Code    38  sprintf.o(.text)
    _printf_pre_padding                      0x200009fd   Thumb Code    44  _printf_pad.o(.text)
    _printf_post_padding                     0x20000a29   Thumb Code    34  _printf_pad.o(.text)
    _printf_truncate_signed                  0x20000a4b   Thumb Code    18  _printf_truncate.o(.text)
    _printf_truncate_unsigned                0x20000a5d   Thumb Code    18  _printf_truncate.o(.text)
    _printf_str                              0x20000a6f   Thumb Code    82  _printf_str.o(.text)
    _printf_int_dec                          0x20000ac1   Thumb Code   104  _printf_dec.o(.text)
    _printf_charcount                        0x20000b39   Thumb Code    40  _printf_charcount.o(.text)
    _printf_char_file                        0x20000b61   Thumb Code    32  _printf_char_file.o(.text)
    _printf_wctomb                           0x20000b85   Thumb Code   182  _printf_wctomb.o(.text)
    _printf_longlong_dec                     0x20000c41   Thumb Code   108  _printf_longlong_dec.o(.text)
    _printf_longlong_oct                     0x20000cbd   Thumb Code    68  _printf_oct_int_ll.o(.text)
    _printf_int_oct                          0x20000d01   Thumb Code    24  _printf_oct_int_ll.o(.text)
    _printf_ll_oct                           0x20000d19   Thumb Code    12  _printf_oct_int_ll.o(.text)
    _printf_longlong_hex                     0x20000d2d   Thumb Code    86  _printf_hex_int_ll_ptr.o(.text)
    _printf_int_hex                          0x20000d83   Thumb Code    28  _printf_hex_int_ll_ptr.o(.text)
    _printf_ll_hex                           0x20000d9f   Thumb Code    12  _printf_hex_int_ll_ptr.o(.text)
    _printf_hex_ptr                          0x20000dab   Thumb Code    18  _printf_hex_int_ll_ptr.o(.text)
    __printf                                 0x20000dc1   Thumb Code   388  __printf_flags_ss_wp.o(.text)
    _fseek                                   0x20000f49   Thumb Code   242  fseek.o(.text)
    fseek                                    0x20000f49   Thumb Code     0  fseek.o(.text)
    _seterr                                  0x20001041   Thumb Code    20  stdio.o(.text)
    _writebuf                                0x20001055   Thumb Code    84  stdio.o(.text)
    _fflush                                  0x200010a9   Thumb Code    70  stdio.o(.text)
    _deferredlazyseek                        0x200010ef   Thumb Code    60  stdio.o(.text)
    _initio                                  0x20001131   Thumb Code   210  initio.o(.text)
    _terminateio                             0x20001203   Thumb Code    56  initio.o(.text)
    __aeabi_atexit                           0x20001269   Thumb Code    46  aeabi_atexit.o(.text)
    __aeabi_memcpy4                          0x20001297   Thumb Code     0  rt_memcpy_w.o(.text)
    __aeabi_memcpy8                          0x20001297   Thumb Code     0  rt_memcpy_w.o(.text)
    __rt_memcpy_w                            0x20001297   Thumb Code   100  rt_memcpy_w.o(.text)
    _memcpy_lastbytes_aligned                0x200012df   Thumb Code     0  rt_memcpy_w.o(.text)
    __aeabi_memclr4                          0x200012fb   Thumb Code     0  rt_memclr_w.o(.text)
    __aeabi_memclr8                          0x200012fb   Thumb Code     0  rt_memclr_w.o(.text)
    __rt_memclr_w                            0x200012fb   Thumb Code     0  rt_memclr_w.o(.text)
    _memset_w                                0x200012ff   Thumb Code    74  rt_memclr_w.o(.text)
    _localtime_r                             0x20001349   Thumb Code   178  localtime_internal.o(.text)
    _n$localtime_r                           0x20001349   Thumb Code     0  localtime_internal.o(.text)
    _sys_open                                0x20001401   Thumb Code    20  sys_io.o(.text)
    _sys_close                               0x20001415   Thumb Code    12  sys_io.o(.text)
    _sys_write                               0x20001421   Thumb Code    16  sys_io.o(.text)
    _sys_read                                0x20001431   Thumb Code    14  sys_io.o(.text)
    _sys_istty                               0x2000143f   Thumb Code    12  sys_io.o(.text)
    _sys_seek                                0x2000144b   Thumb Code    14  sys_io.o(.text)
    _sys_ensure                              0x20001459   Thumb Code     2  sys_io.o(.text)
    _sys_flen                                0x2000145b   Thumb Code    12  sys_io.o(.text)
    __user_libspace                          0x20001469   Thumb Code     8  libspace.o(.text)
    __user_perproc_libspace                  0x20001469   Thumb Code     0  libspace.o(.text)
    __user_perthread_libspace                0x20001469   Thumb Code     0  libspace.o(.text)
    __rt_ddtor_pointer_addr                  0x20001471   Thumb Code     8  rt_ddtor_pointer_addr_intlibspace.o(.text)
    malloc                                   0x20001479   Thumb Code    94  h1_alloc.o(.text)
    free                                     0x200014d7   Thumb Code    78  h1_free.o(.text)
    _ll_udiv10                               0x20001525   Thumb Code   138  lludiv10.o(.text)
    _printf_int_common                       0x200015af   Thumb Code   178  _printf_intcommon.o(.text)
    _printf_fp_dec_real                      0x20001811   Thumb Code   620  _printf_fp_dec.o(.text)
    _printf_fp_hex_real                      0x20001a7d   Thumb Code   756  _printf_fp_hex.o(.text)
    _printf_char_common                      0x20001d83   Thumb Code    32  _printf_char_common.o(.text)
    _sputc                                   0x20001da9   Thumb Code    10  _sputc.o(.text)
    _printf_cs_common                        0x20001db3   Thumb Code    20  _printf_char.o(.text)
    _printf_char                             0x20001dc7   Thumb Code    16  _printf_char.o(.text)
    _printf_string                           0x20001dd7   Thumb Code     8  _printf_char.o(.text)
    _printf_lcs_common                       0x20001ddf   Thumb Code    20  _printf_wchar.o(.text)
    _printf_wchar                            0x20001df3   Thumb Code    16  _printf_wchar.o(.text)
    _printf_wstring                          0x20001e03   Thumb Code     8  _printf_wchar.o(.text)
    ferror                                   0x20001e0b   Thumb Code     8  ferror.o(.text)
    _ftell_internal                          0x20001e13   Thumb Code    66  ftell.o(.text)
    ftell                                    0x20001e13   Thumb Code     0  ftell.o(.text)
    setvbuf                                  0x20001e55   Thumb Code    70  setvbuf.o(.text)
    freopen                                  0x20001e9d   Thumb Code   160  fopen.o(.text)
    fopen                                    0x20001f3d   Thumb Code    74  fopen.o(.text)
    _fclose_internal                         0x20001f8d   Thumb Code    76  fclose.o(.text)
    fclose                                   0x20001f8d   Thumb Code     0  fclose.o(.text)
    _c16rtomb                                0x20001fd9   Thumb Code    72  _c16rtomb.o(.text)
    _wcrtomb                                 0x20001fd9   Thumb Code     0  _c16rtomb.o(.text)
    __cxa_finalize                           0x20002021   Thumb Code    66  cxa_finalize.o(.text)
    __rt_SIGRTRED                            0x20002063   Thumb Code    14  defsig_rtred_outer.o(.text)
    __user_setup_stackheap                   0x20002071   Thumb Code    74  sys_stackheap_outer.o(.text)
    __rt_heap_descriptor                     0x200020bd   Thumb Code     8  rt_heap_descriptor_intlibspace.o(.text)
    __aeabi_errno_addr                       0x200020c5   Thumb Code     8  rt_errno_addr_intlibspace.o(.text)
    __errno$intlibspace                      0x200020c5   Thumb Code     0  rt_errno_addr_intlibspace.o(.text)
    __rt_errno_addr$intlibspace              0x200020c5   Thumb Code     0  rt_errno_addr_intlibspace.o(.text)
    __use_no_heap                            0x200020cd   Thumb Code     2  hguard.o(.text)
    __heap$guard                             0x200020cf   Thumb Code     2  hguard.o(.text)
    _terminate_user_alloc                    0x200020d1   Thumb Code     2  init_alloc.o(.text)
    _init_user_alloc                         0x200020d3   Thumb Code     2  init_alloc.o(.text)
    __Heap_Full                              0x200020d5   Thumb Code    34  init_alloc.o(.text)
    __Heap_Broken                            0x200020f7   Thumb Code     6  init_alloc.o(.text)
    _init_alloc                              0x200020fd   Thumb Code    94  init_alloc.o(.text)
    __Heap_Initialize                        0x2000215b   Thumb Code    10  h1_init.o(.text)
    __Heap_DescSize                          0x20002165   Thumb Code     4  h1_init.o(.text)
    _printf_fp_infnan                        0x20002169   Thumb Code   112  _printf_fp_infnan.o(.text)
    _btod_etento                             0x200021e9   Thumb Code   224  bigflt0.o(.text)
    exit                                     0x200022cd   Thumb Code    18  exit.o(.text)
    __sig_exit                               0x200022df   Thumb Code    10  defsig_exit.o(.text)
    __rt_SIGRTRED_inner                      0x200022e9   Thumb Code    14  defsig_rtred_inner.o(.text)
    _sys_exit                                0x2000231d   Thumb Code     8  sys_exit.o(.text)
    __Heap_ProvideMemory                     0x20002329   Thumb Code    52  h1_extend.o(.text)
    _maybe_terminate_alloc                   0x20002329   Thumb Code     0  maybetermalloc1.o(.text)
    __default_signal_display                 0x2000235d   Thumb Code    50  defsig_general.o(.text)
    __rt_SIGRTMEM                            0x2000238f   Thumb Code    14  defsig_rtmem_outer.o(.text)
    _ttywrch                                 0x2000239d   Thumb Code    14  sys_wrch.o(.text)
    __rt_SIGRTMEM_inner                      0x200023ad   Thumb Code    22  defsig_rtmem_inner.o(.text)
    ADC_ConfigClk                            0x200023fd   Thumb Code    56  n32g4fr_adc.o(.text.ADC_ConfigClk)
    BusFault_Handler                         0x20002435   Thumb Code     4  n32g4fr_it.o(.text.BusFault_Handler)
    DebugMon_Handler                         0x20002439   Thumb Code     2  n32g4fr_it.o(.text.DebugMon_Handler)
    FIFO_GetDataCount                        0x2000243d   Thumb Code    12  fifo.o(.text.FIFO_GetDataCount)
    FIFO_ReadData                            0x20002449   Thumb Code   156  fifo.o(.text.FIFO_ReadData)
    GPIO_InitPeripheral                      0x200024e5   Thumb Code   390  n32g4fr_gpio.o(.text.GPIO_InitPeripheral)
    HardFaultHandler                         0x2000266d   Thumb Code   276  segger_hardfaulthandler.o(.text.HardFaultHandler)
    MemManage_Handler                        0x20002781   Thumb Code     4  n32g4fr_it.o(.text.MemManage_Handler)
    NMI_Handler                              0x20002785   Thumb Code     2  n32g4fr_it.o(.text.NMI_Handler)
    NVIC_Init                                0x20002789   Thumb Code   170  misc.o(.text.NVIC_Init)
    NVIC_PriorityGroupConfig                 0x20002835   Thumb Code    28  misc.o(.text.NVIC_PriorityGroupConfig)
    RCC_ConfigAdc1mClk                       0x20002851   Thumb Code    62  n32g4fr_rcc.o(.text.RCC_ConfigAdc1mClk)
    RCC_ConfigAdcHclk                        0x20002891   Thumb Code    44  n32g4fr_rcc.o(.text.RCC_ConfigAdcHclk)
    RCC_ConfigAdcPllClk                      0x200028bd   Thumb Code    84  n32g4fr_rcc.o(.text.RCC_ConfigAdcPllClk)
    RCC_ConfigPclk1                          0x20002911   Thumb Code    44  n32g4fr_rcc.o(.text.RCC_ConfigPclk1)
    RCC_EnableAHBPeriphClk                   0x2000293d   Thumb Code    56  n32g4fr_rcc.o(.text.RCC_EnableAHBPeriphClk)
    RCC_EnableAPB1PeriphClk                  0x20002975   Thumb Code    56  n32g4fr_rcc.o(.text.RCC_EnableAPB1PeriphClk)
    RCC_EnableAPB2PeriphClk                  0x200029ad   Thumb Code    56  n32g4fr_rcc.o(.text.RCC_EnableAPB2PeriphClk)
    RCC_GetClocksFreqValue                   0x200029e5   Thumb Code   452  n32g4fr_rcc.o(.text.RCC_GetClocksFreqValue)
    SEGGER_RTT_ConfigUpBuffer                0x20002ba9   Thumb Code   160  segger_rtt.o(.text.SEGGER_RTT_ConfigUpBuffer)
    SEGGER_RTT_Init                          0x20002c49   Thumb Code     8  segger_rtt.o(.text.SEGGER_RTT_Init)
    SEGGER_RTT_Write                         0x20002c51   Thumb Code    76  segger_rtt.o(.text.SEGGER_RTT_Write)
    SEGGER_RTT_WriteNoLock                   0x20002c9d   Thumb Code   176  segger_rtt.o(.text.SEGGER_RTT_WriteNoLock)
    SEGGER_RTT_printf                        0x20002d4d   Thumb Code    42  segger_rtt_printf.o(.text.SEGGER_RTT_printf)
    SEGGER_RTT_vprintf                       0x20002d79   Thumb Code   828  segger_rtt_printf.o(.text.SEGGER_RTT_vprintf)
    SVC_Handler                              0x200030b5   Thumb Code     2  n32g4fr_it.o(.text.SVC_Handler)
    SysTick_Handler                          0x20003179   Thumb Code    32  n32g4fr_it.o(.text.SysTick_Handler)
    SystemInit                               0x20003199   Thumb Code   190  system_n32g4fr.o(.text.SystemInit)
    TIM1_CC_IRQHandler                       0x20003259   Thumb Code     2  n32g4fr_it.o(.text.TIM1_CC_IRQHandler)
    USART3_IRQHandler                        0x2000325d   Thumb Code   124  n32g4fr_it.o(.text.USART3_IRQHandler)
    USART_ConfigInt                          0x200032d9   Thumb Code   146  n32g4fr_usart.o(.text.USART_ConfigInt)
    USART_Enable                             0x2000336d   Thumb Code    44  n32g4fr_usart.o(.text.USART_Enable)
    USART_GetFlagStatus                      0x20003399   Thumb Code    68  n32g4fr_usart.o(.text.USART_GetFlagStatus)
    USART_GetIntStatus                       0x200033dd   Thumb Code   176  n32g4fr_usart.o(.text.USART_GetIntStatus)
    USART_Init                               0x2000348d   Thumb Code   292  n32g4fr_usart.o(.text.USART_Init)
    USART_ReceiveData                        0x200035b1   Thumb Code    16  n32g4fr_usart.o(.text.USART_ReceiveData)
    USART_SendData                           0x200035c1   Thumb Code    24  n32g4fr_usart.o(.text.USART_SendData)
    UsageFault_Handler                       0x200035d9   Thumb Code     4  n32g4fr_it.o(.text.UsageFault_Handler)
    shell_mode_cmd(char, char*)              0x20003c35   Thumb Code   204  nr_micro_shell_commands.o(.text._Z14shell_mode_cmdcPc)
    shell_quit_cmd(char, char*)              0x20003d01   Thumb Code    58  nr_micro_shell_commands.o(.text._Z14shell_quit_cmdcPc)
    shell_stop_cmd(char, char*)              0x20003d3d   Thumb Code    40  nr_micro_shell_commands.o(.text._Z14shell_stop_cmdcPc)
    shell_start_cmd(char, char*)             0x20003d65   Thumb Code    40  nr_micro_shell_commands.o(.text._Z15shell_start_cmdcPc)
    shell_hexdump_cmd(char, char*)           0x20003d8d   Thumb Code   120  nr_micro_shell_commands.o(.text._Z17shell_hexdump_cmdcPc)
    loop()                                   0x20003e05   Thumb Code    16  main.o(.text._Z4loopv)
    setup()                                  0x20003e15   Thumb Code     8  main.o(.text._Z5setupv)
    Do::low()                                0x20003edd   Thumb Code    16  do.o(.text._ZN2Do3lowEv)
    Do::high()                               0x20003eed   Thumb Code    16  do.o(.text._ZN2Do4highEv)
    Do::init_pin(GPIO_Module*, unsigned short) 0x20003efd   Thumb Code   270  do.o(.text._ZN2Do8init_pinEP11GPIO_Modulet)
    Do::Do()                                 0x2000400d   Thumb Code    10  do.o(.text._ZN2DoC2Ev)
    Do::Do__sub_object()                     0x2000400d   Thumb Code    10  do.o(.text._ZN2DoC2Ev)
    Do::~Do()                                0x20004019   Thumb Code    10  do.o(.text._ZN2DoD2Ev)
    Do::~Do__sub_object()                    0x20004019   Thumb Code    10  do.o(.text._ZN2DoD2Ev)
    App::idle_process()                      0x20004025   Thumb Code   142  app.o(.text._ZN3App12idle_processEv)
    App::uart_process()                      0x200040b5   Thumb Code    14  app.o(.text._ZN3App12uart_processEv)
    App::error_process()                     0x200040c5   Thumb Code    40  app.o(.text._ZN3App13error_processEv)
    App::sent_sample_data()                  0x200040ed   Thumb Code    80  app.o(.text._ZN3App16sent_sample_dataEv)
    App::run()                               0x2000413d   Thumb Code    74  app.o(.text._ZN3App3runEv)
    App::App()                               0x20004189   Thumb Code    32  app.o(.text._ZN3AppC2Ev)
    App::App__sub_object()                   0x20004189   Thumb Code    32  app.o(.text._ZN3AppC2Ev)
    App::~App()                              0x200041a9   Thumb Code    10  app.o(.text._ZN3AppD2Ev)
    App::~App__sub_object()                  0x200041a9   Thumb Code    10  app.o(.text._ZN3AppD2Ev)
    Clk::print_clock()                       0x200041b5   Thumb Code   116  clk.o(.text._ZN3Clk11print_clockEv)
    Clk::Clk()                               0x20004229   Thumb Code   148  clk.o(.text._ZN3ClkC2Ev)
    Clk::Clk__sub_object()                   0x20004229   Thumb Code   148  clk.o(.text._ZN3ClkC2Ev)
    Clk::~Clk()                              0x200042bd   Thumb Code    10  clk.o(.text._ZN3ClkD2Ev)
    Clk::~Clk__sub_object()                  0x200042bd   Thumb Code    10  clk.o(.text._ZN3ClkD2Ev)
    Rtt::init()                              0x200042c9   Thumb Code   126  rtt.o(.text._ZN3Rtt4initEv)
    Rtt::Rtt()                               0x20004349   Thumb Code    20  rtt.o(.text._ZN3RttC2Ev)
    Rtt::Rtt__sub_object()                   0x20004349   Thumb Code    20  rtt.o(.text._ZN3RttC2Ev)
    Rtt::~Rtt()                              0x2000435d   Thumb Code    10  rtt.o(.text._ZN3RttD2Ev)
    Rtt::~Rtt__sub_object()                  0x2000435d   Thumb Code    10  rtt.o(.text._ZN3RttD2Ev)
    Uart::init(unsigned int)                 0x20004369   Thumb Code    78  uart.o(.text._ZN4Uart4initEj)
    Uart::init_pin()                         0x200043b9   Thumb Code    78  uart.o(.text._ZN4Uart8init_pinEv)
    Uart::init_nvic()                        0x20004409   Thumb Code    42  uart.o(.text._ZN4Uart9init_nvicEv)
    Uart::Uart()                             0x20004435   Thumb Code    36  uart.o(.text._ZN4UartC2Ev)
    Uart::Uart__sub_object()                 0x20004435   Thumb Code    36  uart.o(.text._ZN4UartC2Ev)
    Uart::~Uart()                            0x20004459   Thumb Code    10  uart.o(.text._ZN4UartD2Ev)
    Uart::~Uart__sub_object()                0x20004459   Thumb Code    10  uart.o(.text._ZN4UartD2Ev)
    Shell::init()                            0x20004465   Thumb Code    34  shell.o(.text._ZN5Shell4initEv)
    Shell::Shell()                           0x20004489   Thumb Code    20  shell.o(.text._ZN5ShellC2Ev)
    Shell::Shell__sub_object()               0x20004489   Thumb Code    20  shell.o(.text._ZN5ShellC2Ev)
    Shell::~Shell()                          0x2000449d   Thumb Code    10  shell.o(.text._ZN5ShellD2Ev)
    Shell::~Shell__sub_object()              0x2000449d   Thumb Code    10  shell.o(.text._ZN5ShellD2Ev)
    Systick::init()                          0x200044a9   Thumb Code    56  systick.o(.text._ZN7Systick4initEv)
    Systick::delay_ms(unsigned int)          0x200044e1   Thumb Code    40  systick.o(.text._ZN7Systick8delay_msEj)
    Systick::Systick()                       0x20004509   Thumb Code    20  systick.o(.text._ZN7SystickC2Ev)
    Systick::Systick__sub_object()           0x20004509   Thumb Code    20  systick.o(.text._ZN7SystickC2Ev)
    Systick::~Systick()                      0x2000451d   Thumb Code    10  systick.o(.text._ZN7SystickD2Ev)
    Systick::~Systick__sub_object()          0x2000451d   Thumb Code    10  systick.o(.text._ZN7SystickD2Ev)
    DWTDelay::init(unsigned int)             0x20004529   Thumb Code    48  dwtdelay.o(.text._ZN8DWTDelay4initEj)
    DWTDelay::delay_ms(unsigned int)         0x20004559   Thumb Code    26  dwtdelay.o(.text._ZN8DWTDelay8delay_msEj)
    DWTDelay::delay_us(unsigned int)         0x20004575   Thumb Code   134  dwtdelay.o(.text._ZN8DWTDelay8delay_usEj)
    DWTDelay::DWTDelay()                     0x200045fd   Thumb Code    30  dwtdelay.o(.text._ZN8DWTDelayC2Ev)
    DWTDelay::DWTDelay__sub_object()         0x200045fd   Thumb Code    30  dwtdelay.o(.text._ZN8DWTDelayC2Ev)
    DWTDelay::~DWTDelay()                    0x2000461d   Thumb Code    10  dwtdelay.o(.text._ZN8DWTDelayD2Ev)
    DWTDelay::~DWTDelay__sub_object()        0x2000461d   Thumb Code    10  dwtdelay.o(.text._ZN8DWTDelayD2Ev)
    Hardware::Hardware()                     0x20004629   Thumb Code   152  hardware.o(.text._ZN8HardwareC2Ev)
    Hardware::Hardware__sub_object()         0x20004629   Thumb Code   152  hardware.o(.text._ZN8HardwareC2Ev)
    Hardware::~Hardware()                    0x200046c1   Thumb Code    60  hardware.o(.text._ZN8HardwareD2Ev)
    Hardware::~Hardware__sub_object()        0x200046c1   Thumb Code    60  hardware.o(.text._ZN8HardwareD2Ev)
    _shell_init                              0x20004805   Thumb Code   214  nr_micro_shell.o(.text._shell_init)
    ansi_clear_current_line                  0x200048dd   Thumb Code    30  ansi.o(.text.ansi_clear_current_line)
    ansi_get_char                            0x200048fd   Thumb Code   372  ansi.o(.text.ansi_get_char)
    ansi_init                                0x20004a71   Thumb Code    42  ansi.o(.text.ansi_init)
    ansi_search_char                         0x20004a9d   Thumb Code    98  ansi.o(.text.ansi_search_char)
    ansi_show_str                            0x20004b01   Thumb Code    56  ansi_port.o(.text.ansi_show_str)
    fputc                                    0x20004b39   Thumb Code    52  bsp.o(.text.fputc)
    hexdump                                  0x20004b6d   Thumb Code   824  bsp.o(.text.hexdump)
    log_log                                  0x20004ef9   Thumb Code   236  log.o(.text.log_log)
    log_set_level                            0x20004fe5   Thumb Code    20  log.o(.text.log_set_level)
    main                                     0x20004ff9   Thumb Code    20  main.o(.text.main)
    memory_init                              0x2000500d   Thumb Code     2  bsp.o(.text.memory_init)
    nr_ansi_common_char_slover               0x20005011   Thumb Code   212  ansi_port.o(.text.nr_ansi_common_char_slover)
    nr_ansi_ctrl_common_slover               0x200050e5   Thumb Code    62  ansi_port.o(.text.nr_ansi_ctrl_common_slover)
    nr_ansi_in__                             0x20005125   Thumb Code   108  ansi_port.o(.text.nr_ansi_in__)
    nr_ansi_in_backspace                     0x20005191   Thumb Code   108  ansi_port.o(.text.nr_ansi_in_backspace)
    nr_ansi_in_down                          0x200051fd   Thumb Code   164  ansi_port.o(.text.nr_ansi_in_down)
    nr_ansi_in_enter                         0x200052a1   Thumb Code    60  ansi_port.o(.text.nr_ansi_in_enter)
    nr_ansi_in_left                          0x200052dd   Thumb Code    44  ansi_port.o(.text.nr_ansi_in_left)
    nr_ansi_in_newline                       0x20005309   Thumb Code    50  ansi_port.o(.text.nr_ansi_in_newline)
    nr_ansi_in_right                         0x2000533d   Thumb Code    48  ansi_port.o(.text.nr_ansi_in_right)
    nr_ansi_in_tab                           0x2000536d   Thumb Code   254  ansi_port.o(.text.nr_ansi_in_tab)
    nr_ansi_in_up                            0x2000546d   Thumb Code   168  ansi_port.o(.text.nr_ansi_in_up)
    shell_cmd_complete                       0x20005621   Thumb Code   186  nr_micro_shell.o(.text.shell_cmd_complete)
    shell_his_copy_queue_item                0x200056dd   Thumb Code   376  nr_micro_shell.o(.text.shell_his_copy_queue_item)
    shell_his_queue_add_cmd                  0x20005855   Thumb Code   366  nr_micro_shell.o(.text.shell_his_queue_add_cmd)
    shell_his_queue_init                     0x200059c5   Thumb Code    34  nr_micro_shell.o(.text.shell_his_queue_init)
    shell_his_queue_search_cmd               0x200059e9   Thumb Code   380  nr_micro_shell.o(.text.shell_his_queue_search_cmd)
    shell_parser                             0x20005b65   Thumb Code   360  nr_micro_shell.o(.text.shell_parser)
    shell_search_cmd                         0x20005ccd   Thumb Code    98  nr_micro_shell.o(.text.shell_search_cmd)
    _btod_d2e                                0x20005dd1   Thumb Code    62  btod.o(CL$$btod_d2e)
    _d2e_denorm_low                          0x20005e0f   Thumb Code    70  btod.o(CL$$btod_d2e_denorm_low)
    _d2e_norm_op1                            0x20005e55   Thumb Code    96  btod.o(CL$$btod_d2e_norm_op1)
    __btod_div_common                        0x20005eb5   Thumb Code   696  btod.o(CL$$btod_div_common)
    _e2e                                     0x200061ed   Thumb Code   220  btod.o(CL$$btod_e2e)
    _btod_ediv                               0x200062c9   Thumb Code    42  btod.o(CL$$btod_ediv)
    _btod_emul                               0x200062f3   Thumb Code    42  btod.o(CL$$btod_emul)
    __btod_mult_common                       0x2000631d   Thumb Code   580  btod.o(CL$$btod_mult_common)
    HardFault_Handler                        0x20006561   Thumb Code     0  hardfaulthandler.o(OSKERNEL)
    __ARM_fpclassify                         0x20006573   Thumb Code    48  fpclassify.o(i.__ARM_fpclassify)
    _is_digit                                0x200065a3   Thumb Code    14  __printf_wp.o(i._is_digit)
    _get_lc_ctype                            0x200065b1   Thumb Code    44  lc_ctype_c.o(locale$$code)
    _get_lc_time                             0x200065dd   Thumb Code    44  lc_time_c.o(locale$$code)
    _get_lc_numeric                          0x20006609   Thumb Code    44  lc_numeric_c.o(locale$$code)
    _fp_init                                 0x20006635   Thumb Code    26  fpinit.o(x$fpl$fpinit)
    __fplib_config_fpu_vfp                   0x2000664d   Thumb Code     0  fpinit.o(x$fpl$fpinit)
    __fplib_config_pureend_doubles           0x2000664d   Thumb Code     0  fpinit.o(x$fpl$fpinit)
    _printf_fp_dec                           0x2000664f   Thumb Code     4  printf1.o(x$fpl$printf1)
    _printf_fp_hex                           0x20006653   Thumb Code     4  printf2.o(x$fpl$printf2)
    __I$use$fp                               0x20006656   Number         0  usenofp.o(x$fpl$usenofp)
    __stdin_name                             0x20006699   Data           4  sys_io_names.o(.constdata)
    __stdout_name                            0x2000669d   Data           4  sys_io_names.o(.constdata)
    __stderr_name                            0x200066a1   Data           4  sys_io_names.o(.constdata)
    _monlen                                  0x200066cb   Data          12  _monlen.o(.constdata)
    nr_ansi_in_cmd                           0x2000677c   Data          21  ansi.o(.rodata.nr_ansi_in_cmd)
    nr_ansi_in_cmd_fun                       0x20006794   Data          80  ansi.o(.rodata.nr_ansi_in_cmd_fun)
    nr_ansi_in_special_symbol                0x200067e4   Data           5  ansi.o(.rodata.nr_ansi_in_special_symbol)
    nr_ansi_in_special_symbol_fun            0x200067ec   Data          16  ansi.o(.rodata.nr_ansi_in_special_symbol_fun)
    _nr_cmd_start_                           0x200067fc   Data          20  nr_micro_shell.o(.rodata.nr_shell_cmd0.end)
    _nr_cmd_end_                             0x20006810   Data          20  nr_micro_shell.o(.rodata.nr_shell_cmd1.end)
    static_cmd                               0x20006864   Data         120  nr_micro_shell_commands.o(.rodata.static_cmd)
    Region$$Table$$Base                      0x20006d7c   Number         0  anon$$obj.o(Region$$Table)
    Region$$Table$$Limit                     0x20006d9c   Number         0  anon$$obj.o(Region$$Table)
    __ctype                                  0x20006da9   Data           0  lc_ctype_c.o(locale$$data)
    SHT$$INIT_ARRAY$$Base                    0x20007048   Number         0  main.o(.init_array)
    SHT$$INIT_ARRAY$$Limit                   0x2000704c   Number         0  init_aeabi.o(.init_array)
    __aeabi_stdin                            0x20010000   Data           4  stdio_streams.o(.data)
    __aeabi_stdout                           0x20010004   Data           4  stdio_streams.o(.data)
    __aeabi_stderr                           0x20010008   Data           4  stdio_streams.o(.data)
    FIFO_Data                                0x2001000c   Data          20  fifo.o(.data.FIFO_Data)
    SystemCoreClock                          0x20010020   Data           4  system_n32g4fr.o(.data.SystemCoreClock)
    nr_shell                                 0x2001003c   Data         316  nr_micro_shell.o(.data.nr_shell)
    __stdin                                  0x20010178   Data          84  stdio_streams.o(.bss)
    __stdout                                 0x200101cc   Data          84  stdio_streams.o(.bss)
    __stderr                                 0x20010220   Data          84  stdio_streams.o(.bss)
    __libspace_start                         0x200102a0   Data          96  libspace.o(.bss)
    FIFO_DataBuffer                          0x20010300   Data        8000  fifo.o(.bss.FIFO_DataBuffer)
    __temporary_stack_top$libspace           0x20010300   Data           0  libspace.o(.bss)
    _SEGGER_RTT                              0x20012414   Data         168  segger_rtt.o(.bss._SEGGER_RTT)
    app                                      0x200128cc   Data        2002  main.o(.bss.app)
    delay                                    0x200130a0   Data           4  systick.o(.bss.delay)
    dwt                                      0x200130a4   Data           4  main.o(.bss.dwt)
    hardware_n32_ch2840adx                   0x200130a8   Data          40  main.o(.bss.hardware_n32_ch2840adx)
    nr                                       0x200130d0   Data           1  main.o(.bss.nr)
    nr_ansi                                  0x200130d4   Data         132  ansi.o(.bss.nr_ansi)
    segger_cb                                0x2001315c   Data       16384  main.o(.bss.segger_cb)
    tick                                     0x2001715c   Data           1  main.o(.bss.tick)



==============================================================================

Memory Map of the image

  Image Entry point : 0x20000199

  Load Region LR_IROM1 (Base: 0x20000000, Size: 0x000071c8, Max: 0x00010000, ABSOLUTE, COMPRESSED[0x00007098])

    Execution Region ER_IROM1 (Exec base: 0x20000000, Load base: 0x20000000, Size: 0x0000704c, Max: 0x00010000, ABSOLUTE)

    Exec Addr    Load Addr    Size         Type   Attr      Idx    E Section Name        Object

    0x20000000   0x20000000   0x00000198   Data   RO          384    RESET               startup_n32g4fr.o
    0x20000198   0x20000198   0x00000008   Code   RO         1908  * !!!main             c_w.l(__main.o)
    0x200001a0   0x200001a0   0x00000034   Code   RO         2424    !!!scatter          c_w.l(__scatter.o)
    0x200001d4   0x200001d4   0x0000003a   Code   RO         2422    !!dczerorl          c_w.l(__dczerorl.o)
    0x2000020e   0x2000020e   0x00000002   PAD
    0x20000210   0x20000210   0x0000001c   Code   RO         2426    !!handler_zi        c_w.l(__scatter_zi.o)
    0x2000022c   0x2000022c   0x00000000   Code   RO         2006    .ARM.Collect$$_printf_percent$$00000000  c_w.l(_printf_percent.o)
    0x2000022c   0x2000022c   0x00000006   Code   RO         1995    .ARM.Collect$$_printf_percent$$00000001  c_w.l(_printf_n.o)
    0x20000232   0x20000232   0x00000006   Code   RO         1997    .ARM.Collect$$_printf_percent$$00000002  c_w.l(_printf_p.o)
    0x20000238   0x20000238   0x00000006   Code   RO         2002    .ARM.Collect$$_printf_percent$$00000003  c_w.l(_printf_f.o)
    0x2000023e   0x2000023e   0x00000006   Code   RO         2003    .ARM.Collect$$_printf_percent$$00000004  c_w.l(_printf_e.o)
    0x20000244   0x20000244   0x00000006   Code   RO         2004    .ARM.Collect$$_printf_percent$$00000005  c_w.l(_printf_g.o)
    0x2000024a   0x2000024a   0x00000006   Code   RO         2005    .ARM.Collect$$_printf_percent$$00000006  c_w.l(_printf_a.o)
    0x20000250   0x20000250   0x0000000a   Code   RO         2010    .ARM.Collect$$_printf_percent$$00000007  c_w.l(_printf_ll.o)
    0x2000025a   0x2000025a   0x00000006   Code   RO         1999    .ARM.Collect$$_printf_percent$$00000008  c_w.l(_printf_i.o)
    0x20000260   0x20000260   0x00000006   Code   RO         2000    .ARM.Collect$$_printf_percent$$00000009  c_w.l(_printf_d.o)
    0x20000266   0x20000266   0x00000006   Code   RO         2001    .ARM.Collect$$_printf_percent$$0000000A  c_w.l(_printf_u.o)
    0x2000026c   0x2000026c   0x00000006   Code   RO         1998    .ARM.Collect$$_printf_percent$$0000000B  c_w.l(_printf_o.o)
    0x20000272   0x20000272   0x00000006   Code   RO         1996    .ARM.Collect$$_printf_percent$$0000000C  c_w.l(_printf_x.o)
    0x20000278   0x20000278   0x00000006   Code   RO         2007    .ARM.Collect$$_printf_percent$$0000000D  c_w.l(_printf_lli.o)
    0x2000027e   0x2000027e   0x00000006   Code   RO         2008    .ARM.Collect$$_printf_percent$$0000000E  c_w.l(_printf_lld.o)
    0x20000284   0x20000284   0x00000006   Code   RO         2009    .ARM.Collect$$_printf_percent$$0000000F  c_w.l(_printf_llu.o)
    0x2000028a   0x2000028a   0x00000006   Code   RO         2014    .ARM.Collect$$_printf_percent$$00000010  c_w.l(_printf_llo.o)
    0x20000290   0x20000290   0x00000006   Code   RO         2015    .ARM.Collect$$_printf_percent$$00000011  c_w.l(_printf_llx.o)
    0x20000296   0x20000296   0x0000000a   Code   RO         2011    .ARM.Collect$$_printf_percent$$00000012  c_w.l(_printf_l.o)
    0x200002a0   0x200002a0   0x00000006   Code   RO         1993    .ARM.Collect$$_printf_percent$$00000013  c_w.l(_printf_c.o)
    0x200002a6   0x200002a6   0x00000006   Code   RO         1994    .ARM.Collect$$_printf_percent$$00000014  c_w.l(_printf_s.o)
    0x200002ac   0x200002ac   0x00000006   Code   RO         2012    .ARM.Collect$$_printf_percent$$00000015  c_w.l(_printf_lc.o)
    0x200002b2   0x200002b2   0x00000006   Code   RO         2013    .ARM.Collect$$_printf_percent$$00000016  c_w.l(_printf_ls.o)
    0x200002b8   0x200002b8   0x00000004   Code   RO         2213    .ARM.Collect$$_printf_percent$$00000017  c_w.l(_printf_percent_end.o)
    0x200002bc   0x200002bc   0x00000002   Code   RO         2343    .ARM.Collect$$libinit$$00000000  c_w.l(libinit.o)
    0x200002be   0x200002be   0x00000004   Code   RO         2043    .ARM.Collect$$libinit$$00000001  c_w.l(libinit2.o)
    0x200002c2   0x200002c2   0x00000000   Code   RO         2046    .ARM.Collect$$libinit$$00000004  c_w.l(libinit2.o)
    0x200002c2   0x200002c2   0x00000008   Code   RO         2047    .ARM.Collect$$libinit$$00000005  c_w.l(libinit2.o)
    0x200002ca   0x200002ca   0x00000000   Code   RO         2049    .ARM.Collect$$libinit$$0000000A  c_w.l(libinit2.o)
    0x200002ca   0x200002ca   0x00000000   Code   RO         2051    .ARM.Collect$$libinit$$0000000C  c_w.l(libinit2.o)
    0x200002ca   0x200002ca   0x00000000   Code   RO         2053    .ARM.Collect$$libinit$$0000000E  c_w.l(libinit2.o)
    0x200002ca   0x200002ca   0x00000006   Code   RO         2054    .ARM.Collect$$libinit$$0000000F  c_w.l(libinit2.o)
    0x200002d0   0x200002d0   0x00000000   Code   RO         2056    .ARM.Collect$$libinit$$00000011  c_w.l(libinit2.o)
    0x200002d0   0x200002d0   0x0000000c   Code   RO         2057    .ARM.Collect$$libinit$$00000012  c_w.l(libinit2.o)
    0x200002dc   0x200002dc   0x00000000   Code   RO         2058    .ARM.Collect$$libinit$$00000013  c_w.l(libinit2.o)
    0x200002dc   0x200002dc   0x00000000   Code   RO         2060    .ARM.Collect$$libinit$$00000015  c_w.l(libinit2.o)
    0x200002dc   0x200002dc   0x0000000a   Code   RO         2061    .ARM.Collect$$libinit$$00000016  c_w.l(libinit2.o)
    0x200002e6   0x200002e6   0x00000000   Code   RO         2062    .ARM.Collect$$libinit$$00000017  c_w.l(libinit2.o)
    0x200002e6   0x200002e6   0x0000000a   Code   RO         2063    .ARM.Collect$$libinit$$00000018  c_w.l(libinit2.o)
    0x200002f0   0x200002f0   0x00000000   Code   RO         2064    .ARM.Collect$$libinit$$00000019  c_w.l(libinit2.o)
    0x200002f0   0x200002f0   0x00000000   Code   RO         2066    .ARM.Collect$$libinit$$0000001B  c_w.l(libinit2.o)
    0x200002f0   0x200002f0   0x00000000   Code   RO         2068    .ARM.Collect$$libinit$$0000001D  c_w.l(libinit2.o)
    0x200002f0   0x200002f0   0x00000000   Code   RO         2070    .ARM.Collect$$libinit$$0000001F  c_w.l(libinit2.o)
    0x200002f0   0x200002f0   0x00000000   Code   RO         2072    .ARM.Collect$$libinit$$00000021  c_w.l(libinit2.o)
    0x200002f0   0x200002f0   0x00000000   Code   RO         2074    .ARM.Collect$$libinit$$00000023  c_w.l(libinit2.o)
    0x200002f0   0x200002f0   0x00000004   Code   RO         2075    .ARM.Collect$$libinit$$00000024  c_w.l(libinit2.o)
    0x200002f4   0x200002f4   0x00000000   Code   RO         2076    .ARM.Collect$$libinit$$00000025  c_w.l(libinit2.o)
    0x200002f4   0x200002f4   0x00000000   Code   RO         2080    .ARM.Collect$$libinit$$0000002C  c_w.l(libinit2.o)
    0x200002f4   0x200002f4   0x00000000   Code   RO         2082    .ARM.Collect$$libinit$$0000002E  c_w.l(libinit2.o)
    0x200002f4   0x200002f4   0x00000000   Code   RO         2084    .ARM.Collect$$libinit$$00000030  c_w.l(libinit2.o)
    0x200002f4   0x200002f4   0x00000004   Code   RO         2085    .ARM.Collect$$libinit$$00000031  c_w.l(libinit2.o)
    0x200002f8   0x200002f8   0x00000000   Code   RO         2086    .ARM.Collect$$libinit$$00000032  c_w.l(libinit2.o)
    0x200002f8   0x200002f8   0x00000002   Code   RO         2087    .ARM.Collect$$libinit$$00000033  c_w.l(libinit2.o)
    0x200002fa   0x200002fa   0x00000002   Code   RO         2419    .ARM.Collect$$libshutdown$$00000000  c_w.l(libshutdown.o)
    0x200002fc   0x200002fc   0x00000006   Code   RO         2242    .ARM.Collect$$libshutdown$$00000001  c_w.l(libshutdown2.o)
    0x20000302   0x20000302   0x00000000   Code   RO         2243    .ARM.Collect$$libshutdown$$00000002  c_w.l(libshutdown2.o)
    0x20000302   0x20000302   0x00000004   Code   RO         2244    .ARM.Collect$$libshutdown$$00000003  c_w.l(libshutdown2.o)
    0x20000306   0x20000306   0x00000000   Code   RO         2245    .ARM.Collect$$libshutdown$$00000004  c_w.l(libshutdown2.o)
    0x20000306   0x20000306   0x00000000   Code   RO         2248    .ARM.Collect$$libshutdown$$00000007  c_w.l(libshutdown2.o)
    0x20000306   0x20000306   0x00000000   Code   RO         2251    .ARM.Collect$$libshutdown$$0000000A  c_w.l(libshutdown2.o)
    0x20000306   0x20000306   0x00000000   Code   RO         2253    .ARM.Collect$$libshutdown$$0000000C  c_w.l(libshutdown2.o)
    0x20000306   0x20000306   0x00000000   Code   RO         2256    .ARM.Collect$$libshutdown$$0000000F  c_w.l(libshutdown2.o)
    0x20000306   0x20000306   0x00000002   Code   RO         2257    .ARM.Collect$$libshutdown$$00000010  c_w.l(libshutdown2.o)
    0x20000308   0x20000308   0x00000000   Code   RO         1919    .ARM.Collect$$rtentry$$00000000  c_w.l(__rtentry.o)
    0x20000308   0x20000308   0x00000000   Code   RO         2113    .ARM.Collect$$rtentry$$00000002  c_w.l(__rtentry2.o)
    0x20000308   0x20000308   0x00000006   Code   RO         2125    .ARM.Collect$$rtentry$$00000004  c_w.l(__rtentry4.o)
    0x2000030e   0x2000030e   0x00000000   Code   RO         2115    .ARM.Collect$$rtentry$$00000009  c_w.l(__rtentry2.o)
    0x2000030e   0x2000030e   0x00000004   Code   RO         2116    .ARM.Collect$$rtentry$$0000000A  c_w.l(__rtentry2.o)
    0x20000312   0x20000312   0x00000000   Code   RO         2118    .ARM.Collect$$rtentry$$0000000C  c_w.l(__rtentry2.o)
    0x20000312   0x20000312   0x00000008   Code   RO         2119    .ARM.Collect$$rtentry$$0000000D  c_w.l(__rtentry2.o)
    0x2000031a   0x2000031a   0x00000002   Code   RO         2357    .ARM.Collect$$rtexit$$00000000  c_w.l(rtexit.o)
    0x2000031c   0x2000031c   0x00000000   Code   RO         2385    .ARM.Collect$$rtexit$$00000002  c_w.l(rtexit2.o)
    0x2000031c   0x2000031c   0x00000004   Code   RO         2386    .ARM.Collect$$rtexit$$00000003  c_w.l(rtexit2.o)
    0x20000320   0x20000320   0x00000006   Code   RO         2387    .ARM.Collect$$rtexit$$00000004  c_w.l(rtexit2.o)
    0x20000326   0x20000326   0x00000002   PAD
    0x20000328   0x20000328   0x00000040   Code   RO          385    .text               startup_n32g4fr.o
    0x20000368   0x20000368   0x00000012   Code   RO         1859    .text               c_w.l(sys_time.o)
    0x2000037a   0x2000037a   0x00000002   PAD
    0x2000037c   0x2000037c   0x00000010   Code   RO         1863    .text               c_w.l(rt_ctype_table.o)
    0x2000038c   0x2000038c   0x00000018   Code   RO         1865    .text               c_w.l(printf.o)
    0x200003a4   0x200003a4   0x00000014   Code   RO         1867    .text               c_w.l(fprintf.o)
    0x200003b8   0x200003b8   0x0000000a   Code   RO         1869    .text               c_w.l(vfprintf.o)
    0x200003c2   0x200003c2   0x00000002   PAD
    0x200003c4   0x200003c4   0x00000064   Code   RO         1871    .text               c_w.l(fflush.o)
    0x20000428   0x20000428   0x00000004   Code   RO         1873    .text               c_w.l(putc.o)
    0x2000042c   0x2000042c   0x0000000a   Code   RO         1886    .text               c_w.l(cxa_atexit.o)
    0x20000436   0x20000436   0x00000024   Code   RO         1889    .text               c_w.l(strstr.o)
    0x2000045a   0x2000045a   0x00000048   Code   RO         1891    .text               c_w.l(strcpy.o)
    0x200004a2   0x200004a2   0x0000003e   Code   RO         1893    .text               c_w.l(strlen.o)
    0x200004e0   0x200004e0   0x0000008a   Code   RO         1895    .text               c_w.l(rt_memcpy_v6.o)
    0x2000056a   0x2000056a   0x00000044   Code   RO         1897    .text               c_w.l(rt_memclr.o)
    0x200005ae   0x200005ae   0x00000002   PAD
    0x200005b0   0x200005b0   0x0000007c   Code   RO         1899    .text               c_w.l(strcmpv7em.o)
    0x2000062c   0x2000062c   0x0000000c   Code   RO         1901    .text               c_w.l(localtime.o)
    0x20000638   0x20000638   0x00000360   Code   RO         1904    .text               c_w.l(strftime.o)
    0x20000998   0x20000998   0x00000006   Code   RO         1906    .text               c_w.l(heapauxi.o)
    0x2000099e   0x2000099e   0x00000002   PAD
    0x200009a0   0x200009a0   0x00000024   Code   RO         1913    .text               c_w.l(init_aeabi.o)
    0x200009c4   0x200009c4   0x00000002   Code   RO         1916    .text               c_w.l(use_no_semi.o)
    0x200009c6   0x200009c6   0x00000000   Code   RO         1918    .text               c_w.l(indicate_semi.o)
    0x200009c6   0x200009c6   0x00000002   PAD
    0x200009c8   0x200009c8   0x00000008   Code   RO         1923    .text               c_w.l(rt_locale_intlibspace.o)
    0x200009d0   0x200009d0   0x0000002c   Code   RO         1925    .text               c_w.l(sprintf.o)
    0x200009fc   0x200009fc   0x0000004e   Code   RO         1929    .text               c_w.l(_printf_pad.o)
    0x20000a4a   0x20000a4a   0x00000024   Code   RO         1931    .text               c_w.l(_printf_truncate.o)
    0x20000a6e   0x20000a6e   0x00000052   Code   RO         1933    .text               c_w.l(_printf_str.o)
    0x20000ac0   0x20000ac0   0x00000078   Code   RO         1935    .text               c_w.l(_printf_dec.o)
    0x20000b38   0x20000b38   0x00000028   Code   RO         1937    .text               c_w.l(_printf_charcount.o)
    0x20000b60   0x20000b60   0x00000024   Code   RO         1939    .text               c_w.l(_printf_char_file.o)
    0x20000b84   0x20000b84   0x000000bc   Code   RO         1941    .text               c_w.l(_printf_wctomb.o)
    0x20000c40   0x20000c40   0x0000007c   Code   RO         1944    .text               c_w.l(_printf_longlong_dec.o)
    0x20000cbc   0x20000cbc   0x00000070   Code   RO         1950    .text               c_w.l(_printf_oct_int_ll.o)
    0x20000d2c   0x20000d2c   0x00000094   Code   RO         1970    .text               c_w.l(_printf_hex_int_ll_ptr.o)
    0x20000dc0   0x20000dc0   0x00000188   Code   RO         1990    .text               c_w.l(__printf_flags_ss_wp.o)
    0x20000f48   0x20000f48   0x000000f8   Code   RO         2016    .text               c_w.l(fseek.o)
    0x20001040   0x20001040   0x000000f0   Code   RO         2018    .text               c_w.l(stdio.o)
    0x20001130   0x20001130   0x00000138   Code   RO         2021    .text               c_w.l(initio.o)
    0x20001268   0x20001268   0x0000002e   Code   RO         2034    .text               c_w.l(aeabi_atexit.o)
    0x20001296   0x20001296   0x00000064   Code   RO         2037    .text               c_w.l(rt_memcpy_w.o)
    0x200012fa   0x200012fa   0x0000004e   Code   RO         2039    .text               c_w.l(rt_memclr_w.o)
    0x20001348   0x20001348   0x000000b8   Code   RO         2041    .text               c_w.l(localtime_internal.o)
    0x20001400   0x20001400   0x00000066   Code   RO         2100    .text               c_w.l(sys_io.o)
    0x20001466   0x20001466   0x00000002   PAD
    0x20001468   0x20001468   0x00000008   Code   RO         2107    .text               c_w.l(libspace.o)
    0x20001470   0x20001470   0x00000008   Code   RO         2130    .text               c_w.l(rt_ddtor_pointer_addr_intlibspace.o)
    0x20001478   0x20001478   0x0000005e   Code   RO         2136    .text               c_w.l(h1_alloc.o)
    0x200014d6   0x200014d6   0x0000004e   Code   RO         2138    .text               c_w.l(h1_free.o)
    0x20001524   0x20001524   0x0000008a   Code   RO         2194    .text               c_w.l(lludiv10.o)
    0x200015ae   0x200015ae   0x000000b2   Code   RO         2196    .text               c_w.l(_printf_intcommon.o)
    0x20001660   0x20001660   0x0000041c   Code   RO         2198    .text               c_w.l(_printf_fp_dec.o)
    0x20001a7c   0x20001a7c   0x000002fc   Code   RO         2202    .text               c_w.l(_printf_fp_hex.o)
    0x20001d78   0x20001d78   0x00000030   Code   RO         2205    .text               c_w.l(_printf_char_common.o)
    0x20001da8   0x20001da8   0x0000000a   Code   RO         2207    .text               c_w.l(_sputc.o)
    0x20001db2   0x20001db2   0x0000002c   Code   RO         2209    .text               c_w.l(_printf_char.o)
    0x20001dde   0x20001dde   0x0000002c   Code   RO         2211    .text               c_w.l(_printf_wchar.o)
    0x20001e0a   0x20001e0a   0x00000008   Code   RO         2214    .text               c_w.l(ferror.o)
    0x20001e12   0x20001e12   0x00000042   Code   RO         2216    .text               c_w.l(ftell.o)
    0x20001e54   0x20001e54   0x00000046   Code   RO         2218    .text               c_w.l(setvbuf.o)
    0x20001e9a   0x20001e9a   0x00000002   PAD
    0x20001e9c   0x20001e9c   0x000000f0   Code   RO         2220    .text               c_w.l(fopen.o)
    0x20001f8c   0x20001f8c   0x0000004c   Code   RO         2222    .text               c_w.l(fclose.o)
    0x20001fd8   0x20001fd8   0x00000048   Code   RO         2230    .text               c_w.l(_c16rtomb.o)
    0x20002020   0x20002020   0x00000042   Code   RO         2232    .text               c_w.l(cxa_finalize.o)
    0x20002062   0x20002062   0x0000000e   Code   RO         2235    .text               c_w.l(defsig_rtred_outer.o)
    0x20002070   0x20002070   0x0000004a   Code   RO         2260    .text               c_w.l(sys_stackheap_outer.o)
    0x200020ba   0x200020ba   0x00000002   PAD
    0x200020bc   0x200020bc   0x00000008   Code   RO         2267    .text               c_w.l(rt_heap_descriptor_intlibspace.o)
    0x200020c4   0x200020c4   0x00000008   Code   RO         2272    .text               c_w.l(rt_errno_addr_intlibspace.o)
    0x200020cc   0x200020cc   0x00000004   Code   RO         2274    .text               c_w.l(hguard.o)
    0x200020d0   0x200020d0   0x0000008a   Code   RO         2276    .text               c_w.l(init_alloc.o)
    0x2000215a   0x2000215a   0x0000000e   Code   RO         2280    .text               c_w.l(h1_init.o)
    0x20002168   0x20002168   0x00000080   Code   RO         2292    .text               c_w.l(_printf_fp_infnan.o)
    0x200021e8   0x200021e8   0x000000e4   Code   RO         2296    .text               c_w.l(bigflt0.o)
    0x200022cc   0x200022cc   0x00000012   Code   RO         2326    .text               c_w.l(exit.o)
    0x200022de   0x200022de   0x0000000a   Code   RO         2328    .text               c_w.l(defsig_exit.o)
    0x200022e8   0x200022e8   0x00000034   Code   RO         2330    .text               c_w.l(defsig_rtred_inner.o)
    0x2000231c   0x2000231c   0x0000000c   Code   RO         2351    .text               c_w.l(sys_exit.o)
    0x20002328   0x20002328   0x00000000   Code   RO         2361    .text               c_w.l(maybetermalloc1.o)
    0x20002328   0x20002328   0x00000034   Code   RO         2363    .text               c_w.l(h1_extend.o)
    0x2000235c   0x2000235c   0x00000032   Code   RO         2371    .text               c_w.l(defsig_general.o)
    0x2000238e   0x2000238e   0x0000000e   Code   RO         2373    .text               c_w.l(defsig_rtmem_outer.o)
    0x2000239c   0x2000239c   0x0000000e   Code   RO         2380    .text               c_w.l(sys_wrch.o)
    0x200023aa   0x200023aa   0x00000002   PAD
    0x200023ac   0x200023ac   0x00000050   Code   RO         2395    .text               c_w.l(defsig_rtmem_inner.o)
    0x200023fc   0x200023fc   0x00000038   Code   RO          515    .text.ADC_ConfigClk  n32g4fr_adc.o
    0x20002434   0x20002434   0x00000004   Code   RO          396    .text.BusFault_Handler  n32g4fr_it.o
    0x20002438   0x20002438   0x00000002   Code   RO          402    .text.DebugMon_Handler  n32g4fr_it.o
    0x2000243a   0x2000243a   0x00000002   PAD
    0x2000243c   0x2000243c   0x0000000c   Code   RO          227    .text.FIFO_GetDataCount  fifo.o
    0x20002448   0x20002448   0x0000009c   Code   RO          219    .text.FIFO_ReadData  fifo.o
    0x200024e4   0x200024e4   0x00000186   Code   RO          843    .text.GPIO_InitPeripheral  n32g4fr_gpio.o
    0x2000266a   0x2000266a   0x00000002   PAD
    0x2000266c   0x2000266c   0x00000114   Code   RO         1742    .text.HardFaultHandler  segger_hardfaulthandler.o
    0x20002780   0x20002780   0x00000004   Code   RO          394    .text.MemManage_Handler  n32g4fr_it.o
    0x20002784   0x20002784   0x00000002   Code   RO          392    .text.NMI_Handler   n32g4fr_it.o
    0x20002786   0x20002786   0x00000002   PAD
    0x20002788   0x20002788   0x000000aa   Code   RO          422    .text.NVIC_Init     misc.o
    0x20002832   0x20002832   0x00000002   PAD
    0x20002834   0x20002834   0x0000001c   Code   RO          420    .text.NVIC_PriorityGroupConfig  misc.o
    0x20002850   0x20002850   0x0000003e   Code   RO         1098    .text.RCC_ConfigAdc1mClk  n32g4fr_rcc.o
    0x2000288e   0x2000288e   0x00000002   PAD
    0x20002890   0x20002890   0x0000002c   Code   RO         1102    .text.RCC_ConfigAdcHclk  n32g4fr_rcc.o
    0x200028bc   0x200028bc   0x00000054   Code   RO         1100    .text.RCC_ConfigAdcPllClk  n32g4fr_rcc.o
    0x20002910   0x20002910   0x0000002c   Code   RO         1084    .text.RCC_ConfigPclk1  n32g4fr_rcc.o
    0x2000293c   0x2000293c   0x00000038   Code   RO         1118    .text.RCC_EnableAHBPeriphClk  n32g4fr_rcc.o
    0x20002974   0x20002974   0x00000038   Code   RO         1122    .text.RCC_EnableAPB1PeriphClk  n32g4fr_rcc.o
    0x200029ac   0x200029ac   0x00000038   Code   RO         1120    .text.RCC_EnableAPB2PeriphClk  n32g4fr_rcc.o
    0x200029e4   0x200029e4   0x000001c4   Code   RO         1116    .text.RCC_GetClocksFreqValue  n32g4fr_rcc.o
    0x20002ba8   0x20002ba8   0x000000a0   Code   RO         1803    .text.SEGGER_RTT_ConfigUpBuffer  segger_rtt.o
    0x20002c48   0x20002c48   0x00000008   Code   RO         1815    .text.SEGGER_RTT_Init  segger_rtt.o
    0x20002c50   0x20002c50   0x0000004c   Code   RO         1779    .text.SEGGER_RTT_Write  segger_rtt.o
    0x20002c9c   0x20002c9c   0x000000b0   Code   RO         1775    .text.SEGGER_RTT_WriteNoLock  segger_rtt.o
    0x20002d4c   0x20002d4c   0x0000002a   Code   RO         1848    .text.SEGGER_RTT_printf  segger_rtt_printf.o
    0x20002d76   0x20002d76   0x00000002   PAD
    0x20002d78   0x20002d78   0x0000033c   Code   RO         1840    .text.SEGGER_RTT_vprintf  segger_rtt_printf.o
    0x200030b4   0x200030b4   0x00000002   Code   RO          400    .text.SVC_Handler   n32g4fr_it.o
    0x200030b6   0x200030b6   0x00000002   PAD
    0x200030b8   0x200030b8   0x000000be   Code   RO          370    .text.SetSysClock   system_n32g4fr.o
    0x20003176   0x20003176   0x00000002   PAD
    0x20003178   0x20003178   0x00000020   Code   RO          404    .text.SysTick_Handler  n32g4fr_it.o
    0x20003198   0x20003198   0x000000be   Code   RO          368    .text.SystemInit    system_n32g4fr.o
    0x20003256   0x20003256   0x00000002   PAD
    0x20003258   0x20003258   0x00000002   Code   RO          408    .text.TIM1_CC_IRQHandler  n32g4fr_it.o
    0x2000325a   0x2000325a   0x00000002   PAD
    0x2000325c   0x2000325c   0x0000007c   Code   RO          410    .text.USART3_IRQHandler  n32g4fr_it.o
    0x200032d8   0x200032d8   0x00000092   Code   RO         1637    .text.USART_ConfigInt  n32g4fr_usart.o
    0x2000336a   0x2000336a   0x00000002   PAD
    0x2000336c   0x2000336c   0x0000002c   Code   RO         1635    .text.USART_Enable  n32g4fr_usart.o
    0x20003398   0x20003398   0x00000044   Code   RO         1671    .text.USART_GetFlagStatus  n32g4fr_usart.o
    0x200033dc   0x200033dc   0x000000b0   Code   RO         1675    .text.USART_GetIntStatus  n32g4fr_usart.o
    0x2000348c   0x2000348c   0x00000124   Code   RO         1627    .text.USART_Init    n32g4fr_usart.o
    0x200035b0   0x200035b0   0x00000010   Code   RO         1653    .text.USART_ReceiveData  n32g4fr_usart.o
    0x200035c0   0x200035c0   0x00000018   Code   RO         1651    .text.USART_SendData  n32g4fr_usart.o
    0x200035d8   0x200035d8   0x00000004   Code   RO          398    .text.UsageFault_Handler  n32g4fr_it.o
    0x200035dc   0x200035dc   0x0000009c   Code   RO         1757    .text._DoInit       segger_rtt.o
    0x20003678   0x20003678   0x0000001c   Code   RO           20    .text._GLOBAL__sub_I_main.cpp  main.o
    0x20003694   0x20003694   0x0000003e   Code   RO         1769    .text._GetAvailWriteSpace  segger_rtt.o
    0x200036d2   0x200036d2   0x00000002   PAD
    0x200036d4   0x200036d4   0x000001cc   Code   RO         1844    .text._PrintInt     segger_rtt_printf.o
    0x200038a0   0x200038a0   0x000001ac   Code   RO         1846    .text._PrintUnsigned  segger_rtt_printf.o
    0x20003a4c   0x20003a4c   0x00000076   Code   RO         1842    .text._StoreChar    segger_rtt_printf.o
    0x20003ac2   0x20003ac2   0x00000002   PAD
    0x20003ac4   0x20003ac4   0x000000e4   Code   RO         1773    .text._WriteBlocking  segger_rtt.o
    0x20003ba8   0x20003ba8   0x0000008c   Code   RO         1771    .text._WriteNoCheck  segger_rtt.o
    0x20003c34   0x20003c34   0x000000cc   Code   RO          182    .text._Z14shell_mode_cmdcPc  nr_micro_shell_commands.o
    0x20003d00   0x20003d00   0x0000003a   Code   RO          178    .text._Z14shell_quit_cmdcPc  nr_micro_shell_commands.o
    0x20003d3a   0x20003d3a   0x00000002   PAD
    0x20003d3c   0x20003d3c   0x00000028   Code   RO          176    .text._Z14shell_stop_cmdcPc  nr_micro_shell_commands.o
    0x20003d64   0x20003d64   0x00000028   Code   RO          174    .text._Z15shell_start_cmdcPc  nr_micro_shell_commands.o
    0x20003d8c   0x20003d8c   0x00000078   Code   RO          172    .text._Z17shell_hexdump_cmdcPc  nr_micro_shell_commands.o
    0x20003e04   0x20003e04   0x00000010   Code   RO           16    .text._Z4loopv      main.o
    0x20003e14   0x20003e14   0x00000008   Code   RO           14    .text._Z5setupv     main.o
    0x20003e1c   0x20003e1c   0x00000052   Code   RO          199    .text._ZL14SysTick_Configj  systick.o
    0x20003e6e   0x20003e6e   0x00000002   PAD
    0x20003e70   0x20003e70   0x00000042   Code   RO          201    .text._ZL18__NVIC_SetPriority4IRQnj  systick.o
    0x20003eb2   0x20003eb2   0x00000002   PAD
    0x20003eb4   0x20003eb4   0x00000026   Code   RO          180    .text._ZL18__NVIC_SystemResetv  nr_micro_shell_commands.o
    0x20003eda   0x20003eda   0x00000002   PAD
    0x20003edc   0x20003edc   0x00000010   Code   RO          103    .text._ZN2Do3lowEv  do.o
    0x20003eec   0x20003eec   0x00000010   Code   RO          105    .text._ZN2Do4highEv  do.o
    0x20003efc   0x20003efc   0x0000010e   Code   RO           99    .text._ZN2Do8init_pinEP11GPIO_Modulet  do.o
    0x2000400a   0x2000400a   0x00000002   PAD
    0x2000400c   0x2000400c   0x0000000a   Code   RO           95    .text._ZN2DoC2Ev    do.o
    0x20004016   0x20004016   0x00000002   PAD
    0x20004018   0x20004018   0x0000000a   Code   RO          101    .text._ZN2DoD2Ev    do.o
    0x20004022   0x20004022   0x00000002   PAD
    0x20004024   0x20004024   0x0000008e   Code   RO          158    .text._ZN3App12idle_processEv  app.o
    0x200040b2   0x200040b2   0x00000002   PAD
    0x200040b4   0x200040b4   0x0000000e   Code   RO          156    .text._ZN3App12uart_processEv  app.o
    0x200040c2   0x200040c2   0x00000002   PAD
    0x200040c4   0x200040c4   0x00000028   Code   RO          160    .text._ZN3App13error_processEv  app.o
    0x200040ec   0x200040ec   0x00000050   Code   RO          154    .text._ZN3App16sent_sample_dataEv  app.o
    0x2000413c   0x2000413c   0x0000004a   Code   RO          152    .text._ZN3App3runEv  app.o
    0x20004186   0x20004186   0x00000002   PAD
    0x20004188   0x20004188   0x00000020   Code   RO          148    .text._ZN3AppC2Ev   app.o
    0x200041a8   0x200041a8   0x0000000a   Code   RO          150    .text._ZN3AppD2Ev   app.o
    0x200041b2   0x200041b2   0x00000002   PAD
    0x200041b4   0x200041b4   0x00000074   Code   RO           69    .text._ZN3Clk11print_clockEv  clk.o
    0x20004228   0x20004228   0x00000094   Code   RO           67    .text._ZN3ClkC2Ev   clk.o
    0x200042bc   0x200042bc   0x0000000a   Code   RO           71    .text._ZN3ClkD2Ev   clk.o
    0x200042c6   0x200042c6   0x00000002   PAD
    0x200042c8   0x200042c8   0x0000007e   Code   RO           81    .text._ZN3Rtt4initEv  rtt.o
    0x20004346   0x20004346   0x00000002   PAD
    0x20004348   0x20004348   0x00000014   Code   RO           83    .text._ZN3RttC2Ev   rtt.o
    0x2000435c   0x2000435c   0x0000000a   Code   RO           85    .text._ZN3RttD2Ev   rtt.o
    0x20004366   0x20004366   0x00000002   PAD
    0x20004368   0x20004368   0x0000004e   Code   RO           52    .text._ZN4Uart4initEj  uart.o
    0x200043b6   0x200043b6   0x00000002   PAD
    0x200043b8   0x200043b8   0x0000004e   Code   RO           50    .text._ZN4Uart8init_pinEv  uart.o
    0x20004406   0x20004406   0x00000002   PAD
    0x20004408   0x20004408   0x0000002a   Code   RO           54    .text._ZN4Uart9init_nvicEv  uart.o
    0x20004432   0x20004432   0x00000002   PAD
    0x20004434   0x20004434   0x00000024   Code   RO           48    .text._ZN4UartC2Ev  uart.o
    0x20004458   0x20004458   0x0000000a   Code   RO           56    .text._ZN4UartD2Ev  uart.o
    0x20004462   0x20004462   0x00000002   PAD
    0x20004464   0x20004464   0x00000022   Code   RO          135    .text._ZN5Shell4initEv  shell.o
    0x20004486   0x20004486   0x00000002   PAD
    0x20004488   0x20004488   0x00000014   Code   RO          137    .text._ZN5ShellC2Ev  shell.o
    0x2000449c   0x2000449c   0x0000000a   Code   RO          139    .text._ZN5ShellD2Ev  shell.o
    0x200044a6   0x200044a6   0x00000002   PAD
    0x200044a8   0x200044a8   0x00000038   Code   RO          195    .text._ZN7Systick4initEv  systick.o
    0x200044e0   0x200044e0   0x00000028   Code   RO          203    .text._ZN7Systick8delay_msEj  systick.o
    0x20004508   0x20004508   0x00000014   Code   RO          193    .text._ZN7SystickC2Ev  systick.o
    0x2000451c   0x2000451c   0x0000000a   Code   RO          197    .text._ZN7SystickD2Ev  systick.o
    0x20004526   0x20004526   0x00000002   PAD
    0x20004528   0x20004528   0x00000030   Code   RO          116    .text._ZN8DWTDelay4initEj  dwtdelay.o
    0x20004558   0x20004558   0x0000001a   Code   RO          124    .text._ZN8DWTDelay8delay_msEj  dwtdelay.o
    0x20004572   0x20004572   0x00000002   PAD
    0x20004574   0x20004574   0x00000086   Code   RO          122    .text._ZN8DWTDelay8delay_usEj  dwtdelay.o
    0x200045fa   0x200045fa   0x00000002   PAD
    0x200045fc   0x200045fc   0x0000001e   Code   RO          118    .text._ZN8DWTDelayC2Ev  dwtdelay.o
    0x2000461a   0x2000461a   0x00000002   PAD
    0x2000461c   0x2000461c   0x0000000a   Code   RO          120    .text._ZN8DWTDelayD2Ev  dwtdelay.o
    0x20004626   0x20004626   0x00000002   PAD
    0x20004628   0x20004628   0x00000098   Code   RO           37    .text._ZN8HardwareC2Ev  hardware.o
    0x200046c0   0x200046c0   0x0000003c   Code   RO           39    .text._ZN8HardwareD2Ev  hardware.o
    0x200046fc   0x200046fc   0x0000002c   Code   RO            2    .text.__cxx_global_var_init  main.o
    0x20004728   0x20004728   0x0000002c   Code   RO            4    .text.__cxx_global_var_init.1  main.o
    0x20004754   0x20004754   0x0000002c   Code   RO            6    .text.__cxx_global_var_init.2  main.o
    0x20004780   0x20004780   0x0000002c   Code   RO            8    .text.__cxx_global_var_init.3  main.o
    0x200047ac   0x200047ac   0x0000002c   Code   RO           10    .text.__cxx_global_var_init.4  main.o
    0x200047d8   0x200047d8   0x0000002c   Code   RO           12    .text.__cxx_global_var_init.5  main.o
    0x20004804   0x20004804   0x000000d6   Code   RO          304    .text._shell_init   nr_micro_shell.o
    0x200048da   0x200048da   0x00000002   PAD
    0x200048dc   0x200048dc   0x0000001e   Code   RO          256    .text.ansi_clear_current_line  ansi.o
    0x200048fa   0x200048fa   0x00000002   PAD
    0x200048fc   0x200048fc   0x00000174   Code   RO          258    .text.ansi_get_char  ansi.o
    0x20004a70   0x20004a70   0x0000002a   Code   RO          254    .text.ansi_init     ansi.o
    0x20004a9a   0x20004a9a   0x00000002   PAD
    0x20004a9c   0x20004a9c   0x00000062   Code   RO          252    .text.ansi_search_char  ansi.o
    0x20004afe   0x20004afe   0x00000002   PAD
    0x20004b00   0x20004b00   0x00000038   Code   RO          272    .text.ansi_show_str  ansi_port.o
    0x20004b38   0x20004b38   0x00000034   Code   RO          242    .text.fputc         bsp.o
    0x20004b6c   0x20004b6c   0x00000338   Code   RO          240    .text.hexdump       bsp.o
    0x20004ea4   0x20004ea4   0x0000002e   Code   RO          352    .text.init_event    log.o
    0x20004ed2   0x20004ed2   0x00000002   PAD
    0x20004ed4   0x20004ed4   0x00000024   Code   RO          350    .text.lock          log.o
    0x20004ef8   0x20004ef8   0x000000ec   Code   RO          348    .text.log_log       log.o
    0x20004fe4   0x20004fe4   0x00000014   Code   RO          338    .text.log_set_level  log.o
    0x20004ff8   0x20004ff8   0x00000014   Code   RO           18    .text.main          main.o
    0x2000500c   0x2000500c   0x00000002   Code   RO          238    .text.memory_init   bsp.o
    0x2000500e   0x2000500e   0x00000002   PAD
    0x20005010   0x20005010   0x000000d4   Code   RO          274    .text.nr_ansi_common_char_slover  ansi_port.o
    0x200050e4   0x200050e4   0x0000003e   Code   RO          276    .text.nr_ansi_ctrl_common_slover  ansi_port.o
    0x20005122   0x20005122   0x00000002   PAD
    0x20005124   0x20005124   0x0000006c   Code   RO          294    .text.nr_ansi_in__  ansi_port.o
    0x20005190   0x20005190   0x0000006c   Code   RO          282    .text.nr_ansi_in_backspace  ansi_port.o
    0x200051fc   0x200051fc   0x000000a4   Code   RO          286    .text.nr_ansi_in_down  ansi_port.o
    0x200052a0   0x200052a0   0x0000003c   Code   RO          278    .text.nr_ansi_in_enter  ansi_port.o
    0x200052dc   0x200052dc   0x0000002c   Code   RO          288    .text.nr_ansi_in_left  ansi_port.o
    0x20005308   0x20005308   0x00000032   Code   RO          280    .text.nr_ansi_in_newline  ansi_port.o
    0x2000533a   0x2000533a   0x00000002   PAD
    0x2000533c   0x2000533c   0x00000030   Code   RO          290    .text.nr_ansi_in_right  ansi_port.o
    0x2000536c   0x2000536c   0x000000fe   Code   RO          292    .text.nr_ansi_in_tab  ansi_port.o
    0x2000546a   0x2000546a   0x00000002   PAD
    0x2000546c   0x2000546c   0x000000a8   Code   RO          284    .text.nr_ansi_in_up  ansi_port.o
    0x20005514   0x20005514   0x0000010a   Code   RO          316    .text.nr_shell_strtok  nr_micro_shell.o
    0x2000561e   0x2000561e   0x00000002   PAD
    0x20005620   0x20005620   0x000000ba   Code   RO          318    .text.shell_cmd_complete  nr_micro_shell.o
    0x200056da   0x200056da   0x00000002   PAD
    0x200056dc   0x200056dc   0x00000178   Code   RO          320    .text.shell_his_copy_queue_item  nr_micro_shell.o
    0x20005854   0x20005854   0x0000016e   Code   RO          308    .text.shell_his_queue_add_cmd  nr_micro_shell.o
    0x200059c2   0x200059c2   0x00000002   PAD
    0x200059c4   0x200059c4   0x00000022   Code   RO          306    .text.shell_his_queue_init  nr_micro_shell.o
    0x200059e6   0x200059e6   0x00000002   PAD
    0x200059e8   0x200059e8   0x0000017c   Code   RO          314    .text.shell_his_queue_search_cmd  nr_micro_shell.o
    0x20005b64   0x20005b64   0x00000168   Code   RO          312    .text.shell_parser  nr_micro_shell.o
    0x20005ccc   0x20005ccc   0x00000062   Code   RO          310    .text.shell_search_cmd  nr_micro_shell.o
    0x20005d2e   0x20005d2e   0x00000002   PAD
    0x20005d30   0x20005d30   0x0000007c   Code   RO          354    .text.stdout_callback  log.o
    0x20005dac   0x20005dac   0x00000024   Code   RO          356    .text.unlock        log.o
    0x20005dd0   0x20005dd0   0x0000003e   Code   RO         2299    CL$$btod_d2e        c_w.l(btod.o)
    0x20005e0e   0x20005e0e   0x00000046   Code   RO         2301    CL$$btod_d2e_denorm_low  c_w.l(btod.o)
    0x20005e54   0x20005e54   0x00000060   Code   RO         2300    CL$$btod_d2e_norm_op1  c_w.l(btod.o)
    0x20005eb4   0x20005eb4   0x00000338   Code   RO         2309    CL$$btod_div_common  c_w.l(btod.o)
    0x200061ec   0x200061ec   0x000000dc   Code   RO         2306    CL$$btod_e2e        c_w.l(btod.o)
    0x200062c8   0x200062c8   0x0000002a   Code   RO         2303    CL$$btod_ediv       c_w.l(btod.o)
    0x200062f2   0x200062f2   0x0000002a   Code   RO         2302    CL$$btod_emul       c_w.l(btod.o)
    0x2000631c   0x2000631c   0x00000244   Code   RO         2308    CL$$btod_mult_common  c_w.l(btod.o)
    0x20006560   0x20006560   0x00000012   Code   RO         1751    OSKERNEL            hardfaulthandler.o
    0x20006572   0x20006572   0x00000030   Code   RO         2347    i.__ARM_fpclassify  m_wm.l(fpclassify.o)
    0x200065a2   0x200065a2   0x0000000e   Code   RO         1983    i._is_digit         c_w.l(__printf_wp.o)
    0x200065b0   0x200065b0   0x0000002c   Code   RO         2026    locale$$code        c_w.l(lc_ctype_c.o)
    0x200065dc   0x200065dc   0x0000002c   Code   RO         2029    locale$$code        c_w.l(lc_time_c.o)
    0x20006608   0x20006608   0x0000002c   Code   RO         2324    locale$$code        c_w.l(lc_numeric_c.o)
    0x20006634   0x20006634   0x0000001a   Code   RO         2258    x$fpl$fpinit        fz_wm.l(fpinit.o)
    0x2000664e   0x2000664e   0x00000004   Code   RO         2092    x$fpl$printf1       fz_wm.l(printf1.o)
    0x20006652   0x20006652   0x00000004   Code   RO         2094    x$fpl$printf2       fz_wm.l(printf2.o)
    0x20006656   0x20006656   0x00000000   Code   RO         2346    x$fpl$usenofp       fz_wm.l(usenofp.o)
    0x20006656   0x20006656   0x00000002   PAD
    0x20006658   0x20006658   0x00000008   Data   RO         1942    .constdata          c_w.l(_printf_wctomb.o)
    0x20006660   0x20006660   0x00000028   Data   RO         1971    .constdata          c_w.l(_printf_hex_int_ll_ptr.o)
    0x20006688   0x20006688   0x00000011   Data   RO         1991    .constdata          c_w.l(__printf_flags_ss_wp.o)
    0x20006699   0x20006699   0x00000004   Data   RO         2102    .constdata          c_w.l(sys_io_names.o)
    0x2000669d   0x2000669d   0x00000004   Data   RO         2103    .constdata          c_w.l(sys_io_names.o)
    0x200066a1   0x200066a1   0x00000004   Data   RO         2104    .constdata          c_w.l(sys_io_names.o)
    0x200066a5   0x200066a5   0x00000026   Data   RO         2203    .constdata          c_w.l(_printf_fp_hex.o)
    0x200066cb   0x200066cb   0x0000000c   Data   RO         2239    .constdata          c_w.l(_monlen.o)
    0x200066d7   0x200066d7   0x00000001   PAD
    0x200066d8   0x200066d8   0x00000094   Data   RO         2297    .constdata          c_w.l(bigflt0.o)
    0x2000676c   0x2000676c   0x00000010   Data   RO         1850    .rodata._PrintUnsigned._aV2C  segger_rtt_printf.o
    0x2000677c   0x2000677c   0x00000015   Data   RO          260    .rodata.nr_ansi_in_cmd  ansi.o
    0x20006791   0x20006791   0x00000003   PAD
    0x20006794   0x20006794   0x00000050   Data   RO          261    .rodata.nr_ansi_in_cmd_fun  ansi.o
    0x200067e4   0x200067e4   0x00000005   Data   RO          262    .rodata.nr_ansi_in_special_symbol  ansi.o
    0x200067e9   0x200067e9   0x00000003   PAD
    0x200067ec   0x200067ec   0x00000010   Data   RO          263    .rodata.nr_ansi_in_special_symbol_fun  ansi.o
    0x200067fc   0x200067fc   0x00000014   Data   RO          322    .rodata.nr_shell_cmd0.end  nr_micro_shell.o
    0x20006810   0x20006810   0x00000014   Data   RO          323    .rodata.nr_shell_cmd1.end  nr_micro_shell.o
    0x20006824   0x20006824   0x00000010   Data   RO         1147    .rodata.s_AdcHclkPresTable  n32g4fr_rcc.o
    0x20006834   0x20006834   0x00000020   Data   RO         1148    .rodata.s_AdcPllClkPresTable  n32g4fr_rcc.o
    0x20006854   0x20006854   0x00000010   Data   RO         1146    .rodata.s_ApbAhbPresTable  n32g4fr_rcc.o
    0x20006864   0x20006864   0x00000078   Data   RO          185    .rodata.static_cmd  nr_micro_shell_commands.o
    0x200068dc   0x200068dc   0x00000034   Data   RO           73    .rodata.str1.1      clk.o
    0x20006910   0x20006910   0x00000079   Data   RO           87    .rodata.str1.1      rtt.o
    0x20006989   0x20006989   0x00000037   Data   RO          162    .rodata.str1.1      app.o
    0x200069c0   0x200069c0   0x00000136   Data   RO          184    .rodata.str1.1      nr_micro_shell_commands.o
    0x20006af6   0x20006af6   0x00000047   Data   RO          244    .rodata.str1.1      bsp.o
    0x20006b3d   0x20006b3d   0x00000021   Data   RO          296    .rodata.str1.1      ansi_port.o
    0x20006b5e   0x20006b5e   0x000001bb   Data   RO          325    .rodata.str1.1      nr_micro_shell.o
    0x20006d19   0x20006d19   0x0000003b   Data   RO          360    .rodata.str1.1      log.o
    0x20006d54   0x20006d54   0x00000013   Data   RO          412    .rodata.str1.1      n32g4fr_it.o
    0x20006d67   0x20006d67   0x00000014   Data   RO         1830    .rodata.str1.1      segger_rtt.o
    0x20006d7b   0x20006d7b   0x00000001   PAD
    0x20006d7c   0x20006d7c   0x00000020   Data   RO         2421    Region$$Table       anon$$obj.o
    0x20006d9c   0x20006d9c   0x00000110   Data   RO         2025    locale$$data        c_w.l(lc_ctype_c.o)
    0x20006eac   0x20006eac   0x00000180   Data   RO         2028    locale$$data        c_w.l(lc_time_c.o)
    0x2000702c   0x2000702c   0x0000001c   Data   RO         2323    locale$$data        c_w.l(lc_numeric_c.o)
    0x20007048   0x20007048   0x00000004   Data   RO           28    .init_array         main.o
    0x2000704c   0x20007048   0x00000000   Data   RO         1911    .init_array         c_w.l(init_aeabi.o)


    Execution Region RW_IRAM1 (Exec base: 0x20010000, Load base: 0x20007050, Size: 0x00008260, Max: 0x00010000, ABSOLUTE, COMPRESSED[0x00000048])

    Exec Addr    Load Addr    Size         Type   Attr      Idx    E Section Name        Object

    0x20010000   COMPRESSED   0x00000004   Data   RW         1878    .data               c_w.l(stdio_streams.o)
    0x20010004   COMPRESSED   0x00000004   Data   RW         1879    .data               c_w.l(stdio_streams.o)
    0x20010008   COMPRESSED   0x00000004   Data   RW         1880    .data               c_w.l(stdio_streams.o)
    0x2001000c   COMPRESSED   0x00000014   Data   RW          230    .data.FIFO_Data     fifo.o
    0x20010020   COMPRESSED   0x00000004   Data   RW          374    .data.SystemCoreClock  system_n32g4fr.o
    0x20010024   COMPRESSED   0x00000018   Data   RW          358    .data.level_strings  log.o
    0x2001003c   COMPRESSED   0x0000013c   Data   RW          324    .data.nr_shell      nr_micro_shell.o
    0x20010178        -       0x00000054   Zero   RW         1875    .bss                c_w.l(stdio_streams.o)
    0x200101cc        -       0x00000054   Zero   RW         1876    .bss                c_w.l(stdio_streams.o)
    0x20010220        -       0x00000054   Zero   RW         1877    .bss                c_w.l(stdio_streams.o)
    0x20010274        -       0x0000002c   Zero   RW         1902    .bss                c_w.l(localtime.o)
    0x200102a0        -       0x00000060   Zero   RW         2108    .bss                c_w.l(libspace.o)
    0x20010300        -       0x00001f40   Zero   RW          229    .bss.FIFO_DataBuffer  fifo.o
    0x20012240        -       0x00000040   Zero   RW         1744    .bss.HardFaultRegs  segger_hardfaulthandler.o
    0x20012280        -       0x00000190   Zero   RW          359    .bss.L              log.o
    0x20012410        -       0x00000004   Zero   RW         1745    .bss._Continue      segger_hardfaulthandler.o
    0x20012414        -       0x000000a8   Zero   RW         1827    .bss._SEGGER_RTT    segger_rtt.o
    0x200124bc        -       0x00000010   Zero   RW         1832    .bss._acDownBuffer  segger_rtt.o
    0x200124cc        -       0x00000400   Zero   RW         1831    .bss._acUpBuffer    segger_rtt.o
    0x200128cc        -       0x000007d2   Zero   RW           25    .bss.app            main.o
    0x2001309e   COMPRESSED   0x00000002   PAD
    0x200130a0        -       0x00000004   Zero   RW          205    .bss.delay          systick.o
    0x200130a4        -       0x00000004   Zero   RW           26    .bss.dwt            main.o
    0x200130a8        -       0x00000028   Zero   RW           23    .bss.hardware_n32_ch2840adx  main.o
    0x200130d0        -       0x00000001   Zero   RW           24    .bss.nr             main.o
    0x200130d1   COMPRESSED   0x00000003   PAD
    0x200130d4        -       0x00000084   Zero   RW          264    .bss.nr_ansi        ansi.o
    0x20013158        -       0x00000004   Zero   RW          326    .bss.nr_shell_strtok.last  nr_micro_shell.o
    0x2001315c        -       0x00004000   Zero   RW           22    .bss.segger_cb      main.o
    0x2001715c        -       0x00000001   Zero   RW           27    .bss.tick           main.o
    0x2001715d   COMPRESSED   0x00000003   PAD
    0x20017160        -       0x00000100   Zero   RW          383    HEAP                startup_n32g4fr.o
    0x20017260        -       0x00001000   Zero   RW          382    STACK               startup_n32g4fr.o


==============================================================================

Image component sizes


      Code (inc. data)   RO Data    RW Data    ZI Data      Debug   Object Name

       542          0        122          0        132       2148   ansi.o
      1334          0         33          0          0       3181   ansi_port.o
       392          4         55          0          0      11613   app.o
       878          0         71          0          0       2611   bsp.o
       274          0         52          0          0      10949   clk.o
       322          0          0          0          0      12130   do.o
       248          0          0          0          0      11495   dwtdelay.o
       168          0          0         20       8000       2392   fifo.o
        18          0          0          0          0        312   hardfaulthandler.o
       212          0          0          0          0      11302   hardware.o
       498          0         59         24        400       3959   log.o
       336          0          4          0      18432      13825   main.o
       198          0          0          0          0       2923   misc.o
        56          0          0          0          0      10191   n32g4fr_adc.o
       390          0          0          0          0       6261   n32g4fr_gpio.o
       176          0         19          0          0       1875   n32g4fr_it.o
       854          0         64          0          0       8707   n32g4fr_rcc.o
       766          0          0          0          0       6805   n32g4fr_usart.o
      2280          0        483        316          4       5132   nr_micro_shell.o
       500          0        430          0          0      12700   nr_micro_shell_commands.o
       156          0        121          0          0      10521   rtt.o
       276          0          0          0         68       2695   segger_hardfaulthandler.o
      1006          0         20          0       1208      13112   segger_rtt.o
      1876         14         16          0          0       3818   segger_rtt_printf.o
        64          0          0          0          0      10424   shell.o
        64         26        408          0       4352        864   startup_n32g4fr.o
       380          0          0          4          0       2779   system_n32g4fr.o
       274          0          0          0          4      14188   systick.o
       244          0          0          0          0      13978   uart.o

    ----------------------------------------------------------------------
     14886         44       1996        364      32608     212890   Object Totals
         0          0         32          0          0          0   (incl. Generated)
       104          0          7          0          8          0   (incl. Padding)

    ----------------------------------------------------------------------

      Code (inc. data)   RO Data    RW Data    ZI Data      Debug   Library Member Name

        58          0          0          0          0          0   __dczerorl.o
         8          0          0          0          0         68   __main.o
       392          4         17          0          0         92   __printf_flags_ss_wp.o
        14          0          0          0          0         68   __printf_wp.o
         0          0          0          0          0          0   __rtentry.o
        12          0          0          0          0          0   __rtentry2.o
         6          0          0          0          0          0   __rtentry4.o
        52          8          0          0          0          0   __scatter.o
        28          0          0          0          0          0   __scatter_zi.o
        72          0          0          0          0         96   _c16rtomb.o
         0          0         12          0          0          0   _monlen.o
         6          0          0          0          0          0   _printf_a.o
         6          0          0          0          0          0   _printf_c.o
        44          0          0          0          0        108   _printf_char.o
        48          6          0          0          0         96   _printf_char_common.o
        36          4          0          0          0         80   _printf_char_file.o
        40          0          0          0          0         68   _printf_charcount.o
         6          0          0          0          0          0   _printf_d.o
       120         16          0          0          0         92   _printf_dec.o
         6          0          0          0          0          0   _printf_e.o
         6          0          0          0          0          0   _printf_f.o
      1052          0          0          0          0        148   _printf_fp_dec.o
       764          8         38          0          0        100   _printf_fp_hex.o
       128         16          0          0          0         84   _printf_fp_infnan.o
         6          0          0          0          0          0   _printf_g.o
       148          4         40          0          0        160   _printf_hex_int_ll_ptr.o
         6          0          0          0          0          0   _printf_i.o
       178          0          0          0          0         88   _printf_intcommon.o
        10          0          0          0          0          0   _printf_l.o
         6          0          0          0          0          0   _printf_lc.o
        10          0          0          0          0          0   _printf_ll.o
         6          0          0          0          0          0   _printf_lld.o
         6          0          0          0          0          0   _printf_lli.o
         6          0          0          0          0          0   _printf_llo.o
         6          0          0          0          0          0   _printf_llu.o
         6          0          0          0          0          0   _printf_llx.o
       124         16          0          0          0         92   _printf_longlong_dec.o
         6          0          0          0          0          0   _printf_ls.o
         6          0          0          0          0          0   _printf_n.o
         6          0          0          0          0          0   _printf_o.o
       112          8          0          0          0        124   _printf_oct_int_ll.o
         6          0          0          0          0          0   _printf_p.o
        78          0          0          0          0        108   _printf_pad.o
         0          0          0          0          0          0   _printf_percent.o
         4          0          0          0          0          0   _printf_percent_end.o
         6          0          0          0          0          0   _printf_s.o
        82          0          0          0          0         80   _printf_str.o
        36          0          0          0          0         84   _printf_truncate.o
         6          0          0          0          0          0   _printf_u.o
        44          0          0          0          0        108   _printf_wchar.o
       188          6          8          0          0         92   _printf_wctomb.o
         6          0          0          0          0          0   _printf_x.o
        10          0          0          0          0         68   _sputc.o
        46          0          0          0          0         84   aeabi_atexit.o
       228          4        148          0          0         96   bigflt0.o
      1936        128          0          0          0        668   btod.o
        10          0          0          0          0         68   cxa_atexit.o
        66          0          0          0          0         84   cxa_finalize.o
        10          0          0          0          0         68   defsig_exit.o
        50          0          0          0          0         88   defsig_general.o
        80         58          0          0          0         76   defsig_rtmem_inner.o
        14          0          0          0          0         80   defsig_rtmem_outer.o
        52         38          0          0          0         76   defsig_rtred_inner.o
        14          0          0          0          0         80   defsig_rtred_outer.o
        18          0          0          0          0         80   exit.o
        76          0          0          0          0         88   fclose.o
         8          0          0          0          0         68   ferror.o
       100          4          0          0          0        120   fflush.o
       240          6          0          0          0        128   fopen.o
        20          0          0          0          0         84   fprintf.o
       248          6          0          0          0         84   fseek.o
        66          0          0          0          0         76   ftell.o
        94          0          0          0          0         80   h1_alloc.o
        52          0          0          0          0         68   h1_extend.o
        78          0          0          0          0         80   h1_free.o
        14          0          0          0          0         84   h1_init.o
         6          0          0          0          0        152   heapauxi.o
         4          0          0          0          0        136   hguard.o
         0          0          0          0          0          0   indicate_semi.o
        36          8          0          0          0         80   init_aeabi.o
       138          0          0          0          0        168   init_alloc.o
       312         46          0          0          0        112   initio.o
        44         10        272          0          0         76   lc_ctype_c.o
        44         10         28          0          0         76   lc_numeric_c.o
        44         10        384          0          0         76   lc_time_c.o
         2          0          0          0          0          0   libinit.o
        60          0          0          0          0          0   libinit2.o
         2          0          0          0          0          0   libshutdown.o
        12          0          0          0          0          0   libshutdown2.o
         8          4          0          0         96         68   libspace.o
       138          0          0          0          0         80   lludiv10.o
        12          6          0          0         44         68   localtime.o
       184          6          0          0          0         80   localtime_internal.o
         0          0          0          0          0          0   maybetermalloc1.o
        24          4          0          0          0         84   printf.o
         4          0          0          0          0         68   putc.o
        16          4          0          0          0         76   rt_ctype_table.o
         8          4          0          0          0         68   rt_ddtor_pointer_addr_intlibspace.o
         8          4          0          0          0         68   rt_errno_addr_intlibspace.o
         8          4          0          0          0         68   rt_heap_descriptor_intlibspace.o
         8          4          0          0          0         68   rt_locale_intlibspace.o
        68          0          0          0          0         68   rt_memclr.o
        78          0          0          0          0         80   rt_memclr_w.o
       138          0          0          0          0         68   rt_memcpy_v6.o
       100          0          0          0          0         80   rt_memcpy_w.o
         2          0          0          0          0          0   rtexit.o
        10          0          0          0          0          0   rtexit2.o
        70          0          0          0          0         80   setvbuf.o
        44          6          0          0          0         84   sprintf.o
       240          6          0          0          0        156   stdio.o
         0          0          0         12        252          0   stdio_streams.o
       124          0          0          0          0         88   strcmpv7em.o
        72          0          0          0          0         80   strcpy.o
       864        122          0          0          0        184   strftime.o
        62          0          0          0          0         76   strlen.o
        36          0          0          0          0         80   strstr.o
        12          4          0          0          0         68   sys_exit.o
       102          0          0          0          0        240   sys_io.o
         0          0         12          0          0          0   sys_io_names.o
        74          0          0          0          0         80   sys_stackheap_outer.o
        18          0          0          0          0         76   sys_time.o
        14          0          0          0          0         76   sys_wrch.o
         2          0          0          0          0         68   use_no_semi.o
        10          0          0          0          0         68   vfprintf.o
        26          0          0          0          0        116   fpinit.o
         4          0          0          0          0        116   printf1.o
         4          0          0          0          0        116   printf2.o
         0          0          0          0          0          0   usenofp.o
        48          0          0          0          0        124   fpclassify.o

    ----------------------------------------------------------------------
     10906        602        960         12        392       8556   Library Totals
        24          0          1          0          0          0   (incl. Padding)

    ----------------------------------------------------------------------

      Code (inc. data)   RO Data    RW Data    ZI Data      Debug   Library Name

     10800        602        959         12        392       8084   c_w.l
        34          0          0          0          0        348   fz_wm.l
        48          0          0          0          0        124   m_wm.l

    ----------------------------------------------------------------------
     10906        602        960         12        392       8556   Library Totals

    ----------------------------------------------------------------------

==============================================================================


      Code (inc. data)   RO Data    RW Data    ZI Data      Debug   

     25792        646       2956        376      33000     216202   Grand Totals
     25792        646       2956         72      33000     216202   ELF Image Totals (compressed)
     25792        646       2956         72          0          0   ROM Totals

==============================================================================

    Total RO  Size (Code + RO Data)                28748 (  28.07kB)
    Total RW  Size (RW Data + ZI Data)             33376 (  32.59kB)
    Total ROM Size (Code + RO Data + RW Data)      28820 (  28.14kB)

==============================================================================

