Component: ARM Compiler 6.16 Tool: armlink [5dfeaa00]

==============================================================================

Image Symbol Table

    Local Symbols

    Symbol Name                              Value     Ov Type        Size  Object(Section)

    ../clib/angel/boardlib.s                 0x00000000   Number         0  boardinit1.o ABSOLUTE
    ../clib/angel/boardlib.s                 0x00000000   Number         0  boardinit2.o ABSOLUTE
    ../clib/angel/boardlib.s                 0x00000000   Number         0  boardinit3.o ABSOLUTE
    ../clib/angel/boardlib.s                 0x00000000   Number         0  boardshut.o ABSOLUTE
    ../clib/angel/dczerorl.s                 0x00000000   Number         0  __dczerorl.o ABSOLUTE
    ../clib/angel/handlers.s                 0x00000000   Number         0  __scatter_zi.o ABSOLUTE
    ../clib/angel/kernel.s                   0x00000000   Number         0  __rtentry.o ABSOLUTE
    ../clib/angel/kernel.s                   0x00000000   Number         0  __rtentry2.o ABSOLUTE
    ../clib/angel/kernel.s                   0x00000000   Number         0  __rtentry4.o ABSOLUTE
    ../clib/angel/kernel.s                   0x00000000   Number         0  rtexit.o ABSOLUTE
    ../clib/angel/kernel.s                   0x00000000   Number         0  rtexit2.o ABSOLUTE
    ../clib/angel/rt.s                       0x00000000   Number         0  rt_ctype_table.o ABSOLUTE
    ../clib/angel/rt.s                       0x00000000   Number         0  rt_locale.o ABSOLUTE
    ../clib/angel/rt.s                       0x00000000   Number         0  rt_locale_intlibspace.o ABSOLUTE
    ../clib/angel/rt.s                       0x00000000   Number         0  rt_ddtor_pointer_addr.o ABSOLUTE
    ../clib/angel/rt.s                       0x00000000   Number         0  rt_ddtor_pointer_addr_intlibspace.o ABSOLUTE
    ../clib/angel/rt.s                       0x00000000   Number         0  rt_raise.o ABSOLUTE
    ../clib/angel/rt.s                       0x00000000   Number         0  rt_heap_descriptor.o ABSOLUTE
    ../clib/angel/rt.s                       0x00000000   Number         0  rt_heap_descriptor_intlibspace.o ABSOLUTE
    ../clib/angel/rt.s                       0x00000000   Number         0  rt_errno_addr.o ABSOLUTE
    ../clib/angel/rt.s                       0x00000000   Number         0  rt_errno_addr_intlibspace.o ABSOLUTE
    ../clib/angel/scatter.s                  0x00000000   Number         0  __scatter.o ABSOLUTE
    ../clib/angel/startup.s                  0x00000000   Number         0  __main.o ABSOLUTE
    ../clib/angel/sys.s                      0x00000000   Number         0  use_no_semi.o ABSOLUTE
    ../clib/angel/sys.s                      0x00000000   Number         0  indicate_semi.o ABSOLUTE
    ../clib/angel/sys.s                      0x00000000   Number         0  libspace.o ABSOLUTE
    ../clib/angel/sys.s                      0x00000000   Number         0  mutex_dummy.o ABSOLUTE
    ../clib/angel/sys.s                      0x00000000   Number         0  sys_stackheap_outer.o ABSOLUTE
    ../clib/angel/sysapp.c                   0x00000000   Number         0  sys_time.o ABSOLUTE
    ../clib/angel/sysapp.c                   0x00000000   Number         0  sys_time_hlt.o ABSOLUTE
    ../clib/angel/sysapp.c                   0x00000000   Number         0  sys_io.o ABSOLUTE
    ../clib/angel/sysapp.c                   0x00000000   Number         0  sys_io_names.o ABSOLUTE
    ../clib/angel/sysapp.c                   0x00000000   Number         0  sys_io_hlt.o ABSOLUTE
    ../clib/angel/sysapp.c                   0x00000000   Number         0  sys_command.o ABSOLUTE
    ../clib/angel/sysapp.c                   0x00000000   Number         0  sys_exit.o ABSOLUTE
    ../clib/angel/sysapp.c                   0x00000000   Number         0  sys_command_hlt.o ABSOLUTE
    ../clib/angel/sysapp.c                   0x00000000   Number         0  sys_exit_hlt.o ABSOLUTE
    ../clib/angel/sysapp.c                   0x00000000   Number         0  sys_wrch.o ABSOLUTE
    ../clib/angel/sysapp.c                   0x00000000   Number         0  sys_wrch_hlt.o ABSOLUTE
    ../clib/arm_runtime.c                    0x00000000   Number         0  init_aeabi.o ABSOLUTE
    ../clib/arm_runtime.c                    0x00000000   Number         0  init_aeabi.o ABSOLUTE
    ../clib/armsys.c                         0x00000000   Number         0  argv_veneer.o ABSOLUTE
    ../clib/armsys.c                         0x00000000   Number         0  argv_veneer.o ABSOLUTE
    ../clib/armsys.c                         0x00000000   Number         0  _get_argv.o ABSOLUTE
    ../clib/armsys.c                         0x00000000   Number         0  _get_argv_nomalloc.o ABSOLUTE
    ../clib/armsys.c                         0x00000000   Number         0  no_argv.o ABSOLUTE
    ../clib/bigflt.c                         0x00000000   Number         0  bigflt0.o ABSOLUTE
[...]
    _memcpy_lastbytes                        0x08000547   Thumb Code     0  rt_memcpy_v6.o(.text)
    strcmp                                   0x08000571   Thumb Code   124  strcmpv7em.o(.text)
    localtime                                0x080005ed   Thumb Code     6  localtime.o(.text)
    strftime                                 0x08000639   Thumb Code   634  strftime.o(.text)
    __use_two_region_memory                  0x08000959   Thumb Code     2  heapauxi.o(.text)
    __rt_heap_escrow                         0x0800095b   Thumb Code     2  heapauxi.o(.text)
    __rt_heap_expand                         0x0800095d   Thumb Code     2  heapauxi.o(.text)
    __cpp_initialize__aeabi_                 0x08000961   Thumb Code    28  init_aeabi.o(.text)
    __I$use$semihosting                      0x08000985   Thumb Code     0  use_no_semi.o(.text)
    __use_no_semihosting_swi                 0x08000985   Thumb Code     2  use_no_semi.o(.text)
    __semihosting_library_function           0x08000987   Thumb Code     0  indicate_semi.o(.text)
    __rt_locale                              0x08000989   Thumb Code     8  rt_locale_intlibspace.o(.text)
    sprintf                                  0x08000991   Thumb Code    38  sprintf.o(.text)
    _printf_pre_padding                      0x080009bd   Thumb Code    44  _printf_pad.o(.text)
    _printf_post_padding                     0x080009e9   Thumb Code    34  _printf_pad.o(.text)
    _printf_truncate_signed                  0x08000a0b   Thumb Code    18  _printf_truncate.o(.text)
    _printf_truncate_unsigned                0x08000a1d   Thumb Code    18  _printf_truncate.o(.text)
    _printf_str                              0x08000a2f   Thumb Code    82  _printf_str.o(.text)
    _printf_int_dec                          0x08000a81   Thumb Code   104  _printf_dec.o(.text)
    _printf_charcount                        0x08000af9   Thumb Code    40  _printf_charcount.o(.text)
    _printf_char_file                        0x08000b21   Thumb Code    32  _printf_char_file.o(.text)
    _printf_wctomb                           0x08000b45   Thumb Code   182  _printf_wctomb.o(.text)
    _printf_longlong_dec                     0x08000c01   Thumb Code   108  _printf_longlong_dec.o(.text)
    _printf_longlong_oct                     0x08000c7d   Thumb Code    68  _printf_oct_int_ll.o(.text)
    _printf_int_oct                          0x08000cc1   Thumb Code    24  _printf_oct_int_ll.o(.text)
    _printf_ll_oct                           0x08000cd9   Thumb Code    12  _printf_oct_int_ll.o(.text)
    _printf_longlong_hex                     0x08000ced   Thumb Code    86  _printf_hex_int_ll_ptr.o(.text)
    _printf_int_hex                          0x08000d43   Thumb Code    28  _printf_hex_int_ll_ptr.o(.text)
    _printf_ll_hex                           0x08000d5f   Thumb Code    12  _printf_hex_int_ll_ptr.o(.text)
    _printf_hex_ptr                          0x08000d6b   Thumb Code    18  _printf_hex_int_ll_ptr.o(.text)
    __printf                                 0x08000d81   Thumb Code   388  __printf_flags_ss_wp.o(.text)
    _fseek                                   0x08000f09   Thumb Code   242  fseek.o(.text)
    fseek                                    0x08000f09   Thumb Code     0  fseek.o(.text)
    _seterr                                  0x08001001   Thumb Code    20  stdio.o(.text)
    _writebuf                                0x08001015   Thumb Code    84  stdio.o(.text)
    _fflush                                  0x08001069   Thumb Code    70  stdio.o(.text)
    _deferredlazyseek                        0x080010af   Thumb Code    60  stdio.o(.text)
    _initio                                  0x080010f1   Thumb Code   210  initio.o(.text)
    _terminateio                             0x080011c3   Thumb Code    56  initio.o(.text)
    __aeabi_atexit                           0x08001229   Thumb Code    46  aeabi_atexit.o(.text)
    __aeabi_memcpy4                          0x08001257   Thumb Code     0  rt_memcpy_w.o(.text)
    __aeabi_memcpy8                          0x08001257   Thumb Code     0  rt_memcpy_w.o(.text)
    __rt_memcpy_w                            0x08001257   Thumb Code   100  rt_memcpy_w.o(.text)
    _memcpy_lastbytes_aligned                0x0800129f   Thumb Code     0  rt_memcpy_w.o(.text)
    _localtime_r                             0x080012bd   Thumb Code   178  localtime_internal.o(.text)
    _n$localtime_r                           0x080012bd   Thumb Code     0  localtime_internal.o(.text)
    _sys_open                                0x08001375   Thumb Code    20  sys_io.o(.text)
    _sys_close                               0x08001389   Thumb Code    12  sys_io.o(.text)
    _sys_write                               0x08001395   Thumb Code    16  sys_io.o(.text)
    _sys_read                                0x080013a5   Thumb Code    14  sys_io.o(.text)
    _sys_istty                               0x080013b3   Thumb Code    12  sys_io.o(.text)
    _sys_seek                                0x080013bf   Thumb Code    14  sys_io.o(.text)
    _sys_ensure                              0x080013cd   Thumb Code     2  sys_io.o(.text)
    _sys_flen                                0x080013cf   Thumb Code    12  sys_io.o(.text)
    __user_libspace                          0x080013dd   Thumb Code     8  libspace.o(.text)
    __user_perproc_libspace                  0x080013dd   Thumb Code     0  libspace.o(.text)
    __user_perthread_libspace                0x080013dd   Thumb Code     0  libspace.o(.text)
    __rt_ddtor_pointer_addr                  0x080013e5   Thumb Code     8  rt_ddtor_pointer_addr_intlibspace.o(.text)
    malloc                                   0x080013ed   Thumb Code    94  h1_alloc.o(.text)
    free                                     0x0800144b   Thumb Code    78  h1_free.o(.text)
    _ll_udiv10                               0x08001499   Thumb Code   138  lludiv10.o(.text)
    _printf_int_common                       0x08001523   Thumb Code   178  _printf_intcommon.o(.text)
    _printf_fp_dec_real                      0x08001785   Thumb Code   620  _printf_fp_dec.o(.text)
    _printf_fp_hex_real                      0x080019f1   Thumb Code   756  _printf_fp_hex.o(.text)
    _printf_char_common                      0x08001cf7   Thumb Code    32  _printf_char_common.o(.text)
    _sputc                                   0x08001d1d   Thumb Code    10  _sputc.o(.text)
    _printf_cs_common                        0x08001d27   Thumb Code    20  _printf_char.o(.text)
    _printf_char                             0x08001d3b   Thumb Code    16  _printf_char.o(.text)
    _printf_string                           0x08001d4b   Thumb Code     8  _printf_char.o(.text)
    _printf_lcs_common                       0x08001d53   Thumb Code    20  _printf_wchar.o(.text)
    _printf_wchar                            0x08001d67   Thumb Code    16  _printf_wchar.o(.text)
    _printf_wstring                          0x08001d77   Thumb Code     8  _printf_wchar.o(.text)
    ferror                                   0x08001d7f   Thumb Code     8  ferror.o(.text)
    _ftell_internal                          0x08001d87   Thumb Code    66  ftell.o(.text)
    ftell                                    0x08001d87   Thumb Code     0  ftell.o(.text)
    setvbuf                                  0x08001dc9   Thumb Code    70  setvbuf.o(.text)
    freopen                                  0x08001e11   Thumb Code   160  fopen.o(.text)
    fopen                                    0x08001eb1   Thumb Code    74  fopen.o(.text)
    _fclose_internal                         0x08001f01   Thumb Code    76  fclose.o(.text)
    fclose                                   0x08001f01   Thumb Code     0  fclose.o(.text)
    _c16rtomb                                0x08001f4d   Thumb Code    72  _c16rtomb.o(.text)
    _wcrtomb                                 0x08001f4d   Thumb Code     0  _c16rtomb.o(.text)
    __cxa_finalize                           0x08001f95   Thumb Code    66  cxa_finalize.o(.text)
    __rt_SIGRTRED                            0x08001fd7   Thumb Code    14  defsig_rtred_outer.o(.text)
    __aeabi_memclr4                          0x08001fe5   Thumb Code     0  rt_memclr_w.o(.text)
    __aeabi_memclr8                          0x08001fe5   Thumb Code     0  rt_memclr_w.o(.text)
    __rt_memclr_w                            0x08001fe5   Thumb Code     0  rt_memclr_w.o(.text)
    _memset_w                                0x08001fe9   Thumb Code    74  rt_memclr_w.o(.text)
    __user_setup_stackheap                   0x08002033   Thumb Code    74  sys_stackheap_outer.o(.text)
    __rt_heap_descriptor                     0x0800207d   Thumb Code     8  rt_heap_descriptor_intlibspace.o(.text)
    __aeabi_errno_addr                       0x08002085   Thumb Code     8  rt_errno_addr_intlibspace.o(.text)
    __errno$intlibspace                      0x08002085   Thumb Code     0  rt_errno_addr_intlibspace.o(.text)
    __rt_errno_addr$intlibspace              0x08002085   Thumb Code     0  rt_errno_addr_intlibspace.o(.text)
    __use_no_heap                            0x0800208d   Thumb Code     2  hguard.o(.text)
    __heap$guard                             0x0800208f   Thumb Code     2  hguard.o(.text)
    _terminate_user_alloc                    0x08002091   Thumb Code     2  init_alloc.o(.text)
    _init_user_alloc                         0x08002093   Thumb Code     2  init_alloc.o(.text)
    __Heap_Full                              0x08002095   Thumb Code    34  init_alloc.o(.text)
    __Heap_Broken                            0x080020b7   Thumb Code     6  init_alloc.o(.text)
    _init_alloc                              0x080020bd   Thumb Code    94  init_alloc.o(.text)
    __Heap_Initialize                        0x0800211b   Thumb Code    10  h1_init.o(.text)
    __Heap_DescSize                          0x08002125   Thumb Code     4  h1_init.o(.text)
    _printf_fp_infnan                        0x08002129   Thumb Code   112  _printf_fp_infnan.o(.text)
    _btod_etento                             0x080021a9   Thumb Code   224  bigflt0.o(.text)
    exit                                     0x0800228d   Thumb Code    18  exit.o(.text)
    __sig_exit                               0x0800229f   Thumb Code    10  defsig_exit.o(.text)
    __rt_SIGRTRED_inner                      0x080022a9   Thumb Code    14  defsig_rtred_inner.o(.text)
    _sys_exit                                0x080022dd   Thumb Code     8  sys_exit.o(.text)
    __Heap_ProvideMemory                     0x080022e9   Thumb Code    52  h1_extend.o(.text)
    _maybe_terminate_alloc                   0x080022e9   Thumb Code     0  maybetermalloc1.o(.text)
    __default_signal_display                 0x0800231d   Thumb Code    50  defsig_general.o(.text)
    __rt_SIGRTMEM                            0x0800234f   Thumb Code    14  defsig_rtmem_outer.o(.text)
    _ttywrch                                 0x0800235d   Thumb Code    14  sys_wrch.o(.text)
    __rt_SIGRTMEM_inner                      0x0800236d   Thumb Code    22  defsig_rtmem_inner.o(.text)
    BusFault_Handler                         0x080023bd   Thumb Code     4  n32g4fr_it.o(.text.BusFault_Handler)
    DebugMon_Handler                         0x080023c1   Thumb Code     2  n32g4fr_it.o(.text.DebugMon_Handler)
    GPIO_InitPeripheral                      0x080023c5   Thumb Code   390  n32g4fr_gpio.o(.text.GPIO_InitPeripheral)
    HardFaultHandler                         0x0800254d   Thumb Code   276  segger_hardfaulthandler.o(.text.HardFaultHandler)
    MemManage_Handler                        0x08002661   Thumb Code     4  n32g4fr_it.o(.text.MemManage_Handler)
    NMI_Handler                              0x08002665   Thumb Code     2  n32g4fr_it.o(.text.NMI_Handler)
    NVIC_Init                                0x08002669   Thumb Code   170  misc.o(.text.NVIC_Init)
    NVIC_PriorityGroupConfig                 0x08002715   Thumb Code    28  misc.o(.text.NVIC_PriorityGroupConfig)
    RCC_ConfigPclk1                          0x08002731   Thumb Code    44  n32g4fr_rcc.o(.text.RCC_ConfigPclk1)
    RCC_ConfigPclk2                          0x0800275d   Thumb Code    46  n32g4fr_rcc.o(.text.RCC_ConfigPclk2)
    RCC_EnableAPB1PeriphClk                  0x0800278d   Thumb Code    56  n32g4fr_rcc.o(.text.RCC_EnableAPB1PeriphClk)
    RCC_EnableAPB2PeriphClk                  0x080027c5   Thumb Code    56  n32g4fr_rcc.o(.text.RCC_EnableAPB2PeriphClk)
    RCC_GetClocksFreqValue                   0x080027fd   Thumb Code   452  n32g4fr_rcc.o(.text.RCC_GetClocksFreqValue)
    SEGGER_RTT_ConfigUpBuffer                0x080029c1   Thumb Code   160  segger_rtt.o(.text.SEGGER_RTT_ConfigUpBuffer)
    SEGGER_RTT_Init                          0x08002a61   Thumb Code     8  segger_rtt.o(.text.SEGGER_RTT_Init)
    SEGGER_RTT_Write                         0x08002a69   Thumb Code    76  segger_rtt.o(.text.SEGGER_RTT_Write)
    SEGGER_RTT_WriteNoLock                   0x08002ab5   Thumb Code   176  segger_rtt.o(.text.SEGGER_RTT_WriteNoLock)
    SEGGER_RTT_printf                        0x08002b65   Thumb Code    42  segger_rtt_printf.o(.text.SEGGER_RTT_printf)
    SEGGER_RTT_vprintf                       0x08002b91   Thumb Code   828  segger_rtt_printf.o(.text.SEGGER_RTT_vprintf)
    SPI2_IRQHandler                          0x08002ecd   Thumb Code    94  n32g4fr_it.o(.text.SPI2_IRQHandler)
    SPI_Enable                               0x08002f2d   Thumb Code    44  n32g4fr_spi.o(.text.SPI_Enable)
    SPI_I2S_GetIntStatus                     0x08002f59   Thumb Code   126  n32g4fr_spi.o(.text.SPI_I2S_GetIntStatus)
    SPI_I2S_GetStatus                        0x08002fd9   Thumb Code    54  n32g4fr_spi.o(.text.SPI_I2S_GetStatus)
    SPI_I2S_ReceiveData                      0x08003011   Thumb Code    12  n32g4fr_spi.o(.text.SPI_I2S_ReceiveData)
    SPI_I2S_TransmitData                     0x0800301d   Thumb Code    20  n32g4fr_spi.o(.text.SPI_I2S_TransmitData)
    SPI_Init                                 0x08003031   Thumb Code   104  n32g4fr_spi.o(.text.SPI_Init)
    SPI_SSOutputEnable                       0x08003099   Thumb Code    44  n32g4fr_spi.o(.text.SPI_SSOutputEnable)
    SVC_Handler                              0x080030c5   Thumb Code     2  n32g4fr_it.o(.text.SVC_Handler)
    SysTick_Handler                          0x08003189   Thumb Code    32  n32g4fr_it.o(.text.SysTick_Handler)
    SystemInit                               0x080031a9   Thumb Code   204  system_n32g4fr.o(.text.SystemInit)
    TIM1_CC_IRQHandler                       0x08003275   Thumb Code     2  n32g4fr_it.o(.text.TIM1_CC_IRQHandler)
    USART3_IRQHandler                        0x08003279   Thumb Code   124  n32g4fr_it.o(.text.USART3_IRQHandler)
    USART_ConfigInt                          0x080032f5   Thumb Code   146  n32g4fr_usart.o(.text.USART_ConfigInt)
    USART_Enable                             0x08003389   Thumb Code    44  n32g4fr_usart.o(.text.USART_Enable)
    USART_GetFlagStatus                      0x080033b5   Thumb Code    68  n32g4fr_usart.o(.text.USART_GetFlagStatus)
    USART_GetIntStatus                       0x080033f9   Thumb Code   176  n32g4fr_usart.o(.text.USART_GetIntStatus)
    USART_Init                               0x080034a9   Thumb Code   292  n32g4fr_usart.o(.text.USART_Init)
    USART_ReceiveData                        0x080035cd   Thumb Code    16  n32g4fr_usart.o(.text.USART_ReceiveData)
    USART_SendData                           0x080035dd   Thumb Code    24  n32g4fr_usart.o(.text.USART_SendData)
    UsageFault_Handler                       0x080035f5   Thumb Code     4  n32g4fr_it.o(.text.UsageFault_Handler)
    shell_mode_cmd(char, char*)              0x08003c51   Thumb Code   204  nr_micro_shell_commands.o(.text._Z14shell_mode_cmdcPc)
    shell_quit_cmd(char, char*)              0x08003d1d   Thumb Code    58  nr_micro_shell_commands.o(.text._Z14shell_quit_cmdcPc)
    shell_stop_cmd(char, char*)              0x08003d59   Thumb Code    40  nr_micro_shell_commands.o(.text._Z14shell_stop_cmdcPc)
    shell_start_cmd(char, char*)             0x08003d81   Thumb Code    40  nr_micro_shell_commands.o(.text._Z15shell_start_cmdcPc)
    shell_hexdump_cmd(char, char*)           0x08003da9   Thumb Code   120  nr_micro_shell_commands.o(.text._Z17shell_hexdump_cmdcPc)
    loop()                                   0x08003e21   Thumb Code    16  main.o(.text._Z4loopv)
    setup()                                  0x08003e31   Thumb Code     8  main.o(.text._Z5setupv)
    Do::low()                                0x08003ef9   Thumb Code    16  do.o(.text._ZN2Do3lowEv)
    Do::high()                               0x08003f09   Thumb Code    16  do.o(.text._ZN2Do4highEv)
    Do::toggle()                             0x08003f19   Thumb Code    20  do.o(.text._ZN2Do6toggleEv)
    Do::init_pin(GPIO_Module*, unsigned short) 0x08003f2d   Thumb Code   270  do.o(.text._ZN2Do8init_pinEP11GPIO_Modulet)
    Do::Do()                                 0x0800403d   Thumb Code    10  do.o(.text._ZN2DoC2Ev)
    Do::Do__sub_object()                     0x0800403d   Thumb Code    10  do.o(.text._ZN2DoC2Ev)
    Do::~Do()                                0x08004049   Thumb Code    10  do.o(.text._ZN2DoD2Ev)
    Do::~Do__sub_object()                    0x08004049   Thumb Code    10  do.o(.text._ZN2DoD2Ev)
    App::idle_process()                      0x08004055   Thumb Code   218  app.o(.text._ZN3App12idle_processEv)
    App::uart_process()                      0x08004131   Thumb Code    14  app.o(.text._ZN3App12uart_processEv)
    App::error_process()                     0x08004141   Thumb Code    40  app.o(.text._ZN3App13error_processEv)
    App::sent_sample_data()                  0x08004169   Thumb Code    18  app.o(.text._ZN3App16sent_sample_dataEv)
    App::run()                               0x0800417d   Thumb Code    74  app.o(.text._ZN3App3runEv)
    App::Write_Reg(unsigned char, unsigned int) 0x080041c9   Thumb Code   148  app.o(.text._ZN3App9Write_RegEhj)
    App::App()                               0x0800425d   Thumb Code    16  app.o(.text._ZN3AppC2Ev)
    App::App__sub_object()                   0x0800425d   Thumb Code    16  app.o(.text._ZN3AppC2Ev)
    App::~App()                              0x0800426d   Thumb Code    10  app.o(.text._ZN3AppD2Ev)
    App::~App__sub_object()                  0x0800426d   Thumb Code    10  app.o(.text._ZN3AppD2Ev)
    Clk::print_clock()                       0x08004279   Thumb Code    96  clk.o(.text._ZN3Clk11print_clockEv)
    Clk::Clk()                               0x080042d9   Thumb Code   118  clk.o(.text._ZN3ClkC2Ev)
    Clk::Clk__sub_object()                   0x080042d9   Thumb Code   118  clk.o(.text._ZN3ClkC2Ev)
    Clk::~Clk()                              0x08004351   Thumb Code    10  clk.o(.text._ZN3ClkD2Ev)
    Clk::~Clk__sub_object()                  0x08004351   Thumb Code    10  clk.o(.text._ZN3ClkD2Ev)
    Rtt::init()                              0x0800435d   Thumb Code   126  rtt.o(.text._ZN3Rtt4initEv)
    Rtt::Rtt()                               0x080043dd   Thumb Code    20  rtt.o(.text._ZN3RttC2Ev)
    Rtt::Rtt__sub_object()                   0x080043dd   Thumb Code    20  rtt.o(.text._ZN3RttC2Ev)
    Rtt::~Rtt()                              0x080043f1   Thumb Code    10  rtt.o(.text._ZN3RttD2Ev)
    Rtt::~Rtt__sub_object()                  0x080043f1   Thumb Code    10  rtt.o(.text._ZN3RttD2Ev)
    Spi::write8(unsigned char)               0x080043fd   Thumb Code    52  spi.o(.text._ZN3Spi6write8Eh)
    Spi::init_int()                          0x08004431   Thumb Code    46  spi.o(.text._ZN3Spi8init_intEv)
    Spi::init_pin()                          0x08004461   Thumb Code    66  spi.o(.text._ZN3Spi8init_pinEv)
    Spi::init_spi()                          0x080044a5   Thumb Code    90  spi.o(.text._ZN3Spi8init_spiEv)
    Spi::Spi()                               0x08004501   Thumb Code    32  spi.o(.text._ZN3SpiC2Ev)
    Spi::Spi__sub_object()                   0x08004501   Thumb Code    32  spi.o(.text._ZN3SpiC2Ev)
    Spi::~Spi()                              0x08004521   Thumb Code    10  spi.o(.text._ZN3SpiD2Ev)
    Spi::~Spi__sub_object()                  0x08004521   Thumb Code    10  spi.o(.text._ZN3SpiD2Ev)
    Uart::init(unsigned int)                 0x0800452d   Thumb Code    78  uart.o(.text._ZN4Uart4initEj)
    Uart::init_pin()                         0x0800457d   Thumb Code    78  uart.o(.text._ZN4Uart8init_pinEv)
    Uart::init_nvic()                        0x080045cd   Thumb Code    42  uart.o(.text._ZN4Uart9init_nvicEv)
    Uart::Uart()                             0x080045f9   Thumb Code    36  uart.o(.text._ZN4UartC2Ev)
    Uart::Uart__sub_object()                 0x080045f9   Thumb Code    36  uart.o(.text._ZN4UartC2Ev)
    Uart::~Uart()                            0x0800461d   Thumb Code    10  uart.o(.text._ZN4UartD2Ev)
    Uart::~Uart__sub_object()                0x0800461d   Thumb Code    10  uart.o(.text._ZN4UartD2Ev)
    Shell::init()                            0x08004629   Thumb Code    34  shell.o(.text._ZN5Shell4initEv)
    Shell::Shell()                           0x0800464d   Thumb Code    20  shell.o(.text._ZN5ShellC2Ev)
    Shell::Shell__sub_object()               0x0800464d   Thumb Code    20  shell.o(.text._ZN5ShellC2Ev)
    Shell::~Shell()                          0x08004661   Thumb Code    10  shell.o(.text._ZN5ShellD2Ev)
    Shell::~Shell__sub_object()              0x08004661   Thumb Code    10  shell.o(.text._ZN5ShellD2Ev)
    Systick::init()                          0x0800466d   Thumb Code    56  systick.o(.text._ZN7Systick4initEv)
    Systick::delay_ms(unsigned int)          0x080046a5   Thumb Code    40  systick.o(.text._ZN7Systick8delay_msEj)
    Systick::Systick()                       0x080046cd   Thumb Code    20  systick.o(.text._ZN7SystickC2Ev)
    Systick::Systick__sub_object()           0x080046cd   Thumb Code    20  systick.o(.text._ZN7SystickC2Ev)
    Systick::~Systick()                      0x080046e1   Thumb Code    10  systick.o(.text._ZN7SystickD2Ev)
    Systick::~Systick__sub_object()          0x080046e1   Thumb Code    10  systick.o(.text._ZN7SystickD2Ev)
    DWTDelay::init(unsigned int)             0x080046ed   Thumb Code    48  dwtdelay.o(.text._ZN8DWTDelay4initEj)
    DWTDelay::delay_ms(unsigned int)         0x0800471d   Thumb Code    26  dwtdelay.o(.text._ZN8DWTDelay8delay_msEj)
    DWTDelay::delay_us(unsigned int)         0x08004739   Thumb Code   134  dwtdelay.o(.text._ZN8DWTDelay8delay_usEj)
    DWTDelay::DWTDelay()                     0x080047c1   Thumb Code    30  dwtdelay.o(.text._ZN8DWTDelayC2Ev)
    DWTDelay::DWTDelay__sub_object()         0x080047c1   Thumb Code    30  dwtdelay.o(.text._ZN8DWTDelayC2Ev)
    DWTDelay::~DWTDelay()                    0x080047e1   Thumb Code    10  dwtdelay.o(.text._ZN8DWTDelayD2Ev)
    DWTDelay::~DWTDelay__sub_object()        0x080047e1   Thumb Code    10  dwtdelay.o(.text._ZN8DWTDelayD2Ev)
    Hardware::Hardware()                     0x080047ed   Thumb Code   126  hardware.o(.text._ZN8HardwareC2Ev)
    Hardware::Hardware__sub_object()         0x080047ed   Thumb Code   126  hardware.o(.text._ZN8HardwareC2Ev)
    Hardware::~Hardware()                    0x0800486d   Thumb Code    60  hardware.o(.text._ZN8HardwareD2Ev)
    Hardware::~Hardware__sub_object()        0x0800486d   Thumb Code    60  hardware.o(.text._ZN8HardwareD2Ev)
    _shell_init                              0x080049b1   Thumb Code   214  nr_micro_shell.o(.text._shell_init)
    ansi_clear_current_line                  0x08004a89   Thumb Code    30  ansi.o(.text.ansi_clear_current_line)
    ansi_get_char                            0x08004aa9   Thumb Code   372  ansi.o(.text.ansi_get_char)
    ansi_init                                0x08004c1d   Thumb Code    42  ansi.o(.text.ansi_init)
    ansi_search_char                         0x08004c49   Thumb Code    98  ansi.o(.text.ansi_search_char)
    ansi_show_str                            0x08004cad   Thumb Code    56  ansi_port.o(.text.ansi_show_str)
    fputc                                    0x08004ce5   Thumb Code    52  bsp.o(.text.fputc)
    hexdump                                  0x08004d19   Thumb Code   824  bsp.o(.text.hexdump)
    log_log                                  0x080050a5   Thumb Code   236  log.o(.text.log_log)
    log_set_level                            0x08005191   Thumb Code    20  log.o(.text.log_set_level)
    main                                     0x080051a5   Thumb Code    20  main.o(.text.main)
    memory_init                              0x080051b9   Thumb Code     2  bsp.o(.text.memory_init)
    nr_ansi_common_char_slover               0x080051bd   Thumb Code   212  ansi_port.o(.text.nr_ansi_common_char_slover)
    nr_ansi_ctrl_common_slover               0x08005291   Thumb Code    62  ansi_port.o(.text.nr_ansi_ctrl_common_slover)
    nr_ansi_in__                             0x080052d1   Thumb Code   108  ansi_port.o(.text.nr_ansi_in__)
    nr_ansi_in_backspace                     0x0800533d   Thumb Code   108  ansi_port.o(.text.nr_ansi_in_backspace)
    nr_ansi_in_down                          0x080053a9   Thumb Code   164  ansi_port.o(.text.nr_ansi_in_down)
    nr_ansi_in_enter                         0x0800544d   Thumb Code    60  ansi_port.o(.text.nr_ansi_in_enter)
    nr_ansi_in_left                          0x08005489   Thumb Code    44  ansi_port.o(.text.nr_ansi_in_left)
    nr_ansi_in_newline                       0x080054b5   Thumb Code    50  ansi_port.o(.text.nr_ansi_in_newline)
    nr_ansi_in_right                         0x080054e9   Thumb Code    48  ansi_port.o(.text.nr_ansi_in_right)
    nr_ansi_in_tab                           0x08005519   Thumb Code   254  ansi_port.o(.text.nr_ansi_in_tab)
    nr_ansi_in_up                            0x08005619   Thumb Code   168  ansi_port.o(.text.nr_ansi_in_up)
    shell_cmd_complete                       0x080057cd   Thumb Code   186  nr_micro_shell.o(.text.shell_cmd_complete)
    shell_his_copy_queue_item                0x08005889   Thumb Code   376  nr_micro_shell.o(.text.shell_his_copy_queue_item)
    shell_his_queue_add_cmd                  0x08005a01   Thumb Code   366  nr_micro_shell.o(.text.shell_his_queue_add_cmd)
    shell_his_queue_init                     0x08005b71   Thumb Code    34  nr_micro_shell.o(.text.shell_his_queue_init)
    shell_his_queue_search_cmd               0x08005b95   Thumb Code   380  nr_micro_shell.o(.text.shell_his_queue_search_cmd)
    shell_parser                             0x08005d11   Thumb Code   360  nr_micro_shell.o(.text.shell_parser)
    shell_search_cmd                         0x08005e79   Thumb Code    98  nr_micro_shell.o(.text.shell_search_cmd)
    _btod_d2e                                0x08005f7d   Thumb Code    62  btod.o(CL$$btod_d2e)
    _d2e_denorm_low                          0x08005fbb   Thumb Code    70  btod.o(CL$$btod_d2e_denorm_low)
    _d2e_norm_op1                            0x08006001   Thumb Code    96  btod.o(CL$$btod_d2e_norm_op1)
    __btod_div_common                        0x08006061   Thumb Code   696  btod.o(CL$$btod_div_common)
    _e2e                                     0x08006399   Thumb Code   220  btod.o(CL$$btod_e2e)
    _btod_ediv                               0x08006475   Thumb Code    42  btod.o(CL$$btod_ediv)
    _btod_emul                               0x0800649f   Thumb Code    42  btod.o(CL$$btod_emul)
    __btod_mult_common                       0x080064c9   Thumb Code   580  btod.o(CL$$btod_mult_common)
    HardFault_Handler                        0x0800670d   Thumb Code     0  hardfaulthandler.o(OSKERNEL)
    __ARM_fpclassify                         0x0800671f   Thumb Code    48  fpclassify.o(i.__ARM_fpclassify)
    _is_digit                                0x0800674f   Thumb Code    14  __printf_wp.o(i._is_digit)
    _get_lc_ctype                            0x0800675d   Thumb Code    44  lc_ctype_c.o(locale$$code)
    _get_lc_time                             0x08006789   Thumb Code    44  lc_time_c.o(locale$$code)
    _get_lc_numeric                          0x080067b5   Thumb Code    44  lc_numeric_c.o(locale$$code)
    _fp_init                                 0x080067e1   Thumb Code    26  fpinit.o(x$fpl$fpinit)
    __fplib_config_fpu_vfp                   0x080067f9   Thumb Code     0  fpinit.o(x$fpl$fpinit)
    __fplib_config_pureend_doubles           0x080067f9   Thumb Code     0  fpinit.o(x$fpl$fpinit)
    _printf_fp_dec                           0x080067fb   Thumb Code     4  printf1.o(x$fpl$printf1)
    _printf_fp_hex                           0x080067ff   Thumb Code     4  printf2.o(x$fpl$printf2)
    __I$use$fp                               0x08006802   Number         0  usenofp.o(x$fpl$usenofp)
    __stdin_name                             0x08006845   Data           4  sys_io_names.o(.constdata)
    __stdout_name                            0x08006849   Data           4  sys_io_names.o(.constdata)
    __stderr_name                            0x0800684d   Data           4  sys_io_names.o(.constdata)
    _monlen                                  0x08006877   Data          12  _monlen.o(.constdata)
    nr_ansi_in_cmd                           0x08006928   Data          21  ansi.o(.rodata.nr_ansi_in_cmd)
    nr_ansi_in_cmd_fun                       0x08006940   Data          80  ansi.o(.rodata.nr_ansi_in_cmd_fun)
    nr_ansi_in_special_symbol                0x08006990   Data           5  ansi.o(.rodata.nr_ansi_in_special_symbol)
    nr_ansi_in_special_symbol_fun            0x08006998   Data          16  ansi.o(.rodata.nr_ansi_in_special_symbol_fun)
    _nr_cmd_start_                           0x080069a8   Data          20  nr_micro_shell.o(.rodata.nr_shell_cmd0.end)
    _nr_cmd_end_                             0x080069bc   Data          20  nr_micro_shell.o(.rodata.nr_shell_cmd1.end)
    static_cmd                               0x08006a10   Data         120  nr_micro_shell_commands.o(.rodata.static_cmd)
    Region$$Table$$Base                      0x08006f20   Number         0  anon$$obj.o(Region$$Table)
    Region$$Table$$Limit                     0x08006f40   Number         0  anon$$obj.o(Region$$Table)
    __ctype                                  0x08006f4d   Data           0  lc_ctype_c.o(locale$$data)
    SHT$$INIT_ARRAY$$Base                    0x080071ec   Number         0  main.o(.init_array)
    SHT$$INIT_ARRAY$$Limit                   0x080071f0   Number         0  init_aeabi.o(.init_array)
    __aeabi_stdin                            0x20000000   Data           4  stdio_streams.o(.data)
    __aeabi_stdout                           0x20000004   Data           4  stdio_streams.o(.data)
    __aeabi_stderr                           0x20000008   Data           4  stdio_streams.o(.data)
    SystemCoreClock                          0x2000000c   Data           4  system_n32g4fr.o(.data.SystemCoreClock)
    nr_shell                                 0x20000028   Data         316  nr_micro_shell.o(.data.nr_shell)
    __stdin                                  0x20000168   Data          84  stdio_streams.o(.bss)
    __stdout                                 0x200001bc   Data          84  stdio_streams.o(.bss)
    __stderr                                 0x20000210   Data          84  stdio_streams.o(.bss)
    __libspace_start                         0x20000290   Data          96  libspace.o(.bss)
    __temporary_stack_top$libspace           0x200002f0   Data           0  libspace.o(.bss)
    SPI_MASTER_Buffer_Rx                     0x200004c4   Data          32  spi.o(.bss.SPI_MASTER_Buffer_Rx)
    _SEGGER_RTT                              0x200004e8   Data         168  segger_rtt.o(.bss._SEGGER_RTT)
    airflow_meter_b                          0x200009a0   Data          36  main.o(.bss.airflow_meter_b)
    app                                      0x200009c4   Data           2  main.o(.bss.app)
    delay                                    0x200009c8   Data           4  systick.o(.bss.delay)
    dwt                                      0x200009cc   Data           4  main.o(.bss.dwt)
    nr                                       0x200009d0   Data           1  main.o(.bss.nr)
    nr_ansi                                  0x200009d4   Data         132  ansi.o(.bss.nr_ansi)
    segger_cb                                0x20000a5c   Data       16384  main.o(.bss.segger_cb)
    tick                                     0x20004a5c   Data           1  main.o(.bss.tick)



==============================================================================

Memory Map of the image

  Image Entry point : 0x08000199

  Load Region LR_IROM1 (Base: 0x08000000, Size: 0x00007358, Max: 0x00080000, ABSOLUTE, COMPRESSED[0x00007230])

    Execution Region ER_IROM1 (Exec base: 0x08000000, Load base: 0x08000000, Size: 0x000071f0, Max: 0x00080000, ABSOLUTE)

    Exec Addr    Load Addr    Size         Type   Attr      Idx    E Section Name        Object

    0x08000000   0x08000000   0x00000198   Data   RO          406    RESET               startup_n32g4fr.o
    0x08000198   0x08000198   0x00000008   Code   RO         1931  * !!!main             c_w.l(__main.o)
    0x080001a0   0x080001a0   0x00000034   Code   RO         2447    !!!scatter          c_w.l(__scatter.o)
    0x080001d4   0x080001d4   0x0000003a   Code   RO         2445    !!dczerorl          c_w.l(__dczerorl.o)
    0x0800020e   0x0800020e   0x00000002   PAD
    0x08000210   0x08000210   0x0000001c   Code   RO         2449    !!handler_zi        c_w.l(__scatter_zi.o)
    0x0800022c   0x0800022c   0x00000000   Code   RO         2029    .ARM.Collect$$_printf_percent$$00000000  c_w.l(_printf_percent.o)
    0x0800022c   0x0800022c   0x00000006   Code   RO         2018    .ARM.Collect$$_printf_percent$$00000001  c_w.l(_printf_n.o)
    0x08000232   0x08000232   0x00000006   Code   RO         2020    .ARM.Collect$$_printf_percent$$00000002  c_w.l(_printf_p.o)
    0x08000238   0x08000238   0x00000006   Code   RO         2025    .ARM.Collect$$_printf_percent$$00000003  c_w.l(_printf_f.o)
    0x0800023e   0x0800023e   0x00000006   Code   RO         2026    .ARM.Collect$$_printf_percent$$00000004  c_w.l(_printf_e.o)
    0x08000244   0x08000244   0x00000006   Code   RO         2027    .ARM.Collect$$_printf_percent$$00000005  c_w.l(_printf_g.o)
    0x0800024a   0x0800024a   0x00000006   Code   RO         2028    .ARM.Collect$$_printf_percent$$00000006  c_w.l(_printf_a.o)
    0x08000250   0x08000250   0x0000000a   Code   RO         2033    .ARM.Collect$$_printf_percent$$00000007  c_w.l(_printf_ll.o)
    0x0800025a   0x0800025a   0x00000006   Code   RO         2022    .ARM.Collect$$_printf_percent$$00000008  c_w.l(_printf_i.o)
    0x08000260   0x08000260   0x00000006   Code   RO         2023    .ARM.Collect$$_printf_percent$$00000009  c_w.l(_printf_d.o)
    0x08000266   0x08000266   0x00000006   Code   RO         2024    .ARM.Collect$$_printf_percent$$0000000A  c_w.l(_printf_u.o)
    0x0800026c   0x0800026c   0x00000006   Code   RO         2021    .ARM.Collect$$_printf_percent$$0000000B  c_w.l(_printf_o.o)
    0x08000272   0x08000272   0x00000006   Code   RO         2019    .ARM.Collect$$_printf_percent$$0000000C  c_w.l(_printf_x.o)
    0x08000278   0x08000278   0x00000006   Code   RO         2030    .ARM.Collect$$_printf_percent$$0000000D  c_w.l(_printf_lli.o)
    0x0800027e   0x0800027e   0x00000006   Code   RO         2031    .ARM.Collect$$_printf_percent$$0000000E  c_w.l(_printf_lld.o)
    0x08000284   0x08000284   0x00000006   Code   RO         2032    .ARM.Collect$$_printf_percent$$0000000F  c_w.l(_printf_llu.o)
    0x0800028a   0x0800028a   0x00000006   Code   RO         2037    .ARM.Collect$$_printf_percent$$00000010  c_w.l(_printf_llo.o)
    0x08000290   0x08000290   0x00000006   Code   RO         2038    .ARM.Collect$$_printf_percent$$00000011  c_w.l(_printf_llx.o)
    0x08000296   0x08000296   0x0000000a   Code   RO         2034    .ARM.Collect$$_printf_percent$$00000012  c_w.l(_printf_l.o)
    0x080002a0   0x080002a0   0x00000006   Code   RO         2016    .ARM.Collect$$_printf_percent$$00000013  c_w.l(_printf_c.o)
    0x080002a6   0x080002a6   0x00000006   Code   RO         2017    .ARM.Collect$$_printf_percent$$00000014  c_w.l(_printf_s.o)
    0x080002ac   0x080002ac   0x00000006   Code   RO         2035    .ARM.Collect$$_printf_percent$$00000015  c_w.l(_printf_lc.o)
    0x080002b2   0x080002b2   0x00000006   Code   RO         2036    .ARM.Collect$$_printf_percent$$00000016  c_w.l(_printf_ls.o)
    0x080002b8   0x080002b8   0x00000004   Code   RO         2234    .ARM.Collect$$_printf_percent$$00000017  c_w.l(_printf_percent_end.o)
    0x080002bc   0x080002bc   0x00000002   Code   RO         2366    .ARM.Collect$$libinit$$00000000  c_w.l(libinit.o)
    0x080002be   0x080002be   0x00000004   Code   RO         2064    .ARM.Collect$$libinit$$00000001  c_w.l(libinit2.o)
    0x080002c2   0x080002c2   0x00000000   Code   RO         2067    .ARM.Collect$$libinit$$00000004  c_w.l(libinit2.o)
    0x080002c2   0x080002c2   0x00000008   Code   RO         2068    .ARM.Collect$$libinit$$00000005  c_w.l(libinit2.o)
    0x080002ca   0x080002ca   0x00000000   Code   RO         2070    .ARM.Collect$$libinit$$0000000A  c_w.l(libinit2.o)
    0x080002ca   0x080002ca   0x00000000   Code   RO         2072    .ARM.Collect$$libinit$$0000000C  c_w.l(libinit2.o)
    0x080002ca   0x080002ca   0x00000000   Code   RO         2074    .ARM.Collect$$libinit$$0000000E  c_w.l(libinit2.o)
    0x080002ca   0x080002ca   0x00000006   Code   RO         2075    .ARM.Collect$$libinit$$0000000F  c_w.l(libinit2.o)
    0x080002d0   0x080002d0   0x00000000   Code   RO         2077    .ARM.Collect$$libinit$$00000011  c_w.l(libinit2.o)
    0x080002d0   0x080002d0   0x0000000c   Code   RO         2078    .ARM.Collect$$libinit$$00000012  c_w.l(libinit2.o)
    0x080002dc   0x080002dc   0x00000000   Code   RO         2079    .ARM.Collect$$libinit$$00000013  c_w.l(libinit2.o)
    0x080002dc   0x080002dc   0x00000000   Code   RO         2081    .ARM.Collect$$libinit$$00000015  c_w.l(libinit2.o)
    0x080002dc   0x080002dc   0x0000000a   Code   RO         2082    .ARM.Collect$$libinit$$00000016  c_w.l(libinit2.o)
    0x080002e6   0x080002e6   0x00000000   Code   RO         2083    .ARM.Collect$$libinit$$00000017  c_w.l(libinit2.o)
    0x080002e6   0x080002e6   0x0000000a   Code   RO         2084    .ARM.Collect$$libinit$$00000018  c_w.l(libinit2.o)
    0x080002f0   0x080002f0   0x00000000   Code   RO         2085    .ARM.Collect$$libinit$$00000019  c_w.l(libinit2.o)
    0x080002f0   0x080002f0   0x00000000   Code   RO         2087    .ARM.Collect$$libinit$$0000001B  c_w.l(libinit2.o)
    0x080002f0   0x080002f0   0x00000000   Code   RO         2089    .ARM.Collect$$libinit$$0000001D  c_w.l(libinit2.o)
    0x080002f0   0x080002f0   0x00000000   Code   RO         2091    .ARM.Collect$$libinit$$0000001F  c_w.l(libinit2.o)
    0x080002f0   0x080002f0   0x00000000   Code   RO         2093    .ARM.Collect$$libinit$$00000021  c_w.l(libinit2.o)
    0x080002f0   0x080002f0   0x00000000   Code   RO         2095    .ARM.Collect$$libinit$$00000023  c_w.l(libinit2.o)
    0x080002f0   0x080002f0   0x00000004   Code   RO         2096    .ARM.Collect$$libinit$$00000024  c_w.l(libinit2.o)
    0x080002f4   0x080002f4   0x00000000   Code   RO         2097    .ARM.Collect$$libinit$$00000025  c_w.l(libinit2.o)
    0x080002f4   0x080002f4   0x00000000   Code   RO         2101    .ARM.Collect$$libinit$$0000002C  c_w.l(libinit2.o)
    0x080002f4   0x080002f4   0x00000000   Code   RO         2103    .ARM.Collect$$libinit$$0000002E  c_w.l(libinit2.o)
    0x080002f4   0x080002f4   0x00000000   Code   RO         2105    .ARM.Collect$$libinit$$00000030  c_w.l(libinit2.o)
    0x080002f4   0x080002f4   0x00000004   Code   RO         2106    .ARM.Collect$$libinit$$00000031  c_w.l(libinit2.o)
    0x080002f8   0x080002f8   0x00000000   Code   RO         2107    .ARM.Collect$$libinit$$00000032  c_w.l(libinit2.o)
    0x080002f8   0x080002f8   0x00000002   Code   RO         2108    .ARM.Collect$$libinit$$00000033  c_w.l(libinit2.o)
    0x080002fa   0x080002fa   0x00000002   Code   RO         2442    .ARM.Collect$$libshutdown$$00000000  c_w.l(libshutdown.o)
    0x080002fc   0x080002fc   0x00000006   Code   RO         2265    .ARM.Collect$$libshutdown$$00000001  c_w.l(libshutdown2.o)
    0x08000302   0x08000302   0x00000000   Code   RO         2266    .ARM.Collect$$libshutdown$$00000002  c_w.l(libshutdown2.o)
    0x08000302   0x08000302   0x00000004   Code   RO         2267    .ARM.Collect$$libshutdown$$00000003  c_w.l(libshutdown2.o)
    0x08000306   0x08000306   0x00000000   Code   RO         2268    .ARM.Collect$$libshutdown$$00000004  c_w.l(libshutdown2.o)
    0x08000306   0x08000306   0x00000000   Code   RO         2271    .ARM.Collect$$libshutdown$$00000007  c_w.l(libshutdown2.o)
    0x08000306   0x08000306   0x00000000   Code   RO         2274    .ARM.Collect$$libshutdown$$0000000A  c_w.l(libshutdown2.o)
    0x08000306   0x08000306   0x00000000   Code   RO         2276    .ARM.Collect$$libshutdown$$0000000C  c_w.l(libshutdown2.o)
    0x08000306   0x08000306   0x00000000   Code   RO         2279    .ARM.Collect$$libshutdown$$0000000F  c_w.l(libshutdown2.o)
    0x08000306   0x08000306   0x00000002   Code   RO         2280    .ARM.Collect$$libshutdown$$00000010  c_w.l(libshutdown2.o)
    0x08000308   0x08000308   0x00000000   Code   RO         1942    .ARM.Collect$$rtentry$$00000000  c_w.l(__rtentry.o)
    0x08000308   0x08000308   0x00000000   Code   RO         2134    .ARM.Collect$$rtentry$$00000002  c_w.l(__rtentry2.o)
    0x08000308   0x08000308   0x00000006   Code   RO         2146    .ARM.Collect$$rtentry$$00000004  c_w.l(__rtentry4.o)
    0x0800030e   0x0800030e   0x00000000   Code   RO         2136    .ARM.Collect$$rtentry$$00000009  c_w.l(__rtentry2.o)
    0x0800030e   0x0800030e   0x00000004   Code   RO         2137    .ARM.Collect$$rtentry$$0000000A  c_w.l(__rtentry2.o)
    0x08000312   0x08000312   0x00000000   Code   RO         2139    .ARM.Collect$$rtentry$$0000000C  c_w.l(__rtentry2.o)
    0x08000312   0x08000312   0x00000008   Code   RO         2140    .ARM.Collect$$rtentry$$0000000D  c_w.l(__rtentry2.o)
    0x0800031a   0x0800031a   0x00000002   Code   RO         2380    .ARM.Collect$$rtexit$$00000000  c_w.l(rtexit.o)
    0x0800031c   0x0800031c   0x00000000   Code   RO         2408    .ARM.Collect$$rtexit$$00000002  c_w.l(rtexit2.o)
    0x0800031c   0x0800031c   0x00000004   Code   RO         2409    .ARM.Collect$$rtexit$$00000003  c_w.l(rtexit2.o)
    0x08000320   0x08000320   0x00000006   Code   RO         2410    .ARM.Collect$$rtexit$$00000004  c_w.l(rtexit2.o)
    0x08000326   0x08000326   0x00000002   PAD
    0x08000328   0x08000328   0x00000040   Code   RO          407    .text               startup_n32g4fr.o
    0x08000368   0x08000368   0x00000012   Code   RO         1884    .text               c_w.l(sys_time.o)
    0x0800037a   0x0800037a   0x00000002   PAD
    0x0800037c   0x0800037c   0x00000010   Code   RO         1888    .text               c_w.l(rt_ctype_table.o)
    0x0800038c   0x0800038c   0x00000018   Code   RO         1890    .text               c_w.l(printf.o)
    0x080003a4   0x080003a4   0x00000014   Code   RO         1892    .text               c_w.l(fprintf.o)
    0x080003b8   0x080003b8   0x0000000a   Code   RO         1894    .text               c_w.l(vfprintf.o)
    0x080003c2   0x080003c2   0x00000002   PAD
    0x080003c4   0x080003c4   0x00000064   Code   RO         1896    .text               c_w.l(fflush.o)
    0x08000428   0x08000428   0x00000004   Code   RO         1898    .text               c_w.l(putc.o)
    0x0800042c   0x0800042c   0x0000000a   Code   RO         1911    .text               c_w.l(cxa_atexit.o)
    0x08000436   0x08000436   0x00000024   Code   RO         1914    .text               c_w.l(strstr.o)
    0x0800045a   0x0800045a   0x00000048   Code   RO         1916    .text               c_w.l(strcpy.o)
    0x080004a2   0x080004a2   0x0000003e   Code   RO         1918    .text               c_w.l(strlen.o)
    0x080004e0   0x080004e0   0x0000008a   Code   RO         1920    .text               c_w.l(rt_memcpy_v6.o)
    0x0800056a   0x0800056a   0x00000006   PAD
    0x08000570   0x08000570   0x0000007c   Code   RO         1922    .text               c_w.l(strcmpv7em.o)
    0x080005ec   0x080005ec   0x0000000c   Code   RO         1924    .text               c_w.l(localtime.o)
    0x080005f8   0x080005f8   0x00000360   Code   RO         1927    .text               c_w.l(strftime.o)
    0x08000958   0x08000958   0x00000006   Code   RO         1929    .text               c_w.l(heapauxi.o)
    0x0800095e   0x0800095e   0x00000002   PAD
    0x08000960   0x08000960   0x00000024   Code   RO         1936    .text               c_w.l(init_aeabi.o)
    0x08000984   0x08000984   0x00000002   Code   RO         1939    .text               c_w.l(use_no_semi.o)
    0x08000986   0x08000986   0x00000000   Code   RO         1941    .text               c_w.l(indicate_semi.o)
    0x08000986   0x08000986   0x00000002   PAD
    0x08000988   0x08000988   0x00000008   Code   RO         1946    .text               c_w.l(rt_locale_intlibspace.o)
    0x08000990   0x08000990   0x0000002c   Code   RO         1948    .text               c_w.l(sprintf.o)
    0x080009bc   0x080009bc   0x0000004e   Code   RO         1952    .text               c_w.l(_printf_pad.o)
    0x08000a0a   0x08000a0a   0x00000024   Code   RO         1954    .text               c_w.l(_printf_truncate.o)
    0x08000a2e   0x08000a2e   0x00000052   Code   RO         1956    .text               c_w.l(_printf_str.o)
    0x08000a80   0x08000a80   0x00000078   Code   RO         1958    .text               c_w.l(_printf_dec.o)
    0x08000af8   0x08000af8   0x00000028   Code   RO         1960    .text               c_w.l(_printf_charcount.o)
    0x08000b20   0x08000b20   0x00000024   Code   RO         1962    .text               c_w.l(_printf_char_file.o)
    0x08000b44   0x08000b44   0x000000bc   Code   RO         1964    .text               c_w.l(_printf_wctomb.o)
    0x08000c00   0x08000c00   0x0000007c   Code   RO         1967    .text               c_w.l(_printf_longlong_dec.o)
    0x08000c7c   0x08000c7c   0x00000070   Code   RO         1973    .text               c_w.l(_printf_oct_int_ll.o)
    0x08000cec   0x08000cec   0x00000094   Code   RO         1993    .text               c_w.l(_printf_hex_int_ll_ptr.o)
    0x08000d80   0x08000d80   0x00000188   Code   RO         2013    .text               c_w.l(__printf_flags_ss_wp.o)
    0x08000f08   0x08000f08   0x000000f8   Code   RO         2039    .text               c_w.l(fseek.o)
    0x08001000   0x08001000   0x000000f0   Code   RO         2041    .text               c_w.l(stdio.o)
    0x080010f0   0x080010f0   0x00000138   Code   RO         2044    .text               c_w.l(initio.o)
    0x08001228   0x08001228   0x0000002e   Code   RO         2057    .text               c_w.l(aeabi_atexit.o)
    0x08001256   0x08001256   0x00000064   Code   RO         2060    .text               c_w.l(rt_memcpy_w.o)
    0x080012ba   0x080012ba   0x00000002   PAD
    0x080012bc   0x080012bc   0x000000b8   Code   RO         2062    .text               c_w.l(localtime_internal.o)
    0x08001374   0x08001374   0x00000066   Code   RO         2121    .text               c_w.l(sys_io.o)
    0x080013da   0x080013da   0x00000002   PAD
    0x080013dc   0x080013dc   0x00000008   Code   RO         2128    .text               c_w.l(libspace.o)
    0x080013e4   0x080013e4   0x00000008   Code   RO         2151    .text               c_w.l(rt_ddtor_pointer_addr_intlibspace.o)
    0x080013ec   0x080013ec   0x0000005e   Code   RO         2157    .text               c_w.l(h1_alloc.o)
    0x0800144a   0x0800144a   0x0000004e   Code   RO         2159    .text               c_w.l(h1_free.o)
    0x08001498   0x08001498   0x0000008a   Code   RO         2215    .text               c_w.l(lludiv10.o)
    0x08001522   0x08001522   0x000000b2   Code   RO         2217    .text               c_w.l(_printf_intcommon.o)
    0x080015d4   0x080015d4   0x0000041c   Code   RO         2219    .text               c_w.l(_printf_fp_dec.o)
    0x080019f0   0x080019f0   0x000002fc   Code   RO         2223    .text               c_w.l(_printf_fp_hex.o)
    0x08001cec   0x08001cec   0x00000030   Code   RO         2226    .text               c_w.l(_printf_char_common.o)
    0x08001d1c   0x08001d1c   0x0000000a   Code   RO         2228    .text               c_w.l(_sputc.o)
    0x08001d26   0x08001d26   0x0000002c   Code   RO         2230    .text               c_w.l(_printf_char.o)
    0x08001d52   0x08001d52   0x0000002c   Code   RO         2232    .text               c_w.l(_printf_wchar.o)
    0x08001d7e   0x08001d7e   0x00000008   Code   RO         2235    .text               c_w.l(ferror.o)
    0x08001d86   0x08001d86   0x00000042   Code   RO         2237    .text               c_w.l(ftell.o)
    0x08001dc8   0x08001dc8   0x00000046   Code   RO         2239    .text               c_w.l(setvbuf.o)
    0x08001e0e   0x08001e0e   0x00000002   PAD
    0x08001e10   0x08001e10   0x000000f0   Code   RO         2241    .text               c_w.l(fopen.o)
    0x08001f00   0x08001f00   0x0000004c   Code   RO         2243    .text               c_w.l(fclose.o)
    0x08001f4c   0x08001f4c   0x00000048   Code   RO         2251    .text               c_w.l(_c16rtomb.o)
    0x08001f94   0x08001f94   0x00000042   Code   RO         2253    .text               c_w.l(cxa_finalize.o)
    0x08001fd6   0x08001fd6   0x0000000e   Code   RO         2256    .text               c_w.l(defsig_rtred_outer.o)
    0x08001fe4   0x08001fe4   0x0000004e   Code   RO         2260    .text               c_w.l(rt_memclr_w.o)
    0x08002032   0x08002032   0x0000004a   Code   RO         2283    .text               c_w.l(sys_stackheap_outer.o)
    0x0800207c   0x0800207c   0x00000008   Code   RO         2290    .text               c_w.l(rt_heap_descriptor_intlibspace.o)
    0x08002084   0x08002084   0x00000008   Code   RO         2295    .text               c_w.l(rt_errno_addr_intlibspace.o)
    0x0800208c   0x0800208c   0x00000004   Code   RO         2297    .text               c_w.l(hguard.o)
    0x08002090   0x08002090   0x0000008a   Code   RO         2299    .text               c_w.l(init_alloc.o)
    0x0800211a   0x0800211a   0x0000000e   Code   RO         2303    .text               c_w.l(h1_init.o)
    0x08002128   0x08002128   0x00000080   Code   RO         2315    .text               c_w.l(_printf_fp_infnan.o)
    0x080021a8   0x080021a8   0x000000e4   Code   RO         2319    .text               c_w.l(bigflt0.o)
    0x0800228c   0x0800228c   0x00000012   Code   RO         2349    .text               c_w.l(exit.o)
    0x0800229e   0x0800229e   0x0000000a   Code   RO         2351    .text               c_w.l(defsig_exit.o)
    0x080022a8   0x080022a8   0x00000034   Code   RO         2353    .text               c_w.l(defsig_rtred_inner.o)
    0x080022dc   0x080022dc   0x0000000c   Code   RO         2374    .text               c_w.l(sys_exit.o)
    0x080022e8   0x080022e8   0x00000000   Code   RO         2384    .text               c_w.l(maybetermalloc1.o)
    0x080022e8   0x080022e8   0x00000034   Code   RO         2386    .text               c_w.l(h1_extend.o)
    0x0800231c   0x0800231c   0x00000032   Code   RO         2394    .text               c_w.l(defsig_general.o)
    0x0800234e   0x0800234e   0x0000000e   Code   RO         2396    .text               c_w.l(defsig_rtmem_outer.o)
    0x0800235c   0x0800235c   0x0000000e   Code   RO         2403    .text               c_w.l(sys_wrch.o)
    0x0800236a   0x0800236a   0x00000002   PAD
    0x0800236c   0x0800236c   0x00000050   Code   RO         2418    .text               c_w.l(defsig_rtmem_inner.o)
    0x080023bc   0x080023bc   0x00000004   Code   RO          418    .text.BusFault_Handler  n32g4fr_it.o
    0x080023c0   0x080023c0   0x00000002   Code   RO          424    .text.DebugMon_Handler  n32g4fr_it.o
    0x080023c2   0x080023c2   0x00000002   PAD
    0x080023c4   0x080023c4   0x00000186   Code   RO          868    .text.GPIO_InitPeripheral  n32g4fr_gpio.o
    0x0800254a   0x0800254a   0x00000002   PAD
    0x0800254c   0x0800254c   0x00000114   Code   RO         1767    .text.HardFaultHandler  segger_hardfaulthandler.o
    0x08002660   0x08002660   0x00000004   Code   RO          416    .text.MemManage_Handler  n32g4fr_it.o
    0x08002664   0x08002664   0x00000002   Code   RO          414    .text.NMI_Handler   n32g4fr_it.o
    0x08002666   0x08002666   0x00000002   PAD
    0x08002668   0x08002668   0x000000aa   Code   RO          447    .text.NVIC_Init     misc.o
    0x08002712   0x08002712   0x00000002   PAD
    0x08002714   0x08002714   0x0000001c   Code   RO          445    .text.NVIC_PriorityGroupConfig  misc.o
    0x08002730   0x08002730   0x0000002c   Code   RO         1109    .text.RCC_ConfigPclk1  n32g4fr_rcc.o
    0x0800275c   0x0800275c   0x0000002e   Code   RO         1111    .text.RCC_ConfigPclk2  n32g4fr_rcc.o
    0x0800278a   0x0800278a   0x00000002   PAD
    0x0800278c   0x0800278c   0x00000038   Code   RO         1147    .text.RCC_EnableAPB1PeriphClk  n32g4fr_rcc.o
    0x080027c4   0x080027c4   0x00000038   Code   RO         1145    .text.RCC_EnableAPB2PeriphClk  n32g4fr_rcc.o
    0x080027fc   0x080027fc   0x000001c4   Code   RO         1141    .text.RCC_GetClocksFreqValue  n32g4fr_rcc.o
    0x080029c0   0x080029c0   0x000000a0   Code   RO         1828    .text.SEGGER_RTT_ConfigUpBuffer  segger_rtt.o
    0x08002a60   0x08002a60   0x00000008   Code   RO         1840    .text.SEGGER_RTT_Init  segger_rtt.o
    0x08002a68   0x08002a68   0x0000004c   Code   RO         1804    .text.SEGGER_RTT_Write  segger_rtt.o
    0x08002ab4   0x08002ab4   0x000000b0   Code   RO         1800    .text.SEGGER_RTT_WriteNoLock  segger_rtt.o
    0x08002b64   0x08002b64   0x0000002a   Code   RO         1873    .text.SEGGER_RTT_printf  segger_rtt_printf.o
    0x08002b8e   0x08002b8e   0x00000002   PAD
    0x08002b90   0x08002b90   0x0000033c   Code   RO         1865    .text.SEGGER_RTT_vprintf  segger_rtt_printf.o
    0x08002ecc   0x08002ecc   0x0000005e   Code   RO          434    .text.SPI2_IRQHandler  n32g4fr_it.o
    0x08002f2a   0x08002f2a   0x00000002   PAD
    0x08002f2c   0x08002f2c   0x0000002c   Code   RO         1355    .text.SPI_Enable    n32g4fr_spi.o
    0x08002f58   0x08002f58   0x0000007e   Code   RO         1387    .text.SPI_I2S_GetIntStatus  n32g4fr_spi.o
    0x08002fd6   0x08002fd6   0x00000002   PAD
    0x08002fd8   0x08002fd8   0x00000036   Code   RO         1383    .text.SPI_I2S_GetStatus  n32g4fr_spi.o
    0x0800300e   0x0800300e   0x00000002   PAD
    0x08003010   0x08003010   0x0000000c   Code   RO         1365    .text.SPI_I2S_ReceiveData  n32g4fr_spi.o
    0x0800301c   0x0800301c   0x00000014   Code   RO         1363    .text.SPI_I2S_TransmitData  n32g4fr_spi.o
    0x08003030   0x08003030   0x00000068   Code   RO         1347    .text.SPI_Init      n32g4fr_spi.o
    0x08003098   0x08003098   0x0000002c   Code   RO         1369    .text.SPI_SSOutputEnable  n32g4fr_spi.o
    0x080030c4   0x080030c4   0x00000002   Code   RO          422    .text.SVC_Handler   n32g4fr_it.o
    0x080030c6   0x080030c6   0x00000002   PAD
    0x080030c8   0x080030c8   0x000000be   Code   RO          392    .text.SetSysClock   system_n32g4fr.o
    0x08003186   0x08003186   0x00000002   PAD
    0x08003188   0x08003188   0x00000020   Code   RO          426    .text.SysTick_Handler  n32g4fr_it.o
    0x080031a8   0x080031a8   0x000000cc   Code   RO          390    .text.SystemInit    system_n32g4fr.o
    0x08003274   0x08003274   0x00000002   Code   RO          430    .text.TIM1_CC_IRQHandler  n32g4fr_it.o
    0x08003276   0x08003276   0x00000002   PAD
    0x08003278   0x08003278   0x0000007c   Code   RO          432    .text.USART3_IRQHandler  n32g4fr_it.o
    0x080032f4   0x080032f4   0x00000092   Code   RO         1662    .text.USART_ConfigInt  n32g4fr_usart.o
    0x08003386   0x08003386   0x00000002   PAD
    0x08003388   0x08003388   0x0000002c   Code   RO         1660    .text.USART_Enable  n32g4fr_usart.o
    0x080033b4   0x080033b4   0x00000044   Code   RO         1696    .text.USART_GetFlagStatus  n32g4fr_usart.o
    0x080033f8   0x080033f8   0x000000b0   Code   RO         1700    .text.USART_GetIntStatus  n32g4fr_usart.o
    0x080034a8   0x080034a8   0x00000124   Code   RO         1652    .text.USART_Init    n32g4fr_usart.o
    0x080035cc   0x080035cc   0x00000010   Code   RO         1678    .text.USART_ReceiveData  n32g4fr_usart.o
    0x080035dc   0x080035dc   0x00000018   Code   RO         1676    .text.USART_SendData  n32g4fr_usart.o
    0x080035f4   0x080035f4   0x00000004   Code   RO          420    .text.UsageFault_Handler  n32g4fr_it.o
    0x080035f8   0x080035f8   0x0000009c   Code   RO         1782    .text._DoInit       segger_rtt.o
    0x08003694   0x08003694   0x0000001c   Code   RO           20    .text._GLOBAL__sub_I_main.cpp  main.o
    0x080036b0   0x080036b0   0x0000003e   Code   RO         1794    .text._GetAvailWriteSpace  segger_rtt.o
    0x080036ee   0x080036ee   0x00000002   PAD
    0x080036f0   0x080036f0   0x000001cc   Code   RO         1869    .text._PrintInt     segger_rtt_printf.o
    0x080038bc   0x080038bc   0x000001ac   Code   RO         1871    .text._PrintUnsigned  segger_rtt_printf.o
    0x08003a68   0x08003a68   0x00000076   Code   RO         1867    .text._StoreChar    segger_rtt_printf.o
    0x08003ade   0x08003ade   0x00000002   PAD
    0x08003ae0   0x08003ae0   0x000000e4   Code   RO         1798    .text._WriteBlocking  segger_rtt.o
    0x08003bc4   0x08003bc4   0x0000008c   Code   RO         1796    .text._WriteNoCheck  segger_rtt.o
    0x08003c50   0x08003c50   0x000000cc   Code   RO          184    .text._Z14shell_mode_cmdcPc  nr_micro_shell_commands.o
    0x08003d1c   0x08003d1c   0x0000003a   Code   RO          180    .text._Z14shell_quit_cmdcPc  nr_micro_shell_commands.o
    0x08003d56   0x08003d56   0x00000002   PAD
    0x08003d58   0x08003d58   0x00000028   Code   RO          178    .text._Z14shell_stop_cmdcPc  nr_micro_shell_commands.o
    0x08003d80   0x08003d80   0x00000028   Code   RO          176    .text._Z15shell_start_cmdcPc  nr_micro_shell_commands.o
    0x08003da8   0x08003da8   0x00000078   Code   RO          174    .text._Z17shell_hexdump_cmdcPc  nr_micro_shell_commands.o
    0x08003e20   0x08003e20   0x00000010   Code   RO           16    .text._Z4loopv      main.o
    0x08003e30   0x08003e30   0x00000008   Code   RO           14    .text._Z5setupv     main.o
    0x08003e38   0x08003e38   0x00000052   Code   RO          201    .text._ZL14SysTick_Configj  systick.o
    0x08003e8a   0x08003e8a   0x00000002   PAD
    0x08003e8c   0x08003e8c   0x00000042   Code   RO          203    .text._ZL18__NVIC_SetPriority4IRQnj  systick.o
    0x08003ece   0x08003ece   0x00000002   PAD
    0x08003ed0   0x08003ed0   0x00000026   Code   RO          182    .text._ZL18__NVIC_SystemResetv  nr_micro_shell_commands.o
    0x08003ef6   0x08003ef6   0x00000002   PAD
    0x08003ef8   0x08003ef8   0x00000010   Code   RO          103    .text._ZN2Do3lowEv  do.o
    0x08003f08   0x08003f08   0x00000010   Code   RO          105    .text._ZN2Do4highEv  do.o
    0x08003f18   0x08003f18   0x00000014   Code   RO          107    .text._ZN2Do6toggleEv  do.o
    0x08003f2c   0x08003f2c   0x0000010e   Code   RO           99    .text._ZN2Do8init_pinEP11GPIO_Modulet  do.o
    0x0800403a   0x0800403a   0x00000002   PAD
    0x0800403c   0x0800403c   0x0000000a   Code   RO           95    .text._ZN2DoC2Ev    do.o
    0x08004046   0x08004046   0x00000002   PAD
    0x08004048   0x08004048   0x0000000a   Code   RO          101    .text._ZN2DoD2Ev    do.o
    0x08004052   0x08004052   0x00000002   PAD
    0x08004054   0x08004054   0x000000da   Code   RO          158    .text._ZN3App12idle_processEv  app.o
    0x0800412e   0x0800412e   0x00000002   PAD
    0x08004130   0x08004130   0x0000000e   Code   RO          156    .text._ZN3App12uart_processEv  app.o
    0x0800413e   0x0800413e   0x00000002   PAD
    0x08004140   0x08004140   0x00000028   Code   RO          160    .text._ZN3App13error_processEv  app.o
    0x08004168   0x08004168   0x00000012   Code   RO          154    .text._ZN3App16sent_sample_dataEv  app.o
    0x0800417a   0x0800417a   0x00000002   PAD
    0x0800417c   0x0800417c   0x0000004a   Code   RO          152    .text._ZN3App3runEv  app.o
    0x080041c6   0x080041c6   0x00000002   PAD
    0x080041c8   0x080041c8   0x00000094   Code   RO          162    .text._ZN3App9Write_RegEhj  app.o
    0x0800425c   0x0800425c   0x00000010   Code   RO          148    .text._ZN3AppC2Ev   app.o
    0x0800426c   0x0800426c   0x0000000a   Code   RO          150    .text._ZN3AppD2Ev   app.o
    0x08004276   0x08004276   0x00000002   PAD
    0x08004278   0x08004278   0x00000060   Code   RO           69    .text._ZN3Clk11print_clockEv  clk.o
    0x080042d8   0x080042d8   0x00000076   Code   RO           67    .text._ZN3ClkC2Ev   clk.o
    0x0800434e   0x0800434e   0x00000002   PAD
    0x08004350   0x08004350   0x0000000a   Code   RO           71    .text._ZN3ClkD2Ev   clk.o
    0x0800435a   0x0800435a   0x00000002   PAD
    0x0800435c   0x0800435c   0x0000007e   Code   RO           81    .text._ZN3Rtt4initEv  rtt.o
    0x080043da   0x080043da   0x00000002   PAD
    0x080043dc   0x080043dc   0x00000014   Code   RO           83    .text._ZN3RttC2Ev   rtt.o
    0x080043f0   0x080043f0   0x0000000a   Code   RO           85    .text._ZN3RttD2Ev   rtt.o
    0x080043fa   0x080043fa   0x00000002   PAD
    0x080043fc   0x080043fc   0x00000034   Code   RO          225    .text._ZN3Spi6write8Eh  spi.o
    0x08004430   0x08004430   0x0000002e   Code   RO          217    .text._ZN3Spi8init_intEv  spi.o
    0x0800445e   0x0800445e   0x00000002   PAD
    0x08004460   0x08004460   0x00000042   Code   RO          219    .text._ZN3Spi8init_pinEv  spi.o
    0x080044a2   0x080044a2   0x00000002   PAD
    0x080044a4   0x080044a4   0x0000005a   Code   RO          221    .text._ZN3Spi8init_spiEv  spi.o
    0x080044fe   0x080044fe   0x00000002   PAD
    0x08004500   0x08004500   0x00000020   Code   RO          215    .text._ZN3SpiC2Ev   spi.o
    0x08004520   0x08004520   0x0000000a   Code   RO          223    .text._ZN3SpiD2Ev   spi.o
    0x0800452a   0x0800452a   0x00000002   PAD
    0x0800452c   0x0800452c   0x0000004e   Code   RO           52    .text._ZN4Uart4initEj  uart.o
    0x0800457a   0x0800457a   0x00000002   PAD
    0x0800457c   0x0800457c   0x0000004e   Code   RO           50    .text._ZN4Uart8init_pinEv  uart.o
    0x080045ca   0x080045ca   0x00000002   PAD
    0x080045cc   0x080045cc   0x0000002a   Code   RO           54    .text._ZN4Uart9init_nvicEv  uart.o
    0x080045f6   0x080045f6   0x00000002   PAD
    0x080045f8   0x080045f8   0x00000024   Code   RO           48    .text._ZN4UartC2Ev  uart.o
    0x0800461c   0x0800461c   0x0000000a   Code   RO           56    .text._ZN4UartD2Ev  uart.o
    0x08004626   0x08004626   0x00000002   PAD
    0x08004628   0x08004628   0x00000022   Code   RO          135    .text._ZN5Shell4initEv  shell.o
    0x0800464a   0x0800464a   0x00000002   PAD
    0x0800464c   0x0800464c   0x00000014   Code   RO          137    .text._ZN5ShellC2Ev  shell.o
    0x08004660   0x08004660   0x0000000a   Code   RO          139    .text._ZN5ShellD2Ev  shell.o
    0x0800466a   0x0800466a   0x00000002   PAD
    0x0800466c   0x0800466c   0x00000038   Code   RO          197    .text._ZN7Systick4initEv  systick.o
    0x080046a4   0x080046a4   0x00000028   Code   RO          205    .text._ZN7Systick8delay_msEj  systick.o
    0x080046cc   0x080046cc   0x00000014   Code   RO          195    .text._ZN7SystickC2Ev  systick.o
    0x080046e0   0x080046e0   0x0000000a   Code   RO          199    .text._ZN7SystickD2Ev  systick.o
    0x080046ea   0x080046ea   0x00000002   PAD
    0x080046ec   0x080046ec   0x00000030   Code   RO          116    .text._ZN8DWTDelay4initEj  dwtdelay.o
    0x0800471c   0x0800471c   0x0000001a   Code   RO          124    .text._ZN8DWTDelay8delay_msEj  dwtdelay.o
    0x08004736   0x08004736   0x00000002   PAD
    0x08004738   0x08004738   0x00000086   Code   RO          122    .text._ZN8DWTDelay8delay_usEj  dwtdelay.o
    0x080047be   0x080047be   0x00000002   PAD
    0x080047c0   0x080047c0   0x0000001e   Code   RO          118    .text._ZN8DWTDelayC2Ev  dwtdelay.o
    0x080047de   0x080047de   0x00000002   PAD
    0x080047e0   0x080047e0   0x0000000a   Code   RO          120    .text._ZN8DWTDelayD2Ev  dwtdelay.o
    0x080047ea   0x080047ea   0x00000002   PAD
    0x080047ec   0x080047ec   0x0000007e   Code   RO           37    .text._ZN8HardwareC2Ev  hardware.o
    0x0800486a   0x0800486a   0x00000002   PAD
    0x0800486c   0x0800486c   0x0000003c   Code   RO           39    .text._ZN8HardwareD2Ev  hardware.o
    0x080048a8   0x080048a8   0x0000002c   Code   RO            2    .text.__cxx_global_var_init  main.o
    0x080048d4   0x080048d4   0x0000002c   Code   RO            4    .text.__cxx_global_var_init.1  main.o
    0x08004900   0x08004900   0x0000002c   Code   RO            6    .text.__cxx_global_var_init.2  main.o
    0x0800492c   0x0800492c   0x0000002c   Code   RO            8    .text.__cxx_global_var_init.3  main.o
    0x08004958   0x08004958   0x0000002c   Code   RO           10    .text.__cxx_global_var_init.4  main.o
    0x08004984   0x08004984   0x0000002c   Code   RO           12    .text.__cxx_global_var_init.5  main.o
    0x080049b0   0x080049b0   0x000000d6   Code   RO          326    .text._shell_init   nr_micro_shell.o
    0x08004a86   0x08004a86   0x00000002   PAD
    0x08004a88   0x08004a88   0x0000001e   Code   RO          278    .text.ansi_clear_current_line  ansi.o
    0x08004aa6   0x08004aa6   0x00000002   PAD
    0x08004aa8   0x08004aa8   0x00000174   Code   RO          280    .text.ansi_get_char  ansi.o
    0x08004c1c   0x08004c1c   0x0000002a   Code   RO          276    .text.ansi_init     ansi.o
    0x08004c46   0x08004c46   0x00000002   PAD
    0x08004c48   0x08004c48   0x00000062   Code   RO          274    .text.ansi_search_char  ansi.o
    0x08004caa   0x08004caa   0x00000002   PAD
    0x08004cac   0x08004cac   0x00000038   Code   RO          294    .text.ansi_show_str  ansi_port.o
    0x08004ce4   0x08004ce4   0x00000034   Code   RO          264    .text.fputc         bsp.o
    0x08004d18   0x08004d18   0x00000338   Code   RO          262    .text.hexdump       bsp.o
    0x08005050   0x08005050   0x0000002e   Code   RO          374    .text.init_event    log.o
    0x0800507e   0x0800507e   0x00000002   PAD
    0x08005080   0x08005080   0x00000024   Code   RO          372    .text.lock          log.o
    0x080050a4   0x080050a4   0x000000ec   Code   RO          370    .text.log_log       log.o
    0x08005190   0x08005190   0x00000014   Code   RO          360    .text.log_set_level  log.o
    0x080051a4   0x080051a4   0x00000014   Code   RO           18    .text.main          main.o
    0x080051b8   0x080051b8   0x00000002   Code   RO          260    .text.memory_init   bsp.o
    0x080051ba   0x080051ba   0x00000002   PAD
    0x080051bc   0x080051bc   0x000000d4   Code   RO          296    .text.nr_ansi_common_char_slover  ansi_port.o
    0x08005290   0x08005290   0x0000003e   Code   RO          298    .text.nr_ansi_ctrl_common_slover  ansi_port.o
    0x080052ce   0x080052ce   0x00000002   PAD
    0x080052d0   0x080052d0   0x0000006c   Code   RO          316    .text.nr_ansi_in__  ansi_port.o
    0x0800533c   0x0800533c   0x0000006c   Code   RO          304    .text.nr_ansi_in_backspace  ansi_port.o
    0x080053a8   0x080053a8   0x000000a4   Code   RO          308    .text.nr_ansi_in_down  ansi_port.o
    0x0800544c   0x0800544c   0x0000003c   Code   RO          300    .text.nr_ansi_in_enter  ansi_port.o
    0x08005488   0x08005488   0x0000002c   Code   RO          310    .text.nr_ansi_in_left  ansi_port.o
    0x080054b4   0x080054b4   0x00000032   Code   RO          302    .text.nr_ansi_in_newline  ansi_port.o
    0x080054e6   0x080054e6   0x00000002   PAD
    0x080054e8   0x080054e8   0x00000030   Code   RO          312    .text.nr_ansi_in_right  ansi_port.o
    0x08005518   0x08005518   0x000000fe   Code   RO          314    .text.nr_ansi_in_tab  ansi_port.o
    0x08005616   0x08005616   0x00000002   PAD
    0x08005618   0x08005618   0x000000a8   Code   RO          306    .text.nr_ansi_in_up  ansi_port.o
    0x080056c0   0x080056c0   0x0000010a   Code   RO          338    .text.nr_shell_strtok  nr_micro_shell.o
    0x080057ca   0x080057ca   0x00000002   PAD
    0x080057cc   0x080057cc   0x000000ba   Code   RO          340    .text.shell_cmd_complete  nr_micro_shell.o
    0x08005886   0x08005886   0x00000002   PAD
    0x08005888   0x08005888   0x00000178   Code   RO          342    .text.shell_his_copy_queue_item  nr_micro_shell.o
    0x08005a00   0x08005a00   0x0000016e   Code   RO          330    .text.shell_his_queue_add_cmd  nr_micro_shell.o
    0x08005b6e   0x08005b6e   0x00000002   PAD
    0x08005b70   0x08005b70   0x00000022   Code   RO          328    .text.shell_his_queue_init  nr_micro_shell.o
    0x08005b92   0x08005b92   0x00000002   PAD
    0x08005b94   0x08005b94   0x0000017c   Code   RO          336    .text.shell_his_queue_search_cmd  nr_micro_shell.o
    0x08005d10   0x08005d10   0x00000168   Code   RO          334    .text.shell_parser  nr_micro_shell.o
    0x08005e78   0x08005e78   0x00000062   Code   RO          332    .text.shell_search_cmd  nr_micro_shell.o
    0x08005eda   0x08005eda   0x00000002   PAD
    0x08005edc   0x08005edc   0x0000007c   Code   RO          376    .text.stdout_callback  log.o
    0x08005f58   0x08005f58   0x00000024   Code   RO          378    .text.unlock        log.o
    0x08005f7c   0x08005f7c   0x0000003e   Code   RO         2322    CL$$btod_d2e        c_w.l(btod.o)
    0x08005fba   0x08005fba   0x00000046   Code   RO         2324    CL$$btod_d2e_denorm_low  c_w.l(btod.o)
    0x08006000   0x08006000   0x00000060   Code   RO         2323    CL$$btod_d2e_norm_op1  c_w.l(btod.o)
    0x08006060   0x08006060   0x00000338   Code   RO         2332    CL$$btod_div_common  c_w.l(btod.o)
    0x08006398   0x08006398   0x000000dc   Code   RO         2329    CL$$btod_e2e        c_w.l(btod.o)
    0x08006474   0x08006474   0x0000002a   Code   RO         2326    CL$$btod_ediv       c_w.l(btod.o)
    0x0800649e   0x0800649e   0x0000002a   Code   RO         2325    CL$$btod_emul       c_w.l(btod.o)
    0x080064c8   0x080064c8   0x00000244   Code   RO         2331    CL$$btod_mult_common  c_w.l(btod.o)
    0x0800670c   0x0800670c   0x00000012   Code   RO         1776    OSKERNEL            hardfaulthandler.o
    0x0800671e   0x0800671e   0x00000030   Code   RO         2370    i.__ARM_fpclassify  m_wm.l(fpclassify.o)
    0x0800674e   0x0800674e   0x0000000e   Code   RO         2006    i._is_digit         c_w.l(__printf_wp.o)
    0x0800675c   0x0800675c   0x0000002c   Code   RO         2049    locale$$code        c_w.l(lc_ctype_c.o)
    0x08006788   0x08006788   0x0000002c   Code   RO         2052    locale$$code        c_w.l(lc_time_c.o)
    0x080067b4   0x080067b4   0x0000002c   Code   RO         2347    locale$$code        c_w.l(lc_numeric_c.o)
    0x080067e0   0x080067e0   0x0000001a   Code   RO         2281    x$fpl$fpinit        fz_wm.l(fpinit.o)
    0x080067fa   0x080067fa   0x00000004   Code   RO         2113    x$fpl$printf1       fz_wm.l(printf1.o)
    0x080067fe   0x080067fe   0x00000004   Code   RO         2115    x$fpl$printf2       fz_wm.l(printf2.o)
    0x08006802   0x08006802   0x00000000   Code   RO         2369    x$fpl$usenofp       fz_wm.l(usenofp.o)
    0x08006802   0x08006802   0x00000002   PAD
    0x08006804   0x08006804   0x00000008   Data   RO         1965    .constdata          c_w.l(_printf_wctomb.o)
    0x0800680c   0x0800680c   0x00000028   Data   RO         1994    .constdata          c_w.l(_printf_hex_int_ll_ptr.o)
    0x08006834   0x08006834   0x00000011   Data   RO         2014    .constdata          c_w.l(__printf_flags_ss_wp.o)
    0x08006845   0x08006845   0x00000004   Data   RO         2123    .constdata          c_w.l(sys_io_names.o)
    0x08006849   0x08006849   0x00000004   Data   RO         2124    .constdata          c_w.l(sys_io_names.o)
    0x0800684d   0x0800684d   0x00000004   Data   RO         2125    .constdata          c_w.l(sys_io_names.o)
    0x08006851   0x08006851   0x00000026   Data   RO         2224    .constdata          c_w.l(_printf_fp_hex.o)
    0x08006877   0x08006877   0x0000000c   Data   RO         2262    .constdata          c_w.l(_monlen.o)
    0x08006883   0x08006883   0x00000001   PAD
    0x08006884   0x08006884   0x00000094   Data   RO         2320    .constdata          c_w.l(bigflt0.o)
    0x08006918   0x08006918   0x00000010   Data   RO         1875    .rodata._PrintUnsigned._aV2C  segger_rtt_printf.o
    0x08006928   0x08006928   0x00000015   Data   RO          282    .rodata.nr_ansi_in_cmd  ansi.o
    0x0800693d   0x0800693d   0x00000003   PAD
    0x08006940   0x08006940   0x00000050   Data   RO          283    .rodata.nr_ansi_in_cmd_fun  ansi.o
    0x08006990   0x08006990   0x00000005   Data   RO          284    .rodata.nr_ansi_in_special_symbol  ansi.o
    0x08006995   0x08006995   0x00000003   PAD
    0x08006998   0x08006998   0x00000010   Data   RO          285    .rodata.nr_ansi_in_special_symbol_fun  ansi.o
    0x080069a8   0x080069a8   0x00000014   Data   RO          344    .rodata.nr_shell_cmd0.end  nr_micro_shell.o
    0x080069bc   0x080069bc   0x00000014   Data   RO          345    .rodata.nr_shell_cmd1.end  nr_micro_shell.o
    0x080069d0   0x080069d0   0x00000010   Data   RO         1172    .rodata.s_AdcHclkPresTable  n32g4fr_rcc.o
    0x080069e0   0x080069e0   0x00000020   Data   RO         1173    .rodata.s_AdcPllClkPresTable  n32g4fr_rcc.o
    0x08006a00   0x08006a00   0x00000010   Data   RO         1171    .rodata.s_ApbAhbPresTable  n32g4fr_rcc.o
    0x08006a10   0x08006a10   0x00000078   Data   RO          187    .rodata.static_cmd  nr_micro_shell_commands.o
    0x08006a88   0x08006a88   0x00000030   Data   RO           73    .rodata.str1.1      clk.o
    0x08006ab8   0x08006ab8   0x0000007b   Data   RO           87    .rodata.str1.1      rtt.o
    0x08006b33   0x08006b33   0x00000037   Data   RO          164    .rodata.str1.1      app.o
    0x08006b6a   0x08006b6a   0x00000136   Data   RO          186    .rodata.str1.1      nr_micro_shell_commands.o
    0x08006ca0   0x08006ca0   0x00000047   Data   RO          266    .rodata.str1.1      bsp.o
    0x08006ce7   0x08006ce7   0x00000021   Data   RO          318    .rodata.str1.1      ansi_port.o
    0x08006d08   0x08006d08   0x000001b5   Data   RO          347    .rodata.str1.1      nr_micro_shell.o
    0x08006ebd   0x08006ebd   0x0000003b   Data   RO          382    .rodata.str1.1      log.o
    0x08006ef8   0x08006ef8   0x00000013   Data   RO          436    .rodata.str1.1      n32g4fr_it.o
    0x08006f0b   0x08006f0b   0x00000014   Data   RO         1855    .rodata.str1.1      segger_rtt.o
    0x08006f1f   0x08006f1f   0x00000001   PAD
    0x08006f20   0x08006f20   0x00000020   Data   RO         2444    Region$$Table       anon$$obj.o
    0x08006f40   0x08006f40   0x00000110   Data   RO         2048    locale$$data        c_w.l(lc_ctype_c.o)
    0x08007050   0x08007050   0x00000180   Data   RO         2051    locale$$data        c_w.l(lc_time_c.o)
    0x080071d0   0x080071d0   0x0000001c   Data   RO         2346    locale$$data        c_w.l(lc_numeric_c.o)
    0x080071ec   0x080071ec   0x00000004   Data   RO           28    .init_array         main.o
    0x080071f0   0x080071ec   0x00000000   Data   RO         1934    .init_array         c_w.l(init_aeabi.o)


    Execution Region RW_IRAM1 (Exec base: 0x20000000, Load base: 0x080071f0, Size: 0x00005b60, Max: 0x00020000, ABSOLUTE, COMPRESSED[0x00000040])

    Exec Addr    Load Addr    Size         Type   Attr      Idx    E Section Name        Object

    0x20000000   COMPRESSED   0x00000004   Data   RW         1903    .data               c_w.l(stdio_streams.o)
    0x20000004   COMPRESSED   0x00000004   Data   RW         1904    .data               c_w.l(stdio_streams.o)
    0x20000008   COMPRESSED   0x00000004   Data   RW         1905    .data               c_w.l(stdio_streams.o)
    0x2000000c   COMPRESSED   0x00000004   Data   RW          396    .data.SystemCoreClock  system_n32g4fr.o
    0x20000010   COMPRESSED   0x00000018   Data   RW          380    .data.level_strings  log.o
    0x20000028   COMPRESSED   0x0000013c   Data   RW          346    .data.nr_shell      nr_micro_shell.o
    0x20000164   COMPRESSED   0x00000004   PAD
    0x20000168        -       0x00000054   Zero   RW         1900    .bss                c_w.l(stdio_streams.o)
    0x200001bc        -       0x00000054   Zero   RW         1901    .bss                c_w.l(stdio_streams.o)
    0x20000210        -       0x00000054   Zero   RW         1902    .bss                c_w.l(stdio_streams.o)
    0x20000264        -       0x0000002c   Zero   RW         1925    .bss                c_w.l(localtime.o)
    0x20000290        -       0x00000060   Zero   RW         2129    .bss                c_w.l(libspace.o)
    0x200002f0        -       0x00000040   Zero   RW         1769    .bss.HardFaultRegs  segger_hardfaulthandler.o
    0x20000330        -       0x00000190   Zero   RW          381    .bss.L              log.o
    0x200004c0        -       0x00000004   Zero   RW          437    .bss.SPI2_IRQHandler.i  n32g4fr_it.o
    0x200004c4        -       0x00000020   Zero   RW          227    .bss.SPI_MASTER_Buffer_Rx  spi.o
    0x200004e4        -       0x00000004   Zero   RW         1770    .bss._Continue      segger_hardfaulthandler.o
    0x200004e8        -       0x000000a8   Zero   RW         1852    .bss._SEGGER_RTT    segger_rtt.o
    0x20000590        -       0x00000010   Zero   RW         1857    .bss._acDownBuffer  segger_rtt.o
    0x200005a0        -       0x00000400   Zero   RW         1856    .bss._acUpBuffer    segger_rtt.o
    0x200009a0        -       0x00000024   Zero   RW           23    .bss.airflow_meter_b  main.o
    0x200009c4        -       0x00000002   Zero   RW           25    .bss.app            main.o
    0x200009c6   COMPRESSED   0x00000002   PAD
    0x200009c8        -       0x00000004   Zero   RW          207    .bss.delay          systick.o
    0x200009cc        -       0x00000004   Zero   RW           26    .bss.dwt            main.o
    0x200009d0        -       0x00000001   Zero   RW           24    .bss.nr             main.o
    0x200009d1   COMPRESSED   0x00000003   PAD
    0x200009d4        -       0x00000084   Zero   RW          286    .bss.nr_ansi        ansi.o
    0x20000a58        -       0x00000004   Zero   RW          348    .bss.nr_shell_strtok.last  nr_micro_shell.o
    0x20000a5c        -       0x00004000   Zero   RW           22    .bss.segger_cb      main.o
    0x20004a5c        -       0x00000001   Zero   RW           27    .bss.tick           main.o
    0x20004a5d   COMPRESSED   0x00000003   PAD
    0x20004a60        -       0x00000100   Zero   RW          405    HEAP                startup_n32g4fr.o
    0x20004b60        -       0x00001000   Zero   RW          404    STACK               startup_n32g4fr.o


==============================================================================

Image component sizes


      Code (inc. data)   RO Data    RW Data    ZI Data      Debug   Object Name

       542          0        122          0        132       2148   ansi.o
      1334          0         33          0          0       3181   ansi_port.o
       538          4         55          0          0      11688   app.o
       878          0         71          0          0       2611   bsp.o
       224          0         48          0          0      10849   clk.o
       342          0          0          0          0      12130   do.o
       248          0          0          0          0      11495   dwtdelay.o
        18          0          0          0          0        312   hardfaulthandler.o
       186          0          0          0          0      11565   hardware.o
       498          0         59         24        400       3959   log.o
       336          0          4          0      16428      14003   main.o
       198          0          0          0          0       2923   misc.o
       390          0          0          0          0       6261   n32g4fr_gpio.o
       270          0         19          0          4       2383   n32g4fr_it.o
       654          0         64          0          0       8707   n32g4fr_rcc.o
       404          0          0          0          0       6210   n32g4fr_spi.o
       766          0          0          0          0       6805   n32g4fr_usart.o
      2280          0        477        316          4       5132   nr_micro_shell.o
       500          0        430          0          0      12700   nr_micro_shell_commands.o
       156          0        123          0          0      10521   rtt.o
       276          0          0          0         68       2695   segger_hardfaulthandler.o
      1006          0         20          0       1208      13112   segger_rtt.o
      1876         14         16          0          0       3818   segger_rtt_printf.o
        64          0          0          0          0      10424   shell.o
       296          0          0          0         32      14155   spi.o
        64         26        408          0       4352        864   startup_n32g4fr.o
       394          0          0          4          0       2782   system_n32g4fr.o
       274          0          0          0          4      14188   systick.o
       244          0          0          0          0      13978   uart.o

    ----------------------------------------------------------------------
     15378         44       1988        344      22644     221599   Object Totals
         0          0         32          0          0          0   (incl. Generated)
       122          0          7          0         12          0   (incl. Padding)

    ----------------------------------------------------------------------

      Code (inc. data)   RO Data    RW Data    ZI Data      Debug   Library Member Name

        58          0          0          0          0          0   __dczerorl.o
         8          0          0          0          0         68   __main.o
       392          4         17          0          0         92   __printf_flags_ss_wp.o
        14          0          0          0          0         68   __printf_wp.o
         0          0          0          0          0          0   __rtentry.o
        12          0          0          0          0          0   __rtentry2.o
         6          0          0          0          0          0   __rtentry4.o
        52          8          0          0          0          0   __scatter.o
        28          0          0          0          0          0   __scatter_zi.o
        72          0          0          0          0         96   _c16rtomb.o
         0          0         12          0          0          0   _monlen.o
         6          0          0          0          0          0   _printf_a.o
         6          0          0          0          0          0   _printf_c.o
        44          0          0          0          0        108   _printf_char.o
        48          6          0          0          0         96   _printf_char_common.o
        36          4          0          0          0         80   _printf_char_file.o
        40          0          0          0          0         68   _printf_charcount.o
         6          0          0          0          0          0   _printf_d.o
       120         16          0          0          0         92   _printf_dec.o
         6          0          0          0          0          0   _printf_e.o
         6          0          0          0          0          0   _printf_f.o
      1052          0          0          0          0        148   _printf_fp_dec.o
       764          8         38          0          0        100   _printf_fp_hex.o
       128         16          0          0          0         84   _printf_fp_infnan.o
         6          0          0          0          0          0   _printf_g.o
       148          4         40          0          0        160   _printf_hex_int_ll_ptr.o
         6          0          0          0          0          0   _printf_i.o
       178          0          0          0          0         88   _printf_intcommon.o
        10          0          0          0          0          0   _printf_l.o
         6          0          0          0          0          0   _printf_lc.o
        10          0          0          0          0          0   _printf_ll.o
         6          0          0          0          0          0   _printf_lld.o
         6          0          0          0          0          0   _printf_lli.o
         6          0          0          0          0          0   _printf_llo.o
         6          0          0          0          0          0   _printf_llu.o
         6          0          0          0          0          0   _printf_llx.o
       124         16          0          0          0         92   _printf_longlong_dec.o
         6          0          0          0          0          0   _printf_ls.o
         6          0          0          0          0          0   _printf_n.o
         6          0          0          0          0          0   _printf_o.o
       112          8          0          0          0        124   _printf_oct_int_ll.o
         6          0          0          0          0          0   _printf_p.o
        78          0          0          0          0        108   _printf_pad.o
         0          0          0          0          0          0   _printf_percent.o
         4          0          0          0          0          0   _printf_percent_end.o
         6          0          0          0          0          0   _printf_s.o
        82          0          0          0          0         80   _printf_str.o
        36          0          0          0          0         84   _printf_truncate.o
         6          0          0          0          0          0   _printf_u.o
        44          0          0          0          0        108   _printf_wchar.o
       188          6          8          0          0         92   _printf_wctomb.o
         6          0          0          0          0          0   _printf_x.o
        10          0          0          0          0         68   _sputc.o
        46          0          0          0          0         84   aeabi_atexit.o
       228          4        148          0          0         96   bigflt0.o
      1936        128          0          0          0        668   btod.o
        10          0          0          0          0         68   cxa_atexit.o
        66          0          0          0          0         84   cxa_finalize.o
        10          0          0          0          0         68   defsig_exit.o
        50          0          0          0          0         88   defsig_general.o
        80         58          0          0          0         76   defsig_rtmem_inner.o
        14          0          0          0          0         80   defsig_rtmem_outer.o
        52         38          0          0          0         76   defsig_rtred_inner.o
        14          0          0          0          0         80   defsig_rtred_outer.o
        18          0          0          0          0         80   exit.o
        76          0          0          0          0         88   fclose.o
         8          0          0          0          0         68   ferror.o
       100          4          0          0          0        120   fflush.o
       240          6          0          0          0        128   fopen.o
        20          0          0          0          0         84   fprintf.o
       248          6          0          0          0         84   fseek.o
        66          0          0          0          0         76   ftell.o
        94          0          0          0          0         80   h1_alloc.o
        52          0          0          0          0         68   h1_extend.o
        78          0          0          0          0         80   h1_free.o
        14          0          0          0          0         84   h1_init.o
         6          0          0          0          0        152   heapauxi.o
         4          0          0          0          0        136   hguard.o
         0          0          0          0          0          0   indicate_semi.o
        36          8          0          0          0         80   init_aeabi.o
       138          0          0          0          0        168   init_alloc.o
       312         46          0          0          0        112   initio.o
        44         10        272          0          0         76   lc_ctype_c.o
        44         10         28          0          0         76   lc_numeric_c.o
        44         10        384          0          0         76   lc_time_c.o
         2          0          0          0          0          0   libinit.o
        60          0          0          0          0          0   libinit2.o
         2          0          0          0          0          0   libshutdown.o
        12          0          0          0          0          0   libshutdown2.o
         8          4          0          0         96         68   libspace.o
       138          0          0          0          0         80   lludiv10.o
        12          6          0          0         44         68   localtime.o
       184          6          0          0          0         80   localtime_internal.o
         0          0          0          0          0          0   maybetermalloc1.o
        24          4          0          0          0         84   printf.o
         4          0          0          0          0         68   putc.o
        16          4          0          0          0         76   rt_ctype_table.o
         8          4          0          0          0         68   rt_ddtor_pointer_addr_intlibspace.o
         8          4          0          0          0         68   rt_errno_addr_intlibspace.o
         8          4          0          0          0         68   rt_heap_descriptor_intlibspace.o
         8          4          0          0          0         68   rt_locale_intlibspace.o
        78          0          0          0          0         80   rt_memclr_w.o
       138          0          0          0          0         68   rt_memcpy_v6.o
       100          0          0          0          0         80   rt_memcpy_w.o
         2          0          0          0          0          0   rtexit.o
        10          0          0          0          0          0   rtexit2.o
        70          0          0          0          0         80   setvbuf.o
        44          6          0          0          0         84   sprintf.o
       240          6          0          0          0        156   stdio.o
         0          0          0         12        252          0   stdio_streams.o
       124          0          0          0          0         88   strcmpv7em.o
        72          0          0          0          0         80   strcpy.o
       864        122          0          0          0        184   strftime.o
        62          0          0          0          0         76   strlen.o
        36          0          0          0          0         80   strstr.o
        12          4          0          0          0         68   sys_exit.o
       102          0          0          0          0        240   sys_io.o
         0          0         12          0          0          0   sys_io_names.o
        74          0          0          0          0         80   sys_stackheap_outer.o
        18          0          0          0          0         76   sys_time.o
        14          0          0          0          0         76   sys_wrch.o
         2          0          0          0          0         68   use_no_semi.o
        10          0          0          0          0         68   vfprintf.o
        26          0          0          0          0        116   fpinit.o
         4          0          0          0          0        116   printf1.o
         4          0          0          0          0        116   printf2.o
         0          0          0          0          0          0   usenofp.o
        48          0          0          0          0        124   fpclassify.o

    ----------------------------------------------------------------------
     10842        602        960         12        392       8488   Library Totals
        28          0          1          0          0          0   (incl. Padding)

    ----------------------------------------------------------------------

      Code (inc. data)   RO Data    RW Data    ZI Data      Debug   Library Name

     10732        602        959         12        392       8016   c_w.l
        34          0          0          0          0        348   fz_wm.l
        48          0          0          0          0        124   m_wm.l

    ----------------------------------------------------------------------
     10842        602        960         12        392       8488   Library Totals

    ----------------------------------------------------------------------

==============================================================================


      Code (inc. data)   RO Data    RW Data    ZI Data      Debug   

     26220        646       2948        356      23036     224895   Grand Totals
     26220        646       2948         64      23036     224895   ELF Image Totals (compressed)
     26220        646       2948         64          0          0   ROM Totals

==============================================================================

    Total RO  Size (Code + RO Data)                29168 (  28.48kB)
    Total RW  Size (RW Data + ZI Data)             23392 (  22.84kB)
    Total ROM Size (Code + RO Data + RW Data)      29232 (  28.55kB)

==============================================================================

