Component: ARM Compiler 6.16 Tool: armlink [5dfeaa00]

==============================================================================

Image Symbol Table

    Local Symbols

    Symbol Name                              Value     Ov Type        Size  Object(Section)

    ../clib/angel/boardlib.s                 0x00000000   Number         0  boardinit1.o ABSOLUTE
    ../clib/angel/boardlib.s                 0x00000000   Number         0  boardinit2.o ABSOLUTE
    ../clib/angel/boardlib.s                 0x00000000   Number         0  boardinit3.o ABSOLUTE
    ../clib/angel/boardlib.s                 0x00000000   Number         0  boardshut.o ABSOLUTE
    ../clib/angel/dclz77c.s                  0x00000000   Number         0  __dclz77c.o ABSOLUTE
    ../clib/angel/handlers.s                 0x00000000   Number         0  __scatter_zi.o ABSOLUTE
    ../clib/angel/kernel.s                   0x00000000   Number         0  __rtentry.o ABSOLUTE
    ../clib/angel/kernel.s                   0x00000000   Number         0  __rtentry2.o ABSOLUTE
    ../clib/angel/kernel.s                   0x00000000   Number         0  __rtentry4.o ABSOLUTE
    ../clib/angel/kernel.s                   0x00000000   Number         0  rtexit.o ABSOLUTE
    ../clib/angel/kernel.s                   0x00000000   Number         0  rtexit2.o ABSOLUTE
    ../clib/angel/rt.s                       0x00000000   Number         0  rt_ctype_table.o ABSOLUTE
    ../clib/angel/rt.s                       0x00000000   Number         0  rt_locale.o ABSOLUTE
    ../clib/angel/rt.s                       0x00000000   Number         0  rt_locale_intlibspace.o ABSOLUTE
    ../clib/angel/rt.s                       0x00000000   Number         0  rt_ddtor_pointer_addr.o ABSOLUTE
    ../clib/angel/rt.s                       0x00000000   Number         0  rt_ddtor_pointer_addr_intlibspace.o ABSOLUTE
    ../clib/angel/rt.s                       0x00000000   Number         0  rt_raise.o ABSOLUTE
    ../clib/angel/rt.s                       0x00000000   Number         0  rt_heap_descriptor.o ABSOLUTE
    ../clib/angel/rt.s                       0x00000000   Number         0  rt_heap_descriptor_intlibspace.o ABSOLUTE
    ../clib/angel/rt.s                       0x00000000   Number         0  rt_errno_addr.o ABSOLUTE
    ../clib/angel/rt.s                       0x00000000   Number         0  rt_errno_addr_intlibspace.o ABSOLUTE
    ../clib/angel/scatter.s                  0x00000000   Number         0  __scatter.o ABSOLUTE
    ../clib/angel/startup.s                  0x00000000   Number         0  __main.o ABSOLUTE
    ../clib/angel/sys.s                      0x00000000   Number         0  use_no_semi.o ABSOLUTE
    ../clib/angel/sys.s                      0x00000000   Number         0  indicate_semi.o ABSOLUTE
    ../clib/angel/sys.s                      0x00000000   Number         0  libspace.o ABSOLUTE
    ../clib/angel/sys.s                      0x00000000   Number         0  mutex_dummy.o ABSOLUTE
    ../clib/angel/sys.s                      0x00000000   Number         0  sys_stackheap_outer.o ABSOLUTE
    ../clib/angel/sysapp.c                   0x00000000   Number         0  sys_time.o ABSOLUTE
    ../clib/angel/sysapp.c                   0x00000000   Number         0  sys_time_hlt.o ABSOLUTE
    ../clib/angel/sysapp.c                   0x00000000   Number         0  sys_io.o ABSOLUTE
    ../clib/angel/sysapp.c                   0x00000000   Number         0  sys_io_names.o ABSOLUTE
    ../clib/angel/sysapp.c                   0x00000000   Number         0  sys_io_hlt.o ABSOLUTE
    ../clib/angel/sysapp.c                   0x00000000   Number         0  sys_command.o ABSOLUTE
    ../clib/angel/sysapp.c                   0x00000000   Number         0  sys_exit.o ABSOLUTE
    ../clib/angel/sysapp.c                   0x00000000   Number         0  sys_command_hlt.o ABSOLUTE
    ../clib/angel/sysapp.c                   0x00000000   Number         0  sys_exit_hlt.o ABSOLUTE
    ../clib/angel/sysapp.c                   0x00000000   Number         0  sys_wrch.o ABSOLUTE
    ../clib/angel/sysapp.c                   0x00000000   Number         0  sys_wrch_hlt.o ABSOLUTE
    ../clib/arm_runtime.c                    0x00000000   Number         0  init_aeabi.o ABSOLUTE
    ../clib/arm_runtime.c                    0x00000000   Number         0  init_aeabi.o ABSOLUTE
    ../clib/armsys.c                         0x00000000   Number         0  argv_veneer.o ABSOLUTE
    ../clib/armsys.c                         0x00000000   Number         0  argv_veneer.o ABSOLUTE
    ../clib/armsys.c                         0x00000000   Number         0  _get_argv.o ABSOLUTE
    ../clib/armsys.c                         0x00000000   Number         0  _get_argv_nomalloc.o ABSOLUTE
    ../clib/armsys.c                         0x00000000   Number         0  no_argv.o ABSOLUTE
    ../clib/bigflt.c                         0x00000000   Number         0  bigflt0.o ABSOLUTE
[...]
    _printf_char_common                      0x08001d1f   Thumb Code    32  _printf_char_common.o(.text)
    _sputc                                   0x08001d45   Thumb Code    10  _sputc.o(.text)
    _printf_cs_common                        0x08001d4f   Thumb Code    20  _printf_char.o(.text)
    _printf_char                             0x08001d63   Thumb Code    16  _printf_char.o(.text)
    _printf_string                           0x08001d73   Thumb Code     8  _printf_char.o(.text)
    _printf_lcs_common                       0x08001d7b   Thumb Code    20  _printf_wchar.o(.text)
    _printf_wchar                            0x08001d8f   Thumb Code    16  _printf_wchar.o(.text)
    _printf_wstring                          0x08001d9f   Thumb Code     8  _printf_wchar.o(.text)
    ferror                                   0x08001da7   Thumb Code     8  ferror.o(.text)
    _ftell_internal                          0x08001daf   Thumb Code    66  ftell.o(.text)
    ftell                                    0x08001daf   Thumb Code     0  ftell.o(.text)
    setvbuf                                  0x08001df1   Thumb Code    70  setvbuf.o(.text)
    freopen                                  0x08001e39   Thumb Code   160  fopen.o(.text)
    fopen                                    0x08001ed9   Thumb Code    74  fopen.o(.text)
    _fclose_internal                         0x08001f29   Thumb Code    76  fclose.o(.text)
    fclose                                   0x08001f29   Thumb Code     0  fclose.o(.text)
    _c16rtomb                                0x08001f75   Thumb Code    72  _c16rtomb.o(.text)
    _wcrtomb                                 0x08001f75   Thumb Code     0  _c16rtomb.o(.text)
    __cxa_finalize                           0x08001fbd   Thumb Code    66  cxa_finalize.o(.text)
    __rt_SIGRTRED                            0x08001fff   Thumb Code    14  defsig_rtred_outer.o(.text)
    __aeabi_memclr4                          0x0800200d   Thumb Code     0  rt_memclr_w.o(.text)
    __aeabi_memclr8                          0x0800200d   Thumb Code     0  rt_memclr_w.o(.text)
    __rt_memclr_w                            0x0800200d   Thumb Code     0  rt_memclr_w.o(.text)
    _memset_w                                0x08002011   Thumb Code    74  rt_memclr_w.o(.text)
    __user_setup_stackheap                   0x0800205b   Thumb Code    74  sys_stackheap_outer.o(.text)
    __rt_heap_descriptor                     0x080020a5   Thumb Code     8  rt_heap_descriptor_intlibspace.o(.text)
    __aeabi_errno_addr                       0x080020ad   Thumb Code     8  rt_errno_addr_intlibspace.o(.text)
    __errno$intlibspace                      0x080020ad   Thumb Code     0  rt_errno_addr_intlibspace.o(.text)
    __rt_errno_addr$intlibspace              0x080020ad   Thumb Code     0  rt_errno_addr_intlibspace.o(.text)
    __use_no_heap                            0x080020b5   Thumb Code     2  hguard.o(.text)
    __heap$guard                             0x080020b7   Thumb Code     2  hguard.o(.text)
    _terminate_user_alloc                    0x080020b9   Thumb Code     2  init_alloc.o(.text)
    _init_user_alloc                         0x080020bb   Thumb Code     2  init_alloc.o(.text)
    __Heap_Full                              0x080020bd   Thumb Code    34  init_alloc.o(.text)
    __Heap_Broken                            0x080020df   Thumb Code     6  init_alloc.o(.text)
    _init_alloc                              0x080020e5   Thumb Code    94  init_alloc.o(.text)
    __Heap_Initialize                        0x08002143   Thumb Code    10  h1_init.o(.text)
    __Heap_DescSize                          0x0800214d   Thumb Code     4  h1_init.o(.text)
    _printf_fp_infnan                        0x08002151   Thumb Code   112  _printf_fp_infnan.o(.text)
    _btod_etento                             0x080021d1   Thumb Code   224  bigflt0.o(.text)
    exit                                     0x080022b5   Thumb Code    18  exit.o(.text)
    __sig_exit                               0x080022c7   Thumb Code    10  defsig_exit.o(.text)
    __rt_SIGRTRED_inner                      0x080022d1   Thumb Code    14  defsig_rtred_inner.o(.text)
    _sys_exit                                0x08002305   Thumb Code     8  sys_exit.o(.text)
    __Heap_ProvideMemory                     0x08002311   Thumb Code    52  h1_extend.o(.text)
    _maybe_terminate_alloc                   0x08002311   Thumb Code     0  maybetermalloc1.o(.text)
    __default_signal_display                 0x08002345   Thumb Code    50  defsig_general.o(.text)
    __rt_SIGRTMEM                            0x08002377   Thumb Code    14  defsig_rtmem_outer.o(.text)
    _ttywrch                                 0x08002385   Thumb Code    14  sys_wrch.o(.text)
    __rt_SIGRTMEM_inner                      0x08002395   Thumb Code    22  defsig_rtmem_inner.o(.text)
    BusFault_Handler                         0x080023e5   Thumb Code     4  n32g4fr_it.o(.text.BusFault_Handler)
    DebugMon_Handler                         0x080023e9   Thumb Code     2  n32g4fr_it.o(.text.DebugMon_Handler)
    EXTI9_5_IRQHandler                       0x080023ed   Thumb Code    54  n32g4fr_it.o(.text.EXTI9_5_IRQHandler)
    EXTI_ClrITPendBit                        0x08002425   Thumb Code    20  n32g4fr_exti.o(.text.EXTI_ClrITPendBit)
    EXTI_GetITStatus                         0x08002439   Thumb Code    76  n32g4fr_exti.o(.text.EXTI_GetITStatus)
    EXTI_InitPeripheral                      0x08002485   Thumb Code   234  n32g4fr_exti.o(.text.EXTI_InitPeripheral)
    GPIO_ConfigEXTILine                      0x08002571   Thumb Code    84  n32g4fr_gpio.o(.text.GPIO_ConfigEXTILine)
    GPIO_InitPeripheral                      0x080025c5   Thumb Code   390  n32g4fr_gpio.o(.text.GPIO_InitPeripheral)
    HardFaultHandler                         0x0800274d   Thumb Code   276  segger_hardfaulthandler.o(.text.HardFaultHandler)
    MemManage_Handler                        0x08002861   Thumb Code     4  n32g4fr_it.o(.text.MemManage_Handler)
    NMI_Handler                              0x08002865   Thumb Code     2  n32g4fr_it.o(.text.NMI_Handler)
    NVIC_Init                                0x08002869   Thumb Code   170  misc.o(.text.NVIC_Init)
    NVIC_PriorityGroupConfig                 0x08002915   Thumb Code    28  misc.o(.text.NVIC_PriorityGroupConfig)
    RCC_ConfigPclk1                          0x08002931   Thumb Code    44  n32g4fr_rcc.o(.text.RCC_ConfigPclk1)
    RCC_ConfigPclk2                          0x0800295d   Thumb Code    46  n32g4fr_rcc.o(.text.RCC_ConfigPclk2)
    RCC_EnableAPB1PeriphClk                  0x0800298d   Thumb Code    56  n32g4fr_rcc.o(.text.RCC_EnableAPB1PeriphClk)
    RCC_EnableAPB2PeriphClk                  0x080029c5   Thumb Code    56  n32g4fr_rcc.o(.text.RCC_EnableAPB2PeriphClk)
    RCC_GetClocksFreqValue                   0x080029fd   Thumb Code   452  n32g4fr_rcc.o(.text.RCC_GetClocksFreqValue)
    SEGGER_RTT_ConfigUpBuffer                0x08002bc1   Thumb Code   160  segger_rtt.o(.text.SEGGER_RTT_ConfigUpBuffer)
    SEGGER_RTT_Init                          0x08002c61   Thumb Code     8  segger_rtt.o(.text.SEGGER_RTT_Init)
    SEGGER_RTT_Write                         0x08002c69   Thumb Code    76  segger_rtt.o(.text.SEGGER_RTT_Write)
    SEGGER_RTT_WriteNoLock                   0x08002cb5   Thumb Code   176  segger_rtt.o(.text.SEGGER_RTT_WriteNoLock)
    SEGGER_RTT_printf                        0x08002d65   Thumb Code    42  segger_rtt_printf.o(.text.SEGGER_RTT_printf)
    SEGGER_RTT_vprintf                       0x08002d91   Thumb Code   828  segger_rtt_printf.o(.text.SEGGER_RTT_vprintf)
    SPI2_IRQHandler                          0x080030cd   Thumb Code    70  n32g4fr_it.o(.text.SPI2_IRQHandler)
    SPI_Enable                               0x08003115   Thumb Code    44  n32g4fr_spi.o(.text.SPI_Enable)
    SPI_I2S_GetIntStatus                     0x08003141   Thumb Code   126  n32g4fr_spi.o(.text.SPI_I2S_GetIntStatus)
    SPI_I2S_GetStatus                        0x080031c1   Thumb Code    54  n32g4fr_spi.o(.text.SPI_I2S_GetStatus)
    SPI_I2S_ReceiveData                      0x080031f9   Thumb Code    12  n32g4fr_spi.o(.text.SPI_I2S_ReceiveData)
    SPI_I2S_TransmitData                     0x08003205   Thumb Code    20  n32g4fr_spi.o(.text.SPI_I2S_TransmitData)
    SPI_Init                                 0x08003219   Thumb Code   104  n32g4fr_spi.o(.text.SPI_Init)
    SPI_SSOutputEnable                       0x08003281   Thumb Code    44  n32g4fr_spi.o(.text.SPI_SSOutputEnable)
    SVC_Handler                              0x080032ad   Thumb Code     2  n32g4fr_it.o(.text.SVC_Handler)
    SysTick_Handler                          0x08003371   Thumb Code    32  n32g4fr_it.o(.text.SysTick_Handler)
    SystemInit                               0x08003391   Thumb Code   204  system_n32g4fr.o(.text.SystemInit)
    TIM1_CC_IRQHandler                       0x0800345d   Thumb Code     2  n32g4fr_it.o(.text.TIM1_CC_IRQHandler)
    USART3_IRQHandler                        0x08003461   Thumb Code   124  n32g4fr_it.o(.text.USART3_IRQHandler)
    USART_ConfigInt                          0x080034dd   Thumb Code   146  n32g4fr_usart.o(.text.USART_ConfigInt)
    USART_Enable                             0x08003571   Thumb Code    44  n32g4fr_usart.o(.text.USART_Enable)
    USART_GetFlagStatus                      0x0800359d   Thumb Code    68  n32g4fr_usart.o(.text.USART_GetFlagStatus)
    USART_GetIntStatus                       0x080035e1   Thumb Code   176  n32g4fr_usart.o(.text.USART_GetIntStatus)
    USART_Init                               0x08003691   Thumb Code   292  n32g4fr_usart.o(.text.USART_Init)
    USART_ReceiveData                        0x080037b5   Thumb Code    16  n32g4fr_usart.o(.text.USART_ReceiveData)
    USART_SendData                           0x080037c5   Thumb Code    24  n32g4fr_usart.o(.text.USART_SendData)
    UsageFault_Handler                       0x080037dd   Thumb Code     4  n32g4fr_it.o(.text.UsageFault_Handler)
    shell_mode_cmd(char, char*)              0x08003e39   Thumb Code   204  nr_micro_shell_commands.o(.text._Z14shell_mode_cmdcPc)
    shell_quit_cmd(char, char*)              0x08003f05   Thumb Code    58  nr_micro_shell_commands.o(.text._Z14shell_quit_cmdcPc)
    shell_stop_cmd(char, char*)              0x08003f41   Thumb Code    40  nr_micro_shell_commands.o(.text._Z14shell_stop_cmdcPc)
    shell_start_cmd(char, char*)             0x08003f69   Thumb Code    40  nr_micro_shell_commands.o(.text._Z15shell_start_cmdcPc)
    shell_hexdump_cmd(char, char*)           0x08003f91   Thumb Code   120  nr_micro_shell_commands.o(.text._Z17shell_hexdump_cmdcPc)
    loop()                                   0x08004009   Thumb Code    16  main.o(.text._Z4loopv)
    setup()                                  0x08004019   Thumb Code    94  main.o(.text._Z5setupv)
    Di::init_irq()                           0x08004139   Thumb Code    84  di.o(.text._ZN2Di8init_irqEv)
    Di::init_pin(GPIO_Module*, unsigned short) 0x0800418d   Thumb Code   270  di.o(.text._ZN2Di8init_pinEP11GPIO_Modulet)
    Di::Di()                                 0x0800429d   Thumb Code    10  di.o(.text._ZN2DiC2Ev)
    Di::Di__sub_object()                     0x0800429d   Thumb Code    10  di.o(.text._ZN2DiC2Ev)
    Di::~Di()                                0x080042a9   Thumb Code    10  di.o(.text._ZN2DiD2Ev)
    Di::~Di__sub_object()                    0x080042a9   Thumb Code    10  di.o(.text._ZN2DiD2Ev)
    Do::low()                                0x080042b5   Thumb Code    16  do.o(.text._ZN2Do3lowEv)
    Do::high()                               0x080042c5   Thumb Code    16  do.o(.text._ZN2Do4highEv)
    Do::init_pin(GPIO_Module*, unsigned short) 0x080042d5   Thumb Code   270  do.o(.text._ZN2Do8init_pinEP11GPIO_Modulet)
    Do::Do()                                 0x080043e5   Thumb Code    10  do.o(.text._ZN2DoC2Ev)
    Do::Do__sub_object()                     0x080043e5   Thumb Code    10  do.o(.text._ZN2DoC2Ev)
    Do::~Do()                                0x080043f1   Thumb Code    10  do.o(.text._ZN2DoD2Ev)
    Do::~Do__sub_object()                    0x080043f1   Thumb Code    10  do.o(.text._ZN2DoD2Ev)
    App::idle_process()                      0x080043fd   Thumb Code    38  app.o(.text._ZN3App12idle_processEv)
    App::uart_process()                      0x08004425   Thumb Code    14  app.o(.text._ZN3App12uart_processEv)
    App::error_process()                     0x08004435   Thumb Code    40  app.o(.text._ZN3App13error_processEv)
    App::sent_sample_data()                  0x0800445d   Thumb Code    18  app.o(.text._ZN3App16sent_sample_dataEv)
    App::run()                               0x08004471   Thumb Code    74  app.o(.text._ZN3App3runEv)
    App::App()                               0x080044bd   Thumb Code    16  app.o(.text._ZN3AppC2Ev)
    App::App__sub_object()                   0x080044bd   Thumb Code    16  app.o(.text._ZN3AppC2Ev)
    App::~App()                              0x080044cd   Thumb Code    10  app.o(.text._ZN3AppD2Ev)
    App::~App__sub_object()                  0x080044cd   Thumb Code    10  app.o(.text._ZN3AppD2Ev)
    Clk::print_clock()                       0x080044d9   Thumb Code    96  clk.o(.text._ZN3Clk11print_clockEv)
    Clk::Clk()                               0x08004539   Thumb Code   118  clk.o(.text._ZN3ClkC2Ev)
    Clk::Clk__sub_object()                   0x08004539   Thumb Code   118  clk.o(.text._ZN3ClkC2Ev)
    Clk::~Clk()                              0x080045b1   Thumb Code    10  clk.o(.text._ZN3ClkD2Ev)
    Clk::~Clk__sub_object()                  0x080045b1   Thumb Code    10  clk.o(.text._ZN3ClkD2Ev)
    Rtt::init()                              0x080045bd   Thumb Code   126  rtt.o(.text._ZN3Rtt4initEv)
    Rtt::Rtt()                               0x0800463d   Thumb Code    20  rtt.o(.text._ZN3RttC2Ev)
    Rtt::Rtt__sub_object()                   0x0800463d   Thumb Code    20  rtt.o(.text._ZN3RttC2Ev)
    Rtt::~Rtt()                              0x08004651   Thumb Code    10  rtt.o(.text._ZN3RttD2Ev)
    Rtt::~Rtt__sub_object()                  0x08004651   Thumb Code    10  rtt.o(.text._ZN3RttD2Ev)
    Spi::Read_REG0_L()                       0x0800465d   Thumb Code    54  spi.o(.text._ZN3Spi11Read_REG0_LEv)
    Spi::Write_Order(unsigned char)          0x08004695   Thumb Code    38  spi.o(.text._ZN3Spi11Write_OrderEh)
    Spi::init_ss_pin()                       0x080046bd   Thumb Code    34  spi.o(.text._ZN3Spi11init_ss_pinEv)
    Spi::init_int_pin()                      0x080046e1   Thumb Code    38  spi.o(.text._ZN3Spi12init_int_pinEv)
    Spi::init_rst_pin()                      0x08004709   Thumb Code    38  spi.o(.text._ZN3Spi12init_rst_pinEv)
    Spi::MS1030_Temper()                     0x08004731   Thumb Code   356  spi.o(.text._ZN3Spi13MS1030_TemperEv)
    Spi::read8()                             0x08004895   Thumb Code   178  spi.o(.text._ZN3Spi5read8Ev)
    Spi::config()                            0x08004949   Thumb Code   252  spi.o(.text._ZN3Spi6configEv)
    Spi::read16()                            0x08004a45   Thumb Code   266  spi.o(.text._ZN3Spi6read16Ev)
    Spi::read32()                            0x08004b51   Thumb Code   442  spi.o(.text._ZN3Spi6read32Ev)
    Spi::write8(unsigned char)               0x08004d0d   Thumb Code    76  spi.o(.text._ZN3Spi6write8Eh)
    Spi::Read_Reg(unsigned char)             0x08004d59   Thumb Code    54  spi.o(.text._ZN3Spi8Read_RegEh)
    Spi::init_int()                          0x08004d91   Thumb Code    46  spi.o(.text._ZN3Spi8init_intEv)
    Spi::init_pin()                          0x08004dc1   Thumb Code    66  spi.o(.text._ZN3Spi8init_pinEv)
    Spi::init_spi()                          0x08004e05   Thumb Code    92  spi.o(.text._ZN3Spi8init_spiEv)
    Spi::Read_STAT()                         0x08004e61   Thumb Code    54  spi.o(.text._ZN3Spi9Read_STATEv)
    Spi::Write_Reg(unsigned char, unsigned int) 0x08004e99   Thumb Code    80  spi.o(.text._ZN3Spi9Write_RegEhj)
    Spi::Spi()                               0x08004ee9   Thumb Code    72  spi.o(.text._ZN3SpiC2Ev)
    Spi::Spi__sub_object()                   0x08004ee9   Thumb Code    72  spi.o(.text._ZN3SpiC2Ev)
    Spi::~Spi()                              0x08004f31   Thumb Code    36  spi.o(.text._ZN3SpiD2Ev)
    Spi::~Spi__sub_object()                  0x08004f31   Thumb Code    36  spi.o(.text._ZN3SpiD2Ev)
    Uart::init(unsigned int)                 0x08004f55   Thumb Code    78  uart.o(.text._ZN4Uart4initEj)
    Uart::init_pin()                         0x08004fa5   Thumb Code    78  uart.o(.text._ZN4Uart8init_pinEv)
    Uart::init_nvic()                        0x08004ff5   Thumb Code    42  uart.o(.text._ZN4Uart9init_nvicEv)
    Uart::Uart()                             0x08005021   Thumb Code    36  uart.o(.text._ZN4UartC2Ev)
    Uart::Uart__sub_object()                 0x08005021   Thumb Code    36  uart.o(.text._ZN4UartC2Ev)
    Uart::~Uart()                            0x08005045   Thumb Code    10  uart.o(.text._ZN4UartD2Ev)
    Uart::~Uart__sub_object()                0x08005045   Thumb Code    10  uart.o(.text._ZN4UartD2Ev)
    Shell::init()                            0x08005051   Thumb Code    34  shell.o(.text._ZN5Shell4initEv)
    Shell::Shell()                           0x08005075   Thumb Code    20  shell.o(.text._ZN5ShellC2Ev)
    Shell::Shell__sub_object()               0x08005075   Thumb Code    20  shell.o(.text._ZN5ShellC2Ev)
    Shell::~Shell()                          0x08005089   Thumb Code    10  shell.o(.text._ZN5ShellD2Ev)
    Shell::~Shell__sub_object()              0x08005089   Thumb Code    10  shell.o(.text._ZN5ShellD2Ev)
    Systick::init()                          0x08005095   Thumb Code    56  systick.o(.text._ZN7Systick4initEv)
    Systick::delay_ms(unsigned int)          0x080050cd   Thumb Code    40  systick.o(.text._ZN7Systick8delay_msEj)
    Systick::Systick()                       0x080050f5   Thumb Code    20  systick.o(.text._ZN7SystickC2Ev)
    Systick::Systick__sub_object()           0x080050f5   Thumb Code    20  systick.o(.text._ZN7SystickC2Ev)
    Systick::~Systick()                      0x08005109   Thumb Code    10  systick.o(.text._ZN7SystickD2Ev)
    Systick::~Systick__sub_object()          0x08005109   Thumb Code    10  systick.o(.text._ZN7SystickD2Ev)
    DWTDelay::init(unsigned int)             0x08005115   Thumb Code    48  dwtdelay.o(.text._ZN8DWTDelay4initEj)
    DWTDelay::delay_ms(unsigned int)         0x08005145   Thumb Code    26  dwtdelay.o(.text._ZN8DWTDelay8delay_msEj)
    DWTDelay::delay_us(unsigned int)         0x08005161   Thumb Code   134  dwtdelay.o(.text._ZN8DWTDelay8delay_usEj)
    DWTDelay::DWTDelay()                     0x080051e9   Thumb Code    30  dwtdelay.o(.text._ZN8DWTDelayC2Ev)
    DWTDelay::DWTDelay__sub_object()         0x080051e9   Thumb Code    30  dwtdelay.o(.text._ZN8DWTDelayC2Ev)
    DWTDelay::~DWTDelay()                    0x08005209   Thumb Code    10  dwtdelay.o(.text._ZN8DWTDelayD2Ev)
    DWTDelay::~DWTDelay__sub_object()        0x08005209   Thumb Code    10  dwtdelay.o(.text._ZN8DWTDelayD2Ev)
    Hardware::Hardware()                     0x08005215   Thumb Code    70  hardware.o(.text._ZN8HardwareC2Ev)
    Hardware::Hardware__sub_object()         0x08005215   Thumb Code    70  hardware.o(.text._ZN8HardwareC2Ev)
    Hardware::~Hardware()                    0x0800525d   Thumb Code    44  hardware.o(.text._ZN8HardwareD2Ev)
    Hardware::~Hardware__sub_object()        0x0800525d   Thumb Code    44  hardware.o(.text._ZN8HardwareD2Ev)
    _shell_init                              0x08005391   Thumb Code   214  nr_micro_shell.o(.text._shell_init)
    ansi_clear_current_line                  0x08005469   Thumb Code    30  ansi.o(.text.ansi_clear_current_line)
    ansi_get_char                            0x08005489   Thumb Code   372  ansi.o(.text.ansi_get_char)
    ansi_init                                0x080055fd   Thumb Code    42  ansi.o(.text.ansi_init)
    ansi_search_char                         0x08005629   Thumb Code    98  ansi.o(.text.ansi_search_char)
    ansi_show_str                            0x0800568d   Thumb Code    56  ansi_port.o(.text.ansi_show_str)
    fputc                                    0x080056c5   Thumb Code    52  bsp.o(.text.fputc)
    hexdump                                  0x080056f9   Thumb Code   824  bsp.o(.text.hexdump)
    log_log                                  0x08005a85   Thumb Code   236  log.o(.text.log_log)
    main                                     0x08005b71   Thumb Code    20  main.o(.text.main)
    memory_init                              0x08005b85   Thumb Code     2  bsp.o(.text.memory_init)
    nr_ansi_common_char_slover               0x08005b89   Thumb Code   212  ansi_port.o(.text.nr_ansi_common_char_slover)
    nr_ansi_ctrl_common_slover               0x08005c5d   Thumb Code    62  ansi_port.o(.text.nr_ansi_ctrl_common_slover)
    nr_ansi_in__                             0x08005c9d   Thumb Code   108  ansi_port.o(.text.nr_ansi_in__)
    nr_ansi_in_backspace                     0x08005d09   Thumb Code   108  ansi_port.o(.text.nr_ansi_in_backspace)
    nr_ansi_in_down                          0x08005d75   Thumb Code   164  ansi_port.o(.text.nr_ansi_in_down)
    nr_ansi_in_enter                         0x08005e19   Thumb Code    60  ansi_port.o(.text.nr_ansi_in_enter)
    nr_ansi_in_left                          0x08005e55   Thumb Code    44  ansi_port.o(.text.nr_ansi_in_left)
    nr_ansi_in_newline                       0x08005e81   Thumb Code    50  ansi_port.o(.text.nr_ansi_in_newline)
    nr_ansi_in_right                         0x08005eb5   Thumb Code    48  ansi_port.o(.text.nr_ansi_in_right)
    nr_ansi_in_tab                           0x08005ee5   Thumb Code   254  ansi_port.o(.text.nr_ansi_in_tab)
    nr_ansi_in_up                            0x08005fe5   Thumb Code   168  ansi_port.o(.text.nr_ansi_in_up)
    shell_cmd_complete                       0x08006199   Thumb Code   186  nr_micro_shell.o(.text.shell_cmd_complete)
    shell_his_copy_queue_item                0x08006255   Thumb Code   376  nr_micro_shell.o(.text.shell_his_copy_queue_item)
    shell_his_queue_add_cmd                  0x080063cd   Thumb Code   366  nr_micro_shell.o(.text.shell_his_queue_add_cmd)
    shell_his_queue_init                     0x0800653d   Thumb Code    34  nr_micro_shell.o(.text.shell_his_queue_init)
    shell_his_queue_search_cmd               0x08006561   Thumb Code   380  nr_micro_shell.o(.text.shell_his_queue_search_cmd)
    shell_parser                             0x080066dd   Thumb Code   360  nr_micro_shell.o(.text.shell_parser)
    shell_search_cmd                         0x08006845   Thumb Code    98  nr_micro_shell.o(.text.shell_search_cmd)
    _btod_d2e                                0x08006949   Thumb Code    62  btod.o(CL$$btod_d2e)
    _d2e_denorm_low                          0x08006987   Thumb Code    70  btod.o(CL$$btod_d2e_denorm_low)
    _d2e_norm_op1                            0x080069cd   Thumb Code    96  btod.o(CL$$btod_d2e_norm_op1)
    __btod_div_common                        0x08006a2d   Thumb Code   696  btod.o(CL$$btod_div_common)
    _e2e                                     0x08006d65   Thumb Code   220  btod.o(CL$$btod_e2e)
    _btod_ediv                               0x08006e41   Thumb Code    42  btod.o(CL$$btod_ediv)
    _btod_emul                               0x08006e6b   Thumb Code    42  btod.o(CL$$btod_emul)
    __btod_mult_common                       0x08006e95   Thumb Code   580  btod.o(CL$$btod_mult_common)
    HardFault_Handler                        0x080070d9   Thumb Code     0  hardfaulthandler.o(OSKERNEL)
    __ARM_fpclassify                         0x080070eb   Thumb Code    48  fpclassify.o(i.__ARM_fpclassify)
    _is_digit                                0x0800711b   Thumb Code    14  __printf_wp.o(i._is_digit)
    _get_lc_ctype                            0x08007129   Thumb Code    44  lc_ctype_c.o(locale$$code)
    _get_lc_time                             0x08007155   Thumb Code    44  lc_time_c.o(locale$$code)
    _get_lc_numeric                          0x08007181   Thumb Code    44  lc_numeric_c.o(locale$$code)
    __fpl_dretinf                            0x080071ad   Thumb Code    12  dretinf.o(x$fpl$dretinf)
    __aeabi_f2d                              0x080071b9   Thumb Code     0  f2d.o(x$fpl$f2d)
    _f2d                                     0x080071b9   Thumb Code    86  f2d.o(x$fpl$f2d)
    __fpl_fnaninf                            0x0800720f   Thumb Code   140  fnaninf.o(x$fpl$fnaninf)
    _fp_init                                 0x0800729b   Thumb Code    26  fpinit.o(x$fpl$fpinit)
    __fplib_config_fpu_vfp                   0x080072b3   Thumb Code     0  fpinit.o(x$fpl$fpinit)
    __fplib_config_pureend_doubles           0x080072b3   Thumb Code     0  fpinit.o(x$fpl$fpinit)
    _printf_fp_dec                           0x080072b5   Thumb Code     4  printf1.o(x$fpl$printf1)
    _printf_fp_hex                           0x080072b9   Thumb Code     4  printf2.o(x$fpl$printf2)
    __I$use$fp                               0x080072bc   Number         0  usenofp.o(x$fpl$usenofp)
    __stdin_name                             0x080072fd   Data           4  sys_io_names.o(.constdata)
    __stdout_name                            0x08007301   Data           4  sys_io_names.o(.constdata)
    __stderr_name                            0x08007305   Data           4  sys_io_names.o(.constdata)
    _monlen                                  0x0800732f   Data          12  _monlen.o(.constdata)
    nr_ansi_in_cmd                           0x080073e0   Data          21  ansi.o(.rodata.nr_ansi_in_cmd)
    nr_ansi_in_cmd_fun                       0x080073f8   Data          80  ansi.o(.rodata.nr_ansi_in_cmd_fun)
    nr_ansi_in_special_symbol                0x08007448   Data           5  ansi.o(.rodata.nr_ansi_in_special_symbol)
    nr_ansi_in_special_symbol_fun            0x08007450   Data          16  ansi.o(.rodata.nr_ansi_in_special_symbol_fun)
    _nr_cmd_start_                           0x08007460   Data          20  nr_micro_shell.o(.rodata.nr_shell_cmd0.end)
    _nr_cmd_end_                             0x08007474   Data          20  nr_micro_shell.o(.rodata.nr_shell_cmd1.end)
    static_cmd                               0x080074c8   Data         120  nr_micro_shell_commands.o(.rodata.static_cmd)
    Region$$Table$$Base                      0x08007a38   Number         0  anon$$obj.o(Region$$Table)
    Region$$Table$$Limit                     0x08007a58   Number         0  anon$$obj.o(Region$$Table)
    __ctype                                  0x08007a65   Data           0  lc_ctype_c.o(locale$$data)
    SHT$$INIT_ARRAY$$Base                    0x08007d04   Number         0  main.o(.init_array)
    SHT$$INIT_ARRAY$$Limit                   0x08007d08   Number         0  init_aeabi.o(.init_array)
    __aeabi_stdin                            0x20000000   Data           4  stdio_streams.o(.data)
    __aeabi_stdout                           0x20000004   Data           4  stdio_streams.o(.data)
    __aeabi_stderr                           0x20000008   Data           4  stdio_streams.o(.data)
    RT_PT1000                                0x2000000c   Data        4004  spi.o(.data.RT_PT1000)
    SystemCoreClock                          0x20000fb0   Data           4  system_n32g4fr.o(.data.SystemCoreClock)
    nr_shell                                 0x20000fcc   Data         316  nr_micro_shell.o(.data.nr_shell)
    __stdin                                  0x20001108   Data          84  stdio_streams.o(.bss)
    __stdout                                 0x2000115c   Data          84  stdio_streams.o(.bss)
    __stderr                                 0x200011b0   Data          84  stdio_streams.o(.bss)
    __libspace_start                         0x20001230   Data          96  libspace.o(.bss)
    __temporary_stack_top$libspace           0x20001290   Data           0  libspace.o(.bss)
    Intn_flag                                0x200012d0   Data           1  spi.o(.bss.Intn_flag)
    _SEGGER_RTT                              0x2000146c   Data         168  segger_rtt.o(.bss._SEGGER_RTT)
    airflow_meter_b                          0x20001924   Data          40  main.o(.bss.airflow_meter_b)
    app                                      0x2000194c   Data           2  main.o(.bss.app)
    delay                                    0x20001950   Data           4  systick.o(.bss.delay)
    dwt                                      0x20001954   Data           4  main.o(.bss.dwt)
    nr                                       0x20001958   Data           1  main.o(.bss.nr)
    nr_ansi                                  0x2000195c   Data         132  ansi.o(.bss.nr_ansi)
    segger_cb                                0x200019e4   Data       16384  main.o(.bss.segger_cb)
    tick                                     0x200059e4   Data           1  main.o(.bss.tick)



==============================================================================

Memory Map of the image

  Image Entry point : 0x08000199

  Load Region LR_IROM1 (Base: 0x08000000, Size: 0x00008e10, Max: 0x00080000, ABSOLUTE, COMPRESSED[0x00008cf0])

    Execution Region ER_IROM1 (Exec base: 0x08000000, Load base: 0x08000000, Size: 0x00007d08, Max: 0x00080000, ABSOLUTE)

    Exec Addr    Load Addr    Size         Type   Attr      Idx    E Section Name        Object

    0x08000000   0x08000000   0x00000198   Data   RO          460    RESET               startup_n32g4fr.o
    0x08000198   0x08000198   0x00000008   Code   RO         1987  * !!!main             c_w.l(__main.o)
    0x080001a0   0x080001a0   0x00000034   Code   RO         2509    !!!scatter          c_w.l(__scatter.o)
    0x080001d4   0x080001d4   0x00000064   Code   RO         2507    !!dclz77c           c_w.l(__dclz77c.o)
    0x08000238   0x08000238   0x0000001c   Code   RO         2511    !!handler_zi        c_w.l(__scatter_zi.o)
    0x08000254   0x08000254   0x00000000   Code   RO         2087    .ARM.Collect$$_printf_percent$$00000000  c_w.l(_printf_percent.o)
    0x08000254   0x08000254   0x00000006   Code   RO         2076    .ARM.Collect$$_printf_percent$$00000001  c_w.l(_printf_n.o)
    0x0800025a   0x0800025a   0x00000006   Code   RO         2078    .ARM.Collect$$_printf_percent$$00000002  c_w.l(_printf_p.o)
    0x08000260   0x08000260   0x00000006   Code   RO         2083    .ARM.Collect$$_printf_percent$$00000003  c_w.l(_printf_f.o)
    0x08000266   0x08000266   0x00000006   Code   RO         2084    .ARM.Collect$$_printf_percent$$00000004  c_w.l(_printf_e.o)
    0x0800026c   0x0800026c   0x00000006   Code   RO         2085    .ARM.Collect$$_printf_percent$$00000005  c_w.l(_printf_g.o)
    0x08000272   0x08000272   0x00000006   Code   RO         2086    .ARM.Collect$$_printf_percent$$00000006  c_w.l(_printf_a.o)
    0x08000278   0x08000278   0x0000000a   Code   RO         2091    .ARM.Collect$$_printf_percent$$00000007  c_w.l(_printf_ll.o)
    0x08000282   0x08000282   0x00000006   Code   RO         2080    .ARM.Collect$$_printf_percent$$00000008  c_w.l(_printf_i.o)
    0x08000288   0x08000288   0x00000006   Code   RO         2081    .ARM.Collect$$_printf_percent$$00000009  c_w.l(_printf_d.o)
    0x0800028e   0x0800028e   0x00000006   Code   RO         2082    .ARM.Collect$$_printf_percent$$0000000A  c_w.l(_printf_u.o)
    0x08000294   0x08000294   0x00000006   Code   RO         2079    .ARM.Collect$$_printf_percent$$0000000B  c_w.l(_printf_o.o)
    0x0800029a   0x0800029a   0x00000006   Code   RO         2077    .ARM.Collect$$_printf_percent$$0000000C  c_w.l(_printf_x.o)
    0x080002a0   0x080002a0   0x00000006   Code   RO         2088    .ARM.Collect$$_printf_percent$$0000000D  c_w.l(_printf_lli.o)
    0x080002a6   0x080002a6   0x00000006   Code   RO         2089    .ARM.Collect$$_printf_percent$$0000000E  c_w.l(_printf_lld.o)
    0x080002ac   0x080002ac   0x00000006   Code   RO         2090    .ARM.Collect$$_printf_percent$$0000000F  c_w.l(_printf_llu.o)
    0x080002b2   0x080002b2   0x00000006   Code   RO         2095    .ARM.Collect$$_printf_percent$$00000010  c_w.l(_printf_llo.o)
    0x080002b8   0x080002b8   0x00000006   Code   RO         2096    .ARM.Collect$$_printf_percent$$00000011  c_w.l(_printf_llx.o)
    0x080002be   0x080002be   0x0000000a   Code   RO         2092    .ARM.Collect$$_printf_percent$$00000012  c_w.l(_printf_l.o)
    0x080002c8   0x080002c8   0x00000006   Code   RO         2074    .ARM.Collect$$_printf_percent$$00000013  c_w.l(_printf_c.o)
    0x080002ce   0x080002ce   0x00000006   Code   RO         2075    .ARM.Collect$$_printf_percent$$00000014  c_w.l(_printf_s.o)
    0x080002d4   0x080002d4   0x00000006   Code   RO         2093    .ARM.Collect$$_printf_percent$$00000015  c_w.l(_printf_lc.o)
    0x080002da   0x080002da   0x00000006   Code   RO         2094    .ARM.Collect$$_printf_percent$$00000016  c_w.l(_printf_ls.o)
    0x080002e0   0x080002e0   0x00000004   Code   RO         2297    .ARM.Collect$$_printf_percent$$00000017  c_w.l(_printf_percent_end.o)
    0x080002e4   0x080002e4   0x00000002   Code   RO         2429    .ARM.Collect$$libinit$$00000000  c_w.l(libinit.o)
    0x080002e6   0x080002e6   0x00000004   Code   RO         2122    .ARM.Collect$$libinit$$00000001  c_w.l(libinit2.o)
    0x080002ea   0x080002ea   0x00000000   Code   RO         2125    .ARM.Collect$$libinit$$00000004  c_w.l(libinit2.o)
    0x080002ea   0x080002ea   0x00000008   Code   RO         2126    .ARM.Collect$$libinit$$00000005  c_w.l(libinit2.o)
    0x080002f2   0x080002f2   0x00000000   Code   RO         2128    .ARM.Collect$$libinit$$0000000A  c_w.l(libinit2.o)
    0x080002f2   0x080002f2   0x00000000   Code   RO         2130    .ARM.Collect$$libinit$$0000000C  c_w.l(libinit2.o)
    0x080002f2   0x080002f2   0x00000000   Code   RO         2132    .ARM.Collect$$libinit$$0000000E  c_w.l(libinit2.o)
    0x080002f2   0x080002f2   0x00000006   Code   RO         2133    .ARM.Collect$$libinit$$0000000F  c_w.l(libinit2.o)
    0x080002f8   0x080002f8   0x00000000   Code   RO         2135    .ARM.Collect$$libinit$$00000011  c_w.l(libinit2.o)
    0x080002f8   0x080002f8   0x0000000c   Code   RO         2136    .ARM.Collect$$libinit$$00000012  c_w.l(libinit2.o)
    0x08000304   0x08000304   0x00000000   Code   RO         2137    .ARM.Collect$$libinit$$00000013  c_w.l(libinit2.o)
    0x08000304   0x08000304   0x00000000   Code   RO         2139    .ARM.Collect$$libinit$$00000015  c_w.l(libinit2.o)
    0x08000304   0x08000304   0x0000000a   Code   RO         2140    .ARM.Collect$$libinit$$00000016  c_w.l(libinit2.o)
    0x0800030e   0x0800030e   0x00000000   Code   RO         2141    .ARM.Collect$$libinit$$00000017  c_w.l(libinit2.o)
    0x0800030e   0x0800030e   0x0000000a   Code   RO         2142    .ARM.Collect$$libinit$$00000018  c_w.l(libinit2.o)
    0x08000318   0x08000318   0x00000000   Code   RO         2143    .ARM.Collect$$libinit$$00000019  c_w.l(libinit2.o)
    0x08000318   0x08000318   0x00000000   Code   RO         2145    .ARM.Collect$$libinit$$0000001B  c_w.l(libinit2.o)
    0x08000318   0x08000318   0x00000000   Code   RO         2147    .ARM.Collect$$libinit$$0000001D  c_w.l(libinit2.o)
    0x08000318   0x08000318   0x00000000   Code   RO         2149    .ARM.Collect$$libinit$$0000001F  c_w.l(libinit2.o)
    0x08000318   0x08000318   0x00000000   Code   RO         2151    .ARM.Collect$$libinit$$00000021  c_w.l(libinit2.o)
    0x08000318   0x08000318   0x00000000   Code   RO         2153    .ARM.Collect$$libinit$$00000023  c_w.l(libinit2.o)
    0x08000318   0x08000318   0x00000004   Code   RO         2154    .ARM.Collect$$libinit$$00000024  c_w.l(libinit2.o)
    0x0800031c   0x0800031c   0x00000000   Code   RO         2155    .ARM.Collect$$libinit$$00000025  c_w.l(libinit2.o)
    0x0800031c   0x0800031c   0x00000000   Code   RO         2159    .ARM.Collect$$libinit$$0000002C  c_w.l(libinit2.o)
    0x0800031c   0x0800031c   0x00000000   Code   RO         2161    .ARM.Collect$$libinit$$0000002E  c_w.l(libinit2.o)
    0x0800031c   0x0800031c   0x00000000   Code   RO         2163    .ARM.Collect$$libinit$$00000030  c_w.l(libinit2.o)
    0x0800031c   0x0800031c   0x00000004   Code   RO         2164    .ARM.Collect$$libinit$$00000031  c_w.l(libinit2.o)
    0x08000320   0x08000320   0x00000000   Code   RO         2165    .ARM.Collect$$libinit$$00000032  c_w.l(libinit2.o)
    0x08000320   0x08000320   0x00000002   Code   RO         2166    .ARM.Collect$$libinit$$00000033  c_w.l(libinit2.o)
    0x08000322   0x08000322   0x00000002   Code   RO         2504    .ARM.Collect$$libshutdown$$00000000  c_w.l(libshutdown.o)
    0x08000324   0x08000324   0x00000006   Code   RO         2328    .ARM.Collect$$libshutdown$$00000001  c_w.l(libshutdown2.o)
    0x0800032a   0x0800032a   0x00000000   Code   RO         2329    .ARM.Collect$$libshutdown$$00000002  c_w.l(libshutdown2.o)
    0x0800032a   0x0800032a   0x00000004   Code   RO         2330    .ARM.Collect$$libshutdown$$00000003  c_w.l(libshutdown2.o)
    0x0800032e   0x0800032e   0x00000000   Code   RO         2331    .ARM.Collect$$libshutdown$$00000004  c_w.l(libshutdown2.o)
    0x0800032e   0x0800032e   0x00000000   Code   RO         2334    .ARM.Collect$$libshutdown$$00000007  c_w.l(libshutdown2.o)
    0x0800032e   0x0800032e   0x00000000   Code   RO         2337    .ARM.Collect$$libshutdown$$0000000A  c_w.l(libshutdown2.o)
    0x0800032e   0x0800032e   0x00000000   Code   RO         2339    .ARM.Collect$$libshutdown$$0000000C  c_w.l(libshutdown2.o)
    0x0800032e   0x0800032e   0x00000000   Code   RO         2342    .ARM.Collect$$libshutdown$$0000000F  c_w.l(libshutdown2.o)
    0x0800032e   0x0800032e   0x00000002   Code   RO         2343    .ARM.Collect$$libshutdown$$00000010  c_w.l(libshutdown2.o)
    0x08000330   0x08000330   0x00000000   Code   RO         2000    .ARM.Collect$$rtentry$$00000000  c_w.l(__rtentry.o)
    0x08000330   0x08000330   0x00000000   Code   RO         2197    .ARM.Collect$$rtentry$$00000002  c_w.l(__rtentry2.o)
    0x08000330   0x08000330   0x00000006   Code   RO         2209    .ARM.Collect$$rtentry$$00000004  c_w.l(__rtentry4.o)
    0x08000336   0x08000336   0x00000000   Code   RO         2199    .ARM.Collect$$rtentry$$00000009  c_w.l(__rtentry2.o)
    0x08000336   0x08000336   0x00000004   Code   RO         2200    .ARM.Collect$$rtentry$$0000000A  c_w.l(__rtentry2.o)
    0x0800033a   0x0800033a   0x00000000   Code   RO         2202    .ARM.Collect$$rtentry$$0000000C  c_w.l(__rtentry2.o)
    0x0800033a   0x0800033a   0x00000008   Code   RO         2203    .ARM.Collect$$rtentry$$0000000D  c_w.l(__rtentry2.o)
    0x08000342   0x08000342   0x00000002   Code   RO         2442    .ARM.Collect$$rtexit$$00000000  c_w.l(rtexit.o)
    0x08000344   0x08000344   0x00000000   Code   RO         2470    .ARM.Collect$$rtexit$$00000002  c_w.l(rtexit2.o)
    0x08000344   0x08000344   0x00000004   Code   RO         2471    .ARM.Collect$$rtexit$$00000003  c_w.l(rtexit2.o)
    0x08000348   0x08000348   0x00000006   Code   RO         2472    .ARM.Collect$$rtexit$$00000004  c_w.l(rtexit2.o)
    0x0800034e   0x0800034e   0x00000002   PAD
    0x08000350   0x08000350   0x00000040   Code   RO          461    .text               startup_n32g4fr.o
    0x08000390   0x08000390   0x00000012   Code   RO         1940    .text               c_w.l(sys_time.o)
    0x080003a2   0x080003a2   0x00000002   PAD
    0x080003a4   0x080003a4   0x00000010   Code   RO         1944    .text               c_w.l(rt_ctype_table.o)
    0x080003b4   0x080003b4   0x00000018   Code   RO         1946    .text               c_w.l(printf.o)
    0x080003cc   0x080003cc   0x00000014   Code   RO         1948    .text               c_w.l(fprintf.o)
    0x080003e0   0x080003e0   0x0000000a   Code   RO         1950    .text               c_w.l(vfprintf.o)
    0x080003ea   0x080003ea   0x00000002   PAD
    0x080003ec   0x080003ec   0x00000064   Code   RO         1952    .text               c_w.l(fflush.o)
    0x08000450   0x08000450   0x00000004   Code   RO         1954    .text               c_w.l(putc.o)
    0x08000454   0x08000454   0x0000000a   Code   RO         1967    .text               c_w.l(cxa_atexit.o)
    0x0800045e   0x0800045e   0x00000024   Code   RO         1970    .text               c_w.l(strstr.o)
    0x08000482   0x08000482   0x00000048   Code   RO         1972    .text               c_w.l(strcpy.o)
    0x080004ca   0x080004ca   0x0000003e   Code   RO         1974    .text               c_w.l(strlen.o)
    0x08000508   0x08000508   0x0000008a   Code   RO         1976    .text               c_w.l(rt_memcpy_v6.o)
    0x08000592   0x08000592   0x00000006   PAD
    0x08000598   0x08000598   0x0000007c   Code   RO         1978    .text               c_w.l(strcmpv7em.o)
    0x08000614   0x08000614   0x0000000c   Code   RO         1980    .text               c_w.l(localtime.o)
    0x08000620   0x08000620   0x00000360   Code   RO         1983    .text               c_w.l(strftime.o)
    0x08000980   0x08000980   0x00000006   Code   RO         1985    .text               c_w.l(heapauxi.o)
    0x08000986   0x08000986   0x00000002   PAD
    0x08000988   0x08000988   0x00000024   Code   RO         1992    .text               c_w.l(init_aeabi.o)
    0x080009ac   0x080009ac   0x00000002   Code   RO         1997    .text               c_w.l(use_no_semi.o)
    0x080009ae   0x080009ae   0x00000000   Code   RO         1999    .text               c_w.l(indicate_semi.o)
    0x080009ae   0x080009ae   0x00000002   PAD
    0x080009b0   0x080009b0   0x00000008   Code   RO         2004    .text               c_w.l(rt_locale_intlibspace.o)
    0x080009b8   0x080009b8   0x0000002c   Code   RO         2006    .text               c_w.l(sprintf.o)
    0x080009e4   0x080009e4   0x0000004e   Code   RO         2010    .text               c_w.l(_printf_pad.o)
    0x08000a32   0x08000a32   0x00000024   Code   RO         2012    .text               c_w.l(_printf_truncate.o)
    0x08000a56   0x08000a56   0x00000052   Code   RO         2014    .text               c_w.l(_printf_str.o)
    0x08000aa8   0x08000aa8   0x00000078   Code   RO         2016    .text               c_w.l(_printf_dec.o)
    0x08000b20   0x08000b20   0x00000028   Code   RO         2018    .text               c_w.l(_printf_charcount.o)
    0x08000b48   0x08000b48   0x00000024   Code   RO         2020    .text               c_w.l(_printf_char_file.o)
    0x08000b6c   0x08000b6c   0x000000bc   Code   RO         2022    .text               c_w.l(_printf_wctomb.o)
    0x08000c28   0x08000c28   0x0000007c   Code   RO         2025    .text               c_w.l(_printf_longlong_dec.o)
    0x08000ca4   0x08000ca4   0x00000070   Code   RO         2031    .text               c_w.l(_printf_oct_int_ll.o)
    0x08000d14   0x08000d14   0x00000094   Code   RO         2051    .text               c_w.l(_printf_hex_int_ll_ptr.o)
    0x08000da8   0x08000da8   0x00000188   Code   RO         2071    .text               c_w.l(__printf_flags_ss_wp.o)
    0x08000f30   0x08000f30   0x000000f8   Code   RO         2097    .text               c_w.l(fseek.o)
    0x08001028   0x08001028   0x000000f0   Code   RO         2099    .text               c_w.l(stdio.o)
    0x08001118   0x08001118   0x00000138   Code   RO         2102    .text               c_w.l(initio.o)
    0x08001250   0x08001250   0x0000002e   Code   RO         2115    .text               c_w.l(aeabi_atexit.o)
    0x0800127e   0x0800127e   0x00000064   Code   RO         2118    .text               c_w.l(rt_memcpy_w.o)
    0x080012e2   0x080012e2   0x00000002   PAD
    0x080012e4   0x080012e4   0x000000b8   Code   RO         2120    .text               c_w.l(localtime_internal.o)
    0x0800139c   0x0800139c   0x00000066   Code   RO         2184    .text               c_w.l(sys_io.o)
    0x08001402   0x08001402   0x00000002   PAD
    0x08001404   0x08001404   0x00000008   Code   RO         2191    .text               c_w.l(libspace.o)
    0x0800140c   0x0800140c   0x00000008   Code   RO         2214    .text               c_w.l(rt_ddtor_pointer_addr_intlibspace.o)
    0x08001414   0x08001414   0x0000005e   Code   RO         2220    .text               c_w.l(h1_alloc.o)
    0x08001472   0x08001472   0x0000004e   Code   RO         2222    .text               c_w.l(h1_free.o)
    0x080014c0   0x080014c0   0x0000008a   Code   RO         2278    .text               c_w.l(lludiv10.o)
    0x0800154a   0x0800154a   0x000000b2   Code   RO         2280    .text               c_w.l(_printf_intcommon.o)
    0x080015fc   0x080015fc   0x0000041c   Code   RO         2282    .text               c_w.l(_printf_fp_dec.o)
    0x08001a18   0x08001a18   0x000002fc   Code   RO         2286    .text               c_w.l(_printf_fp_hex.o)
    0x08001d14   0x08001d14   0x00000030   Code   RO         2289    .text               c_w.l(_printf_char_common.o)
    0x08001d44   0x08001d44   0x0000000a   Code   RO         2291    .text               c_w.l(_sputc.o)
    0x08001d4e   0x08001d4e   0x0000002c   Code   RO         2293    .text               c_w.l(_printf_char.o)
    0x08001d7a   0x08001d7a   0x0000002c   Code   RO         2295    .text               c_w.l(_printf_wchar.o)
    0x08001da6   0x08001da6   0x00000008   Code   RO         2298    .text               c_w.l(ferror.o)
    0x08001dae   0x08001dae   0x00000042   Code   RO         2300    .text               c_w.l(ftell.o)
    0x08001df0   0x08001df0   0x00000046   Code   RO         2302    .text               c_w.l(setvbuf.o)
    0x08001e36   0x08001e36   0x00000002   PAD
    0x08001e38   0x08001e38   0x000000f0   Code   RO         2304    .text               c_w.l(fopen.o)
    0x08001f28   0x08001f28   0x0000004c   Code   RO         2306    .text               c_w.l(fclose.o)
    0x08001f74   0x08001f74   0x00000048   Code   RO         2314    .text               c_w.l(_c16rtomb.o)
    0x08001fbc   0x08001fbc   0x00000042   Code   RO         2316    .text               c_w.l(cxa_finalize.o)
    0x08001ffe   0x08001ffe   0x0000000e   Code   RO         2319    .text               c_w.l(defsig_rtred_outer.o)
    0x0800200c   0x0800200c   0x0000004e   Code   RO         2323    .text               c_w.l(rt_memclr_w.o)
    0x0800205a   0x0800205a   0x0000004a   Code   RO         2346    .text               c_w.l(sys_stackheap_outer.o)
    0x080020a4   0x080020a4   0x00000008   Code   RO         2353    .text               c_w.l(rt_heap_descriptor_intlibspace.o)
    0x080020ac   0x080020ac   0x00000008   Code   RO         2358    .text               c_w.l(rt_errno_addr_intlibspace.o)
    0x080020b4   0x080020b4   0x00000004   Code   RO         2360    .text               c_w.l(hguard.o)
    0x080020b8   0x080020b8   0x0000008a   Code   RO         2362    .text               c_w.l(init_alloc.o)
    0x08002142   0x08002142   0x0000000e   Code   RO         2366    .text               c_w.l(h1_init.o)
    0x08002150   0x08002150   0x00000080   Code   RO         2378    .text               c_w.l(_printf_fp_infnan.o)
    0x080021d0   0x080021d0   0x000000e4   Code   RO         2382    .text               c_w.l(bigflt0.o)
    0x080022b4   0x080022b4   0x00000012   Code   RO         2412    .text               c_w.l(exit.o)
    0x080022c6   0x080022c6   0x0000000a   Code   RO         2414    .text               c_w.l(defsig_exit.o)
    0x080022d0   0x080022d0   0x00000034   Code   RO         2416    .text               c_w.l(defsig_rtred_inner.o)
    0x08002304   0x08002304   0x0000000c   Code   RO         2436    .text               c_w.l(sys_exit.o)
    0x08002310   0x08002310   0x00000000   Code   RO         2446    .text               c_w.l(maybetermalloc1.o)
    0x08002310   0x08002310   0x00000034   Code   RO         2448    .text               c_w.l(h1_extend.o)
    0x08002344   0x08002344   0x00000032   Code   RO         2456    .text               c_w.l(defsig_general.o)
    0x08002376   0x08002376   0x0000000e   Code   RO         2458    .text               c_w.l(defsig_rtmem_outer.o)
    0x08002384   0x08002384   0x0000000e   Code   RO         2465    .text               c_w.l(sys_wrch.o)
    0x08002392   0x08002392   0x00000002   PAD
    0x08002394   0x08002394   0x00000050   Code   RO         2480    .text               c_w.l(defsig_rtmem_inner.o)
    0x080023e4   0x080023e4   0x00000004   Code   RO          472    .text.BusFault_Handler  n32g4fr_it.o
    0x080023e8   0x080023e8   0x00000002   Code   RO          478    .text.DebugMon_Handler  n32g4fr_it.o
    0x080023ea   0x080023ea   0x00000002   PAD
    0x080023ec   0x080023ec   0x00000036   Code   RO          490    .text.EXTI9_5_IRQHandler  n32g4fr_it.o
    0x08002422   0x08002422   0x00000002   PAD
    0x08002424   0x08002424   0x00000014   Code   RO          848    .text.EXTI_ClrITPendBit  n32g4fr_exti.o
    0x08002438   0x08002438   0x0000004c   Code   RO          846    .text.EXTI_GetITStatus  n32g4fr_exti.o
    0x08002484   0x08002484   0x000000ea   Code   RO          836    .text.EXTI_InitPeripheral  n32g4fr_exti.o
    0x0800256e   0x0800256e   0x00000002   PAD
    0x08002570   0x08002570   0x00000054   Code   RO          954    .text.GPIO_ConfigEXTILine  n32g4fr_gpio.o
    0x080025c4   0x080025c4   0x00000186   Code   RO          924    .text.GPIO_InitPeripheral  n32g4fr_gpio.o
    0x0800274a   0x0800274a   0x00000002   PAD
    0x0800274c   0x0800274c   0x00000114   Code   RO         1823    .text.HardFaultHandler  segger_hardfaulthandler.o
    0x08002860   0x08002860   0x00000004   Code   RO          470    .text.MemManage_Handler  n32g4fr_it.o
    0x08002864   0x08002864   0x00000002   Code   RO          468    .text.NMI_Handler   n32g4fr_it.o
    0x08002866   0x08002866   0x00000002   PAD
    0x08002868   0x08002868   0x000000aa   Code   RO          503    .text.NVIC_Init     misc.o
    0x08002912   0x08002912   0x00000002   PAD
    0x08002914   0x08002914   0x0000001c   Code   RO          501    .text.NVIC_PriorityGroupConfig  misc.o
    0x08002930   0x08002930   0x0000002c   Code   RO         1165    .text.RCC_ConfigPclk1  n32g4fr_rcc.o
    0x0800295c   0x0800295c   0x0000002e   Code   RO         1167    .text.RCC_ConfigPclk2  n32g4fr_rcc.o
    0x0800298a   0x0800298a   0x00000002   PAD
    0x0800298c   0x0800298c   0x00000038   Code   RO         1203    .text.RCC_EnableAPB1PeriphClk  n32g4fr_rcc.o
    0x080029c4   0x080029c4   0x00000038   Code   RO         1201    .text.RCC_EnableAPB2PeriphClk  n32g4fr_rcc.o
    0x080029fc   0x080029fc   0x000001c4   Code   RO         1197    .text.RCC_GetClocksFreqValue  n32g4fr_rcc.o
    0x08002bc0   0x08002bc0   0x000000a0   Code   RO         1884    .text.SEGGER_RTT_ConfigUpBuffer  segger_rtt.o
    0x08002c60   0x08002c60   0x00000008   Code   RO         1896    .text.SEGGER_RTT_Init  segger_rtt.o
    0x08002c68   0x08002c68   0x0000004c   Code   RO         1860    .text.SEGGER_RTT_Write  segger_rtt.o
    0x08002cb4   0x08002cb4   0x000000b0   Code   RO         1856    .text.SEGGER_RTT_WriteNoLock  segger_rtt.o
    0x08002d64   0x08002d64   0x0000002a   Code   RO         1929    .text.SEGGER_RTT_printf  segger_rtt_printf.o
    0x08002d8e   0x08002d8e   0x00000002   PAD
    0x08002d90   0x08002d90   0x0000033c   Code   RO         1921    .text.SEGGER_RTT_vprintf  segger_rtt_printf.o
    0x080030cc   0x080030cc   0x00000046   Code   RO          488    .text.SPI2_IRQHandler  n32g4fr_it.o
    0x08003112   0x08003112   0x00000002   PAD
    0x08003114   0x08003114   0x0000002c   Code   RO         1411    .text.SPI_Enable    n32g4fr_spi.o
    0x08003140   0x08003140   0x0000007e   Code   RO         1443    .text.SPI_I2S_GetIntStatus  n32g4fr_spi.o
    0x080031be   0x080031be   0x00000002   PAD
    0x080031c0   0x080031c0   0x00000036   Code   RO         1439    .text.SPI_I2S_GetStatus  n32g4fr_spi.o
    0x080031f6   0x080031f6   0x00000002   PAD
    0x080031f8   0x080031f8   0x0000000c   Code   RO         1421    .text.SPI_I2S_ReceiveData  n32g4fr_spi.o
    0x08003204   0x08003204   0x00000014   Code   RO         1419    .text.SPI_I2S_TransmitData  n32g4fr_spi.o
    0x08003218   0x08003218   0x00000068   Code   RO         1403    .text.SPI_Init      n32g4fr_spi.o
    0x08003280   0x08003280   0x0000002c   Code   RO         1425    .text.SPI_SSOutputEnable  n32g4fr_spi.o
    0x080032ac   0x080032ac   0x00000002   Code   RO          476    .text.SVC_Handler   n32g4fr_it.o
    0x080032ae   0x080032ae   0x00000002   PAD
    0x080032b0   0x080032b0   0x000000be   Code   RO          446    .text.SetSysClock   system_n32g4fr.o
    0x0800336e   0x0800336e   0x00000002   PAD
    0x08003370   0x08003370   0x00000020   Code   RO          480    .text.SysTick_Handler  n32g4fr_it.o
    0x08003390   0x08003390   0x000000cc   Code   RO          444    .text.SystemInit    system_n32g4fr.o
    0x0800345c   0x0800345c   0x00000002   Code   RO          484    .text.TIM1_CC_IRQHandler  n32g4fr_it.o
    0x0800345e   0x0800345e   0x00000002   PAD
    0x08003460   0x08003460   0x0000007c   Code   RO          486    .text.USART3_IRQHandler  n32g4fr_it.o
    0x080034dc   0x080034dc   0x00000092   Code   RO         1718    .text.USART_ConfigInt  n32g4fr_usart.o
    0x0800356e   0x0800356e   0x00000002   PAD
    0x08003570   0x08003570   0x0000002c   Code   RO         1716    .text.USART_Enable  n32g4fr_usart.o
    0x0800359c   0x0800359c   0x00000044   Code   RO         1752    .text.USART_GetFlagStatus  n32g4fr_usart.o
    0x080035e0   0x080035e0   0x000000b0   Code   RO         1756    .text.USART_GetIntStatus  n32g4fr_usart.o
    0x08003690   0x08003690   0x00000124   Code   RO         1708    .text.USART_Init    n32g4fr_usart.o
    0x080037b4   0x080037b4   0x00000010   Code   RO         1734    .text.USART_ReceiveData  n32g4fr_usart.o
    0x080037c4   0x080037c4   0x00000018   Code   RO         1732    .text.USART_SendData  n32g4fr_usart.o
    0x080037dc   0x080037dc   0x00000004   Code   RO          474    .text.UsageFault_Handler  n32g4fr_it.o
    0x080037e0   0x080037e0   0x0000009c   Code   RO         1838    .text._DoInit       segger_rtt.o
    0x0800387c   0x0800387c   0x0000001c   Code   RO           20    .text._GLOBAL__sub_I_main.cpp  main.o
    0x08003898   0x08003898   0x0000003e   Code   RO         1850    .text._GetAvailWriteSpace  segger_rtt.o
    0x080038d6   0x080038d6   0x00000002   PAD
    0x080038d8   0x080038d8   0x000001cc   Code   RO         1925    .text._PrintInt     segger_rtt_printf.o
    0x08003aa4   0x08003aa4   0x000001ac   Code   RO         1927    .text._PrintUnsigned  segger_rtt_printf.o
    0x08003c50   0x08003c50   0x00000076   Code   RO         1923    .text._StoreChar    segger_rtt_printf.o
    0x08003cc6   0x08003cc6   0x00000002   PAD
    0x08003cc8   0x08003cc8   0x000000e4   Code   RO         1854    .text._WriteBlocking  segger_rtt.o
    0x08003dac   0x08003dac   0x0000008c   Code   RO         1852    .text._WriteNoCheck  segger_rtt.o
    0x08003e38   0x08003e38   0x000000cc   Code   RO          183    .text._Z14shell_mode_cmdcPc  nr_micro_shell_commands.o
    0x08003f04   0x08003f04   0x0000003a   Code   RO          179    .text._Z14shell_quit_cmdcPc  nr_micro_shell_commands.o
    0x08003f3e   0x08003f3e   0x00000002   PAD
    0x08003f40   0x08003f40   0x00000028   Code   RO          177    .text._Z14shell_stop_cmdcPc  nr_micro_shell_commands.o
    0x08003f68   0x08003f68   0x00000028   Code   RO          175    .text._Z15shell_start_cmdcPc  nr_micro_shell_commands.o
    0x08003f90   0x08003f90   0x00000078   Code   RO          173    .text._Z17shell_hexdump_cmdcPc  nr_micro_shell_commands.o
    0x08004008   0x08004008   0x00000010   Code   RO           16    .text._Z4loopv      main.o
    0x08004018   0x08004018   0x0000005e   Code   RO           14    .text._Z5setupv     main.o
    0x08004076   0x08004076   0x00000002   PAD
    0x08004078   0x08004078   0x00000052   Code   RO          200    .text._ZL14SysTick_Configj  systick.o
    0x080040ca   0x080040ca   0x00000002   PAD
    0x080040cc   0x080040cc   0x00000042   Code   RO          202    .text._ZL18__NVIC_SetPriority4IRQnj  systick.o
    0x0800410e   0x0800410e   0x00000002   PAD
    0x08004110   0x08004110   0x00000026   Code   RO          181    .text._ZL18__NVIC_SystemResetv  nr_micro_shell_commands.o
    0x08004136   0x08004136   0x00000002   PAD
    0x08004138   0x08004138   0x00000054   Code   RO          280    .text._ZN2Di8init_irqEv  di.o
    0x0800418c   0x0800418c   0x0000010e   Code   RO          276    .text._ZN2Di8init_pinEP11GPIO_Modulet  di.o
    0x0800429a   0x0800429a   0x00000002   PAD
    0x0800429c   0x0800429c   0x0000000a   Code   RO          272    .text._ZN2DiC2Ev    di.o
    0x080042a6   0x080042a6   0x00000002   PAD
    0x080042a8   0x080042a8   0x0000000a   Code   RO          278    .text._ZN2DiD2Ev    di.o
    0x080042b2   0x080042b2   0x00000002   PAD
    0x080042b4   0x080042b4   0x00000010   Code   RO          104    .text._ZN2Do3lowEv  do.o
    0x080042c4   0x080042c4   0x00000010   Code   RO          106    .text._ZN2Do4highEv  do.o
    0x080042d4   0x080042d4   0x0000010e   Code   RO          100    .text._ZN2Do8init_pinEP11GPIO_Modulet  do.o
    0x080043e2   0x080043e2   0x00000002   PAD
    0x080043e4   0x080043e4   0x0000000a   Code   RO           96    .text._ZN2DoC2Ev    do.o
    0x080043ee   0x080043ee   0x00000002   PAD
    0x080043f0   0x080043f0   0x0000000a   Code   RO          102    .text._ZN2DoD2Ev    do.o
    0x080043fa   0x080043fa   0x00000002   PAD
    0x080043fc   0x080043fc   0x00000026   Code   RO          159    .text._ZN3App12idle_processEv  app.o
    0x08004422   0x08004422   0x00000002   PAD
    0x08004424   0x08004424   0x0000000e   Code   RO          157    .text._ZN3App12uart_processEv  app.o
    0x08004432   0x08004432   0x00000002   PAD
    0x08004434   0x08004434   0x00000028   Code   RO          161    .text._ZN3App13error_processEv  app.o
    0x0800445c   0x0800445c   0x00000012   Code   RO          155    .text._ZN3App16sent_sample_dataEv  app.o
    0x0800446e   0x0800446e   0x00000002   PAD
    0x08004470   0x08004470   0x0000004a   Code   RO          153    .text._ZN3App3runEv  app.o
    0x080044ba   0x080044ba   0x00000002   PAD
    0x080044bc   0x080044bc   0x00000010   Code   RO          149    .text._ZN3AppC2Ev   app.o
    0x080044cc   0x080044cc   0x0000000a   Code   RO          151    .text._ZN3AppD2Ev   app.o
    0x080044d6   0x080044d6   0x00000002   PAD
    0x080044d8   0x080044d8   0x00000060   Code   RO           70    .text._ZN3Clk11print_clockEv  clk.o
    0x08004538   0x08004538   0x00000076   Code   RO           68    .text._ZN3ClkC2Ev   clk.o
    0x080045ae   0x080045ae   0x00000002   PAD
    0x080045b0   0x080045b0   0x0000000a   Code   RO           72    .text._ZN3ClkD2Ev   clk.o
    0x080045ba   0x080045ba   0x00000002   PAD
    0x080045bc   0x080045bc   0x0000007e   Code   RO           82    .text._ZN3Rtt4initEv  rtt.o
    0x0800463a   0x0800463a   0x00000002   PAD
    0x0800463c   0x0800463c   0x00000014   Code   RO           84    .text._ZN3RttC2Ev   rtt.o
    0x08004650   0x08004650   0x0000000a   Code   RO           86    .text._ZN3RttD2Ev   rtt.o
    0x0800465a   0x0800465a   0x00000002   PAD
    0x0800465c   0x0800465c   0x00000036   Code   RO          242    .text._ZN3Spi11Read_REG0_LEv  spi.o
    0x08004692   0x08004692   0x00000002   PAD
    0x08004694   0x08004694   0x00000026   Code   RO          240    .text._ZN3Spi11Write_OrderEh  spi.o
    0x080046ba   0x080046ba   0x00000002   PAD
    0x080046bc   0x080046bc   0x00000022   Code   RO          222    .text._ZN3Spi11init_ss_pinEv  spi.o
    0x080046de   0x080046de   0x00000002   PAD
    0x080046e0   0x080046e0   0x00000026   Code   RO          226    .text._ZN3Spi12init_int_pinEv  spi.o
    0x08004706   0x08004706   0x00000002   PAD
    0x08004708   0x08004708   0x00000026   Code   RO          224    .text._ZN3Spi12init_rst_pinEv  spi.o
    0x0800472e   0x0800472e   0x00000002   PAD
    0x08004730   0x08004730   0x00000164   Code   RO          256    .text._ZN3Spi13MS1030_TemperEv  spi.o
    0x08004894   0x08004894   0x000000b2   Code   RO          232    .text._ZN3Spi5read8Ev  spi.o
    0x08004946   0x08004946   0x00000002   PAD
    0x08004948   0x08004948   0x000000fc   Code   RO          260    .text._ZN3Spi6configEv  spi.o
    0x08004a44   0x08004a44   0x0000010a   Code   RO          234    .text._ZN3Spi6read16Ev  spi.o
    0x08004b4e   0x08004b4e   0x00000002   PAD
    0x08004b50   0x08004b50   0x000001ba   Code   RO          236    .text._ZN3Spi6read32Ev  spi.o
    0x08004d0a   0x08004d0a   0x00000002   PAD
    0x08004d0c   0x08004d0c   0x0000004c   Code   RO          230    .text._ZN3Spi6write8Eh  spi.o
    0x08004d58   0x08004d58   0x00000036   Code   RO          246    .text._ZN3Spi8Read_RegEh  spi.o
    0x08004d8e   0x08004d8e   0x00000002   PAD
    0x08004d90   0x08004d90   0x0000002e   Code   RO          216    .text._ZN3Spi8init_intEv  spi.o
    0x08004dbe   0x08004dbe   0x00000002   PAD
    0x08004dc0   0x08004dc0   0x00000042   Code   RO          218    .text._ZN3Spi8init_pinEv  spi.o
    0x08004e02   0x08004e02   0x00000002   PAD
    0x08004e04   0x08004e04   0x0000005c   Code   RO          220    .text._ZN3Spi8init_spiEv  spi.o
    0x08004e60   0x08004e60   0x00000036   Code   RO          244    .text._ZN3Spi9Read_STATEv  spi.o
    0x08004e96   0x08004e96   0x00000002   PAD
    0x08004e98   0x08004e98   0x00000050   Code   RO          238    .text._ZN3Spi9Write_RegEhj  spi.o
    0x08004ee8   0x08004ee8   0x00000048   Code   RO          214    .text._ZN3SpiC2Ev   spi.o
    0x08004f30   0x08004f30   0x00000024   Code   RO          228    .text._ZN3SpiD2Ev   spi.o
    0x08004f54   0x08004f54   0x0000004e   Code   RO           53    .text._ZN4Uart4initEj  uart.o
    0x08004fa2   0x08004fa2   0x00000002   PAD
    0x08004fa4   0x08004fa4   0x0000004e   Code   RO           51    .text._ZN4Uart8init_pinEv  uart.o
    0x08004ff2   0x08004ff2   0x00000002   PAD
    0x08004ff4   0x08004ff4   0x0000002a   Code   RO           55    .text._ZN4Uart9init_nvicEv  uart.o
    0x0800501e   0x0800501e   0x00000002   PAD
    0x08005020   0x08005020   0x00000024   Code   RO           49    .text._ZN4UartC2Ev  uart.o
    0x08005044   0x08005044   0x0000000a   Code   RO           57    .text._ZN4UartD2Ev  uart.o
    0x0800504e   0x0800504e   0x00000002   PAD
    0x08005050   0x08005050   0x00000022   Code   RO          136    .text._ZN5Shell4initEv  shell.o
    0x08005072   0x08005072   0x00000002   PAD
    0x08005074   0x08005074   0x00000014   Code   RO          138    .text._ZN5ShellC2Ev  shell.o
    0x08005088   0x08005088   0x0000000a   Code   RO          140    .text._ZN5ShellD2Ev  shell.o
    0x08005092   0x08005092   0x00000002   PAD
    0x08005094   0x08005094   0x00000038   Code   RO          196    .text._ZN7Systick4initEv  systick.o
    0x080050cc   0x080050cc   0x00000028   Code   RO          204    .text._ZN7Systick8delay_msEj  systick.o
    0x080050f4   0x080050f4   0x00000014   Code   RO          194    .text._ZN7SystickC2Ev  systick.o
    0x08005108   0x08005108   0x0000000a   Code   RO          198    .text._ZN7SystickD2Ev  systick.o
    0x08005112   0x08005112   0x00000002   PAD
    0x08005114   0x08005114   0x00000030   Code   RO          117    .text._ZN8DWTDelay4initEj  dwtdelay.o
    0x08005144   0x08005144   0x0000001a   Code   RO          125    .text._ZN8DWTDelay8delay_msEj  dwtdelay.o
    0x0800515e   0x0800515e   0x00000002   PAD
    0x08005160   0x08005160   0x00000086   Code   RO          123    .text._ZN8DWTDelay8delay_usEj  dwtdelay.o
    0x080051e6   0x080051e6   0x00000002   PAD
    0x080051e8   0x080051e8   0x0000001e   Code   RO          119    .text._ZN8DWTDelayC2Ev  dwtdelay.o
    0x08005206   0x08005206   0x00000002   PAD
    0x08005208   0x08005208   0x0000000a   Code   RO          121    .text._ZN8DWTDelayD2Ev  dwtdelay.o
    0x08005212   0x08005212   0x00000002   PAD
    0x08005214   0x08005214   0x00000046   Code   RO           38    .text._ZN8HardwareC2Ev  hardware.o
    0x0800525a   0x0800525a   0x00000002   PAD
    0x0800525c   0x0800525c   0x0000002c   Code   RO           40    .text._ZN8HardwareD2Ev  hardware.o
    0x08005288   0x08005288   0x0000002c   Code   RO            2    .text.__cxx_global_var_init  main.o
    0x080052b4   0x080052b4   0x0000002c   Code   RO            4    .text.__cxx_global_var_init.1  main.o
    0x080052e0   0x080052e0   0x0000002c   Code   RO            6    .text.__cxx_global_var_init.2  main.o
    0x0800530c   0x0800530c   0x0000002c   Code   RO            8    .text.__cxx_global_var_init.3  main.o
    0x08005338   0x08005338   0x0000002c   Code   RO           10    .text.__cxx_global_var_init.4  main.o
    0x08005364   0x08005364   0x0000002c   Code   RO           12    .text.__cxx_global_var_init.5  main.o
    0x08005390   0x08005390   0x000000d6   Code   RO          380    .text._shell_init   nr_micro_shell.o
    0x08005466   0x08005466   0x00000002   PAD
    0x08005468   0x08005468   0x0000001e   Code   RO          332    .text.ansi_clear_current_line  ansi.o
    0x08005486   0x08005486   0x00000002   PAD
    0x08005488   0x08005488   0x00000174   Code   RO          334    .text.ansi_get_char  ansi.o
    0x080055fc   0x080055fc   0x0000002a   Code   RO          330    .text.ansi_init     ansi.o
    0x08005626   0x08005626   0x00000002   PAD
    0x08005628   0x08005628   0x00000062   Code   RO          328    .text.ansi_search_char  ansi.o
    0x0800568a   0x0800568a   0x00000002   PAD
    0x0800568c   0x0800568c   0x00000038   Code   RO          348    .text.ansi_show_str  ansi_port.o
    0x080056c4   0x080056c4   0x00000034   Code   RO          318    .text.fputc         bsp.o
    0x080056f8   0x080056f8   0x00000338   Code   RO          316    .text.hexdump       bsp.o
    0x08005a30   0x08005a30   0x0000002e   Code   RO          428    .text.init_event    log.o
    0x08005a5e   0x08005a5e   0x00000002   PAD
    0x08005a60   0x08005a60   0x00000024   Code   RO          426    .text.lock          log.o
    0x08005a84   0x08005a84   0x000000ec   Code   RO          424    .text.log_log       log.o
    0x08005b70   0x08005b70   0x00000014   Code   RO           18    .text.main          main.o
    0x08005b84   0x08005b84   0x00000002   Code   RO          314    .text.memory_init   bsp.o
    0x08005b86   0x08005b86   0x00000002   PAD
    0x08005b88   0x08005b88   0x000000d4   Code   RO          350    .text.nr_ansi_common_char_slover  ansi_port.o
    0x08005c5c   0x08005c5c   0x0000003e   Code   RO          352    .text.nr_ansi_ctrl_common_slover  ansi_port.o
    0x08005c9a   0x08005c9a   0x00000002   PAD
    0x08005c9c   0x08005c9c   0x0000006c   Code   RO          370    .text.nr_ansi_in__  ansi_port.o
    0x08005d08   0x08005d08   0x0000006c   Code   RO          358    .text.nr_ansi_in_backspace  ansi_port.o
    0x08005d74   0x08005d74   0x000000a4   Code   RO          362    .text.nr_ansi_in_down  ansi_port.o
    0x08005e18   0x08005e18   0x0000003c   Code   RO          354    .text.nr_ansi_in_enter  ansi_port.o
    0x08005e54   0x08005e54   0x0000002c   Code   RO          364    .text.nr_ansi_in_left  ansi_port.o
    0x08005e80   0x08005e80   0x00000032   Code   RO          356    .text.nr_ansi_in_newline  ansi_port.o
    0x08005eb2   0x08005eb2   0x00000002   PAD
    0x08005eb4   0x08005eb4   0x00000030   Code   RO          366    .text.nr_ansi_in_right  ansi_port.o
    0x08005ee4   0x08005ee4   0x000000fe   Code   RO          368    .text.nr_ansi_in_tab  ansi_port.o
    0x08005fe2   0x08005fe2   0x00000002   PAD
    0x08005fe4   0x08005fe4   0x000000a8   Code   RO          360    .text.nr_ansi_in_up  ansi_port.o
    0x0800608c   0x0800608c   0x0000010a   Code   RO          392    .text.nr_shell_strtok  nr_micro_shell.o
    0x08006196   0x08006196   0x00000002   PAD
    0x08006198   0x08006198   0x000000ba   Code   RO          394    .text.shell_cmd_complete  nr_micro_shell.o
    0x08006252   0x08006252   0x00000002   PAD
    0x08006254   0x08006254   0x00000178   Code   RO          396    .text.shell_his_copy_queue_item  nr_micro_shell.o
    0x080063cc   0x080063cc   0x0000016e   Code   RO          384    .text.shell_his_queue_add_cmd  nr_micro_shell.o
    0x0800653a   0x0800653a   0x00000002   PAD
    0x0800653c   0x0800653c   0x00000022   Code   RO          382    .text.shell_his_queue_init  nr_micro_shell.o
    0x0800655e   0x0800655e   0x00000002   PAD
    0x08006560   0x08006560   0x0000017c   Code   RO          390    .text.shell_his_queue_search_cmd  nr_micro_shell.o
    0x080066dc   0x080066dc   0x00000168   Code   RO          388    .text.shell_parser  nr_micro_shell.o
    0x08006844   0x08006844   0x00000062   Code   RO          386    .text.shell_search_cmd  nr_micro_shell.o
    0x080068a6   0x080068a6   0x00000002   PAD
    0x080068a8   0x080068a8   0x0000007c   Code   RO          430    .text.stdout_callback  log.o
    0x08006924   0x08006924   0x00000024   Code   RO          432    .text.unlock        log.o
    0x08006948   0x08006948   0x0000003e   Code   RO         2385    CL$$btod_d2e        c_w.l(btod.o)
    0x08006986   0x08006986   0x00000046   Code   RO         2387    CL$$btod_d2e_denorm_low  c_w.l(btod.o)
    0x080069cc   0x080069cc   0x00000060   Code   RO         2386    CL$$btod_d2e_norm_op1  c_w.l(btod.o)
    0x08006a2c   0x08006a2c   0x00000338   Code   RO         2395    CL$$btod_div_common  c_w.l(btod.o)
    0x08006d64   0x08006d64   0x000000dc   Code   RO         2392    CL$$btod_e2e        c_w.l(btod.o)
    0x08006e40   0x08006e40   0x0000002a   Code   RO         2389    CL$$btod_ediv       c_w.l(btod.o)
    0x08006e6a   0x08006e6a   0x0000002a   Code   RO         2388    CL$$btod_emul       c_w.l(btod.o)
    0x08006e94   0x08006e94   0x00000244   Code   RO         2394    CL$$btod_mult_common  c_w.l(btod.o)
    0x080070d8   0x080070d8   0x00000012   Code   RO         1832    OSKERNEL            hardfaulthandler.o
    0x080070ea   0x080070ea   0x00000030   Code   RO         2432    i.__ARM_fpclassify  m_wm.l(fpclassify.o)
    0x0800711a   0x0800711a   0x0000000e   Code   RO         2064    i._is_digit         c_w.l(__printf_wp.o)
    0x08007128   0x08007128   0x0000002c   Code   RO         2107    locale$$code        c_w.l(lc_ctype_c.o)
    0x08007154   0x08007154   0x0000002c   Code   RO         2110    locale$$code        c_w.l(lc_time_c.o)
    0x08007180   0x08007180   0x0000002c   Code   RO         2410    locale$$code        c_w.l(lc_numeric_c.o)
    0x080071ac   0x080071ac   0x0000000c   Code   RO         2171    x$fpl$dretinf       fz_wm.l(dretinf.o)
    0x080071b8   0x080071b8   0x00000056   Code   RO         1995    x$fpl$f2d           fz_wm.l(f2d.o)
    0x0800720e   0x0800720e   0x0000008c   Code   RO         2173    x$fpl$fnaninf       fz_wm.l(fnaninf.o)
    0x0800729a   0x0800729a   0x0000001a   Code   RO         2344    x$fpl$fpinit        fz_wm.l(fpinit.o)
    0x080072b4   0x080072b4   0x00000004   Code   RO         2175    x$fpl$printf1       fz_wm.l(printf1.o)
    0x080072b8   0x080072b8   0x00000004   Code   RO         2177    x$fpl$printf2       fz_wm.l(printf2.o)
    0x080072bc   0x080072bc   0x00000000   Code   RO         2183    x$fpl$usenofp       fz_wm.l(usenofp.o)
    0x080072bc   0x080072bc   0x00000008   Data   RO         2023    .constdata          c_w.l(_printf_wctomb.o)
    0x080072c4   0x080072c4   0x00000028   Data   RO         2052    .constdata          c_w.l(_printf_hex_int_ll_ptr.o)
    0x080072ec   0x080072ec   0x00000011   Data   RO         2072    .constdata          c_w.l(__printf_flags_ss_wp.o)
    0x080072fd   0x080072fd   0x00000004   Data   RO         2186    .constdata          c_w.l(sys_io_names.o)
    0x08007301   0x08007301   0x00000004   Data   RO         2187    .constdata          c_w.l(sys_io_names.o)
    0x08007305   0x08007305   0x00000004   Data   RO         2188    .constdata          c_w.l(sys_io_names.o)
    0x08007309   0x08007309   0x00000026   Data   RO         2287    .constdata          c_w.l(_printf_fp_hex.o)
    0x0800732f   0x0800732f   0x0000000c   Data   RO         2325    .constdata          c_w.l(_monlen.o)
    0x0800733b   0x0800733b   0x00000001   PAD
    0x0800733c   0x0800733c   0x00000094   Data   RO         2383    .constdata          c_w.l(bigflt0.o)
    0x080073d0   0x080073d0   0x00000010   Data   RO         1931    .rodata._PrintUnsigned._aV2C  segger_rtt_printf.o
    0x080073e0   0x080073e0   0x00000015   Data   RO          336    .rodata.nr_ansi_in_cmd  ansi.o
    0x080073f5   0x080073f5   0x00000003   PAD
    0x080073f8   0x080073f8   0x00000050   Data   RO          337    .rodata.nr_ansi_in_cmd_fun  ansi.o
    0x08007448   0x08007448   0x00000005   Data   RO          338    .rodata.nr_ansi_in_special_symbol  ansi.o
    0x0800744d   0x0800744d   0x00000003   PAD
    0x08007450   0x08007450   0x00000010   Data   RO          339    .rodata.nr_ansi_in_special_symbol_fun  ansi.o
    0x08007460   0x08007460   0x00000014   Data   RO          398    .rodata.nr_shell_cmd0.end  nr_micro_shell.o
    0x08007474   0x08007474   0x00000014   Data   RO          399    .rodata.nr_shell_cmd1.end  nr_micro_shell.o
    0x08007488   0x08007488   0x00000010   Data   RO         1228    .rodata.s_AdcHclkPresTable  n32g4fr_rcc.o
    0x08007498   0x08007498   0x00000020   Data   RO         1229    .rodata.s_AdcPllClkPresTable  n32g4fr_rcc.o
    0x080074b8   0x080074b8   0x00000010   Data   RO         1227    .rodata.s_ApbAhbPresTable  n32g4fr_rcc.o
    0x080074c8   0x080074c8   0x00000078   Data   RO          186    .rodata.static_cmd  nr_micro_shell_commands.o
    0x08007540   0x08007540   0x00000043   Data   RO           28    .rodata.str1.1      main.o
    0x08007583   0x08007583   0x00000030   Data   RO           74    .rodata.str1.1      clk.o
    0x080075b3   0x080075b3   0x0000007b   Data   RO           88    .rodata.str1.1      rtt.o
    0x0800762e   0x0800762e   0x0000000b   Data   RO          163    .rodata.str1.1      app.o
    0x08007639   0x08007639   0x00000136   Data   RO          185    .rodata.str1.1      nr_micro_shell_commands.o
    0x0800776f   0x0800776f   0x0000004a   Data   RO          264    .rodata.str1.1      spi.o
    0x080077b9   0x080077b9   0x00000047   Data   RO          320    .rodata.str1.1      bsp.o
    0x08007800   0x08007800   0x00000021   Data   RO          372    .rodata.str1.1      ansi_port.o
    0x08007821   0x08007821   0x000001b5   Data   RO          401    .rodata.str1.1      nr_micro_shell.o
    0x080079d6   0x080079d6   0x0000003b   Data   RO          436    .rodata.str1.1      log.o
    0x08007a11   0x08007a11   0x00000013   Data   RO          492    .rodata.str1.1      n32g4fr_it.o
    0x08007a24   0x08007a24   0x00000014   Data   RO         1911    .rodata.str1.1      segger_rtt.o
    0x08007a38   0x08007a38   0x00000020   Data   RO         2506    Region$$Table       anon$$obj.o
    0x08007a58   0x08007a58   0x00000110   Data   RO         2106    locale$$data        c_w.l(lc_ctype_c.o)
    0x08007b68   0x08007b68   0x00000180   Data   RO         2109    locale$$data        c_w.l(lc_time_c.o)
    0x08007ce8   0x08007ce8   0x0000001c   Data   RO         2409    locale$$data        c_w.l(lc_numeric_c.o)
    0x08007d04   0x08007d04   0x00000004   Data   RO           29    .init_array         main.o
    0x08007d08   0x08007d04   0x00000000   Data   RO         1990    .init_array         c_w.l(init_aeabi.o)


    Execution Region RW_IRAM1 (Exec base: 0x20000000, Load base: 0x08007d08, Size: 0x00006ae8, Max: 0x00020000, ABSOLUTE, COMPRESSED[0x00000fe8])

    Exec Addr    Load Addr    Size         Type   Attr      Idx    E Section Name        Object

    0x20000000   COMPRESSED   0x00000004   Data   RW         1959    .data               c_w.l(stdio_streams.o)
    0x20000004   COMPRESSED   0x00000004   Data   RW         1960    .data               c_w.l(stdio_streams.o)
    0x20000008   COMPRESSED   0x00000004   Data   RW         1961    .data               c_w.l(stdio_streams.o)
    0x2000000c   COMPRESSED   0x00000fa4   Data   RW          263    .data.RT_PT1000     spi.o
    0x20000fb0   COMPRESSED   0x00000004   Data   RW          450    .data.SystemCoreClock  system_n32g4fr.o
    0x20000fb4   COMPRESSED   0x00000018   Data   RW          434    .data.level_strings  log.o
    0x20000fcc   COMPRESSED   0x0000013c   Data   RW          400    .data.nr_shell      nr_micro_shell.o
    0x20001108        -       0x00000054   Zero   RW         1956    .bss                c_w.l(stdio_streams.o)
    0x2000115c        -       0x00000054   Zero   RW         1957    .bss                c_w.l(stdio_streams.o)
    0x200011b0        -       0x00000054   Zero   RW         1958    .bss                c_w.l(stdio_streams.o)
    0x20001204        -       0x0000002c   Zero   RW         1981    .bss                c_w.l(localtime.o)
    0x20001230        -       0x00000060   Zero   RW         2192    .bss                c_w.l(libspace.o)
    0x20001290        -       0x00000040   Zero   RW         1825    .bss.HardFaultRegs  segger_hardfaulthandler.o
    0x200012d0        -       0x00000001   Zero   RW          262    .bss.Intn_flag      spi.o
    0x200012d1   COMPRESSED   0x00000003   PAD
    0x200012d4        -       0x00000190   Zero   RW          435    .bss.L              log.o
    0x20001464        -       0x00000004   Zero   RW          493    .bss.SPI2_IRQHandler.i  n32g4fr_it.o
    0x20001468        -       0x00000004   Zero   RW         1826    .bss._Continue      segger_hardfaulthandler.o
    0x2000146c        -       0x000000a8   Zero   RW         1908    .bss._SEGGER_RTT    segger_rtt.o
    0x20001514        -       0x00000010   Zero   RW         1913    .bss._acDownBuffer  segger_rtt.o
    0x20001524        -       0x00000400   Zero   RW         1912    .bss._acUpBuffer    segger_rtt.o
    0x20001924        -       0x00000028   Zero   RW           23    .bss.airflow_meter_b  main.o
    0x2000194c        -       0x00000002   Zero   RW           25    .bss.app            main.o
    0x2000194e   COMPRESSED   0x00000002   PAD
    0x20001950        -       0x00000004   Zero   RW          206    .bss.delay          systick.o
    0x20001954        -       0x00000004   Zero   RW           26    .bss.dwt            main.o
    0x20001958        -       0x00000001   Zero   RW           24    .bss.nr             main.o
    0x20001959   COMPRESSED   0x00000003   PAD
    0x2000195c        -       0x00000084   Zero   RW          340    .bss.nr_ansi        ansi.o
    0x200019e0        -       0x00000004   Zero   RW          402    .bss.nr_shell_strtok.last  nr_micro_shell.o
    0x200019e4        -       0x00004000   Zero   RW           22    .bss.segger_cb      main.o
    0x200059e4        -       0x00000001   Zero   RW           27    .bss.tick           main.o
    0x200059e5   COMPRESSED   0x00000003   PAD
    0x200059e8        -       0x00000100   Zero   RW          459    HEAP                startup_n32g4fr.o
    0x20005ae8        -       0x00001000   Zero   RW          458    STACK               startup_n32g4fr.o


==============================================================================

Image component sizes


      Code (inc. data)   RO Data    RW Data    ZI Data      Debug   Object Name

       542          0        122          0        132       2148   ansi.o
      1334          0         33          0          0       3181   ansi_port.o
       210          4         11          0          0      18237   app.o
       878          0         71          0          0       2611   bsp.o
       224          0         48          0          0      17873   clk.o
       374          0          0          0          0      21227   di.o
       322          0          0          0          0      19154   do.o
       248          0          0          0          0      18519   dwtdelay.o
        18          0          0          0          0        312   hardfaulthandler.o
       114          0          0          0          0      19857   hardware.o
       478          0         59         24        400       3959   log.o
       422          0         71          0      16432      22388   main.o
       198          0          0          0          0       2923   misc.o
       330          0          0          0          0       2744   n32g4fr_exti.o
       474          0          0          0          0       6261   n32g4fr_gpio.o
       300          0         19          0          4       2710   n32g4fr_it.o
       654          0         64          0          0       8707   n32g4fr_rcc.o
       404          0          0          0          0       6210   n32g4fr_spi.o
       766          0          0          0          0       6805   n32g4fr_usart.o
      2280          0        477        316          4       5132   nr_micro_shell.o
       500          0        430          0          0      19724   nr_micro_shell_commands.o
       156          0        123          0          0      17545   rtt.o
       276          0          0          0         68       2695   segger_hardfaulthandler.o
      1006          0         20          0       1208      13112   segger_rtt.o
      1876         14         16          0          0       3818   segger_rtt_printf.o
        64          0          0          0          0      17448   shell.o
      2272          4         74       4004          1      28348   spi.o
        64         26        408          0       4352        864   startup_n32g4fr.o
       394          0          0          4          0       2782   system_n32g4fr.o
       274          0          0          0          4      21212   systick.o
       244          0          0          0          0      21002   uart.o

    ----------------------------------------------------------------------
     17846         48       2084       4348      22616     339508   Object Totals
         0          0         32          0          0          0   (incl. Generated)
       150          0          6          0         11          0   (incl. Padding)

    ----------------------------------------------------------------------

      Code (inc. data)   RO Data    RW Data    ZI Data      Debug   Library Member Name

       100          0          0          0          0          0   __dclz77c.o
         8          0          0          0          0         68   __main.o
       392          4         17          0          0         92   __printf_flags_ss_wp.o
        14          0          0          0          0         68   __printf_wp.o
         0          0          0          0          0          0   __rtentry.o
        12          0          0          0          0          0   __rtentry2.o
         6          0          0          0          0          0   __rtentry4.o
        52          8          0          0          0          0   __scatter.o
        28          0          0          0          0          0   __scatter_zi.o
        72          0          0          0          0         96   _c16rtomb.o
         0          0         12          0          0          0   _monlen.o
         6          0          0          0          0          0   _printf_a.o
         6          0          0          0          0          0   _printf_c.o
        44          0          0          0          0        108   _printf_char.o
        48          6          0          0          0         96   _printf_char_common.o
        36          4          0          0          0         80   _printf_char_file.o
        40          0          0          0          0         68   _printf_charcount.o
         6          0          0          0          0          0   _printf_d.o
       120         16          0          0          0         92   _printf_dec.o
         6          0          0          0          0          0   _printf_e.o
         6          0          0          0          0          0   _printf_f.o
      1052          0          0          0          0        148   _printf_fp_dec.o
       764          8         38          0          0        100   _printf_fp_hex.o
       128         16          0          0          0         84   _printf_fp_infnan.o
         6          0          0          0          0          0   _printf_g.o
       148          4         40          0          0        160   _printf_hex_int_ll_ptr.o
         6          0          0          0          0          0   _printf_i.o
       178          0          0          0          0         88   _printf_intcommon.o
        10          0          0          0          0          0   _printf_l.o
         6          0          0          0          0          0   _printf_lc.o
        10          0          0          0          0          0   _printf_ll.o
         6          0          0          0          0          0   _printf_lld.o
         6          0          0          0          0          0   _printf_lli.o
         6          0          0          0          0          0   _printf_llo.o
         6          0          0          0          0          0   _printf_llu.o
         6          0          0          0          0          0   _printf_llx.o
       124         16          0          0          0         92   _printf_longlong_dec.o
         6          0          0          0          0          0   _printf_ls.o
         6          0          0          0          0          0   _printf_n.o
         6          0          0          0          0          0   _printf_o.o
       112          8          0          0          0        124   _printf_oct_int_ll.o
         6          0          0          0          0          0   _printf_p.o
        78          0          0          0          0        108   _printf_pad.o
         0          0          0          0          0          0   _printf_percent.o
         4          0          0          0          0          0   _printf_percent_end.o
         6          0          0          0          0          0   _printf_s.o
        82          0          0          0          0         80   _printf_str.o
        36          0          0          0          0         84   _printf_truncate.o
         6          0          0          0          0          0   _printf_u.o
        44          0          0          0          0        108   _printf_wchar.o
       188          6          8          0          0         92   _printf_wctomb.o
         6          0          0          0          0          0   _printf_x.o
        10          0          0          0          0         68   _sputc.o
        46          0          0          0          0         84   aeabi_atexit.o
       228          4        148          0          0         96   bigflt0.o
      1936        128          0          0          0        668   btod.o
        10          0          0          0          0         68   cxa_atexit.o
        66          0          0          0          0         84   cxa_finalize.o
        10          0          0          0          0         68   defsig_exit.o
        50          0          0          0          0         88   defsig_general.o
        80         58          0          0          0         76   defsig_rtmem_inner.o
        14          0          0          0          0         80   defsig_rtmem_outer.o
        52         38          0          0          0         76   defsig_rtred_inner.o
        14          0          0          0          0         80   defsig_rtred_outer.o
        18          0          0          0          0         80   exit.o
        76          0          0          0          0         88   fclose.o
         8          0          0          0          0         68   ferror.o
       100          4          0          0          0        120   fflush.o
       240          6          0          0          0        128   fopen.o
        20          0          0          0          0         84   fprintf.o
       248          6          0          0          0         84   fseek.o
        66          0          0          0          0         76   ftell.o
        94          0          0          0          0         80   h1_alloc.o
        52          0          0          0          0         68   h1_extend.o
        78          0          0          0          0         80   h1_free.o
        14          0          0          0          0         84   h1_init.o
         6          0          0          0          0        152   heapauxi.o
         4          0          0          0          0        136   hguard.o
         0          0          0          0          0          0   indicate_semi.o
        36          8          0          0          0         80   init_aeabi.o
       138          0          0          0          0        168   init_alloc.o
       312         46          0          0          0        112   initio.o
        44         10        272          0          0         76   lc_ctype_c.o
        44         10         28          0          0         76   lc_numeric_c.o
        44         10        384          0          0         76   lc_time_c.o
         2          0          0          0          0          0   libinit.o
        60          0          0          0          0          0   libinit2.o
         2          0          0          0          0          0   libshutdown.o
        12          0          0          0          0          0   libshutdown2.o
         8          4          0          0         96         68   libspace.o
       138          0          0          0          0         80   lludiv10.o
        12          6          0          0         44         68   localtime.o
       184          6          0          0          0         80   localtime_internal.o
         0          0          0          0          0          0   maybetermalloc1.o
        24          4          0          0          0         84   printf.o
         4          0          0          0          0         68   putc.o
        16          4          0          0          0         76   rt_ctype_table.o
         8          4          0          0          0         68   rt_ddtor_pointer_addr_intlibspace.o
         8          4          0          0          0         68   rt_errno_addr_intlibspace.o
         8          4          0          0          0         68   rt_heap_descriptor_intlibspace.o
         8          4          0          0          0         68   rt_locale_intlibspace.o
        78          0          0          0          0         80   rt_memclr_w.o
       138          0          0          0          0         68   rt_memcpy_v6.o
       100          0          0          0          0         80   rt_memcpy_w.o
         2          0          0          0          0          0   rtexit.o
        10          0          0          0          0          0   rtexit2.o
        70          0          0          0          0         80   setvbuf.o
        44          6          0          0          0         84   sprintf.o
       240          6          0          0          0        156   stdio.o
         0          0          0         12        252          0   stdio_streams.o
       124          0          0          0          0         88   strcmpv7em.o
        72          0          0          0          0         80   strcpy.o
       864        122          0          0          0        184   strftime.o
        62          0          0          0          0         76   strlen.o
        36          0          0          0          0         80   strstr.o
        12          4          0          0          0         68   sys_exit.o
       102          0          0          0          0        240   sys_io.o
         0          0         12          0          0          0   sys_io_names.o
        74          0          0          0          0         80   sys_stackheap_outer.o
        18          0          0          0          0         76   sys_time.o
        14          0          0          0          0         76   sys_wrch.o
         2          0          0          0          0         68   use_no_semi.o
        10          0          0          0          0         68   vfprintf.o
        12          0          0          0          0        116   dretinf.o
        86          4          0          0          0        132   f2d.o
       140          4          0          0          0        132   fnaninf.o
        26          0          0          0          0        116   fpinit.o
         4          0          0          0          0        116   printf1.o
         4          0          0          0          0        116   printf2.o
         0          0          0          0          0          0   usenofp.o
        48          0          0          0          0        124   fpclassify.o

    ----------------------------------------------------------------------
     11118        610        960         12        392       8868   Library Totals
        24          0          1          0          0          0   (incl. Padding)

    ----------------------------------------------------------------------

      Code (inc. data)   RO Data    RW Data    ZI Data      Debug   Library Name

     10774        602        959         12        392       8016   c_w.l
       272          8          0          0          0        728   fz_wm.l
        48          0          0          0          0        124   m_wm.l

    ----------------------------------------------------------------------
     11118        610        960         12        392       8868   Library Totals

    ----------------------------------------------------------------------

==============================================================================


      Code (inc. data)   RO Data    RW Data    ZI Data      Debug   

     28964        658       3044       4360      23008     342844   Grand Totals
     28964        658       3044       4072      23008     342844   ELF Image Totals (compressed)
     28964        658       3044       4072          0          0   ROM Totals

==============================================================================

    Total RO  Size (Code + RO Data)                32008 (  31.26kB)
    Total RW  Size (RW Data + ZI Data)             27368 (  26.73kB)
    Total ROM Size (Code + RO Data + RW Data)      36080 (  35.23kB)

==============================================================================

