Component: ARM Compiler 6.16 Tool: armlink [5dfeaa00]

==============================================================================

Image Symbol Table

    Local Symbols

    Symbol Name                              Value     Ov Type        Size  Object(Section)

    ../clib/angel/boardlib.s                 0x00000000   Number         0  boardinit1.o ABSOLUTE
    ../clib/angel/boardlib.s                 0x00000000   Number         0  boardinit2.o ABSOLUTE
    ../clib/angel/boardlib.s                 0x00000000   Number         0  boardinit3.o ABSOLUTE
    ../clib/angel/boardlib.s                 0x00000000   Number         0  boardshut.o ABSOLUTE
    ../clib/angel/dczerorl.s                 0x00000000   Number         0  __dczerorl.o ABSOLUTE
    ../clib/angel/handlers.s                 0x00000000   Number         0  __scatter_zi.o ABSOLUTE
    ../clib/angel/kernel.s                   0x00000000   Number         0  __rtentry.o ABSOLUTE
    ../clib/angel/kernel.s                   0x00000000   Number         0  __rtentry2.o ABSOLUTE
    ../clib/angel/kernel.s                   0x00000000   Number         0  __rtentry4.o ABSOLUTE
    ../clib/angel/kernel.s                   0x00000000   Number         0  rtexit.o ABSOLUTE
    ../clib/angel/kernel.s                   0x00000000   Number         0  rtexit2.o ABSOLUTE
    ../clib/angel/rt.s                       0x00000000   Number         0  rt_ctype_table.o ABSOLUTE
    ../clib/angel/rt.s                       0x00000000   Number         0  rt_locale.o ABSOLUTE
    ../clib/angel/rt.s                       0x00000000   Number         0  rt_locale_intlibspace.o ABSOLUTE
    ../clib/angel/rt.s                       0x00000000   Number         0  rt_ddtor_pointer_addr.o ABSOLUTE
    ../clib/angel/rt.s                       0x00000000   Number         0  rt_ddtor_pointer_addr_intlibspace.o ABSOLUTE
    ../clib/angel/rt.s                       0x00000000   Number         0  rt_raise.o ABSOLUTE
    ../clib/angel/rt.s                       0x00000000   Number         0  rt_heap_descriptor.o ABSOLUTE
    ../clib/angel/rt.s                       0x00000000   Number         0  rt_heap_descriptor_intlibspace.o ABSOLUTE
    ../clib/angel/rt.s                       0x00000000   Number         0  rt_errno_addr.o ABSOLUTE
    ../clib/angel/rt.s                       0x00000000   Number         0  rt_errno_addr_intlibspace.o ABSOLUTE
    ../clib/angel/scatter.s                  0x00000000   Number         0  __scatter.o ABSOLUTE
    ../clib/angel/startup.s                  0x00000000   Number         0  __main.o ABSOLUTE
    ../clib/angel/sys.s                      0x00000000   Number         0  use_no_semi.o ABSOLUTE
    ../clib/angel/sys.s                      0x00000000   Number         0  indicate_semi.o ABSOLUTE
    ../clib/angel/sys.s                      0x00000000   Number         0  libspace.o ABSOLUTE
    ../clib/angel/sys.s                      0x00000000   Number         0  mutex_dummy.o ABSOLUTE
    ../clib/angel/sys.s                      0x00000000   Number         0  sys_stackheap_outer.o ABSOLUTE
    ../clib/angel/sysapp.c                   0x00000000   Number         0  sys_time.o ABSOLUTE
    ../clib/angel/sysapp.c                   0x00000000   Number         0  sys_time_hlt.o ABSOLUTE
    ../clib/angel/sysapp.c                   0x00000000   Number         0  sys_io.o ABSOLUTE
    ../clib/angel/sysapp.c                   0x00000000   Number         0  sys_io_names.o ABSOLUTE
    ../clib/angel/sysapp.c                   0x00000000   Number         0  sys_io_hlt.o ABSOLUTE
    ../clib/angel/sysapp.c                   0x00000000   Number         0  sys_command.o ABSOLUTE
    ../clib/angel/sysapp.c                   0x00000000   Number         0  sys_exit.o ABSOLUTE
    ../clib/angel/sysapp.c                   0x00000000   Number         0  sys_command_hlt.o ABSOLUTE
    ../clib/angel/sysapp.c                   0x00000000   Number         0  sys_exit_hlt.o ABSOLUTE
    ../clib/angel/sysapp.c                   0x00000000   Number         0  sys_wrch.o ABSOLUTE
    ../clib/angel/sysapp.c                   0x00000000   Number         0  sys_wrch_hlt.o ABSOLUTE
    ../clib/arm_runtime.c                    0x00000000   Number         0  init_aeabi.o ABSOLUTE
    ../clib/arm_runtime.c                    0x00000000   Number         0  init_aeabi.o ABSOLUTE
    ../clib/armsys.c                         0x00000000   Number         0  argv_veneer.o ABSOLUTE
    ../clib/armsys.c                         0x00000000   Number         0  argv_veneer.o ABSOLUTE
    ../clib/armsys.c                         0x00000000   Number         0  _get_argv.o ABSOLUTE
    ../clib/armsys.c                         0x00000000   Number         0  _get_argv_nomalloc.o ABSOLUTE
    ../clib/armsys.c                         0x00000000   Number         0  no_argv.o ABSOLUTE
    ../clib/bigflt.c                         0x00000000   Number         0  bigflt0.o ABSOLUTE
[...]
    UART7_IRQHandler                         0x08000343   Thumb Code     0  startup_n32g4fr.o(.text)
    USART1_IRQHandler                        0x08000343   Thumb Code     0  startup_n32g4fr.o(.text)
    USART2_IRQHandler                        0x08000343   Thumb Code     0  startup_n32g4fr.o(.text)
    USBWakeUp_IRQHandler                     0x08000343   Thumb Code     0  startup_n32g4fr.o(.text)
    USB_HP_CAN1_TX_IRQHandler                0x08000343   Thumb Code     0  startup_n32g4fr.o(.text)
    USB_LP_CAN1_RX0_IRQHandler               0x08000343   Thumb Code     0  startup_n32g4fr.o(.text)
    WWDG_IRQHandler                          0x08000343   Thumb Code     0  startup_n32g4fr.o(.text)
    XFMC_IRQHandler                          0x08000343   Thumb Code     0  startup_n32g4fr.o(.text)
    __user_initial_stackheap                 0x08000345   Thumb Code     0  startup_n32g4fr.o(.text)
    time                                     0x08000369   Thumb Code    18  sys_time.o(.text)
    __rt_ctype_table                         0x0800037d   Thumb Code    16  rt_ctype_table.o(.text)
    printf                                   0x0800038d   Thumb Code    20  printf.o(.text)
    fprintf                                  0x080003a5   Thumb Code    20  fprintf.o(.text)
    vfprintf                                 0x080003b9   Thumb Code    10  vfprintf.o(.text)
    _do_fflush                               0x080003c5   Thumb Code    54  fflush.o(.text)
    fflush                                   0x080003fb   Thumb Code    42  fflush.o(.text)
    putc                                     0x08000429   Thumb Code     4  putc.o(.text)
    __cxa_atexit                             0x0800042d   Thumb Code    10  cxa_atexit.o(.text)
    strstr                                   0x08000437   Thumb Code    36  strstr.o(.text)
    strcpy                                   0x0800045b   Thumb Code    72  strcpy.o(.text)
    strlen                                   0x080004a3   Thumb Code    62  strlen.o(.text)
    __aeabi_memcpy                           0x080004e1   Thumb Code     0  rt_memcpy_v6.o(.text)
    __rt_memcpy                              0x080004e1   Thumb Code   138  rt_memcpy_v6.o(.text)
    _memcpy_lastbytes                        0x08000547   Thumb Code     0  rt_memcpy_v6.o(.text)
    __aeabi_memclr                           0x0800056b   Thumb Code     0  rt_memclr.o(.text)
    __rt_memclr                              0x0800056b   Thumb Code     0  rt_memclr.o(.text)
    _memset                                  0x0800056f   Thumb Code    64  rt_memclr.o(.text)
    strcmp                                   0x080005b1   Thumb Code   124  strcmpv7em.o(.text)
    localtime                                0x0800062d   Thumb Code     6  localtime.o(.text)
    strftime                                 0x08000679   Thumb Code   634  strftime.o(.text)
    __use_two_region_memory                  0x08000999   Thumb Code     2  heapauxi.o(.text)
    __rt_heap_escrow                         0x0800099b   Thumb Code     2  heapauxi.o(.text)
    __rt_heap_expand                         0x0800099d   Thumb Code     2  heapauxi.o(.text)
    __cpp_initialize__aeabi_                 0x080009a1   Thumb Code    28  init_aeabi.o(.text)
    __I$use$semihosting                      0x080009c5   Thumb Code     0  use_no_semi.o(.text)
    __use_no_semihosting_swi                 0x080009c5   Thumb Code     2  use_no_semi.o(.text)
    __semihosting_library_function           0x080009c7   Thumb Code     0  indicate_semi.o(.text)
    __rt_locale                              0x080009c9   Thumb Code     8  rt_locale_intlibspace.o(.text)
    sprintf                                  0x080009d1   Thumb Code    38  sprintf.o(.text)
    _printf_pre_padding                      0x080009fd   Thumb Code    44  _printf_pad.o(.text)
    _printf_post_padding                     0x08000a29   Thumb Code    34  _printf_pad.o(.text)
    _printf_truncate_signed                  0x08000a4b   Thumb Code    18  _printf_truncate.o(.text)
    _printf_truncate_unsigned                0x08000a5d   Thumb Code    18  _printf_truncate.o(.text)
    _printf_str                              0x08000a6f   Thumb Code    82  _printf_str.o(.text)
    _printf_int_dec                          0x08000ac1   Thumb Code   104  _printf_dec.o(.text)
    _printf_charcount                        0x08000b39   Thumb Code    40  _printf_charcount.o(.text)
    _printf_char_file                        0x08000b61   Thumb Code    32  _printf_char_file.o(.text)
    _printf_wctomb                           0x08000b85   Thumb Code   182  _printf_wctomb.o(.text)
    _printf_longlong_dec                     0x08000c41   Thumb Code   108  _printf_longlong_dec.o(.text)
    _printf_longlong_oct                     0x08000cbd   Thumb Code    68  _printf_oct_int_ll.o(.text)
    _printf_int_oct                          0x08000d01   Thumb Code    24  _printf_oct_int_ll.o(.text)
    _printf_ll_oct                           0x08000d19   Thumb Code    12  _printf_oct_int_ll.o(.text)
    _printf_longlong_hex                     0x08000d2d   Thumb Code    86  _printf_hex_int_ll_ptr.o(.text)
    _printf_int_hex                          0x08000d83   Thumb Code    28  _printf_hex_int_ll_ptr.o(.text)
    _printf_ll_hex                           0x08000d9f   Thumb Code    12  _printf_hex_int_ll_ptr.o(.text)
    _printf_hex_ptr                          0x08000dab   Thumb Code    18  _printf_hex_int_ll_ptr.o(.text)
    __printf                                 0x08000dc1   Thumb Code   388  __printf_flags_ss_wp.o(.text)
    _fseek                                   0x08000f49   Thumb Code   242  fseek.o(.text)
    fseek                                    0x08000f49   Thumb Code     0  fseek.o(.text)
    _seterr                                  0x08001041   Thumb Code    20  stdio.o(.text)
    _writebuf                                0x08001055   Thumb Code    84  stdio.o(.text)
    _fflush                                  0x080010a9   Thumb Code    70  stdio.o(.text)
    _deferredlazyseek                        0x080010ef   Thumb Code    60  stdio.o(.text)
    _initio                                  0x08001131   Thumb Code   210  initio.o(.text)
    _terminateio                             0x08001203   Thumb Code    56  initio.o(.text)
    __aeabi_atexit                           0x08001269   Thumb Code    46  aeabi_atexit.o(.text)
    __aeabi_memcpy4                          0x08001297   Thumb Code     0  rt_memcpy_w.o(.text)
    __aeabi_memcpy8                          0x08001297   Thumb Code     0  rt_memcpy_w.o(.text)
    __rt_memcpy_w                            0x08001297   Thumb Code   100  rt_memcpy_w.o(.text)
    _memcpy_lastbytes_aligned                0x080012df   Thumb Code     0  rt_memcpy_w.o(.text)
    __aeabi_memclr4                          0x080012fb   Thumb Code     0  rt_memclr_w.o(.text)
    __aeabi_memclr8                          0x080012fb   Thumb Code     0  rt_memclr_w.o(.text)
    __rt_memclr_w                            0x080012fb   Thumb Code     0  rt_memclr_w.o(.text)
    _memset_w                                0x080012ff   Thumb Code    74  rt_memclr_w.o(.text)
    _localtime_r                             0x08001349   Thumb Code   178  localtime_internal.o(.text)
    _n$localtime_r                           0x08001349   Thumb Code     0  localtime_internal.o(.text)
    _sys_open                                0x08001401   Thumb Code    20  sys_io.o(.text)
    _sys_close                               0x08001415   Thumb Code    12  sys_io.o(.text)
    _sys_write                               0x08001421   Thumb Code    16  sys_io.o(.text)
    _sys_read                                0x08001431   Thumb Code    14  sys_io.o(.text)
    _sys_istty                               0x0800143f   Thumb Code    12  sys_io.o(.text)
    _sys_seek                                0x0800144b   Thumb Code    14  sys_io.o(.text)
    _sys_ensure                              0x08001459   Thumb Code     2  sys_io.o(.text)
    _sys_flen                                0x0800145b   Thumb Code    12  sys_io.o(.text)
    __user_libspace                          0x08001469   Thumb Code     8  libspace.o(.text)
    __user_perproc_libspace                  0x08001469   Thumb Code     0  libspace.o(.text)
    __user_perthread_libspace                0x08001469   Thumb Code     0  libspace.o(.text)
    __rt_ddtor_pointer_addr                  0x08001471   Thumb Code     8  rt_ddtor_pointer_addr_intlibspace.o(.text)
    malloc                                   0x08001479   Thumb Code    94  h1_alloc.o(.text)
    free                                     0x080014d7   Thumb Code    78  h1_free.o(.text)
    _ll_udiv10                               0x08001525   Thumb Code   138  lludiv10.o(.text)
    _printf_int_common                       0x080015af   Thumb Code   178  _printf_intcommon.o(.text)
    _printf_fp_dec_real                      0x08001811   Thumb Code   620  _printf_fp_dec.o(.text)
    _printf_fp_hex_real                      0x08001a7d   Thumb Code   756  _printf_fp_hex.o(.text)
    _printf_char_common                      0x08001d83   Thumb Code    32  _printf_char_common.o(.text)
    _sputc                                   0x08001da9   Thumb Code    10  _sputc.o(.text)
    _printf_cs_common                        0x08001db3   Thumb Code    20  _printf_char.o(.text)
    _printf_char                             0x08001dc7   Thumb Code    16  _printf_char.o(.text)
    _printf_string                           0x08001dd7   Thumb Code     8  _printf_char.o(.text)
    _printf_lcs_common                       0x08001ddf   Thumb Code    20  _printf_wchar.o(.text)
    _printf_wchar                            0x08001df3   Thumb Code    16  _printf_wchar.o(.text)
    _printf_wstring                          0x08001e03   Thumb Code     8  _printf_wchar.o(.text)
    ferror                                   0x08001e0b   Thumb Code     8  ferror.o(.text)
    _ftell_internal                          0x08001e13   Thumb Code    66  ftell.o(.text)
    ftell                                    0x08001e13   Thumb Code     0  ftell.o(.text)
    setvbuf                                  0x08001e55   Thumb Code    70  setvbuf.o(.text)
    freopen                                  0x08001e9d   Thumb Code   160  fopen.o(.text)
    fopen                                    0x08001f3d   Thumb Code    74  fopen.o(.text)
    _fclose_internal                         0x08001f8d   Thumb Code    76  fclose.o(.text)
    fclose                                   0x08001f8d   Thumb Code     0  fclose.o(.text)
    _c16rtomb                                0x08001fd9   Thumb Code    72  _c16rtomb.o(.text)
    _wcrtomb                                 0x08001fd9   Thumb Code     0  _c16rtomb.o(.text)
    __cxa_finalize                           0x08002021   Thumb Code    66  cxa_finalize.o(.text)
    __rt_SIGRTRED                            0x08002063   Thumb Code    14  defsig_rtred_outer.o(.text)
    __user_setup_stackheap                   0x08002071   Thumb Code    74  sys_stackheap_outer.o(.text)
    __rt_heap_descriptor                     0x080020bd   Thumb Code     8  rt_heap_descriptor_intlibspace.o(.text)
    __aeabi_errno_addr                       0x080020c5   Thumb Code     8  rt_errno_addr_intlibspace.o(.text)
    __errno$intlibspace                      0x080020c5   Thumb Code     0  rt_errno_addr_intlibspace.o(.text)
    __rt_errno_addr$intlibspace              0x080020c5   Thumb Code     0  rt_errno_addr_intlibspace.o(.text)
    __use_no_heap                            0x080020cd   Thumb Code     2  hguard.o(.text)
    __heap$guard                             0x080020cf   Thumb Code     2  hguard.o(.text)
    _terminate_user_alloc                    0x080020d1   Thumb Code     2  init_alloc.o(.text)
    _init_user_alloc                         0x080020d3   Thumb Code     2  init_alloc.o(.text)
    __Heap_Full                              0x080020d5   Thumb Code    34  init_alloc.o(.text)
    __Heap_Broken                            0x080020f7   Thumb Code     6  init_alloc.o(.text)
    _init_alloc                              0x080020fd   Thumb Code    94  init_alloc.o(.text)
    __Heap_Initialize                        0x0800215b   Thumb Code    10  h1_init.o(.text)
    __Heap_DescSize                          0x08002165   Thumb Code     4  h1_init.o(.text)
    _printf_fp_infnan                        0x08002169   Thumb Code   112  _printf_fp_infnan.o(.text)
    _btod_etento                             0x080021e9   Thumb Code   224  bigflt0.o(.text)
    exit                                     0x080022cd   Thumb Code    18  exit.o(.text)
    __sig_exit                               0x080022df   Thumb Code    10  defsig_exit.o(.text)
    __rt_SIGRTRED_inner                      0x080022e9   Thumb Code    14  defsig_rtred_inner.o(.text)
    _sys_exit                                0x0800231d   Thumb Code     8  sys_exit.o(.text)
    __Heap_ProvideMemory                     0x08002329   Thumb Code    52  h1_extend.o(.text)
    _maybe_terminate_alloc                   0x08002329   Thumb Code     0  maybetermalloc1.o(.text)
    __default_signal_display                 0x0800235d   Thumb Code    50  defsig_general.o(.text)
    __rt_SIGRTMEM                            0x0800238f   Thumb Code    14  defsig_rtmem_outer.o(.text)
    _ttywrch                                 0x0800239d   Thumb Code    14  sys_wrch.o(.text)
    __rt_SIGRTMEM_inner                      0x080023ad   Thumb Code    22  defsig_rtmem_inner.o(.text)
    ADC_ConfigClk                            0x080023fd   Thumb Code    56  n32g4fr_adc.o(.text.ADC_ConfigClk)
    BusFault_Handler                         0x08002435   Thumb Code     4  n32g4fr_it.o(.text.BusFault_Handler)
    DebugMon_Handler                         0x08002439   Thumb Code     2  n32g4fr_it.o(.text.DebugMon_Handler)
    FIFO_GetDataCount                        0x0800243d   Thumb Code    12  fifo.o(.text.FIFO_GetDataCount)
    FIFO_ReadData                            0x08002449   Thumb Code   156  fifo.o(.text.FIFO_ReadData)
    GPIO_InitPeripheral                      0x080024e5   Thumb Code   390  n32g4fr_gpio.o(.text.GPIO_InitPeripheral)
    HardFaultHandler                         0x0800266d   Thumb Code   276  segger_hardfaulthandler.o(.text.HardFaultHandler)
    MemManage_Handler                        0x08002781   Thumb Code     4  n32g4fr_it.o(.text.MemManage_Handler)
    NMI_Handler                              0x08002785   Thumb Code     2  n32g4fr_it.o(.text.NMI_Handler)
    NVIC_Init                                0x08002789   Thumb Code   170  misc.o(.text.NVIC_Init)
    NVIC_PriorityGroupConfig                 0x08002835   Thumb Code    28  misc.o(.text.NVIC_PriorityGroupConfig)
    RCC_ConfigAdc1mClk                       0x08002851   Thumb Code    62  n32g4fr_rcc.o(.text.RCC_ConfigAdc1mClk)
    RCC_ConfigAdcHclk                        0x08002891   Thumb Code    44  n32g4fr_rcc.o(.text.RCC_ConfigAdcHclk)
    RCC_ConfigAdcPllClk                      0x080028bd   Thumb Code    84  n32g4fr_rcc.o(.text.RCC_ConfigAdcPllClk)
    RCC_ConfigPclk1                          0x08002911   Thumb Code    44  n32g4fr_rcc.o(.text.RCC_ConfigPclk1)
    RCC_EnableAHBPeriphClk                   0x0800293d   Thumb Code    56  n32g4fr_rcc.o(.text.RCC_EnableAHBPeriphClk)
    RCC_EnableAPB1PeriphClk                  0x08002975   Thumb Code    56  n32g4fr_rcc.o(.text.RCC_EnableAPB1PeriphClk)
    RCC_EnableAPB2PeriphClk                  0x080029ad   Thumb Code    56  n32g4fr_rcc.o(.text.RCC_EnableAPB2PeriphClk)
    RCC_GetClocksFreqValue                   0x080029e5   Thumb Code   452  n32g4fr_rcc.o(.text.RCC_GetClocksFreqValue)
    SEGGER_RTT_ConfigUpBuffer                0x08002ba9   Thumb Code   160  segger_rtt.o(.text.SEGGER_RTT_ConfigUpBuffer)
    SEGGER_RTT_Init                          0x08002c49   Thumb Code     8  segger_rtt.o(.text.SEGGER_RTT_Init)
    SEGGER_RTT_Write                         0x08002c51   Thumb Code    76  segger_rtt.o(.text.SEGGER_RTT_Write)
    SEGGER_RTT_WriteNoLock                   0x08002c9d   Thumb Code   176  segger_rtt.o(.text.SEGGER_RTT_WriteNoLock)
    SEGGER_RTT_printf                        0x08002d4d   Thumb Code    42  segger_rtt_printf.o(.text.SEGGER_RTT_printf)
    SEGGER_RTT_vprintf                       0x08002d79   Thumb Code   828  segger_rtt_printf.o(.text.SEGGER_RTT_vprintf)
    SVC_Handler                              0x080030b5   Thumb Code     2  n32g4fr_it.o(.text.SVC_Handler)
    SysTick_Handler                          0x08003179   Thumb Code    32  n32g4fr_it.o(.text.SysTick_Handler)
    SystemInit                               0x08003199   Thumb Code   204  system_n32g4fr.o(.text.SystemInit)
    TIM1_CC_IRQHandler                       0x08003265   Thumb Code     2  n32g4fr_it.o(.text.TIM1_CC_IRQHandler)
    USART3_IRQHandler                        0x08003269   Thumb Code   124  n32g4fr_it.o(.text.USART3_IRQHandler)
    USART_ConfigInt                          0x080032e5   Thumb Code   146  n32g4fr_usart.o(.text.USART_ConfigInt)
    USART_Enable                             0x08003379   Thumb Code    44  n32g4fr_usart.o(.text.USART_Enable)
    USART_GetFlagStatus                      0x080033a5   Thumb Code    68  n32g4fr_usart.o(.text.USART_GetFlagStatus)
    USART_GetIntStatus                       0x080033e9   Thumb Code   176  n32g4fr_usart.o(.text.USART_GetIntStatus)
    USART_Init                               0x08003499   Thumb Code   292  n32g4fr_usart.o(.text.USART_Init)
    USART_ReceiveData                        0x080035bd   Thumb Code    16  n32g4fr_usart.o(.text.USART_ReceiveData)
    USART_SendData                           0x080035cd   Thumb Code    24  n32g4fr_usart.o(.text.USART_SendData)
    UsageFault_Handler                       0x080035e5   Thumb Code     4  n32g4fr_it.o(.text.UsageFault_Handler)
    shell_mode_cmd(char, char*)              0x08003c41   Thumb Code   204  nr_micro_shell_commands.o(.text._Z14shell_mode_cmdcPc)
    shell_quit_cmd(char, char*)              0x08003d0d   Thumb Code    58  nr_micro_shell_commands.o(.text._Z14shell_quit_cmdcPc)
    shell_stop_cmd(char, char*)              0x08003d49   Thumb Code    40  nr_micro_shell_commands.o(.text._Z14shell_stop_cmdcPc)
    shell_start_cmd(char, char*)             0x08003d71   Thumb Code    40  nr_micro_shell_commands.o(.text._Z15shell_start_cmdcPc)
    shell_hexdump_cmd(char, char*)           0x08003d99   Thumb Code   120  nr_micro_shell_commands.o(.text._Z17shell_hexdump_cmdcPc)
    loop()                                   0x08003e11   Thumb Code    16  main.o(.text._Z4loopv)
    setup()                                  0x08003e21   Thumb Code     8  main.o(.text._Z5setupv)
    Do::low()                                0x08003ee9   Thumb Code    16  do.o(.text._ZN2Do3lowEv)
    Do::high()                               0x08003ef9   Thumb Code    16  do.o(.text._ZN2Do4highEv)
    Do::init_pin(GPIO_Module*, unsigned short) 0x08003f09   Thumb Code   270  do.o(.text._ZN2Do8init_pinEP11GPIO_Modulet)
    Do::Do()                                 0x08004019   Thumb Code    10  do.o(.text._ZN2DoC2Ev)
    Do::Do__sub_object()                     0x08004019   Thumb Code    10  do.o(.text._ZN2DoC2Ev)
    Do::~Do()                                0x08004025   Thumb Code    10  do.o(.text._ZN2DoD2Ev)
    Do::~Do__sub_object()                    0x08004025   Thumb Code    10  do.o(.text._ZN2DoD2Ev)
    App::idle_process()                      0x08004031   Thumb Code   142  app.o(.text._ZN3App12idle_processEv)
    App::uart_process()                      0x080040c1   Thumb Code    14  app.o(.text._ZN3App12uart_processEv)
    App::error_process()                     0x080040d1   Thumb Code    40  app.o(.text._ZN3App13error_processEv)
    App::sent_sample_data()                  0x080040f9   Thumb Code    80  app.o(.text._ZN3App16sent_sample_dataEv)
    App::run()                               0x08004149   Thumb Code    74  app.o(.text._ZN3App3runEv)
    App::App()                               0x08004195   Thumb Code    32  app.o(.text._ZN3AppC2Ev)
    App::App__sub_object()                   0x08004195   Thumb Code    32  app.o(.text._ZN3AppC2Ev)
    App::~App()                              0x080041b5   Thumb Code    10  app.o(.text._ZN3AppD2Ev)
    App::~App__sub_object()                  0x080041b5   Thumb Code    10  app.o(.text._ZN3AppD2Ev)
    Clk::print_clock()                       0x080041c1   Thumb Code   116  clk.o(.text._ZN3Clk11print_clockEv)
    Clk::Clk()                               0x08004235   Thumb Code   148  clk.o(.text._ZN3ClkC2Ev)
    Clk::Clk__sub_object()                   0x08004235   Thumb Code   148  clk.o(.text._ZN3ClkC2Ev)
    Clk::~Clk()                              0x080042c9   Thumb Code    10  clk.o(.text._ZN3ClkD2Ev)
    Clk::~Clk__sub_object()                  0x080042c9   Thumb Code    10  clk.o(.text._ZN3ClkD2Ev)
    Rtt::init()                              0x080042d5   Thumb Code   126  rtt.o(.text._ZN3Rtt4initEv)
    Rtt::Rtt()                               0x08004355   Thumb Code    20  rtt.o(.text._ZN3RttC2Ev)
    Rtt::Rtt__sub_object()                   0x08004355   Thumb Code    20  rtt.o(.text._ZN3RttC2Ev)
    Rtt::~Rtt()                              0x08004369   Thumb Code    10  rtt.o(.text._ZN3RttD2Ev)
    Rtt::~Rtt__sub_object()                  0x08004369   Thumb Code    10  rtt.o(.text._ZN3RttD2Ev)
    Uart::init(unsigned int)                 0x08004375   Thumb Code    78  uart.o(.text._ZN4Uart4initEj)
    Uart::init_pin()                         0x080043c5   Thumb Code    78  uart.o(.text._ZN4Uart8init_pinEv)
    Uart::init_nvic()                        0x08004415   Thumb Code    42  uart.o(.text._ZN4Uart9init_nvicEv)
    Uart::Uart()                             0x08004441   Thumb Code    36  uart.o(.text._ZN4UartC2Ev)
    Uart::Uart__sub_object()                 0x08004441   Thumb Code    36  uart.o(.text._ZN4UartC2Ev)
    Uart::~Uart()                            0x08004465   Thumb Code    10  uart.o(.text._ZN4UartD2Ev)
    Uart::~Uart__sub_object()                0x08004465   Thumb Code    10  uart.o(.text._ZN4UartD2Ev)
    Shell::init()                            0x08004471   Thumb Code    34  shell.o(.text._ZN5Shell4initEv)
    Shell::Shell()                           0x08004495   Thumb Code    20  shell.o(.text._ZN5ShellC2Ev)
    Shell::Shell__sub_object()               0x08004495   Thumb Code    20  shell.o(.text._ZN5ShellC2Ev)
    Shell::~Shell()                          0x080044a9   Thumb Code    10  shell.o(.text._ZN5ShellD2Ev)
    Shell::~Shell__sub_object()              0x080044a9   Thumb Code    10  shell.o(.text._ZN5ShellD2Ev)
    Systick::init()                          0x080044b5   Thumb Code    56  systick.o(.text._ZN7Systick4initEv)
    Systick::delay_ms(unsigned int)          0x080044ed   Thumb Code    40  systick.o(.text._ZN7Systick8delay_msEj)
    Systick::Systick()                       0x08004515   Thumb Code    20  systick.o(.text._ZN7SystickC2Ev)
    Systick::Systick__sub_object()           0x08004515   Thumb Code    20  systick.o(.text._ZN7SystickC2Ev)
    Systick::~Systick()                      0x08004529   Thumb Code    10  systick.o(.text._ZN7SystickD2Ev)
    Systick::~Systick__sub_object()          0x08004529   Thumb Code    10  systick.o(.text._ZN7SystickD2Ev)
    DWTDelay::init(unsigned int)             0x08004535   Thumb Code    48  dwtdelay.o(.text._ZN8DWTDelay4initEj)
    DWTDelay::delay_ms(unsigned int)         0x08004565   Thumb Code    26  dwtdelay.o(.text._ZN8DWTDelay8delay_msEj)
    DWTDelay::delay_us(unsigned int)         0x08004581   Thumb Code   134  dwtdelay.o(.text._ZN8DWTDelay8delay_usEj)
    DWTDelay::DWTDelay()                     0x08004609   Thumb Code    30  dwtdelay.o(.text._ZN8DWTDelayC2Ev)
    DWTDelay::DWTDelay__sub_object()         0x08004609   Thumb Code    30  dwtdelay.o(.text._ZN8DWTDelayC2Ev)
    DWTDelay::~DWTDelay()                    0x08004629   Thumb Code    10  dwtdelay.o(.text._ZN8DWTDelayD2Ev)
    DWTDelay::~DWTDelay__sub_object()        0x08004629   Thumb Code    10  dwtdelay.o(.text._ZN8DWTDelayD2Ev)
    Hardware::Hardware()                     0x08004635   Thumb Code   152  hardware.o(.text._ZN8HardwareC2Ev)
    Hardware::Hardware__sub_object()         0x08004635   Thumb Code   152  hardware.o(.text._ZN8HardwareC2Ev)
    Hardware::~Hardware()                    0x080046cd   Thumb Code    60  hardware.o(.text._ZN8HardwareD2Ev)
    Hardware::~Hardware__sub_object()        0x080046cd   Thumb Code    60  hardware.o(.text._ZN8HardwareD2Ev)
    _shell_init                              0x08004811   Thumb Code   214  nr_micro_shell.o(.text._shell_init)
    ansi_clear_current_line                  0x080048e9   Thumb Code    30  ansi.o(.text.ansi_clear_current_line)
    ansi_get_char                            0x08004909   Thumb Code   372  ansi.o(.text.ansi_get_char)
    ansi_init                                0x08004a7d   Thumb Code    42  ansi.o(.text.ansi_init)
    ansi_search_char                         0x08004aa9   Thumb Code    98  ansi.o(.text.ansi_search_char)
    ansi_show_str                            0x08004b0d   Thumb Code    56  ansi_port.o(.text.ansi_show_str)
    fputc                                    0x08004b45   Thumb Code    52  bsp.o(.text.fputc)
    hexdump                                  0x08004b79   Thumb Code   824  bsp.o(.text.hexdump)
    log_log                                  0x08004f05   Thumb Code   236  log.o(.text.log_log)
    log_set_level                            0x08004ff1   Thumb Code    20  log.o(.text.log_set_level)
    main                                     0x08005005   Thumb Code    20  main.o(.text.main)
    memory_init                              0x08005019   Thumb Code     2  bsp.o(.text.memory_init)
    nr_ansi_common_char_slover               0x0800501d   Thumb Code   212  ansi_port.o(.text.nr_ansi_common_char_slover)
    nr_ansi_ctrl_common_slover               0x080050f1   Thumb Code    62  ansi_port.o(.text.nr_ansi_ctrl_common_slover)
    nr_ansi_in__                             0x08005131   Thumb Code   108  ansi_port.o(.text.nr_ansi_in__)
    nr_ansi_in_backspace                     0x0800519d   Thumb Code   108  ansi_port.o(.text.nr_ansi_in_backspace)
    nr_ansi_in_down                          0x08005209   Thumb Code   164  ansi_port.o(.text.nr_ansi_in_down)
    nr_ansi_in_enter                         0x080052ad   Thumb Code    60  ansi_port.o(.text.nr_ansi_in_enter)
    nr_ansi_in_left                          0x080052e9   Thumb Code    44  ansi_port.o(.text.nr_ansi_in_left)
    nr_ansi_in_newline                       0x08005315   Thumb Code    50  ansi_port.o(.text.nr_ansi_in_newline)
    nr_ansi_in_right                         0x08005349   Thumb Code    48  ansi_port.o(.text.nr_ansi_in_right)
    nr_ansi_in_tab                           0x08005379   Thumb Code   254  ansi_port.o(.text.nr_ansi_in_tab)
    nr_ansi_in_up                            0x08005479   Thumb Code   168  ansi_port.o(.text.nr_ansi_in_up)
    shell_cmd_complete                       0x0800562d   Thumb Code   186  nr_micro_shell.o(.text.shell_cmd_complete)
    shell_his_copy_queue_item                0x080056e9   Thumb Code   376  nr_micro_shell.o(.text.shell_his_copy_queue_item)
    shell_his_queue_add_cmd                  0x08005861   Thumb Code   366  nr_micro_shell.o(.text.shell_his_queue_add_cmd)
    shell_his_queue_init                     0x080059d1   Thumb Code    34  nr_micro_shell.o(.text.shell_his_queue_init)
    shell_his_queue_search_cmd               0x080059f5   Thumb Code   380  nr_micro_shell.o(.text.shell_his_queue_search_cmd)
    shell_parser                             0x08005b71   Thumb Code   360  nr_micro_shell.o(.text.shell_parser)
    shell_search_cmd                         0x08005cd9   Thumb Code    98  nr_micro_shell.o(.text.shell_search_cmd)
    _btod_d2e                                0x08005ddd   Thumb Code    62  btod.o(CL$$btod_d2e)
    _d2e_denorm_low                          0x08005e1b   Thumb Code    70  btod.o(CL$$btod_d2e_denorm_low)
    _d2e_norm_op1                            0x08005e61   Thumb Code    96  btod.o(CL$$btod_d2e_norm_op1)
    __btod_div_common                        0x08005ec1   Thumb Code   696  btod.o(CL$$btod_div_common)
    _e2e                                     0x080061f9   Thumb Code   220  btod.o(CL$$btod_e2e)
    _btod_ediv                               0x080062d5   Thumb Code    42  btod.o(CL$$btod_ediv)
    _btod_emul                               0x080062ff   Thumb Code    42  btod.o(CL$$btod_emul)
    __btod_mult_common                       0x08006329   Thumb Code   580  btod.o(CL$$btod_mult_common)
    HardFault_Handler                        0x0800656d   Thumb Code     0  hardfaulthandler.o(OSKERNEL)
    __ARM_fpclassify                         0x0800657f   Thumb Code    48  fpclassify.o(i.__ARM_fpclassify)
    _is_digit                                0x080065af   Thumb Code    14  __printf_wp.o(i._is_digit)
    _get_lc_ctype                            0x080065bd   Thumb Code    44  lc_ctype_c.o(locale$$code)
    _get_lc_time                             0x080065e9   Thumb Code    44  lc_time_c.o(locale$$code)
    _get_lc_numeric                          0x08006615   Thumb Code    44  lc_numeric_c.o(locale$$code)
    _fp_init                                 0x08006641   Thumb Code    26  fpinit.o(x$fpl$fpinit)
    __fplib_config_fpu_vfp                   0x08006659   Thumb Code     0  fpinit.o(x$fpl$fpinit)
    __fplib_config_pureend_doubles           0x08006659   Thumb Code     0  fpinit.o(x$fpl$fpinit)
    _printf_fp_dec                           0x0800665b   Thumb Code     4  printf1.o(x$fpl$printf1)
    _printf_fp_hex                           0x0800665f   Thumb Code     4  printf2.o(x$fpl$printf2)
    __I$use$fp                               0x08006662   Number         0  usenofp.o(x$fpl$usenofp)
    __stdin_name                             0x080066a5   Data           4  sys_io_names.o(.constdata)
    __stdout_name                            0x080066a9   Data           4  sys_io_names.o(.constdata)
    __stderr_name                            0x080066ad   Data           4  sys_io_names.o(.constdata)
    _monlen                                  0x080066d7   Data          12  _monlen.o(.constdata)
    nr_ansi_in_cmd                           0x08006788   Data          21  ansi.o(.rodata.nr_ansi_in_cmd)
    nr_ansi_in_cmd_fun                       0x080067a0   Data          80  ansi.o(.rodata.nr_ansi_in_cmd_fun)
    nr_ansi_in_special_symbol                0x080067f0   Data           5  ansi.o(.rodata.nr_ansi_in_special_symbol)
    nr_ansi_in_special_symbol_fun            0x080067f8   Data          16  ansi.o(.rodata.nr_ansi_in_special_symbol_fun)
    _nr_cmd_start_                           0x08006808   Data          20  nr_micro_shell.o(.rodata.nr_shell_cmd0.end)
    _nr_cmd_end_                             0x0800681c   Data          20  nr_micro_shell.o(.rodata.nr_shell_cmd1.end)
    static_cmd                               0x08006870   Data         120  nr_micro_shell_commands.o(.rodata.static_cmd)
    Region$$Table$$Base                      0x08006d84   Number         0  anon$$obj.o(Region$$Table)
    Region$$Table$$Limit                     0x08006da4   Number         0  anon$$obj.o(Region$$Table)
    __ctype                                  0x08006db1   Data           0  lc_ctype_c.o(locale$$data)
    SHT$$INIT_ARRAY$$Base                    0x08007050   Number         0  main.o(.init_array)
    SHT$$INIT_ARRAY$$Limit                   0x08007054   Number         0  init_aeabi.o(.init_array)
    __aeabi_stdin                            0x20000000   Data           4  stdio_streams.o(.data)
    __aeabi_stdout                           0x20000004   Data           4  stdio_streams.o(.data)
    __aeabi_stderr                           0x20000008   Data           4  stdio_streams.o(.data)
    FIFO_Data                                0x2000000c   Data          20  fifo.o(.data.FIFO_Data)
    SystemCoreClock                          0x20000020   Data           4  system_n32g4fr.o(.data.SystemCoreClock)
    nr_shell                                 0x2000003c   Data         316  nr_micro_shell.o(.data.nr_shell)
    __stdin                                  0x20000178   Data          84  stdio_streams.o(.bss)
    __stdout                                 0x200001cc   Data          84  stdio_streams.o(.bss)
    __stderr                                 0x20000220   Data          84  stdio_streams.o(.bss)
    __libspace_start                         0x200002a0   Data          96  libspace.o(.bss)
    FIFO_DataBuffer                          0x20000300   Data        8000  fifo.o(.bss.FIFO_DataBuffer)
    __temporary_stack_top$libspace           0x20000300   Data           0  libspace.o(.bss)
    _SEGGER_RTT                              0x20002414   Data         168  segger_rtt.o(.bss._SEGGER_RTT)
    app                                      0x200028cc   Data        2002  main.o(.bss.app)
    delay                                    0x200030a0   Data           4  systick.o(.bss.delay)
    dwt                                      0x200030a4   Data           4  main.o(.bss.dwt)
    hardware_n32_ch2840adx                   0x200030a8   Data          40  main.o(.bss.hardware_n32_ch2840adx)
    nr                                       0x200030d0   Data           1  main.o(.bss.nr)
    nr_ansi                                  0x200030d4   Data         132  ansi.o(.bss.nr_ansi)
    segger_cb                                0x2000315c   Data       16384  main.o(.bss.segger_cb)
    tick                                     0x2000715c   Data           1  main.o(.bss.tick)



==============================================================================

Memory Map of the image

  Image Entry point : 0x08000199

  Load Region LR_IROM1 (Base: 0x08000000, Size: 0x000071d0, Max: 0x00080000, ABSOLUTE, COMPRESSED[0x000070a0])

    Execution Region ER_IROM1 (Exec base: 0x08000000, Load base: 0x08000000, Size: 0x00007054, Max: 0x00080000, ABSOLUTE)

    Exec Addr    Load Addr    Size         Type   Attr      Idx    E Section Name        Object

    0x08000000   0x08000000   0x00000198   Data   RO          384    RESET               startup_n32g4fr.o
    0x08000198   0x08000198   0x00000008   Code   RO         1908  * !!!main             c_w.l(__main.o)
    0x080001a0   0x080001a0   0x00000034   Code   RO         2424    !!!scatter          c_w.l(__scatter.o)
    0x080001d4   0x080001d4   0x0000003a   Code   RO         2422    !!dczerorl          c_w.l(__dczerorl.o)
    0x0800020e   0x0800020e   0x00000002   PAD
    0x08000210   0x08000210   0x0000001c   Code   RO         2426    !!handler_zi        c_w.l(__scatter_zi.o)
    0x0800022c   0x0800022c   0x00000000   Code   RO         2006    .ARM.Collect$$_printf_percent$$00000000  c_w.l(_printf_percent.o)
    0x0800022c   0x0800022c   0x00000006   Code   RO         1995    .ARM.Collect$$_printf_percent$$00000001  c_w.l(_printf_n.o)
    0x08000232   0x08000232   0x00000006   Code   RO         1997    .ARM.Collect$$_printf_percent$$00000002  c_w.l(_printf_p.o)
    0x08000238   0x08000238   0x00000006   Code   RO         2002    .ARM.Collect$$_printf_percent$$00000003  c_w.l(_printf_f.o)
    0x0800023e   0x0800023e   0x00000006   Code   RO         2003    .ARM.Collect$$_printf_percent$$00000004  c_w.l(_printf_e.o)
    0x08000244   0x08000244   0x00000006   Code   RO         2004    .ARM.Collect$$_printf_percent$$00000005  c_w.l(_printf_g.o)
    0x0800024a   0x0800024a   0x00000006   Code   RO         2005    .ARM.Collect$$_printf_percent$$00000006  c_w.l(_printf_a.o)
    0x08000250   0x08000250   0x0000000a   Code   RO         2010    .ARM.Collect$$_printf_percent$$00000007  c_w.l(_printf_ll.o)
    0x0800025a   0x0800025a   0x00000006   Code   RO         1999    .ARM.Collect$$_printf_percent$$00000008  c_w.l(_printf_i.o)
    0x08000260   0x08000260   0x00000006   Code   RO         2000    .ARM.Collect$$_printf_percent$$00000009  c_w.l(_printf_d.o)
    0x08000266   0x08000266   0x00000006   Code   RO         2001    .ARM.Collect$$_printf_percent$$0000000A  c_w.l(_printf_u.o)
    0x0800026c   0x0800026c   0x00000006   Code   RO         1998    .ARM.Collect$$_printf_percent$$0000000B  c_w.l(_printf_o.o)
    0x08000272   0x08000272   0x00000006   Code   RO         1996    .ARM.Collect$$_printf_percent$$0000000C  c_w.l(_printf_x.o)
    0x08000278   0x08000278   0x00000006   Code   RO         2007    .ARM.Collect$$_printf_percent$$0000000D  c_w.l(_printf_lli.o)
    0x0800027e   0x0800027e   0x00000006   Code   RO         2008    .ARM.Collect$$_printf_percent$$0000000E  c_w.l(_printf_lld.o)
    0x08000284   0x08000284   0x00000006   Code   RO         2009    .ARM.Collect$$_printf_percent$$0000000F  c_w.l(_printf_llu.o)
    0x0800028a   0x0800028a   0x00000006   Code   RO         2014    .ARM.Collect$$_printf_percent$$00000010  c_w.l(_printf_llo.o)
    0x08000290   0x08000290   0x00000006   Code   RO         2015    .ARM.Collect$$_printf_percent$$00000011  c_w.l(_printf_llx.o)
    0x08000296   0x08000296   0x0000000a   Code   RO         2011    .ARM.Collect$$_printf_percent$$00000012  c_w.l(_printf_l.o)
    0x080002a0   0x080002a0   0x00000006   Code   RO         1993    .ARM.Collect$$_printf_percent$$00000013  c_w.l(_printf_c.o)
    0x080002a6   0x080002a6   0x00000006   Code   RO         1994    .ARM.Collect$$_printf_percent$$00000014  c_w.l(_printf_s.o)
    0x080002ac   0x080002ac   0x00000006   Code   RO         2012    .ARM.Collect$$_printf_percent$$00000015  c_w.l(_printf_lc.o)
    0x080002b2   0x080002b2   0x00000006   Code   RO         2013    .ARM.Collect$$_printf_percent$$00000016  c_w.l(_printf_ls.o)
    0x080002b8   0x080002b8   0x00000004   Code   RO         2213    .ARM.Collect$$_printf_percent$$00000017  c_w.l(_printf_percent_end.o)
    0x080002bc   0x080002bc   0x00000002   Code   RO         2343    .ARM.Collect$$libinit$$00000000  c_w.l(libinit.o)
    0x080002be   0x080002be   0x00000004   Code   RO         2043    .ARM.Collect$$libinit$$00000001  c_w.l(libinit2.o)
    0x080002c2   0x080002c2   0x00000000   Code   RO         2046    .ARM.Collect$$libinit$$00000004  c_w.l(libinit2.o)
    0x080002c2   0x080002c2   0x00000008   Code   RO         2047    .ARM.Collect$$libinit$$00000005  c_w.l(libinit2.o)
    0x080002ca   0x080002ca   0x00000000   Code   RO         2049    .ARM.Collect$$libinit$$0000000A  c_w.l(libinit2.o)
    0x080002ca   0x080002ca   0x00000000   Code   RO         2051    .ARM.Collect$$libinit$$0000000C  c_w.l(libinit2.o)
    0x080002ca   0x080002ca   0x00000000   Code   RO         2053    .ARM.Collect$$libinit$$0000000E  c_w.l(libinit2.o)
    0x080002ca   0x080002ca   0x00000006   Code   RO         2054    .ARM.Collect$$libinit$$0000000F  c_w.l(libinit2.o)
    0x080002d0   0x080002d0   0x00000000   Code   RO         2056    .ARM.Collect$$libinit$$00000011  c_w.l(libinit2.o)
    0x080002d0   0x080002d0   0x0000000c   Code   RO         2057    .ARM.Collect$$libinit$$00000012  c_w.l(libinit2.o)
    0x080002dc   0x080002dc   0x00000000   Code   RO         2058    .ARM.Collect$$libinit$$00000013  c_w.l(libinit2.o)
    0x080002dc   0x080002dc   0x00000000   Code   RO         2060    .ARM.Collect$$libinit$$00000015  c_w.l(libinit2.o)
    0x080002dc   0x080002dc   0x0000000a   Code   RO         2061    .ARM.Collect$$libinit$$00000016  c_w.l(libinit2.o)
    0x080002e6   0x080002e6   0x00000000   Code   RO         2062    .ARM.Collect$$libinit$$00000017  c_w.l(libinit2.o)
    0x080002e6   0x080002e6   0x0000000a   Code   RO         2063    .ARM.Collect$$libinit$$00000018  c_w.l(libinit2.o)
    0x080002f0   0x080002f0   0x00000000   Code   RO         2064    .ARM.Collect$$libinit$$00000019  c_w.l(libinit2.o)
    0x080002f0   0x080002f0   0x00000000   Code   RO         2066    .ARM.Collect$$libinit$$0000001B  c_w.l(libinit2.o)
    0x080002f0   0x080002f0   0x00000000   Code   RO         2068    .ARM.Collect$$libinit$$0000001D  c_w.l(libinit2.o)
    0x080002f0   0x080002f0   0x00000000   Code   RO         2070    .ARM.Collect$$libinit$$0000001F  c_w.l(libinit2.o)
    0x080002f0   0x080002f0   0x00000000   Code   RO         2072    .ARM.Collect$$libinit$$00000021  c_w.l(libinit2.o)
    0x080002f0   0x080002f0   0x00000000   Code   RO         2074    .ARM.Collect$$libinit$$00000023  c_w.l(libinit2.o)
    0x080002f0   0x080002f0   0x00000004   Code   RO         2075    .ARM.Collect$$libinit$$00000024  c_w.l(libinit2.o)
    0x080002f4   0x080002f4   0x00000000   Code   RO         2076    .ARM.Collect$$libinit$$00000025  c_w.l(libinit2.o)
    0x080002f4   0x080002f4   0x00000000   Code   RO         2080    .ARM.Collect$$libinit$$0000002C  c_w.l(libinit2.o)
    0x080002f4   0x080002f4   0x00000000   Code   RO         2082    .ARM.Collect$$libinit$$0000002E  c_w.l(libinit2.o)
    0x080002f4   0x080002f4   0x00000000   Code   RO         2084    .ARM.Collect$$libinit$$00000030  c_w.l(libinit2.o)
    0x080002f4   0x080002f4   0x00000004   Code   RO         2085    .ARM.Collect$$libinit$$00000031  c_w.l(libinit2.o)
    0x080002f8   0x080002f8   0x00000000   Code   RO         2086    .ARM.Collect$$libinit$$00000032  c_w.l(libinit2.o)
    0x080002f8   0x080002f8   0x00000002   Code   RO         2087    .ARM.Collect$$libinit$$00000033  c_w.l(libinit2.o)
    0x080002fa   0x080002fa   0x00000002   Code   RO         2419    .ARM.Collect$$libshutdown$$00000000  c_w.l(libshutdown.o)
    0x080002fc   0x080002fc   0x00000006   Code   RO         2242    .ARM.Collect$$libshutdown$$00000001  c_w.l(libshutdown2.o)
    0x08000302   0x08000302   0x00000000   Code   RO         2243    .ARM.Collect$$libshutdown$$00000002  c_w.l(libshutdown2.o)
    0x08000302   0x08000302   0x00000004   Code   RO         2244    .ARM.Collect$$libshutdown$$00000003  c_w.l(libshutdown2.o)
    0x08000306   0x08000306   0x00000000   Code   RO         2245    .ARM.Collect$$libshutdown$$00000004  c_w.l(libshutdown2.o)
    0x08000306   0x08000306   0x00000000   Code   RO         2248    .ARM.Collect$$libshutdown$$00000007  c_w.l(libshutdown2.o)
    0x08000306   0x08000306   0x00000000   Code   RO         2251    .ARM.Collect$$libshutdown$$0000000A  c_w.l(libshutdown2.o)
    0x08000306   0x08000306   0x00000000   Code   RO         2253    .ARM.Collect$$libshutdown$$0000000C  c_w.l(libshutdown2.o)
    0x08000306   0x08000306   0x00000000   Code   RO         2256    .ARM.Collect$$libshutdown$$0000000F  c_w.l(libshutdown2.o)
    0x08000306   0x08000306   0x00000002   Code   RO         2257    .ARM.Collect$$libshutdown$$00000010  c_w.l(libshutdown2.o)
    0x08000308   0x08000308   0x00000000   Code   RO         1919    .ARM.Collect$$rtentry$$00000000  c_w.l(__rtentry.o)
    0x08000308   0x08000308   0x00000000   Code   RO         2113    .ARM.Collect$$rtentry$$00000002  c_w.l(__rtentry2.o)
    0x08000308   0x08000308   0x00000006   Code   RO         2125    .ARM.Collect$$rtentry$$00000004  c_w.l(__rtentry4.o)
    0x0800030e   0x0800030e   0x00000000   Code   RO         2115    .ARM.Collect$$rtentry$$00000009  c_w.l(__rtentry2.o)
    0x0800030e   0x0800030e   0x00000004   Code   RO         2116    .ARM.Collect$$rtentry$$0000000A  c_w.l(__rtentry2.o)
    0x08000312   0x08000312   0x00000000   Code   RO         2118    .ARM.Collect$$rtentry$$0000000C  c_w.l(__rtentry2.o)
    0x08000312   0x08000312   0x00000008   Code   RO         2119    .ARM.Collect$$rtentry$$0000000D  c_w.l(__rtentry2.o)
    0x0800031a   0x0800031a   0x00000002   Code   RO         2357    .ARM.Collect$$rtexit$$00000000  c_w.l(rtexit.o)
    0x0800031c   0x0800031c   0x00000000   Code   RO         2385    .ARM.Collect$$rtexit$$00000002  c_w.l(rtexit2.o)
    0x0800031c   0x0800031c   0x00000004   Code   RO         2386    .ARM.Collect$$rtexit$$00000003  c_w.l(rtexit2.o)
    0x08000320   0x08000320   0x00000006   Code   RO         2387    .ARM.Collect$$rtexit$$00000004  c_w.l(rtexit2.o)
    0x08000326   0x08000326   0x00000002   PAD
    0x08000328   0x08000328   0x00000040   Code   RO          385    .text               startup_n32g4fr.o
    0x08000368   0x08000368   0x00000012   Code   RO         1859    .text               c_w.l(sys_time.o)
    0x0800037a   0x0800037a   0x00000002   PAD
    0x0800037c   0x0800037c   0x00000010   Code   RO         1863    .text               c_w.l(rt_ctype_table.o)
    0x0800038c   0x0800038c   0x00000018   Code   RO         1865    .text               c_w.l(printf.o)
    0x080003a4   0x080003a4   0x00000014   Code   RO         1867    .text               c_w.l(fprintf.o)
    0x080003b8   0x080003b8   0x0000000a   Code   RO         1869    .text               c_w.l(vfprintf.o)
    0x080003c2   0x080003c2   0x00000002   PAD
    0x080003c4   0x080003c4   0x00000064   Code   RO         1871    .text               c_w.l(fflush.o)
    0x08000428   0x08000428   0x00000004   Code   RO         1873    .text               c_w.l(putc.o)
    0x0800042c   0x0800042c   0x0000000a   Code   RO         1886    .text               c_w.l(cxa_atexit.o)
    0x08000436   0x08000436   0x00000024   Code   RO         1889    .text               c_w.l(strstr.o)
    0x0800045a   0x0800045a   0x00000048   Code   RO         1891    .text               c_w.l(strcpy.o)
    0x080004a2   0x080004a2   0x0000003e   Code   RO         1893    .text               c_w.l(strlen.o)
    0x080004e0   0x080004e0   0x0000008a   Code   RO         1895    .text               c_w.l(rt_memcpy_v6.o)
    0x0800056a   0x0800056a   0x00000044   Code   RO         1897    .text               c_w.l(rt_memclr.o)
    0x080005ae   0x080005ae   0x00000002   PAD
    0x080005b0   0x080005b0   0x0000007c   Code   RO         1899    .text               c_w.l(strcmpv7em.o)
    0x0800062c   0x0800062c   0x0000000c   Code   RO         1901    .text               c_w.l(localtime.o)
    0x08000638   0x08000638   0x00000360   Code   RO         1904    .text               c_w.l(strftime.o)
    0x08000998   0x08000998   0x00000006   Code   RO         1906    .text               c_w.l(heapauxi.o)
    0x0800099e   0x0800099e   0x00000002   PAD
    0x080009a0   0x080009a0   0x00000024   Code   RO         1913    .text               c_w.l(init_aeabi.o)
    0x080009c4   0x080009c4   0x00000002   Code   RO         1916    .text               c_w.l(use_no_semi.o)
    0x080009c6   0x080009c6   0x00000000   Code   RO         1918    .text               c_w.l(indicate_semi.o)
    0x080009c6   0x080009c6   0x00000002   PAD
    0x080009c8   0x080009c8   0x00000008   Code   RO         1923    .text               c_w.l(rt_locale_intlibspace.o)
    0x080009d0   0x080009d0   0x0000002c   Code   RO         1925    .text               c_w.l(sprintf.o)
    0x080009fc   0x080009fc   0x0000004e   Code   RO         1929    .text               c_w.l(_printf_pad.o)
    0x08000a4a   0x08000a4a   0x00000024   Code   RO         1931    .text               c_w.l(_printf_truncate.o)
    0x08000a6e   0x08000a6e   0x00000052   Code   RO         1933    .text               c_w.l(_printf_str.o)
    0x08000ac0   0x08000ac0   0x00000078   Code   RO         1935    .text               c_w.l(_printf_dec.o)
    0x08000b38   0x08000b38   0x00000028   Code   RO         1937    .text               c_w.l(_printf_charcount.o)
    0x08000b60   0x08000b60   0x00000024   Code   RO         1939    .text               c_w.l(_printf_char_file.o)
    0x08000b84   0x08000b84   0x000000bc   Code   RO         1941    .text               c_w.l(_printf_wctomb.o)
    0x08000c40   0x08000c40   0x0000007c   Code   RO         1944    .text               c_w.l(_printf_longlong_dec.o)
    0x08000cbc   0x08000cbc   0x00000070   Code   RO         1950    .text               c_w.l(_printf_oct_int_ll.o)
    0x08000d2c   0x08000d2c   0x00000094   Code   RO         1970    .text               c_w.l(_printf_hex_int_ll_ptr.o)
    0x08000dc0   0x08000dc0   0x00000188   Code   RO         1990    .text               c_w.l(__printf_flags_ss_wp.o)
    0x08000f48   0x08000f48   0x000000f8   Code   RO         2016    .text               c_w.l(fseek.o)
    0x08001040   0x08001040   0x000000f0   Code   RO         2018    .text               c_w.l(stdio.o)
    0x08001130   0x08001130   0x00000138   Code   RO         2021    .text               c_w.l(initio.o)
    0x08001268   0x08001268   0x0000002e   Code   RO         2034    .text               c_w.l(aeabi_atexit.o)
    0x08001296   0x08001296   0x00000064   Code   RO         2037    .text               c_w.l(rt_memcpy_w.o)
    0x080012fa   0x080012fa   0x0000004e   Code   RO         2039    .text               c_w.l(rt_memclr_w.o)
    0x08001348   0x08001348   0x000000b8   Code   RO         2041    .text               c_w.l(localtime_internal.o)
    0x08001400   0x08001400   0x00000066   Code   RO         2100    .text               c_w.l(sys_io.o)
    0x08001466   0x08001466   0x00000002   PAD
    0x08001468   0x08001468   0x00000008   Code   RO         2107    .text               c_w.l(libspace.o)
    0x08001470   0x08001470   0x00000008   Code   RO         2130    .text               c_w.l(rt_ddtor_pointer_addr_intlibspace.o)
    0x08001478   0x08001478   0x0000005e   Code   RO         2136    .text               c_w.l(h1_alloc.o)
    0x080014d6   0x080014d6   0x0000004e   Code   RO         2138    .text               c_w.l(h1_free.o)
    0x08001524   0x08001524   0x0000008a   Code   RO         2194    .text               c_w.l(lludiv10.o)
    0x080015ae   0x080015ae   0x000000b2   Code   RO         2196    .text               c_w.l(_printf_intcommon.o)
    0x08001660   0x08001660   0x0000041c   Code   RO         2198    .text               c_w.l(_printf_fp_dec.o)
    0x08001a7c   0x08001a7c   0x000002fc   Code   RO         2202    .text               c_w.l(_printf_fp_hex.o)
    0x08001d78   0x08001d78   0x00000030   Code   RO         2205    .text               c_w.l(_printf_char_common.o)
    0x08001da8   0x08001da8   0x0000000a   Code   RO         2207    .text               c_w.l(_sputc.o)
    0x08001db2   0x08001db2   0x0000002c   Code   RO         2209    .text               c_w.l(_printf_char.o)
    0x08001dde   0x08001dde   0x0000002c   Code   RO         2211    .text               c_w.l(_printf_wchar.o)
    0x08001e0a   0x08001e0a   0x00000008   Code   RO         2214    .text               c_w.l(ferror.o)
    0x08001e12   0x08001e12   0x00000042   Code   RO         2216    .text               c_w.l(ftell.o)
    0x08001e54   0x08001e54   0x00000046   Code   RO         2218    .text               c_w.l(setvbuf.o)
    0x08001e9a   0x08001e9a   0x00000002   PAD
    0x08001e9c   0x08001e9c   0x000000f0   Code   RO         2220    .text               c_w.l(fopen.o)
    0x08001f8c   0x08001f8c   0x0000004c   Code   RO         2222    .text               c_w.l(fclose.o)
    0x08001fd8   0x08001fd8   0x00000048   Code   RO         2230    .text               c_w.l(_c16rtomb.o)
    0x08002020   0x08002020   0x00000042   Code   RO         2232    .text               c_w.l(cxa_finalize.o)
    0x08002062   0x08002062   0x0000000e   Code   RO         2235    .text               c_w.l(defsig_rtred_outer.o)
    0x08002070   0x08002070   0x0000004a   Code   RO         2260    .text               c_w.l(sys_stackheap_outer.o)
    0x080020ba   0x080020ba   0x00000002   PAD
    0x080020bc   0x080020bc   0x00000008   Code   RO         2267    .text               c_w.l(rt_heap_descriptor_intlibspace.o)
    0x080020c4   0x080020c4   0x00000008   Code   RO         2272    .text               c_w.l(rt_errno_addr_intlibspace.o)
    0x080020cc   0x080020cc   0x00000004   Code   RO         2274    .text               c_w.l(hguard.o)
    0x080020d0   0x080020d0   0x0000008a   Code   RO         2276    .text               c_w.l(init_alloc.o)
    0x0800215a   0x0800215a   0x0000000e   Code   RO         2280    .text               c_w.l(h1_init.o)
    0x08002168   0x08002168   0x00000080   Code   RO         2292    .text               c_w.l(_printf_fp_infnan.o)
    0x080021e8   0x080021e8   0x000000e4   Code   RO         2296    .text               c_w.l(bigflt0.o)
    0x080022cc   0x080022cc   0x00000012   Code   RO         2326    .text               c_w.l(exit.o)
    0x080022de   0x080022de   0x0000000a   Code   RO         2328    .text               c_w.l(defsig_exit.o)
    0x080022e8   0x080022e8   0x00000034   Code   RO         2330    .text               c_w.l(defsig_rtred_inner.o)
    0x0800231c   0x0800231c   0x0000000c   Code   RO         2351    .text               c_w.l(sys_exit.o)
    0x08002328   0x08002328   0x00000000   Code   RO         2361    .text               c_w.l(maybetermalloc1.o)
    0x08002328   0x08002328   0x00000034   Code   RO         2363    .text               c_w.l(h1_extend.o)
    0x0800235c   0x0800235c   0x00000032   Code   RO         2371    .text               c_w.l(defsig_general.o)
    0x0800238e   0x0800238e   0x0000000e   Code   RO         2373    .text               c_w.l(defsig_rtmem_outer.o)
    0x0800239c   0x0800239c   0x0000000e   Code   RO         2380    .text               c_w.l(sys_wrch.o)
    0x080023aa   0x080023aa   0x00000002   PAD
    0x080023ac   0x080023ac   0x00000050   Code   RO         2395    .text               c_w.l(defsig_rtmem_inner.o)
    0x080023fc   0x080023fc   0x00000038   Code   RO          515    .text.ADC_ConfigClk  n32g4fr_adc.o
    0x08002434   0x08002434   0x00000004   Code   RO          396    .text.BusFault_Handler  n32g4fr_it.o
    0x08002438   0x08002438   0x00000002   Code   RO          402    .text.DebugMon_Handler  n32g4fr_it.o
    0x0800243a   0x0800243a   0x00000002   PAD
    0x0800243c   0x0800243c   0x0000000c   Code   RO          227    .text.FIFO_GetDataCount  fifo.o
    0x08002448   0x08002448   0x0000009c   Code   RO          219    .text.FIFO_ReadData  fifo.o
    0x080024e4   0x080024e4   0x00000186   Code   RO          843    .text.GPIO_InitPeripheral  n32g4fr_gpio.o
    0x0800266a   0x0800266a   0x00000002   PAD
    0x0800266c   0x0800266c   0x00000114   Code   RO         1742    .text.HardFaultHandler  segger_hardfaulthandler.o
    0x08002780   0x08002780   0x00000004   Code   RO          394    .text.MemManage_Handler  n32g4fr_it.o
    0x08002784   0x08002784   0x00000002   Code   RO          392    .text.NMI_Handler   n32g4fr_it.o
    0x08002786   0x08002786   0x00000002   PAD
    0x08002788   0x08002788   0x000000aa   Code   RO          422    .text.NVIC_Init     misc.o
    0x08002832   0x08002832   0x00000002   PAD
    0x08002834   0x08002834   0x0000001c   Code   RO          420    .text.NVIC_PriorityGroupConfig  misc.o
    0x08002850   0x08002850   0x0000003e   Code   RO         1098    .text.RCC_ConfigAdc1mClk  n32g4fr_rcc.o
    0x0800288e   0x0800288e   0x00000002   PAD
    0x08002890   0x08002890   0x0000002c   Code   RO         1102    .text.RCC_ConfigAdcHclk  n32g4fr_rcc.o
    0x080028bc   0x080028bc   0x00000054   Code   RO         1100    .text.RCC_ConfigAdcPllClk  n32g4fr_rcc.o
    0x08002910   0x08002910   0x0000002c   Code   RO         1084    .text.RCC_ConfigPclk1  n32g4fr_rcc.o
    0x0800293c   0x0800293c   0x00000038   Code   RO         1118    .text.RCC_EnableAHBPeriphClk  n32g4fr_rcc.o
    0x08002974   0x08002974   0x00000038   Code   RO         1122    .text.RCC_EnableAPB1PeriphClk  n32g4fr_rcc.o
    0x080029ac   0x080029ac   0x00000038   Code   RO         1120    .text.RCC_EnableAPB2PeriphClk  n32g4fr_rcc.o
    0x080029e4   0x080029e4   0x000001c4   Code   RO         1116    .text.RCC_GetClocksFreqValue  n32g4fr_rcc.o
    0x08002ba8   0x08002ba8   0x000000a0   Code   RO         1803    .text.SEGGER_RTT_ConfigUpBuffer  segger_rtt.o
    0x08002c48   0x08002c48   0x00000008   Code   RO         1815    .text.SEGGER_RTT_Init  segger_rtt.o
    0x08002c50   0x08002c50   0x0000004c   Code   RO         1779    .text.SEGGER_RTT_Write  segger_rtt.o
    0x08002c9c   0x08002c9c   0x000000b0   Code   RO         1775    .text.SEGGER_RTT_WriteNoLock  segger_rtt.o
    0x08002d4c   0x08002d4c   0x0000002a   Code   RO         1848    .text.SEGGER_RTT_printf  segger_rtt_printf.o
    0x08002d76   0x08002d76   0x00000002   PAD
    0x08002d78   0x08002d78   0x0000033c   Code   RO         1840    .text.SEGGER_RTT_vprintf  segger_rtt_printf.o
    0x080030b4   0x080030b4   0x00000002   Code   RO          400    .text.SVC_Handler   n32g4fr_it.o
    0x080030b6   0x080030b6   0x00000002   PAD
    0x080030b8   0x080030b8   0x000000be   Code   RO          370    .text.SetSysClock   system_n32g4fr.o
    0x08003176   0x08003176   0x00000002   PAD
    0x08003178   0x08003178   0x00000020   Code   RO          404    .text.SysTick_Handler  n32g4fr_it.o
    0x08003198   0x08003198   0x000000cc   Code   RO          368    .text.SystemInit    system_n32g4fr.o
    0x08003264   0x08003264   0x00000002   Code   RO          408    .text.TIM1_CC_IRQHandler  n32g4fr_it.o
    0x08003266   0x08003266   0x00000002   PAD
    0x08003268   0x08003268   0x0000007c   Code   RO          410    .text.USART3_IRQHandler  n32g4fr_it.o
    0x080032e4   0x080032e4   0x00000092   Code   RO         1637    .text.USART_ConfigInt  n32g4fr_usart.o
    0x08003376   0x08003376   0x00000002   PAD
    0x08003378   0x08003378   0x0000002c   Code   RO         1635    .text.USART_Enable  n32g4fr_usart.o
    0x080033a4   0x080033a4   0x00000044   Code   RO         1671    .text.USART_GetFlagStatus  n32g4fr_usart.o
    0x080033e8   0x080033e8   0x000000b0   Code   RO         1675    .text.USART_GetIntStatus  n32g4fr_usart.o
    0x08003498   0x08003498   0x00000124   Code   RO         1627    .text.USART_Init    n32g4fr_usart.o
    0x080035bc   0x080035bc   0x00000010   Code   RO         1653    .text.USART_ReceiveData  n32g4fr_usart.o
    0x080035cc   0x080035cc   0x00000018   Code   RO         1651    .text.USART_SendData  n32g4fr_usart.o
    0x080035e4   0x080035e4   0x00000004   Code   RO          398    .text.UsageFault_Handler  n32g4fr_it.o
    0x080035e8   0x080035e8   0x0000009c   Code   RO         1757    .text._DoInit       segger_rtt.o
    0x08003684   0x08003684   0x0000001c   Code   RO           20    .text._GLOBAL__sub_I_main.cpp  main.o
    0x080036a0   0x080036a0   0x0000003e   Code   RO         1769    .text._GetAvailWriteSpace  segger_rtt.o
    0x080036de   0x080036de   0x00000002   PAD
    0x080036e0   0x080036e0   0x000001cc   Code   RO         1844    .text._PrintInt     segger_rtt_printf.o
    0x080038ac   0x080038ac   0x000001ac   Code   RO         1846    .text._PrintUnsigned  segger_rtt_printf.o
    0x08003a58   0x08003a58   0x00000076   Code   RO         1842    .text._StoreChar    segger_rtt_printf.o
    0x08003ace   0x08003ace   0x00000002   PAD
    0x08003ad0   0x08003ad0   0x000000e4   Code   RO         1773    .text._WriteBlocking  segger_rtt.o
    0x08003bb4   0x08003bb4   0x0000008c   Code   RO         1771    .text._WriteNoCheck  segger_rtt.o
    0x08003c40   0x08003c40   0x000000cc   Code   RO          182    .text._Z14shell_mode_cmdcPc  nr_micro_shell_commands.o
    0x08003d0c   0x08003d0c   0x0000003a   Code   RO          178    .text._Z14shell_quit_cmdcPc  nr_micro_shell_commands.o
    0x08003d46   0x08003d46   0x00000002   PAD
    0x08003d48   0x08003d48   0x00000028   Code   RO          176    .text._Z14shell_stop_cmdcPc  nr_micro_shell_commands.o
    0x08003d70   0x08003d70   0x00000028   Code   RO          174    .text._Z15shell_start_cmdcPc  nr_micro_shell_commands.o
    0x08003d98   0x08003d98   0x00000078   Code   RO          172    .text._Z17shell_hexdump_cmdcPc  nr_micro_shell_commands.o
    0x08003e10   0x08003e10   0x00000010   Code   RO           16    .text._Z4loopv      main.o
    0x08003e20   0x08003e20   0x00000008   Code   RO           14    .text._Z5setupv     main.o
    0x08003e28   0x08003e28   0x00000052   Code   RO          199    .text._ZL14SysTick_Configj  systick.o
    0x08003e7a   0x08003e7a   0x00000002   PAD
    0x08003e7c   0x08003e7c   0x00000042   Code   RO          201    .text._ZL18__NVIC_SetPriority4IRQnj  systick.o
    0x08003ebe   0x08003ebe   0x00000002   PAD
    0x08003ec0   0x08003ec0   0x00000026   Code   RO          180    .text._ZL18__NVIC_SystemResetv  nr_micro_shell_commands.o
    0x08003ee6   0x08003ee6   0x00000002   PAD
    0x08003ee8   0x08003ee8   0x00000010   Code   RO          103    .text._ZN2Do3lowEv  do.o
    0x08003ef8   0x08003ef8   0x00000010   Code   RO          105    .text._ZN2Do4highEv  do.o
    0x08003f08   0x08003f08   0x0000010e   Code   RO           99    .text._ZN2Do8init_pinEP11GPIO_Modulet  do.o
    0x08004016   0x08004016   0x00000002   PAD
    0x08004018   0x08004018   0x0000000a   Code   RO           95    .text._ZN2DoC2Ev    do.o
    0x08004022   0x08004022   0x00000002   PAD
    0x08004024   0x08004024   0x0000000a   Code   RO          101    .text._ZN2DoD2Ev    do.o
    0x0800402e   0x0800402e   0x00000002   PAD
    0x08004030   0x08004030   0x0000008e   Code   RO          158    .text._ZN3App12idle_processEv  app.o
    0x080040be   0x080040be   0x00000002   PAD
    0x080040c0   0x080040c0   0x0000000e   Code   RO          156    .text._ZN3App12uart_processEv  app.o
    0x080040ce   0x080040ce   0x00000002   PAD
    0x080040d0   0x080040d0   0x00000028   Code   RO          160    .text._ZN3App13error_processEv  app.o
    0x080040f8   0x080040f8   0x00000050   Code   RO          154    .text._ZN3App16sent_sample_dataEv  app.o
    0x08004148   0x08004148   0x0000004a   Code   RO          152    .text._ZN3App3runEv  app.o
    0x08004192   0x08004192   0x00000002   PAD
    0x08004194   0x08004194   0x00000020   Code   RO          148    .text._ZN3AppC2Ev   app.o
    0x080041b4   0x080041b4   0x0000000a   Code   RO          150    .text._ZN3AppD2Ev   app.o
    0x080041be   0x080041be   0x00000002   PAD
    0x080041c0   0x080041c0   0x00000074   Code   RO           69    .text._ZN3Clk11print_clockEv  clk.o
    0x08004234   0x08004234   0x00000094   Code   RO           67    .text._ZN3ClkC2Ev   clk.o
    0x080042c8   0x080042c8   0x0000000a   Code   RO           71    .text._ZN3ClkD2Ev   clk.o
    0x080042d2   0x080042d2   0x00000002   PAD
    0x080042d4   0x080042d4   0x0000007e   Code   RO           81    .text._ZN3Rtt4initEv  rtt.o
    0x08004352   0x08004352   0x00000002   PAD
    0x08004354   0x08004354   0x00000014   Code   RO           83    .text._ZN3RttC2Ev   rtt.o
    0x08004368   0x08004368   0x0000000a   Code   RO           85    .text._ZN3RttD2Ev   rtt.o
    0x08004372   0x08004372   0x00000002   PAD
    0x08004374   0x08004374   0x0000004e   Code   RO           52    .text._ZN4Uart4initEj  uart.o
    0x080043c2   0x080043c2   0x00000002   PAD
    0x080043c4   0x080043c4   0x0000004e   Code   RO           50    .text._ZN4Uart8init_pinEv  uart.o
    0x08004412   0x08004412   0x00000002   PAD
    0x08004414   0x08004414   0x0000002a   Code   RO           54    .text._ZN4Uart9init_nvicEv  uart.o
    0x0800443e   0x0800443e   0x00000002   PAD
    0x08004440   0x08004440   0x00000024   Code   RO           48    .text._ZN4UartC2Ev  uart.o
    0x08004464   0x08004464   0x0000000a   Code   RO           56    .text._ZN4UartD2Ev  uart.o
    0x0800446e   0x0800446e   0x00000002   PAD
    0x08004470   0x08004470   0x00000022   Code   RO          135    .text._ZN5Shell4initEv  shell.o
    0x08004492   0x08004492   0x00000002   PAD
    0x08004494   0x08004494   0x00000014   Code   RO          137    .text._ZN5ShellC2Ev  shell.o
    0x080044a8   0x080044a8   0x0000000a   Code   RO          139    .text._ZN5ShellD2Ev  shell.o
    0x080044b2   0x080044b2   0x00000002   PAD
    0x080044b4   0x080044b4   0x00000038   Code   RO          195    .text._ZN7Systick4initEv  systick.o
    0x080044ec   0x080044ec   0x00000028   Code   RO          203    .text._ZN7Systick8delay_msEj  systick.o
    0x08004514   0x08004514   0x00000014   Code   RO          193    .text._ZN7SystickC2Ev  systick.o
    0x08004528   0x08004528   0x0000000a   Code   RO          197    .text._ZN7SystickD2Ev  systick.o
    0x08004532   0x08004532   0x00000002   PAD
    0x08004534   0x08004534   0x00000030   Code   RO          116    .text._ZN8DWTDelay4initEj  dwtdelay.o
    0x08004564   0x08004564   0x0000001a   Code   RO          124    .text._ZN8DWTDelay8delay_msEj  dwtdelay.o
    0x0800457e   0x0800457e   0x00000002   PAD
    0x08004580   0x08004580   0x00000086   Code   RO          122    .text._ZN8DWTDelay8delay_usEj  dwtdelay.o
    0x08004606   0x08004606   0x00000002   PAD
    0x08004608   0x08004608   0x0000001e   Code   RO          118    .text._ZN8DWTDelayC2Ev  dwtdelay.o
    0x08004626   0x08004626   0x00000002   PAD
    0x08004628   0x08004628   0x0000000a   Code   RO          120    .text._ZN8DWTDelayD2Ev  dwtdelay.o
    0x08004632   0x08004632   0x00000002   PAD
    0x08004634   0x08004634   0x00000098   Code   RO           37    .text._ZN8HardwareC2Ev  hardware.o
    0x080046cc   0x080046cc   0x0000003c   Code   RO           39    .text._ZN8HardwareD2Ev  hardware.o
    0x08004708   0x08004708   0x0000002c   Code   RO            2    .text.__cxx_global_var_init  main.o
    0x08004734   0x08004734   0x0000002c   Code   RO            4    .text.__cxx_global_var_init.1  main.o
    0x08004760   0x08004760   0x0000002c   Code   RO            6    .text.__cxx_global_var_init.2  main.o
    0x0800478c   0x0800478c   0x0000002c   Code   RO            8    .text.__cxx_global_var_init.3  main.o
    0x080047b8   0x080047b8   0x0000002c   Code   RO           10    .text.__cxx_global_var_init.4  main.o
    0x080047e4   0x080047e4   0x0000002c   Code   RO           12    .text.__cxx_global_var_init.5  main.o
    0x08004810   0x08004810   0x000000d6   Code   RO          304    .text._shell_init   nr_micro_shell.o
    0x080048e6   0x080048e6   0x00000002   PAD
    0x080048e8   0x080048e8   0x0000001e   Code   RO          256    .text.ansi_clear_current_line  ansi.o
    0x08004906   0x08004906   0x00000002   PAD
    0x08004908   0x08004908   0x00000174   Code   RO          258    .text.ansi_get_char  ansi.o
    0x08004a7c   0x08004a7c   0x0000002a   Code   RO          254    .text.ansi_init     ansi.o
    0x08004aa6   0x08004aa6   0x00000002   PAD
    0x08004aa8   0x08004aa8   0x00000062   Code   RO          252    .text.ansi_search_char  ansi.o
    0x08004b0a   0x08004b0a   0x00000002   PAD
    0x08004b0c   0x08004b0c   0x00000038   Code   RO          272    .text.ansi_show_str  ansi_port.o
    0x08004b44   0x08004b44   0x00000034   Code   RO          242    .text.fputc         bsp.o
    0x08004b78   0x08004b78   0x00000338   Code   RO          240    .text.hexdump       bsp.o
    0x08004eb0   0x08004eb0   0x0000002e   Code   RO          352    .text.init_event    log.o
    0x08004ede   0x08004ede   0x00000002   PAD
    0x08004ee0   0x08004ee0   0x00000024   Code   RO          350    .text.lock          log.o
    0x08004f04   0x08004f04   0x000000ec   Code   RO          348    .text.log_log       log.o
    0x08004ff0   0x08004ff0   0x00000014   Code   RO          338    .text.log_set_level  log.o
    0x08005004   0x08005004   0x00000014   Code   RO           18    .text.main          main.o
    0x08005018   0x08005018   0x00000002   Code   RO          238    .text.memory_init   bsp.o
    0x0800501a   0x0800501a   0x00000002   PAD
    0x0800501c   0x0800501c   0x000000d4   Code   RO          274    .text.nr_ansi_common_char_slover  ansi_port.o
    0x080050f0   0x080050f0   0x0000003e   Code   RO          276    .text.nr_ansi_ctrl_common_slover  ansi_port.o
    0x0800512e   0x0800512e   0x00000002   PAD
    0x08005130   0x08005130   0x0000006c   Code   RO          294    .text.nr_ansi_in__  ansi_port.o
    0x0800519c   0x0800519c   0x0000006c   Code   RO          282    .text.nr_ansi_in_backspace  ansi_port.o
    0x08005208   0x08005208   0x000000a4   Code   RO          286    .text.nr_ansi_in_down  ansi_port.o
    0x080052ac   0x080052ac   0x0000003c   Code   RO          278    .text.nr_ansi_in_enter  ansi_port.o
    0x080052e8   0x080052e8   0x0000002c   Code   RO          288    .text.nr_ansi_in_left  ansi_port.o
    0x08005314   0x08005314   0x00000032   Code   RO          280    .text.nr_ansi_in_newline  ansi_port.o
    0x08005346   0x08005346   0x00000002   PAD
    0x08005348   0x08005348   0x00000030   Code   RO          290    .text.nr_ansi_in_right  ansi_port.o
    0x08005378   0x08005378   0x000000fe   Code   RO          292    .text.nr_ansi_in_tab  ansi_port.o
    0x08005476   0x08005476   0x00000002   PAD
    0x08005478   0x08005478   0x000000a8   Code   RO          284    .text.nr_ansi_in_up  ansi_port.o
    0x08005520   0x08005520   0x0000010a   Code   RO          316    .text.nr_shell_strtok  nr_micro_shell.o
    0x0800562a   0x0800562a   0x00000002   PAD
    0x0800562c   0x0800562c   0x000000ba   Code   RO          318    .text.shell_cmd_complete  nr_micro_shell.o
    0x080056e6   0x080056e6   0x00000002   PAD
    0x080056e8   0x080056e8   0x00000178   Code   RO          320    .text.shell_his_copy_queue_item  nr_micro_shell.o
    0x08005860   0x08005860   0x0000016e   Code   RO          308    .text.shell_his_queue_add_cmd  nr_micro_shell.o
    0x080059ce   0x080059ce   0x00000002   PAD
    0x080059d0   0x080059d0   0x00000022   Code   RO          306    .text.shell_his_queue_init  nr_micro_shell.o
    0x080059f2   0x080059f2   0x00000002   PAD
    0x080059f4   0x080059f4   0x0000017c   Code   RO          314    .text.shell_his_queue_search_cmd  nr_micro_shell.o
    0x08005b70   0x08005b70   0x00000168   Code   RO          312    .text.shell_parser  nr_micro_shell.o
    0x08005cd8   0x08005cd8   0x00000062   Code   RO          310    .text.shell_search_cmd  nr_micro_shell.o
    0x08005d3a   0x08005d3a   0x00000002   PAD
    0x08005d3c   0x08005d3c   0x0000007c   Code   RO          354    .text.stdout_callback  log.o
    0x08005db8   0x08005db8   0x00000024   Code   RO          356    .text.unlock        log.o
    0x08005ddc   0x08005ddc   0x0000003e   Code   RO         2299    CL$$btod_d2e        c_w.l(btod.o)
    0x08005e1a   0x08005e1a   0x00000046   Code   RO         2301    CL$$btod_d2e_denorm_low  c_w.l(btod.o)
    0x08005e60   0x08005e60   0x00000060   Code   RO         2300    CL$$btod_d2e_norm_op1  c_w.l(btod.o)
    0x08005ec0   0x08005ec0   0x00000338   Code   RO         2309    CL$$btod_div_common  c_w.l(btod.o)
    0x080061f8   0x080061f8   0x000000dc   Code   RO         2306    CL$$btod_e2e        c_w.l(btod.o)
    0x080062d4   0x080062d4   0x0000002a   Code   RO         2303    CL$$btod_ediv       c_w.l(btod.o)
    0x080062fe   0x080062fe   0x0000002a   Code   RO         2302    CL$$btod_emul       c_w.l(btod.o)
    0x08006328   0x08006328   0x00000244   Code   RO         2308    CL$$btod_mult_common  c_w.l(btod.o)
    0x0800656c   0x0800656c   0x00000012   Code   RO         1751    OSKERNEL            hardfaulthandler.o
    0x0800657e   0x0800657e   0x00000030   Code   RO         2347    i.__ARM_fpclassify  m_wm.l(fpclassify.o)
    0x080065ae   0x080065ae   0x0000000e   Code   RO         1983    i._is_digit         c_w.l(__printf_wp.o)
    0x080065bc   0x080065bc   0x0000002c   Code   RO         2026    locale$$code        c_w.l(lc_ctype_c.o)
    0x080065e8   0x080065e8   0x0000002c   Code   RO         2029    locale$$code        c_w.l(lc_time_c.o)
    0x08006614   0x08006614   0x0000002c   Code   RO         2324    locale$$code        c_w.l(lc_numeric_c.o)
    0x08006640   0x08006640   0x0000001a   Code   RO         2258    x$fpl$fpinit        fz_wm.l(fpinit.o)
    0x0800665a   0x0800665a   0x00000004   Code   RO         2092    x$fpl$printf1       fz_wm.l(printf1.o)
    0x0800665e   0x0800665e   0x00000004   Code   RO         2094    x$fpl$printf2       fz_wm.l(printf2.o)
    0x08006662   0x08006662   0x00000000   Code   RO         2346    x$fpl$usenofp       fz_wm.l(usenofp.o)
    0x08006662   0x08006662   0x00000002   PAD
    0x08006664   0x08006664   0x00000008   Data   RO         1942    .constdata          c_w.l(_printf_wctomb.o)
    0x0800666c   0x0800666c   0x00000028   Data   RO         1971    .constdata          c_w.l(_printf_hex_int_ll_ptr.o)
    0x08006694   0x08006694   0x00000011   Data   RO         1991    .constdata          c_w.l(__printf_flags_ss_wp.o)
    0x080066a5   0x080066a5   0x00000004   Data   RO         2102    .constdata          c_w.l(sys_io_names.o)
    0x080066a9   0x080066a9   0x00000004   Data   RO         2103    .constdata          c_w.l(sys_io_names.o)
    0x080066ad   0x080066ad   0x00000004   Data   RO         2104    .constdata          c_w.l(sys_io_names.o)
    0x080066b1   0x080066b1   0x00000026   Data   RO         2203    .constdata          c_w.l(_printf_fp_hex.o)
    0x080066d7   0x080066d7   0x0000000c   Data   RO         2239    .constdata          c_w.l(_monlen.o)
    0x080066e3   0x080066e3   0x00000001   PAD
    0x080066e4   0x080066e4   0x00000094   Data   RO         2297    .constdata          c_w.l(bigflt0.o)
    0x08006778   0x08006778   0x00000010   Data   RO         1850    .rodata._PrintUnsigned._aV2C  segger_rtt_printf.o
    0x08006788   0x08006788   0x00000015   Data   RO          260    .rodata.nr_ansi_in_cmd  ansi.o
    0x0800679d   0x0800679d   0x00000003   PAD
    0x080067a0   0x080067a0   0x00000050   Data   RO          261    .rodata.nr_ansi_in_cmd_fun  ansi.o
    0x080067f0   0x080067f0   0x00000005   Data   RO          262    .rodata.nr_ansi_in_special_symbol  ansi.o
    0x080067f5   0x080067f5   0x00000003   PAD
    0x080067f8   0x080067f8   0x00000010   Data   RO          263    .rodata.nr_ansi_in_special_symbol_fun  ansi.o
    0x08006808   0x08006808   0x00000014   Data   RO          322    .rodata.nr_shell_cmd0.end  nr_micro_shell.o
    0x0800681c   0x0800681c   0x00000014   Data   RO          323    .rodata.nr_shell_cmd1.end  nr_micro_shell.o
    0x08006830   0x08006830   0x00000010   Data   RO         1147    .rodata.s_AdcHclkPresTable  n32g4fr_rcc.o
    0x08006840   0x08006840   0x00000020   Data   RO         1148    .rodata.s_AdcPllClkPresTable  n32g4fr_rcc.o
    0x08006860   0x08006860   0x00000010   Data   RO         1146    .rodata.s_ApbAhbPresTable  n32g4fr_rcc.o
    0x08006870   0x08006870   0x00000078   Data   RO          185    .rodata.static_cmd  nr_micro_shell_commands.o
    0x080068e8   0x080068e8   0x00000034   Data   RO           73    .rodata.str1.1      clk.o
    0x0800691c   0x0800691c   0x0000007b   Data   RO           87    .rodata.str1.1      rtt.o
    0x08006997   0x08006997   0x00000037   Data   RO          162    .rodata.str1.1      app.o
    0x080069ce   0x080069ce   0x00000134   Data   RO          184    .rodata.str1.1      nr_micro_shell_commands.o
    0x08006b02   0x08006b02   0x00000047   Data   RO          244    .rodata.str1.1      bsp.o
    0x08006b49   0x08006b49   0x00000021   Data   RO          296    .rodata.str1.1      ansi_port.o
    0x08006b6a   0x08006b6a   0x000001b5   Data   RO          325    .rodata.str1.1      nr_micro_shell.o
    0x08006d1f   0x08006d1f   0x0000003b   Data   RO          360    .rodata.str1.1      log.o
    0x08006d5a   0x08006d5a   0x00000013   Data   RO          412    .rodata.str1.1      n32g4fr_it.o
    0x08006d6d   0x08006d6d   0x00000014   Data   RO         1830    .rodata.str1.1      segger_rtt.o
    0x08006d81   0x08006d81   0x00000003   PAD
    0x08006d84   0x08006d84   0x00000020   Data   RO         2421    Region$$Table       anon$$obj.o
    0x08006da4   0x08006da4   0x00000110   Data   RO         2025    locale$$data        c_w.l(lc_ctype_c.o)
    0x08006eb4   0x08006eb4   0x00000180   Data   RO         2028    locale$$data        c_w.l(lc_time_c.o)
    0x08007034   0x08007034   0x0000001c   Data   RO         2323    locale$$data        c_w.l(lc_numeric_c.o)
    0x08007050   0x08007050   0x00000004   Data   RO           28    .init_array         main.o
    0x08007054   0x08007050   0x00000000   Data   RO         1911    .init_array         c_w.l(init_aeabi.o)


    Execution Region RW_IRAM1 (Exec base: 0x20000000, Load base: 0x08007058, Size: 0x00008260, Max: 0x00020000, ABSOLUTE, COMPRESSED[0x00000048])

    Exec Addr    Load Addr    Size         Type   Attr      Idx    E Section Name        Object

    0x20000000   COMPRESSED   0x00000004   Data   RW         1878    .data               c_w.l(stdio_streams.o)
    0x20000004   COMPRESSED   0x00000004   Data   RW         1879    .data               c_w.l(stdio_streams.o)
    0x20000008   COMPRESSED   0x00000004   Data   RW         1880    .data               c_w.l(stdio_streams.o)
    0x2000000c   COMPRESSED   0x00000014   Data   RW          230    .data.FIFO_Data     fifo.o
    0x20000020   COMPRESSED   0x00000004   Data   RW          374    .data.SystemCoreClock  system_n32g4fr.o
    0x20000024   COMPRESSED   0x00000018   Data   RW          358    .data.level_strings  log.o
    0x2000003c   COMPRESSED   0x0000013c   Data   RW          324    .data.nr_shell      nr_micro_shell.o
    0x20000178        -       0x00000054   Zero   RW         1875    .bss                c_w.l(stdio_streams.o)
    0x200001cc        -       0x00000054   Zero   RW         1876    .bss                c_w.l(stdio_streams.o)
    0x20000220        -       0x00000054   Zero   RW         1877    .bss                c_w.l(stdio_streams.o)
    0x20000274        -       0x0000002c   Zero   RW         1902    .bss                c_w.l(localtime.o)
    0x200002a0        -       0x00000060   Zero   RW         2108    .bss                c_w.l(libspace.o)
    0x20000300        -       0x00001f40   Zero   RW          229    .bss.FIFO_DataBuffer  fifo.o
    0x20002240        -       0x00000040   Zero   RW         1744    .bss.HardFaultRegs  segger_hardfaulthandler.o
    0x20002280        -       0x00000190   Zero   RW          359    .bss.L              log.o
    0x20002410        -       0x00000004   Zero   RW         1745    .bss._Continue      segger_hardfaulthandler.o
    0x20002414        -       0x000000a8   Zero   RW         1827    .bss._SEGGER_RTT    segger_rtt.o
    0x200024bc        -       0x00000010   Zero   RW         1832    .bss._acDownBuffer  segger_rtt.o
    0x200024cc        -       0x00000400   Zero   RW         1831    .bss._acUpBuffer    segger_rtt.o
    0x200028cc        -       0x000007d2   Zero   RW           25    .bss.app            main.o
    0x2000309e   COMPRESSED   0x00000002   PAD
    0x200030a0        -       0x00000004   Zero   RW          205    .bss.delay          systick.o
    0x200030a4        -       0x00000004   Zero   RW           26    .bss.dwt            main.o
    0x200030a8        -       0x00000028   Zero   RW           23    .bss.hardware_n32_ch2840adx  main.o
    0x200030d0        -       0x00000001   Zero   RW           24    .bss.nr             main.o
    0x200030d1   COMPRESSED   0x00000003   PAD
    0x200030d4        -       0x00000084   Zero   RW          264    .bss.nr_ansi        ansi.o
    0x20003158        -       0x00000004   Zero   RW          326    .bss.nr_shell_strtok.last  nr_micro_shell.o
    0x2000315c        -       0x00004000   Zero   RW           22    .bss.segger_cb      main.o
    0x2000715c        -       0x00000001   Zero   RW           27    .bss.tick           main.o
    0x2000715d   COMPRESSED   0x00000003   PAD
    0x20007160        -       0x00000100   Zero   RW          383    HEAP                startup_n32g4fr.o
    0x20007260        -       0x00001000   Zero   RW          382    STACK               startup_n32g4fr.o


==============================================================================

Image component sizes


      Code (inc. data)   RO Data    RW Data    ZI Data      Debug   Object Name

       542          0        122          0        132       2148   ansi.o
      1334          0         33          0          0       3181   ansi_port.o
       392          4         55          0          0      11613   app.o
       878          0         71          0          0       2611   bsp.o
       274          0         52          0          0      10949   clk.o
       322          0          0          0          0      12130   do.o
       248          0          0          0          0      11495   dwtdelay.o
       168          0          0         20       8000       2392   fifo.o
        18          0          0          0          0        312   hardfaulthandler.o
       212          0          0          0          0      11302   hardware.o
       498          0         59         24        400       3959   log.o
       336          0          4          0      18432      13825   main.o
       198          0          0          0          0       2923   misc.o
        56          0          0          0          0      10191   n32g4fr_adc.o
       390          0          0          0          0       6261   n32g4fr_gpio.o
       176          0         19          0          0       1875   n32g4fr_it.o
       854          0         64          0          0       8707   n32g4fr_rcc.o
       766          0          0          0          0       6805   n32g4fr_usart.o
      2280          0        477        316          4       5132   nr_micro_shell.o
       500          0        428          0          0      12700   nr_micro_shell_commands.o
       156          0        123          0          0      10521   rtt.o
       276          0          0          0         68       2695   segger_hardfaulthandler.o
      1006          0         20          0       1208      13112   segger_rtt.o
      1876         14         16          0          0       3818   segger_rtt_printf.o
        64          0          0          0          0      10424   shell.o
        64         26        408          0       4352        864   startup_n32g4fr.o
       394          0          0          4          0       2782   system_n32g4fr.o
       274          0          0          0          4      14188   systick.o
       244          0          0          0          0      13978   uart.o

    ----------------------------------------------------------------------
     14898         44       1992        364      32608     212893   Object Totals
         0          0         32          0          0          0   (incl. Generated)
       102          0          9          0          8          0   (incl. Padding)

    ----------------------------------------------------------------------

      Code (inc. data)   RO Data    RW Data    ZI Data      Debug   Library Member Name

        58          0          0          0          0          0   __dczerorl.o
         8          0          0          0          0         68   __main.o
       392          4         17          0          0         92   __printf_flags_ss_wp.o
        14          0          0          0          0         68   __printf_wp.o
         0          0          0          0          0          0   __rtentry.o
        12          0          0          0          0          0   __rtentry2.o
         6          0          0          0          0          0   __rtentry4.o
        52          8          0          0          0          0   __scatter.o
        28          0          0          0          0          0   __scatter_zi.o
        72          0          0          0          0         96   _c16rtomb.o
         0          0         12          0          0          0   _monlen.o
         6          0          0          0          0          0   _printf_a.o
         6          0          0          0          0          0   _printf_c.o
        44          0          0          0          0        108   _printf_char.o
        48          6          0          0          0         96   _printf_char_common.o
        36          4          0          0          0         80   _printf_char_file.o
        40          0          0          0          0         68   _printf_charcount.o
         6          0          0          0          0          0   _printf_d.o
       120         16          0          0          0         92   _printf_dec.o
         6          0          0          0          0          0   _printf_e.o
         6          0          0          0          0          0   _printf_f.o
      1052          0          0          0          0        148   _printf_fp_dec.o
       764          8         38          0          0        100   _printf_fp_hex.o
       128         16          0          0          0         84   _printf_fp_infnan.o
         6          0          0          0          0          0   _printf_g.o
       148          4         40          0          0        160   _printf_hex_int_ll_ptr.o
         6          0          0          0          0          0   _printf_i.o
       178          0          0          0          0         88   _printf_intcommon.o
        10          0          0          0          0          0   _printf_l.o
         6          0          0          0          0          0   _printf_lc.o
        10          0          0          0          0          0   _printf_ll.o
         6          0          0          0          0          0   _printf_lld.o
         6          0          0          0          0          0   _printf_lli.o
         6          0          0          0          0          0   _printf_llo.o
         6          0          0          0          0          0   _printf_llu.o
         6          0          0          0          0          0   _printf_llx.o
       124         16          0          0          0         92   _printf_longlong_dec.o
         6          0          0          0          0          0   _printf_ls.o
         6          0          0          0          0          0   _printf_n.o
         6          0          0          0          0          0   _printf_o.o
       112          8          0          0          0        124   _printf_oct_int_ll.o
         6          0          0          0          0          0   _printf_p.o
        78          0          0          0          0        108   _printf_pad.o
         0          0          0          0          0          0   _printf_percent.o
         4          0          0          0          0          0   _printf_percent_end.o
         6          0          0          0          0          0   _printf_s.o
        82          0          0          0          0         80   _printf_str.o
        36          0          0          0          0         84   _printf_truncate.o
         6          0          0          0          0          0   _printf_u.o
        44          0          0          0          0        108   _printf_wchar.o
       188          6          8          0          0         92   _printf_wctomb.o
         6          0          0          0          0          0   _printf_x.o
        10          0          0          0          0         68   _sputc.o
        46          0          0          0          0         84   aeabi_atexit.o
       228          4        148          0          0         96   bigflt0.o
      1936        128          0          0          0        668   btod.o
        10          0          0          0          0         68   cxa_atexit.o
        66          0          0          0          0         84   cxa_finalize.o
        10          0          0          0          0         68   defsig_exit.o
        50          0          0          0          0         88   defsig_general.o
        80         58          0          0          0         76   defsig_rtmem_inner.o
        14          0          0          0          0         80   defsig_rtmem_outer.o
        52         38          0          0          0         76   defsig_rtred_inner.o
        14          0          0          0          0         80   defsig_rtred_outer.o
        18          0          0          0          0         80   exit.o
        76          0          0          0          0         88   fclose.o
         8          0          0          0          0         68   ferror.o
       100          4          0          0          0        120   fflush.o
       240          6          0          0          0        128   fopen.o
        20          0          0          0          0         84   fprintf.o
       248          6          0          0          0         84   fseek.o
        66          0          0          0          0         76   ftell.o
        94          0          0          0          0         80   h1_alloc.o
        52          0          0          0          0         68   h1_extend.o
        78          0          0          0          0         80   h1_free.o
        14          0          0          0          0         84   h1_init.o
         6          0          0          0          0        152   heapauxi.o
         4          0          0          0          0        136   hguard.o
         0          0          0          0          0          0   indicate_semi.o
        36          8          0          0          0         80   init_aeabi.o
       138          0          0          0          0        168   init_alloc.o
       312         46          0          0          0        112   initio.o
        44         10        272          0          0         76   lc_ctype_c.o
        44         10         28          0          0         76   lc_numeric_c.o
        44         10        384          0          0         76   lc_time_c.o
         2          0          0          0          0          0   libinit.o
        60          0          0          0          0          0   libinit2.o
         2          0          0          0          0          0   libshutdown.o
        12          0          0          0          0          0   libshutdown2.o
         8          4          0          0         96         68   libspace.o
       138          0          0          0          0         80   lludiv10.o
        12          6          0          0         44         68   localtime.o
       184          6          0          0          0         80   localtime_internal.o
         0          0          0          0          0          0   maybetermalloc1.o
        24          4          0          0          0         84   printf.o
         4          0          0          0          0         68   putc.o
        16          4          0          0          0         76   rt_ctype_table.o
         8          4          0          0          0         68   rt_ddtor_pointer_addr_intlibspace.o
         8          4          0          0          0         68   rt_errno_addr_intlibspace.o
         8          4          0          0          0         68   rt_heap_descriptor_intlibspace.o
         8          4          0          0          0         68   rt_locale_intlibspace.o
        68          0          0          0          0         68   rt_memclr.o
        78          0          0          0          0         80   rt_memclr_w.o
       138          0          0          0          0         68   rt_memcpy_v6.o
       100          0          0          0          0         80   rt_memcpy_w.o
         2          0          0          0          0          0   rtexit.o
        10          0          0          0          0          0   rtexit2.o
        70          0          0          0          0         80   setvbuf.o
        44          6          0          0          0         84   sprintf.o
       240          6          0          0          0        156   stdio.o
         0          0          0         12        252          0   stdio_streams.o
       124          0          0          0          0         88   strcmpv7em.o
        72          0          0          0          0         80   strcpy.o
       864        122          0          0          0        184   strftime.o
        62          0          0          0          0         76   strlen.o
        36          0          0          0          0         80   strstr.o
        12          4          0          0          0         68   sys_exit.o
       102          0          0          0          0        240   sys_io.o
         0          0         12          0          0          0   sys_io_names.o
        74          0          0          0          0         80   sys_stackheap_outer.o
        18          0          0          0          0         76   sys_time.o
        14          0          0          0          0         76   sys_wrch.o
         2          0          0          0          0         68   use_no_semi.o
        10          0          0          0          0         68   vfprintf.o
        26          0          0          0          0        116   fpinit.o
         4          0          0          0          0        116   printf1.o
         4          0          0          0          0        116   printf2.o
         0          0          0          0          0          0   usenofp.o
        48          0          0          0          0        124   fpclassify.o

    ----------------------------------------------------------------------
     10906        602        960         12        392       8556   Library Totals
        24          0          1          0          0          0   (incl. Padding)

    ----------------------------------------------------------------------

      Code (inc. data)   RO Data    RW Data    ZI Data      Debug   Library Name

     10800        602        959         12        392       8084   c_w.l
        34          0          0          0          0        348   fz_wm.l
        48          0          0          0          0        124   m_wm.l

    ----------------------------------------------------------------------
     10906        602        960         12        392       8556   Library Totals

    ----------------------------------------------------------------------

==============================================================================


      Code (inc. data)   RO Data    RW Data    ZI Data      Debug   

     25804        646       2952        376      33000     216205   Grand Totals
     25804        646       2952         72      33000     216205   ELF Image Totals (compressed)
     25804        646       2952         72          0          0   ROM Totals

==============================================================================

    Total RO  Size (Code + RO Data)                28756 (  28.08kB)
    Total RW  Size (RW Data + ZI Data)             33376 (  32.59kB)
    Total ROM Size (Code + RO Data + RW Data)      28828 (  28.15kB)

==============================================================================

