Component: ARM Compiler 6.16 Tool: armlink [5dfeaa00]

==============================================================================

Image Symbol Table

    Local Symbols

    Symbol Name                              Value     Ov Type        Size  Object(Section)

    ../clib/angel/boardlib.s                 0x00000000   Number         0  boardinit1.o ABSOLUTE
    ../clib/angel/boardlib.s                 0x00000000   Number         0  boardinit2.o ABSOLUTE
    ../clib/angel/boardlib.s                 0x00000000   Number         0  boardinit3.o ABSOLUTE
    ../clib/angel/boardlib.s                 0x00000000   Number         0  boardshut.o ABSOLUTE
    ../clib/angel/dclz77c.s                  0x00000000   Number         0  __dclz77c.o ABSOLUTE
    ../clib/angel/handlers.s                 0x00000000   Number         0  __scatter_zi.o ABSOLUTE
    ../clib/angel/kernel.s                   0x00000000   Number         0  __rtentry.o ABSOLUTE
    ../clib/angel/kernel.s                   0x00000000   Number         0  __rtentry2.o ABSOLUTE
    ../clib/angel/kernel.s                   0x00000000   Number         0  __rtentry4.o ABSOLUTE
    ../clib/angel/kernel.s                   0x00000000   Number         0  rtexit.o ABSOLUTE
    ../clib/angel/kernel.s                   0x00000000   Number         0  rtexit2.o ABSOLUTE
    ../clib/angel/rt.s                       0x00000000   Number         0  rt_ctype_table.o ABSOLUTE
    ../clib/angel/rt.s                       0x00000000   Number         0  rt_locale.o ABSOLUTE
    ../clib/angel/rt.s                       0x00000000   Number         0  rt_locale_intlibspace.o ABSOLUTE
    ../clib/angel/rt.s                       0x00000000   Number         0  rt_ddtor_pointer_addr.o ABSOLUTE
    ../clib/angel/rt.s                       0x00000000   Number         0  rt_ddtor_pointer_addr_intlibspace.o ABSOLUTE
    ../clib/angel/rt.s                       0x00000000   Number         0  rt_raise.o ABSOLUTE
    ../clib/angel/rt.s                       0x00000000   Number         0  rt_heap_descriptor.o ABSOLUTE
    ../clib/angel/rt.s                       0x00000000   Number         0  rt_heap_descriptor_intlibspace.o ABSOLUTE
    ../clib/angel/rt.s                       0x00000000   Number         0  rt_errno_addr.o ABSOLUTE
    ../clib/angel/rt.s                       0x00000000   Number         0  rt_errno_addr_intlibspace.o ABSOLUTE
    ../clib/angel/scatter.s                  0x00000000   Number         0  __scatter.o ABSOLUTE
    ../clib/angel/startup.s                  0x00000000   Number         0  __main.o ABSOLUTE
    ../clib/angel/sys.s                      0x00000000   Number         0  use_no_semi.o ABSOLUTE
    ../clib/angel/sys.s                      0x00000000   Number         0  indicate_semi.o ABSOLUTE
    ../clib/angel/sys.s                      0x00000000   Number         0  libspace.o ABSOLUTE
    ../clib/angel/sys.s                      0x00000000   Number         0  mutex_dummy.o ABSOLUTE
    ../clib/angel/sys.s                      0x00000000   Number         0  sys_stackheap_outer.o ABSOLUTE
    ../clib/angel/sysapp.c                   0x00000000   Number         0  sys_time.o ABSOLUTE
    ../clib/angel/sysapp.c                   0x00000000   Number         0  sys_time_hlt.o ABSOLUTE
    ../clib/angel/sysapp.c                   0x00000000   Number         0  sys_io.o ABSOLUTE
    ../clib/angel/sysapp.c                   0x00000000   Number         0  sys_io_names.o ABSOLUTE
    ../clib/angel/sysapp.c                   0x00000000   Number         0  sys_io_hlt.o ABSOLUTE
    ../clib/angel/sysapp.c                   0x00000000   Number         0  sys_command.o ABSOLUTE
    ../clib/angel/sysapp.c                   0x00000000   Number         0  sys_exit.o ABSOLUTE
    ../clib/angel/sysapp.c                   0x00000000   Number         0  sys_command_hlt.o ABSOLUTE
    ../clib/angel/sysapp.c                   0x00000000   Number         0  sys_exit_hlt.o ABSOLUTE
    ../clib/angel/sysapp.c                   0x00000000   Number         0  sys_wrch.o ABSOLUTE
    ../clib/angel/sysapp.c                   0x00000000   Number         0  sys_wrch_hlt.o ABSOLUTE
    ../clib/arm_runtime.c                    0x00000000   Number         0  init_aeabi.o ABSOLUTE
    ../clib/arm_runtime.c                    0x00000000   Number         0  init_aeabi.o ABSOLUTE
    ../clib/armsys.c                         0x00000000   Number         0  argv_veneer.o ABSOLUTE
    ../clib/armsys.c                         0x00000000   Number         0  argv_veneer.o ABSOLUTE
    ../clib/armsys.c                         0x00000000   Number         0  _get_argv.o ABSOLUTE
    ../clib/armsys.c                         0x00000000   Number         0  _get_argv_nomalloc.o ABSOLUTE
    ../clib/armsys.c                         0x00000000   Number         0  no_argv.o ABSOLUTE
    ../clib/bigflt.c                         0x00000000   Number         0  bigflt0.o ABSOLUTE
[...]
    ferror                                   0x08001da7   Thumb Code     8  ferror.o(.text)
    _ftell_internal                          0x08001daf   Thumb Code    66  ftell.o(.text)
    ftell                                    0x08001daf   Thumb Code     0  ftell.o(.text)
    setvbuf                                  0x08001df1   Thumb Code    70  setvbuf.o(.text)
    freopen                                  0x08001e39   Thumb Code   160  fopen.o(.text)
    fopen                                    0x08001ed9   Thumb Code    74  fopen.o(.text)
    _fclose_internal                         0x08001f29   Thumb Code    76  fclose.o(.text)
    fclose                                   0x08001f29   Thumb Code     0  fclose.o(.text)
    _c16rtomb                                0x08001f75   Thumb Code    72  _c16rtomb.o(.text)
    _wcrtomb                                 0x08001f75   Thumb Code     0  _c16rtomb.o(.text)
    __cxa_finalize                           0x08001fbd   Thumb Code    66  cxa_finalize.o(.text)
    __rt_SIGRTRED                            0x08001fff   Thumb Code    14  defsig_rtred_outer.o(.text)
    __aeabi_memclr4                          0x0800200d   Thumb Code     0  rt_memclr_w.o(.text)
    __aeabi_memclr8                          0x0800200d   Thumb Code     0  rt_memclr_w.o(.text)
    __rt_memclr_w                            0x0800200d   Thumb Code     0  rt_memclr_w.o(.text)
    _memset_w                                0x08002011   Thumb Code    74  rt_memclr_w.o(.text)
    __user_setup_stackheap                   0x0800205b   Thumb Code    74  sys_stackheap_outer.o(.text)
    __rt_heap_descriptor                     0x080020a5   Thumb Code     8  rt_heap_descriptor_intlibspace.o(.text)
    __aeabi_errno_addr                       0x080020ad   Thumb Code     8  rt_errno_addr_intlibspace.o(.text)
    __errno$intlibspace                      0x080020ad   Thumb Code     0  rt_errno_addr_intlibspace.o(.text)
    __rt_errno_addr$intlibspace              0x080020ad   Thumb Code     0  rt_errno_addr_intlibspace.o(.text)
    __use_no_heap                            0x080020b5   Thumb Code     2  hguard.o(.text)
    __heap$guard                             0x080020b7   Thumb Code     2  hguard.o(.text)
    _terminate_user_alloc                    0x080020b9   Thumb Code     2  init_alloc.o(.text)
    _init_user_alloc                         0x080020bb   Thumb Code     2  init_alloc.o(.text)
    __Heap_Full                              0x080020bd   Thumb Code    34  init_alloc.o(.text)
    __Heap_Broken                            0x080020df   Thumb Code     6  init_alloc.o(.text)
    _init_alloc                              0x080020e5   Thumb Code    94  init_alloc.o(.text)
    __Heap_Initialize                        0x08002143   Thumb Code    10  h1_init.o(.text)
    __Heap_DescSize                          0x0800214d   Thumb Code     4  h1_init.o(.text)
    _printf_fp_infnan                        0x08002151   Thumb Code   112  _printf_fp_infnan.o(.text)
    _btod_etento                             0x080021d1   Thumb Code   224  bigflt0.o(.text)
    exit                                     0x080022b5   Thumb Code    18  exit.o(.text)
    __sig_exit                               0x080022c7   Thumb Code    10  defsig_exit.o(.text)
    __rt_SIGRTRED_inner                      0x080022d1   Thumb Code    14  defsig_rtred_inner.o(.text)
    _sys_exit                                0x08002305   Thumb Code     8  sys_exit.o(.text)
    __Heap_ProvideMemory                     0x08002311   Thumb Code    52  h1_extend.o(.text)
    _maybe_terminate_alloc                   0x08002311   Thumb Code     0  maybetermalloc1.o(.text)
    __default_signal_display                 0x08002345   Thumb Code    50  defsig_general.o(.text)
    __rt_SIGRTMEM                            0x08002377   Thumb Code    14  defsig_rtmem_outer.o(.text)
    _ttywrch                                 0x08002385   Thumb Code    14  sys_wrch.o(.text)
    __rt_SIGRTMEM_inner                      0x08002395   Thumb Code    22  defsig_rtmem_inner.o(.text)
    BusFault_Handler                         0x080023e5   Thumb Code     4  n32g4fr_it.o(.text.BusFault_Handler)
    DebugMon_Handler                         0x080023e9   Thumb Code     2  n32g4fr_it.o(.text.DebugMon_Handler)
    EXTI9_5_IRQHandler                       0x080023ed   Thumb Code    54  n32g4fr_it.o(.text.EXTI9_5_IRQHandler)
    EXTI_ClrITPendBit                        0x08002425   Thumb Code    20  n32g4fr_exti.o(.text.EXTI_ClrITPendBit)
    EXTI_GetITStatus                         0x08002439   Thumb Code    76  n32g4fr_exti.o(.text.EXTI_GetITStatus)
    EXTI_InitPeripheral                      0x08002485   Thumb Code   234  n32g4fr_exti.o(.text.EXTI_InitPeripheral)
    GPIO_ConfigEXTILine                      0x08002571   Thumb Code    84  n32g4fr_gpio.o(.text.GPIO_ConfigEXTILine)
    GPIO_InitPeripheral                      0x080025c5   Thumb Code   390  n32g4fr_gpio.o(.text.GPIO_InitPeripheral)
    HardFaultHandler                         0x0800274d   Thumb Code   276  segger_hardfaulthandler.o(.text.HardFaultHandler)
    MemManage_Handler                        0x08002861   Thumb Code     4  n32g4fr_it.o(.text.MemManage_Handler)
    NMI_Handler                              0x08002865   Thumb Code     2  n32g4fr_it.o(.text.NMI_Handler)
    NVIC_Init                                0x08002869   Thumb Code   170  misc.o(.text.NVIC_Init)
    NVIC_PriorityGroupConfig                 0x08002915   Thumb Code    28  misc.o(.text.NVIC_PriorityGroupConfig)
    RCC_ConfigPclk1                          0x08002931   Thumb Code    44  n32g4fr_rcc.o(.text.RCC_ConfigPclk1)
    RCC_ConfigPclk2                          0x0800295d   Thumb Code    46  n32g4fr_rcc.o(.text.RCC_ConfigPclk2)
    RCC_EnableAPB1PeriphClk                  0x0800298d   Thumb Code    56  n32g4fr_rcc.o(.text.RCC_EnableAPB1PeriphClk)
    RCC_EnableAPB2PeriphClk                  0x080029c5   Thumb Code    56  n32g4fr_rcc.o(.text.RCC_EnableAPB2PeriphClk)
    RCC_GetClocksFreqValue                   0x080029fd   Thumb Code   452  n32g4fr_rcc.o(.text.RCC_GetClocksFreqValue)
    SEGGER_RTT_ConfigUpBuffer                0x08002bc1   Thumb Code   160  segger_rtt.o(.text.SEGGER_RTT_ConfigUpBuffer)
    SEGGER_RTT_Init                          0x08002c61   Thumb Code     8  segger_rtt.o(.text.SEGGER_RTT_Init)
    SEGGER_RTT_Write                         0x08002c69   Thumb Code    76  segger_rtt.o(.text.SEGGER_RTT_Write)
    SEGGER_RTT_WriteNoLock                   0x08002cb5   Thumb Code   176  segger_rtt.o(.text.SEGGER_RTT_WriteNoLock)
    SEGGER_RTT_printf                        0x08002d65   Thumb Code    42  segger_rtt_printf.o(.text.SEGGER_RTT_printf)
    SEGGER_RTT_vprintf                       0x08002d91   Thumb Code   828  segger_rtt_printf.o(.text.SEGGER_RTT_vprintf)
    SPI2_IRQHandler                          0x080030cd   Thumb Code    70  n32g4fr_it.o(.text.SPI2_IRQHandler)
    SPI_Enable                               0x08003115   Thumb Code    44  n32g4fr_spi.o(.text.SPI_Enable)
    SPI_I2S_GetIntStatus                     0x08003141   Thumb Code   126  n32g4fr_spi.o(.text.SPI_I2S_GetIntStatus)
    SPI_I2S_GetStatus                        0x080031c1   Thumb Code    54  n32g4fr_spi.o(.text.SPI_I2S_GetStatus)
    SPI_I2S_ReceiveData                      0x080031f9   Thumb Code    12  n32g4fr_spi.o(.text.SPI_I2S_ReceiveData)
    SPI_I2S_TransmitData                     0x08003205   Thumb Code    20  n32g4fr_spi.o(.text.SPI_I2S_TransmitData)
    SPI_Init                                 0x08003219   Thumb Code   104  n32g4fr_spi.o(.text.SPI_Init)
    SPI_SSOutputEnable                       0x08003281   Thumb Code    44  n32g4fr_spi.o(.text.SPI_SSOutputEnable)
    SVC_Handler                              0x080032ad   Thumb Code     2  n32g4fr_it.o(.text.SVC_Handler)
    SysTick_Handler                          0x08003371   Thumb Code    32  n32g4fr_it.o(.text.SysTick_Handler)
    SystemInit                               0x08003391   Thumb Code   204  system_n32g4fr.o(.text.SystemInit)
    TIM1_CC_IRQHandler                       0x0800345d   Thumb Code     2  n32g4fr_it.o(.text.TIM1_CC_IRQHandler)
    USART3_IRQHandler                        0x08003461   Thumb Code   124  n32g4fr_it.o(.text.USART3_IRQHandler)
    USART_ConfigInt                          0x080034dd   Thumb Code   146  n32g4fr_usart.o(.text.USART_ConfigInt)
    USART_Enable                             0x08003571   Thumb Code    44  n32g4fr_usart.o(.text.USART_Enable)
    USART_GetFlagStatus                      0x0800359d   Thumb Code    68  n32g4fr_usart.o(.text.USART_GetFlagStatus)
    USART_GetIntStatus                       0x080035e1   Thumb Code   176  n32g4fr_usart.o(.text.USART_GetIntStatus)
    USART_Init                               0x08003691   Thumb Code   292  n32g4fr_usart.o(.text.USART_Init)
    USART_ReceiveData                        0x080037b5   Thumb Code    16  n32g4fr_usart.o(.text.USART_ReceiveData)
    USART_SendData                           0x080037c5   Thumb Code    24  n32g4fr_usart.o(.text.USART_SendData)
    UsageFault_Handler                       0x080037dd   Thumb Code     4  n32g4fr_it.o(.text.UsageFault_Handler)
    shell_mode_cmd(char, char*)              0x08003e39   Thumb Code   204  nr_micro_shell_commands.o(.text._Z14shell_mode_cmdcPc)
    shell_quit_cmd(char, char*)              0x08003f05   Thumb Code    58  nr_micro_shell_commands.o(.text._Z14shell_quit_cmdcPc)
    shell_stop_cmd(char, char*)              0x08003f41   Thumb Code    40  nr_micro_shell_commands.o(.text._Z14shell_stop_cmdcPc)
    shell_start_cmd(char, char*)             0x08003f69   Thumb Code    40  nr_micro_shell_commands.o(.text._Z15shell_start_cmdcPc)
    shell_hexdump_cmd(char, char*)           0x08003f91   Thumb Code   120  nr_micro_shell_commands.o(.text._Z17shell_hexdump_cmdcPc)
    loop()                                   0x08004009   Thumb Code    16  main.o(.text._Z4loopv)
    setup()                                  0x08004019   Thumb Code    82  main.o(.text._Z5setupv)
    Di::init_irq()                           0x0800412d   Thumb Code    84  di.o(.text._ZN2Di8init_irqEv)
    Di::init_pin(GPIO_Module*, unsigned short) 0x08004181   Thumb Code   270  di.o(.text._ZN2Di8init_pinEP11GPIO_Modulet)
    Di::Di()                                 0x08004291   Thumb Code    10  di.o(.text._ZN2DiC2Ev)
    Di::Di__sub_object()                     0x08004291   Thumb Code    10  di.o(.text._ZN2DiC2Ev)
    Di::~Di()                                0x0800429d   Thumb Code    10  di.o(.text._ZN2DiD2Ev)
    Di::~Di__sub_object()                    0x0800429d   Thumb Code    10  di.o(.text._ZN2DiD2Ev)
    Do::low()                                0x080042a9   Thumb Code    16  do.o(.text._ZN2Do3lowEv)
    Do::high()                               0x080042b9   Thumb Code    16  do.o(.text._ZN2Do4highEv)
    Do::init_pin(GPIO_Module*, unsigned short) 0x080042c9   Thumb Code   270  do.o(.text._ZN2Do8init_pinEP11GPIO_Modulet)
    Do::Do()                                 0x080043d9   Thumb Code    10  do.o(.text._ZN2DoC2Ev)
    Do::Do__sub_object()                     0x080043d9   Thumb Code    10  do.o(.text._ZN2DoC2Ev)
    Do::~Do()                                0x080043e5   Thumb Code    10  do.o(.text._ZN2DoD2Ev)
    Do::~Do__sub_object()                    0x080043e5   Thumb Code    10  do.o(.text._ZN2DoD2Ev)
    App::idle_process()                      0x080043f1   Thumb Code   168  app.o(.text._ZN3App12idle_processEv)
    App::uart_process()                      0x08004499   Thumb Code    14  app.o(.text._ZN3App12uart_processEv)
    App::error_process()                     0x080044a9   Thumb Code    40  app.o(.text._ZN3App13error_processEv)
    App::sent_sample_data()                  0x080044d1   Thumb Code    18  app.o(.text._ZN3App16sent_sample_dataEv)
    App::run()                               0x080044e5   Thumb Code    74  app.o(.text._ZN3App3runEv)
    App::App()                               0x08004531   Thumb Code    16  app.o(.text._ZN3AppC2Ev)
    App::App__sub_object()                   0x08004531   Thumb Code    16  app.o(.text._ZN3AppC2Ev)
    App::~App()                              0x08004541   Thumb Code    10  app.o(.text._ZN3AppD2Ev)
    App::~App__sub_object()                  0x08004541   Thumb Code    10  app.o(.text._ZN3AppD2Ev)
    Clk::print_clock()                       0x0800454d   Thumb Code    96  clk.o(.text._ZN3Clk11print_clockEv)
    Clk::Clk()                               0x080045ad   Thumb Code   118  clk.o(.text._ZN3ClkC2Ev)
    Clk::Clk__sub_object()                   0x080045ad   Thumb Code   118  clk.o(.text._ZN3ClkC2Ev)
    Clk::~Clk()                              0x08004625   Thumb Code    10  clk.o(.text._ZN3ClkD2Ev)
    Clk::~Clk__sub_object()                  0x08004625   Thumb Code    10  clk.o(.text._ZN3ClkD2Ev)
    Rtt::init()                              0x08004631   Thumb Code   126  rtt.o(.text._ZN3Rtt4initEv)
    Rtt::Rtt()                               0x080046b1   Thumb Code    20  rtt.o(.text._ZN3RttC2Ev)
    Rtt::Rtt__sub_object()                   0x080046b1   Thumb Code    20  rtt.o(.text._ZN3RttC2Ev)
    Rtt::~Rtt()                              0x080046c5   Thumb Code    10  rtt.o(.text._ZN3RttD2Ev)
    Rtt::~Rtt__sub_object()                  0x080046c5   Thumb Code    10  rtt.o(.text._ZN3RttD2Ev)
    Spi::get_status()                        0x080046d1   Thumb Code    12  spi.o(.text._ZN3Spi10get_statusEv)
    Spi::MS1030_Flow()                       0x080046dd   Thumb Code   424  spi.o(.text._ZN3Spi11MS1030_FlowEv)
    Spi::Read_REG0_L()                       0x08004885   Thumb Code    54  spi.o(.text._ZN3Spi11Read_REG0_LEv)
    Spi::Write_Order(unsigned char)          0x080048bd   Thumb Code    38  spi.o(.text._ZN3Spi11Write_OrderEh)
    Spi::init_ss_pin()                       0x080048e5   Thumb Code    34  spi.o(.text._ZN3Spi11init_ss_pinEv)
    Spi::data_average(unsigned int*, unsigned char) 0x08004909   Thumb Code   224  spi.o(.text._ZN3Spi12data_averageEPjh)
    Spi::init_int_pin()                      0x080049e9   Thumb Code    38  spi.o(.text._ZN3Spi12init_int_pinEv)
    Spi::init_rst_pin()                      0x08004a11   Thumb Code    38  spi.o(.text._ZN3Spi12init_rst_pinEv)
    Spi::MS1030_Temper()                     0x08004a39   Thumb Code   304  spi.o(.text._ZN3Spi13MS1030_TemperEv)
    Spi::read8()                             0x08004b69   Thumb Code   178  spi.o(.text._ZN3Spi5read8Ev)
    Spi::config()                            0x08004c1d   Thumb Code   238  spi.o(.text._ZN3Spi6configEv)
    Spi::read16()                            0x08004d0d   Thumb Code   266  spi.o(.text._ZN3Spi6read16Ev)
    Spi::read32()                            0x08004e19   Thumb Code   442  spi.o(.text._ZN3Spi6read32Ev)
    Spi::write8(unsigned char)               0x08004fd5   Thumb Code    76  spi.o(.text._ZN3Spi6write8Eh)
    Spi::Read_Reg(unsigned char)             0x08005021   Thumb Code    54  spi.o(.text._ZN3Spi8Read_RegEh)
    Spi::init_int()                          0x08005059   Thumb Code    46  spi.o(.text._ZN3Spi8init_intEv)
    Spi::init_pin()                          0x08005089   Thumb Code    66  spi.o(.text._ZN3Spi8init_pinEv)
    Spi::init_spi()                          0x080050cd   Thumb Code    92  spi.o(.text._ZN3Spi8init_spiEv)
    Spi::Read_STAT()                         0x08005129   Thumb Code    54  spi.o(.text._ZN3Spi9Read_STATEv)
    Spi::Write_Reg(unsigned char, unsigned int) 0x08005161   Thumb Code    80  spi.o(.text._ZN3Spi9Write_RegEhj)
    Spi::Spi()                               0x080051b1   Thumb Code   190  spi.o(.text._ZN3SpiC2Ev)
    Spi::Spi__sub_object()                   0x080051b1   Thumb Code   190  spi.o(.text._ZN3SpiC2Ev)
    Spi::~Spi()                              0x08005271   Thumb Code    36  spi.o(.text._ZN3SpiD2Ev)
    Spi::~Spi__sub_object()                  0x08005271   Thumb Code    36  spi.o(.text._ZN3SpiD2Ev)
    Uart::init(unsigned int)                 0x08005295   Thumb Code    78  uart.o(.text._ZN4Uart4initEj)
    Uart::init_pin()                         0x080052e5   Thumb Code    78  uart.o(.text._ZN4Uart8init_pinEv)
    Uart::init_nvic()                        0x08005335   Thumb Code    42  uart.o(.text._ZN4Uart9init_nvicEv)
    Uart::Uart()                             0x08005361   Thumb Code    36  uart.o(.text._ZN4UartC2Ev)
    Uart::Uart__sub_object()                 0x08005361   Thumb Code    36  uart.o(.text._ZN4UartC2Ev)
    Uart::~Uart()                            0x08005385   Thumb Code    10  uart.o(.text._ZN4UartD2Ev)
    Uart::~Uart__sub_object()                0x08005385   Thumb Code    10  uart.o(.text._ZN4UartD2Ev)
    Shell::init()                            0x08005391   Thumb Code    34  shell.o(.text._ZN5Shell4initEv)
    Shell::Shell()                           0x080053b5   Thumb Code    20  shell.o(.text._ZN5ShellC2Ev)
    Shell::Shell__sub_object()               0x080053b5   Thumb Code    20  shell.o(.text._ZN5ShellC2Ev)
    Shell::~Shell()                          0x080053c9   Thumb Code    10  shell.o(.text._ZN5ShellD2Ev)
    Shell::~Shell__sub_object()              0x080053c9   Thumb Code    10  shell.o(.text._ZN5ShellD2Ev)
    Systick::init()                          0x080053d5   Thumb Code    56  systick.o(.text._ZN7Systick4initEv)
    Systick::delay_ms(unsigned int)          0x0800540d   Thumb Code    40  systick.o(.text._ZN7Systick8delay_msEj)
    Systick::Systick()                       0x08005435   Thumb Code    20  systick.o(.text._ZN7SystickC2Ev)
    Systick::Systick__sub_object()           0x08005435   Thumb Code    20  systick.o(.text._ZN7SystickC2Ev)
    Systick::~Systick()                      0x08005449   Thumb Code    10  systick.o(.text._ZN7SystickD2Ev)
    Systick::~Systick__sub_object()          0x08005449   Thumb Code    10  systick.o(.text._ZN7SystickD2Ev)
    DWTDelay::init(unsigned int)             0x08005455   Thumb Code    48  dwtdelay.o(.text._ZN8DWTDelay4initEj)
    DWTDelay::delay_ms(unsigned int)         0x08005485   Thumb Code    26  dwtdelay.o(.text._ZN8DWTDelay8delay_msEj)
    DWTDelay::delay_us(unsigned int)         0x080054a1   Thumb Code   134  dwtdelay.o(.text._ZN8DWTDelay8delay_usEj)
    DWTDelay::DWTDelay()                     0x08005529   Thumb Code    30  dwtdelay.o(.text._ZN8DWTDelayC2Ev)
    DWTDelay::DWTDelay__sub_object()         0x08005529   Thumb Code    30  dwtdelay.o(.text._ZN8DWTDelayC2Ev)
    DWTDelay::~DWTDelay()                    0x08005549   Thumb Code    10  dwtdelay.o(.text._ZN8DWTDelayD2Ev)
    DWTDelay::~DWTDelay__sub_object()        0x08005549   Thumb Code    10  dwtdelay.o(.text._ZN8DWTDelayD2Ev)
    Hardware::Hardware()                     0x08005555   Thumb Code    70  hardware.o(.text._ZN8HardwareC2Ev)
    Hardware::Hardware__sub_object()         0x08005555   Thumb Code    70  hardware.o(.text._ZN8HardwareC2Ev)
    Hardware::~Hardware()                    0x0800559d   Thumb Code    44  hardware.o(.text._ZN8HardwareD2Ev)
    Hardware::~Hardware__sub_object()        0x0800559d   Thumb Code    44  hardware.o(.text._ZN8HardwareD2Ev)
    _shell_init                              0x080056d1   Thumb Code   214  nr_micro_shell.o(.text._shell_init)
    ansi_clear_current_line                  0x080057a9   Thumb Code    30  ansi.o(.text.ansi_clear_current_line)
    ansi_get_char                            0x080057c9   Thumb Code   372  ansi.o(.text.ansi_get_char)
    ansi_init                                0x0800593d   Thumb Code    42  ansi.o(.text.ansi_init)
    ansi_search_char                         0x08005969   Thumb Code    98  ansi.o(.text.ansi_search_char)
    ansi_show_str                            0x080059cd   Thumb Code    56  ansi_port.o(.text.ansi_show_str)
    fputc                                    0x08005a05   Thumb Code    52  bsp.o(.text.fputc)
    hexdump                                  0x08005a39   Thumb Code   824  bsp.o(.text.hexdump)
    log_log                                  0x08005dc5   Thumb Code   236  log.o(.text.log_log)
    main                                     0x08005eb1   Thumb Code    20  main.o(.text.main)
    memory_init                              0x08005ec5   Thumb Code     2  bsp.o(.text.memory_init)
    nr_ansi_common_char_slover               0x08005ec9   Thumb Code   212  ansi_port.o(.text.nr_ansi_common_char_slover)
    nr_ansi_ctrl_common_slover               0x08005f9d   Thumb Code    62  ansi_port.o(.text.nr_ansi_ctrl_common_slover)
    nr_ansi_in__                             0x08005fdd   Thumb Code   108  ansi_port.o(.text.nr_ansi_in__)
    nr_ansi_in_backspace                     0x08006049   Thumb Code   108  ansi_port.o(.text.nr_ansi_in_backspace)
    nr_ansi_in_down                          0x080060b5   Thumb Code   164  ansi_port.o(.text.nr_ansi_in_down)
    nr_ansi_in_enter                         0x08006159   Thumb Code    60  ansi_port.o(.text.nr_ansi_in_enter)
    nr_ansi_in_left                          0x08006195   Thumb Code    44  ansi_port.o(.text.nr_ansi_in_left)
    nr_ansi_in_newline                       0x080061c1   Thumb Code    50  ansi_port.o(.text.nr_ansi_in_newline)
    nr_ansi_in_right                         0x080061f5   Thumb Code    48  ansi_port.o(.text.nr_ansi_in_right)
    nr_ansi_in_tab                           0x08006225   Thumb Code   254  ansi_port.o(.text.nr_ansi_in_tab)
    nr_ansi_in_up                            0x08006325   Thumb Code   168  ansi_port.o(.text.nr_ansi_in_up)
    shell_cmd_complete                       0x080064d9   Thumb Code   186  nr_micro_shell.o(.text.shell_cmd_complete)
    shell_his_copy_queue_item                0x08006595   Thumb Code   376  nr_micro_shell.o(.text.shell_his_copy_queue_item)
    shell_his_queue_add_cmd                  0x0800670d   Thumb Code   366  nr_micro_shell.o(.text.shell_his_queue_add_cmd)
    shell_his_queue_init                     0x0800687d   Thumb Code    34  nr_micro_shell.o(.text.shell_his_queue_init)
    shell_his_queue_search_cmd               0x080068a1   Thumb Code   380  nr_micro_shell.o(.text.shell_his_queue_search_cmd)
    shell_parser                             0x08006a1d   Thumb Code   360  nr_micro_shell.o(.text.shell_parser)
    shell_search_cmd                         0x08006b85   Thumb Code    98  nr_micro_shell.o(.text.shell_search_cmd)
    _btod_d2e                                0x08006c89   Thumb Code    62  btod.o(CL$$btod_d2e)
    _d2e_denorm_low                          0x08006cc7   Thumb Code    70  btod.o(CL$$btod_d2e_denorm_low)
    _d2e_norm_op1                            0x08006d0d   Thumb Code    96  btod.o(CL$$btod_d2e_norm_op1)
    __btod_div_common                        0x08006d6d   Thumb Code   696  btod.o(CL$$btod_div_common)
    _e2e                                     0x080070a5   Thumb Code   220  btod.o(CL$$btod_e2e)
    _btod_ediv                               0x08007181   Thumb Code    42  btod.o(CL$$btod_ediv)
    _btod_emul                               0x080071ab   Thumb Code    42  btod.o(CL$$btod_emul)
    __btod_mult_common                       0x080071d5   Thumb Code   580  btod.o(CL$$btod_mult_common)
    HardFault_Handler                        0x08007419   Thumb Code     0  hardfaulthandler.o(OSKERNEL)
    __ARM_fpclassify                         0x0800742b   Thumb Code    48  fpclassify.o(i.__ARM_fpclassify)
    _is_digit                                0x0800745b   Thumb Code    14  __printf_wp.o(i._is_digit)
    _get_lc_ctype                            0x08007469   Thumb Code    44  lc_ctype_c.o(locale$$code)
    _get_lc_time                             0x08007495   Thumb Code    44  lc_time_c.o(locale$$code)
    _get_lc_numeric                          0x080074c1   Thumb Code    44  lc_numeric_c.o(locale$$code)
    __fpl_dretinf                            0x080074ed   Thumb Code    12  dretinf.o(x$fpl$dretinf)
    __aeabi_f2d                              0x080074f9   Thumb Code     0  f2d.o(x$fpl$f2d)
    _f2d                                     0x080074f9   Thumb Code    86  f2d.o(x$fpl$f2d)
    __fpl_fnaninf                            0x0800754f   Thumb Code   140  fnaninf.o(x$fpl$fnaninf)
    _fp_init                                 0x080075db   Thumb Code    26  fpinit.o(x$fpl$fpinit)
    __fplib_config_fpu_vfp                   0x080075f3   Thumb Code     0  fpinit.o(x$fpl$fpinit)
    __fplib_config_pureend_doubles           0x080075f3   Thumb Code     0  fpinit.o(x$fpl$fpinit)
    _printf_fp_dec                           0x080075f5   Thumb Code     4  printf1.o(x$fpl$printf1)
    _printf_fp_hex                           0x080075f9   Thumb Code     4  printf2.o(x$fpl$printf2)
    __I$use$fp                               0x080075fc   Number         0  usenofp.o(x$fpl$usenofp)
    __stdin_name                             0x0800763d   Data           4  sys_io_names.o(.constdata)
    __stdout_name                            0x08007641   Data           4  sys_io_names.o(.constdata)
    __stderr_name                            0x08007645   Data           4  sys_io_names.o(.constdata)
    _monlen                                  0x0800766f   Data          12  _monlen.o(.constdata)
    nr_ansi_in_cmd                           0x08007720   Data          21  ansi.o(.rodata.nr_ansi_in_cmd)
    nr_ansi_in_cmd_fun                       0x08007738   Data          80  ansi.o(.rodata.nr_ansi_in_cmd_fun)
    nr_ansi_in_special_symbol                0x08007788   Data           5  ansi.o(.rodata.nr_ansi_in_special_symbol)
    nr_ansi_in_special_symbol_fun            0x08007790   Data          16  ansi.o(.rodata.nr_ansi_in_special_symbol_fun)
    _nr_cmd_start_                           0x080077a0   Data          20  nr_micro_shell.o(.rodata.nr_shell_cmd0.end)
    _nr_cmd_end_                             0x080077b4   Data          20  nr_micro_shell.o(.rodata.nr_shell_cmd1.end)
    static_cmd                               0x08007808   Data         120  nr_micro_shell_commands.o(.rodata.static_cmd)
    Region$$Table$$Base                      0x08007d78   Number         0  anon$$obj.o(Region$$Table)
    Region$$Table$$Limit                     0x08007d98   Number         0  anon$$obj.o(Region$$Table)
    __ctype                                  0x08007da5   Data           0  lc_ctype_c.o(locale$$data)
    SHT$$INIT_ARRAY$$Base                    0x08008044   Number         0  main.o(.init_array)
    SHT$$INIT_ARRAY$$Limit                   0x08008048   Number         0  init_aeabi.o(.init_array)
    __aeabi_stdin                            0x20000000   Data           4  stdio_streams.o(.data)
    __aeabi_stdout                           0x20000004   Data           4  stdio_streams.o(.data)
    __aeabi_stderr                           0x20000008   Data           4  stdio_streams.o(.data)
    RT_PT1000                                0x2000000c   Data        4004  spi.o(.data.RT_PT1000)
    SystemCoreClock                          0x20000fb0   Data           4  system_n32g4fr.o(.data.SystemCoreClock)
    nr_shell                                 0x20000fcc   Data         316  nr_micro_shell.o(.data.nr_shell)
    __stdin                                  0x20001108   Data          84  stdio_streams.o(.bss)
    __stdout                                 0x2000115c   Data          84  stdio_streams.o(.bss)
    __stderr                                 0x200011b0   Data          84  stdio_streams.o(.bss)
    __libspace_start                         0x20001230   Data          96  libspace.o(.bss)
    __temporary_stack_top$libspace           0x20001290   Data           0  libspace.o(.bss)
    Intn_flag                                0x200012d0   Data           1  spi.o(.bss.Intn_flag)
    _SEGGER_RTT                              0x2000146c   Data         168  segger_rtt.o(.bss._SEGGER_RTT)
    airflow_meter_b                          0x20001924   Data          84  main.o(.bss.airflow_meter_b)
    app                                      0x20001978   Data           2  main.o(.bss.app)
    delay                                    0x2000197c   Data           4  systick.o(.bss.delay)
    dwt                                      0x20001980   Data           4  main.o(.bss.dwt)
    nr                                       0x20001984   Data           1  main.o(.bss.nr)
    nr_ansi                                  0x20001988   Data         132  ansi.o(.bss.nr_ansi)
    segger_cb                                0x20001a10   Data       16384  main.o(.bss.segger_cb)
    tick                                     0x20005a10   Data           1  main.o(.bss.tick)



==============================================================================

Memory Map of the image

  Image Entry point : 0x08000199

  Load Region LR_IROM1 (Base: 0x08000000, Size: 0x00009150, Max: 0x00080000, ABSOLUTE, COMPRESSED[0x00009030])

    Execution Region ER_IROM1 (Exec base: 0x08000000, Load base: 0x08000000, Size: 0x00008048, Max: 0x00080000, ABSOLUTE)

    Exec Addr    Load Addr    Size         Type   Attr      Idx    E Section Name        Object

    0x08000000   0x08000000   0x00000198   Data   RO          462    RESET               startup_n32g4fr.o
    0x08000198   0x08000198   0x00000008   Code   RO         1989  * !!!main             c_w.l(__main.o)
    0x080001a0   0x080001a0   0x00000034   Code   RO         2511    !!!scatter          c_w.l(__scatter.o)
    0x080001d4   0x080001d4   0x00000064   Code   RO         2509    !!dclz77c           c_w.l(__dclz77c.o)
    0x08000238   0x08000238   0x0000001c   Code   RO         2513    !!handler_zi        c_w.l(__scatter_zi.o)
    0x08000254   0x08000254   0x00000000   Code   RO         2089    .ARM.Collect$$_printf_percent$$00000000  c_w.l(_printf_percent.o)
    0x08000254   0x08000254   0x00000006   Code   RO         2078    .ARM.Collect$$_printf_percent$$00000001  c_w.l(_printf_n.o)
    0x0800025a   0x0800025a   0x00000006   Code   RO         2080    .ARM.Collect$$_printf_percent$$00000002  c_w.l(_printf_p.o)
    0x08000260   0x08000260   0x00000006   Code   RO         2085    .ARM.Collect$$_printf_percent$$00000003  c_w.l(_printf_f.o)
    0x08000266   0x08000266   0x00000006   Code   RO         2086    .ARM.Collect$$_printf_percent$$00000004  c_w.l(_printf_e.o)
    0x0800026c   0x0800026c   0x00000006   Code   RO         2087    .ARM.Collect$$_printf_percent$$00000005  c_w.l(_printf_g.o)
    0x08000272   0x08000272   0x00000006   Code   RO         2088    .ARM.Collect$$_printf_percent$$00000006  c_w.l(_printf_a.o)
    0x08000278   0x08000278   0x0000000a   Code   RO         2093    .ARM.Collect$$_printf_percent$$00000007  c_w.l(_printf_ll.o)
    0x08000282   0x08000282   0x00000006   Code   RO         2082    .ARM.Collect$$_printf_percent$$00000008  c_w.l(_printf_i.o)
    0x08000288   0x08000288   0x00000006   Code   RO         2083    .ARM.Collect$$_printf_percent$$00000009  c_w.l(_printf_d.o)
    0x0800028e   0x0800028e   0x00000006   Code   RO         2084    .ARM.Collect$$_printf_percent$$0000000A  c_w.l(_printf_u.o)
    0x08000294   0x08000294   0x00000006   Code   RO         2081    .ARM.Collect$$_printf_percent$$0000000B  c_w.l(_printf_o.o)
    0x0800029a   0x0800029a   0x00000006   Code   RO         2079    .ARM.Collect$$_printf_percent$$0000000C  c_w.l(_printf_x.o)
    0x080002a0   0x080002a0   0x00000006   Code   RO         2090    .ARM.Collect$$_printf_percent$$0000000D  c_w.l(_printf_lli.o)
    0x080002a6   0x080002a6   0x00000006   Code   RO         2091    .ARM.Collect$$_printf_percent$$0000000E  c_w.l(_printf_lld.o)
    0x080002ac   0x080002ac   0x00000006   Code   RO         2092    .ARM.Collect$$_printf_percent$$0000000F  c_w.l(_printf_llu.o)
    0x080002b2   0x080002b2   0x00000006   Code   RO         2097    .ARM.Collect$$_printf_percent$$00000010  c_w.l(_printf_llo.o)
    0x080002b8   0x080002b8   0x00000006   Code   RO         2098    .ARM.Collect$$_printf_percent$$00000011  c_w.l(_printf_llx.o)
    0x080002be   0x080002be   0x0000000a   Code   RO         2094    .ARM.Collect$$_printf_percent$$00000012  c_w.l(_printf_l.o)
    0x080002c8   0x080002c8   0x00000006   Code   RO         2076    .ARM.Collect$$_printf_percent$$00000013  c_w.l(_printf_c.o)
    0x080002ce   0x080002ce   0x00000006   Code   RO         2077    .ARM.Collect$$_printf_percent$$00000014  c_w.l(_printf_s.o)
    0x080002d4   0x080002d4   0x00000006   Code   RO         2095    .ARM.Collect$$_printf_percent$$00000015  c_w.l(_printf_lc.o)
    0x080002da   0x080002da   0x00000006   Code   RO         2096    .ARM.Collect$$_printf_percent$$00000016  c_w.l(_printf_ls.o)
    0x080002e0   0x080002e0   0x00000004   Code   RO         2299    .ARM.Collect$$_printf_percent$$00000017  c_w.l(_printf_percent_end.o)
    0x080002e4   0x080002e4   0x00000002   Code   RO         2431    .ARM.Collect$$libinit$$00000000  c_w.l(libinit.o)
    0x080002e6   0x080002e6   0x00000004   Code   RO         2124    .ARM.Collect$$libinit$$00000001  c_w.l(libinit2.o)
    0x080002ea   0x080002ea   0x00000000   Code   RO         2127    .ARM.Collect$$libinit$$00000004  c_w.l(libinit2.o)
    0x080002ea   0x080002ea   0x00000008   Code   RO         2128    .ARM.Collect$$libinit$$00000005  c_w.l(libinit2.o)
    0x080002f2   0x080002f2   0x00000000   Code   RO         2130    .ARM.Collect$$libinit$$0000000A  c_w.l(libinit2.o)
    0x080002f2   0x080002f2   0x00000000   Code   RO         2132    .ARM.Collect$$libinit$$0000000C  c_w.l(libinit2.o)
    0x080002f2   0x080002f2   0x00000000   Code   RO         2134    .ARM.Collect$$libinit$$0000000E  c_w.l(libinit2.o)
    0x080002f2   0x080002f2   0x00000006   Code   RO         2135    .ARM.Collect$$libinit$$0000000F  c_w.l(libinit2.o)
    0x080002f8   0x080002f8   0x00000000   Code   RO         2137    .ARM.Collect$$libinit$$00000011  c_w.l(libinit2.o)
    0x080002f8   0x080002f8   0x0000000c   Code   RO         2138    .ARM.Collect$$libinit$$00000012  c_w.l(libinit2.o)
    0x08000304   0x08000304   0x00000000   Code   RO         2139    .ARM.Collect$$libinit$$00000013  c_w.l(libinit2.o)
    0x08000304   0x08000304   0x00000000   Code   RO         2141    .ARM.Collect$$libinit$$00000015  c_w.l(libinit2.o)
    0x08000304   0x08000304   0x0000000a   Code   RO         2142    .ARM.Collect$$libinit$$00000016  c_w.l(libinit2.o)
    0x0800030e   0x0800030e   0x00000000   Code   RO         2143    .ARM.Collect$$libinit$$00000017  c_w.l(libinit2.o)
    0x0800030e   0x0800030e   0x0000000a   Code   RO         2144    .ARM.Collect$$libinit$$00000018  c_w.l(libinit2.o)
    0x08000318   0x08000318   0x00000000   Code   RO         2145    .ARM.Collect$$libinit$$00000019  c_w.l(libinit2.o)
    0x08000318   0x08000318   0x00000000   Code   RO         2147    .ARM.Collect$$libinit$$0000001B  c_w.l(libinit2.o)
    0x08000318   0x08000318   0x00000000   Code   RO         2149    .ARM.Collect$$libinit$$0000001D  c_w.l(libinit2.o)
    0x08000318   0x08000318   0x00000000   Code   RO         2151    .ARM.Collect$$libinit$$0000001F  c_w.l(libinit2.o)
    0x08000318   0x08000318   0x00000000   Code   RO         2153    .ARM.Collect$$libinit$$00000021  c_w.l(libinit2.o)
    0x08000318   0x08000318   0x00000000   Code   RO         2155    .ARM.Collect$$libinit$$00000023  c_w.l(libinit2.o)
    0x08000318   0x08000318   0x00000004   Code   RO         2156    .ARM.Collect$$libinit$$00000024  c_w.l(libinit2.o)
    0x0800031c   0x0800031c   0x00000000   Code   RO         2157    .ARM.Collect$$libinit$$00000025  c_w.l(libinit2.o)
    0x0800031c   0x0800031c   0x00000000   Code   RO         2161    .ARM.Collect$$libinit$$0000002C  c_w.l(libinit2.o)
    0x0800031c   0x0800031c   0x00000000   Code   RO         2163    .ARM.Collect$$libinit$$0000002E  c_w.l(libinit2.o)
    0x0800031c   0x0800031c   0x00000000   Code   RO         2165    .ARM.Collect$$libinit$$00000030  c_w.l(libinit2.o)
    0x0800031c   0x0800031c   0x00000004   Code   RO         2166    .ARM.Collect$$libinit$$00000031  c_w.l(libinit2.o)
    0x08000320   0x08000320   0x00000000   Code   RO         2167    .ARM.Collect$$libinit$$00000032  c_w.l(libinit2.o)
    0x08000320   0x08000320   0x00000002   Code   RO         2168    .ARM.Collect$$libinit$$00000033  c_w.l(libinit2.o)
    0x08000322   0x08000322   0x00000002   Code   RO         2506    .ARM.Collect$$libshutdown$$00000000  c_w.l(libshutdown.o)
    0x08000324   0x08000324   0x00000006   Code   RO         2330    .ARM.Collect$$libshutdown$$00000001  c_w.l(libshutdown2.o)
    0x0800032a   0x0800032a   0x00000000   Code   RO         2331    .ARM.Collect$$libshutdown$$00000002  c_w.l(libshutdown2.o)
    0x0800032a   0x0800032a   0x00000004   Code   RO         2332    .ARM.Collect$$libshutdown$$00000003  c_w.l(libshutdown2.o)
    0x0800032e   0x0800032e   0x00000000   Code   RO         2333    .ARM.Collect$$libshutdown$$00000004  c_w.l(libshutdown2.o)
    0x0800032e   0x0800032e   0x00000000   Code   RO         2336    .ARM.Collect$$libshutdown$$00000007  c_w.l(libshutdown2.o)
    0x0800032e   0x0800032e   0x00000000   Code   RO         2339    .ARM.Collect$$libshutdown$$0000000A  c_w.l(libshutdown2.o)
    0x0800032e   0x0800032e   0x00000000   Code   RO         2341    .ARM.Collect$$libshutdown$$0000000C  c_w.l(libshutdown2.o)
    0x0800032e   0x0800032e   0x00000000   Code   RO         2344    .ARM.Collect$$libshutdown$$0000000F  c_w.l(libshutdown2.o)
    0x0800032e   0x0800032e   0x00000002   Code   RO         2345    .ARM.Collect$$libshutdown$$00000010  c_w.l(libshutdown2.o)
    0x08000330   0x08000330   0x00000000   Code   RO         2002    .ARM.Collect$$rtentry$$00000000  c_w.l(__rtentry.o)
    0x08000330   0x08000330   0x00000000   Code   RO         2199    .ARM.Collect$$rtentry$$00000002  c_w.l(__rtentry2.o)
    0x08000330   0x08000330   0x00000006   Code   RO         2211    .ARM.Collect$$rtentry$$00000004  c_w.l(__rtentry4.o)
    0x08000336   0x08000336   0x00000000   Code   RO         2201    .ARM.Collect$$rtentry$$00000009  c_w.l(__rtentry2.o)
    0x08000336   0x08000336   0x00000004   Code   RO         2202    .ARM.Collect$$rtentry$$0000000A  c_w.l(__rtentry2.o)
    0x0800033a   0x0800033a   0x00000000   Code   RO         2204    .ARM.Collect$$rtentry$$0000000C  c_w.l(__rtentry2.o)
    0x0800033a   0x0800033a   0x00000008   Code   RO         2205    .ARM.Collect$$rtentry$$0000000D  c_w.l(__rtentry2.o)
    0x08000342   0x08000342   0x00000002   Code   RO         2444    .ARM.Collect$$rtexit$$00000000  c_w.l(rtexit.o)
    0x08000344   0x08000344   0x00000000   Code   RO         2472    .ARM.Collect$$rtexit$$00000002  c_w.l(rtexit2.o)
    0x08000344   0x08000344   0x00000004   Code   RO         2473    .ARM.Collect$$rtexit$$00000003  c_w.l(rtexit2.o)
    0x08000348   0x08000348   0x00000006   Code   RO         2474    .ARM.Collect$$rtexit$$00000004  c_w.l(rtexit2.o)
    0x0800034e   0x0800034e   0x00000002   PAD
    0x08000350   0x08000350   0x00000040   Code   RO          463    .text               startup_n32g4fr.o
    0x08000390   0x08000390   0x00000012   Code   RO         1942    .text               c_w.l(sys_time.o)
    0x080003a2   0x080003a2   0x00000002   PAD
    0x080003a4   0x080003a4   0x00000010   Code   RO         1946    .text               c_w.l(rt_ctype_table.o)
    0x080003b4   0x080003b4   0x00000018   Code   RO         1948    .text               c_w.l(printf.o)
    0x080003cc   0x080003cc   0x00000014   Code   RO         1950    .text               c_w.l(fprintf.o)
    0x080003e0   0x080003e0   0x0000000a   Code   RO         1952    .text               c_w.l(vfprintf.o)
    0x080003ea   0x080003ea   0x00000002   PAD
    0x080003ec   0x080003ec   0x00000064   Code   RO         1954    .text               c_w.l(fflush.o)
    0x08000450   0x08000450   0x00000004   Code   RO         1956    .text               c_w.l(putc.o)
    0x08000454   0x08000454   0x0000000a   Code   RO         1969    .text               c_w.l(cxa_atexit.o)
    0x0800045e   0x0800045e   0x00000024   Code   RO         1972    .text               c_w.l(strstr.o)
    0x08000482   0x08000482   0x00000048   Code   RO         1974    .text               c_w.l(strcpy.o)
    0x080004ca   0x080004ca   0x0000003e   Code   RO         1976    .text               c_w.l(strlen.o)
    0x08000508   0x08000508   0x0000008a   Code   RO         1978    .text               c_w.l(rt_memcpy_v6.o)
    0x08000592   0x08000592   0x00000006   PAD
    0x08000598   0x08000598   0x0000007c   Code   RO         1980    .text               c_w.l(strcmpv7em.o)
    0x08000614   0x08000614   0x0000000c   Code   RO         1982    .text               c_w.l(localtime.o)
    0x08000620   0x08000620   0x00000360   Code   RO         1985    .text               c_w.l(strftime.o)
    0x08000980   0x08000980   0x00000006   Code   RO         1987    .text               c_w.l(heapauxi.o)
    0x08000986   0x08000986   0x00000002   PAD
    0x08000988   0x08000988   0x00000024   Code   RO         1994    .text               c_w.l(init_aeabi.o)
    0x080009ac   0x080009ac   0x00000002   Code   RO         1999    .text               c_w.l(use_no_semi.o)
    0x080009ae   0x080009ae   0x00000000   Code   RO         2001    .text               c_w.l(indicate_semi.o)
    0x080009ae   0x080009ae   0x00000002   PAD
    0x080009b0   0x080009b0   0x00000008   Code   RO         2006    .text               c_w.l(rt_locale_intlibspace.o)
    0x080009b8   0x080009b8   0x0000002c   Code   RO         2008    .text               c_w.l(sprintf.o)
    0x080009e4   0x080009e4   0x0000004e   Code   RO         2012    .text               c_w.l(_printf_pad.o)
    0x08000a32   0x08000a32   0x00000024   Code   RO         2014    .text               c_w.l(_printf_truncate.o)
    0x08000a56   0x08000a56   0x00000052   Code   RO         2016    .text               c_w.l(_printf_str.o)
    0x08000aa8   0x08000aa8   0x00000078   Code   RO         2018    .text               c_w.l(_printf_dec.o)
    0x08000b20   0x08000b20   0x00000028   Code   RO         2020    .text               c_w.l(_printf_charcount.o)
    0x08000b48   0x08000b48   0x00000024   Code   RO         2022    .text               c_w.l(_printf_char_file.o)
    0x08000b6c   0x08000b6c   0x000000bc   Code   RO         2024    .text               c_w.l(_printf_wctomb.o)
    0x08000c28   0x08000c28   0x0000007c   Code   RO         2027    .text               c_w.l(_printf_longlong_dec.o)
    0x08000ca4   0x08000ca4   0x00000070   Code   RO         2033    .text               c_w.l(_printf_oct_int_ll.o)
    0x08000d14   0x08000d14   0x00000094   Code   RO         2053    .text               c_w.l(_printf_hex_int_ll_ptr.o)
    0x08000da8   0x08000da8   0x00000188   Code   RO         2073    .text               c_w.l(__printf_flags_ss_wp.o)
    0x08000f30   0x08000f30   0x000000f8   Code   RO         2099    .text               c_w.l(fseek.o)
    0x08001028   0x08001028   0x000000f0   Code   RO         2101    .text               c_w.l(stdio.o)
    0x08001118   0x08001118   0x00000138   Code   RO         2104    .text               c_w.l(initio.o)
    0x08001250   0x08001250   0x0000002e   Code   RO         2117    .text               c_w.l(aeabi_atexit.o)
    0x0800127e   0x0800127e   0x00000064   Code   RO         2120    .text               c_w.l(rt_memcpy_w.o)
    0x080012e2   0x080012e2   0x00000002   PAD
    0x080012e4   0x080012e4   0x000000b8   Code   RO         2122    .text               c_w.l(localtime_internal.o)
    0x0800139c   0x0800139c   0x00000066   Code   RO         2186    .text               c_w.l(sys_io.o)
    0x08001402   0x08001402   0x00000002   PAD
    0x08001404   0x08001404   0x00000008   Code   RO         2193    .text               c_w.l(libspace.o)
    0x0800140c   0x0800140c   0x00000008   Code   RO         2216    .text               c_w.l(rt_ddtor_pointer_addr_intlibspace.o)
    0x08001414   0x08001414   0x0000005e   Code   RO         2222    .text               c_w.l(h1_alloc.o)
    0x08001472   0x08001472   0x0000004e   Code   RO         2224    .text               c_w.l(h1_free.o)
    0x080014c0   0x080014c0   0x0000008a   Code   RO         2280    .text               c_w.l(lludiv10.o)
    0x0800154a   0x0800154a   0x000000b2   Code   RO         2282    .text               c_w.l(_printf_intcommon.o)
    0x080015fc   0x080015fc   0x0000041c   Code   RO         2284    .text               c_w.l(_printf_fp_dec.o)
    0x08001a18   0x08001a18   0x000002fc   Code   RO         2288    .text               c_w.l(_printf_fp_hex.o)
    0x08001d14   0x08001d14   0x00000030   Code   RO         2291    .text               c_w.l(_printf_char_common.o)
    0x08001d44   0x08001d44   0x0000000a   Code   RO         2293    .text               c_w.l(_sputc.o)
    0x08001d4e   0x08001d4e   0x0000002c   Code   RO         2295    .text               c_w.l(_printf_char.o)
    0x08001d7a   0x08001d7a   0x0000002c   Code   RO         2297    .text               c_w.l(_printf_wchar.o)
    0x08001da6   0x08001da6   0x00000008   Code   RO         2300    .text               c_w.l(ferror.o)
    0x08001dae   0x08001dae   0x00000042   Code   RO         2302    .text               c_w.l(ftell.o)
    0x08001df0   0x08001df0   0x00000046   Code   RO         2304    .text               c_w.l(setvbuf.o)
    0x08001e36   0x08001e36   0x00000002   PAD
    0x08001e38   0x08001e38   0x000000f0   Code   RO         2306    .text               c_w.l(fopen.o)
    0x08001f28   0x08001f28   0x0000004c   Code   RO         2308    .text               c_w.l(fclose.o)
    0x08001f74   0x08001f74   0x00000048   Code   RO         2316    .text               c_w.l(_c16rtomb.o)
    0x08001fbc   0x08001fbc   0x00000042   Code   RO         2318    .text               c_w.l(cxa_finalize.o)
    0x08001ffe   0x08001ffe   0x0000000e   Code   RO         2321    .text               c_w.l(defsig_rtred_outer.o)
    0x0800200c   0x0800200c   0x0000004e   Code   RO         2325    .text               c_w.l(rt_memclr_w.o)
    0x0800205a   0x0800205a   0x0000004a   Code   RO         2348    .text               c_w.l(sys_stackheap_outer.o)
    0x080020a4   0x080020a4   0x00000008   Code   RO         2355    .text               c_w.l(rt_heap_descriptor_intlibspace.o)
    0x080020ac   0x080020ac   0x00000008   Code   RO         2360    .text               c_w.l(rt_errno_addr_intlibspace.o)
    0x080020b4   0x080020b4   0x00000004   Code   RO         2362    .text               c_w.l(hguard.o)
    0x080020b8   0x080020b8   0x0000008a   Code   RO         2364    .text               c_w.l(init_alloc.o)
    0x08002142   0x08002142   0x0000000e   Code   RO         2368    .text               c_w.l(h1_init.o)
    0x08002150   0x08002150   0x00000080   Code   RO         2380    .text               c_w.l(_printf_fp_infnan.o)
    0x080021d0   0x080021d0   0x000000e4   Code   RO         2384    .text               c_w.l(bigflt0.o)
    0x080022b4   0x080022b4   0x00000012   Code   RO         2414    .text               c_w.l(exit.o)
    0x080022c6   0x080022c6   0x0000000a   Code   RO         2416    .text               c_w.l(defsig_exit.o)
    0x080022d0   0x080022d0   0x00000034   Code   RO         2418    .text               c_w.l(defsig_rtred_inner.o)
    0x08002304   0x08002304   0x0000000c   Code   RO         2438    .text               c_w.l(sys_exit.o)
    0x08002310   0x08002310   0x00000000   Code   RO         2448    .text               c_w.l(maybetermalloc1.o)
    0x08002310   0x08002310   0x00000034   Code   RO         2450    .text               c_w.l(h1_extend.o)
    0x08002344   0x08002344   0x00000032   Code   RO         2458    .text               c_w.l(defsig_general.o)
    0x08002376   0x08002376   0x0000000e   Code   RO         2460    .text               c_w.l(defsig_rtmem_outer.o)
    0x08002384   0x08002384   0x0000000e   Code   RO         2467    .text               c_w.l(sys_wrch.o)
    0x08002392   0x08002392   0x00000002   PAD
    0x08002394   0x08002394   0x00000050   Code   RO         2482    .text               c_w.l(defsig_rtmem_inner.o)
    0x080023e4   0x080023e4   0x00000004   Code   RO          474    .text.BusFault_Handler  n32g4fr_it.o
    0x080023e8   0x080023e8   0x00000002   Code   RO          480    .text.DebugMon_Handler  n32g4fr_it.o
    0x080023ea   0x080023ea   0x00000002   PAD
    0x080023ec   0x080023ec   0x00000036   Code   RO          492    .text.EXTI9_5_IRQHandler  n32g4fr_it.o
    0x08002422   0x08002422   0x00000002   PAD
    0x08002424   0x08002424   0x00000014   Code   RO          850    .text.EXTI_ClrITPendBit  n32g4fr_exti.o
    0x08002438   0x08002438   0x0000004c   Code   RO          848    .text.EXTI_GetITStatus  n32g4fr_exti.o
    0x08002484   0x08002484   0x000000ea   Code   RO          838    .text.EXTI_InitPeripheral  n32g4fr_exti.o
    0x0800256e   0x0800256e   0x00000002   PAD
    0x08002570   0x08002570   0x00000054   Code   RO          956    .text.GPIO_ConfigEXTILine  n32g4fr_gpio.o
    0x080025c4   0x080025c4   0x00000186   Code   RO          926    .text.GPIO_InitPeripheral  n32g4fr_gpio.o
    0x0800274a   0x0800274a   0x00000002   PAD
    0x0800274c   0x0800274c   0x00000114   Code   RO         1825    .text.HardFaultHandler  segger_hardfaulthandler.o
    0x08002860   0x08002860   0x00000004   Code   RO          472    .text.MemManage_Handler  n32g4fr_it.o
    0x08002864   0x08002864   0x00000002   Code   RO          470    .text.NMI_Handler   n32g4fr_it.o
    0x08002866   0x08002866   0x00000002   PAD
    0x08002868   0x08002868   0x000000aa   Code   RO          505    .text.NVIC_Init     misc.o
    0x08002912   0x08002912   0x00000002   PAD
    0x08002914   0x08002914   0x0000001c   Code   RO          503    .text.NVIC_PriorityGroupConfig  misc.o
    0x08002930   0x08002930   0x0000002c   Code   RO         1167    .text.RCC_ConfigPclk1  n32g4fr_rcc.o
    0x0800295c   0x0800295c   0x0000002e   Code   RO         1169    .text.RCC_ConfigPclk2  n32g4fr_rcc.o
    0x0800298a   0x0800298a   0x00000002   PAD
    0x0800298c   0x0800298c   0x00000038   Code   RO         1205    .text.RCC_EnableAPB1PeriphClk  n32g4fr_rcc.o
    0x080029c4   0x080029c4   0x00000038   Code   RO         1203    .text.RCC_EnableAPB2PeriphClk  n32g4fr_rcc.o
    0x080029fc   0x080029fc   0x000001c4   Code   RO         1199    .text.RCC_GetClocksFreqValue  n32g4fr_rcc.o
    0x08002bc0   0x08002bc0   0x000000a0   Code   RO         1886    .text.SEGGER_RTT_ConfigUpBuffer  segger_rtt.o
    0x08002c60   0x08002c60   0x00000008   Code   RO         1898    .text.SEGGER_RTT_Init  segger_rtt.o
    0x08002c68   0x08002c68   0x0000004c   Code   RO         1862    .text.SEGGER_RTT_Write  segger_rtt.o
    0x08002cb4   0x08002cb4   0x000000b0   Code   RO         1858    .text.SEGGER_RTT_WriteNoLock  segger_rtt.o
    0x08002d64   0x08002d64   0x0000002a   Code   RO         1931    .text.SEGGER_RTT_printf  segger_rtt_printf.o
    0x08002d8e   0x08002d8e   0x00000002   PAD
    0x08002d90   0x08002d90   0x0000033c   Code   RO         1923    .text.SEGGER_RTT_vprintf  segger_rtt_printf.o
    0x080030cc   0x080030cc   0x00000046   Code   RO          490    .text.SPI2_IRQHandler  n32g4fr_it.o
    0x08003112   0x08003112   0x00000002   PAD
    0x08003114   0x08003114   0x0000002c   Code   RO         1413    .text.SPI_Enable    n32g4fr_spi.o
    0x08003140   0x08003140   0x0000007e   Code   RO         1445    .text.SPI_I2S_GetIntStatus  n32g4fr_spi.o
    0x080031be   0x080031be   0x00000002   PAD
    0x080031c0   0x080031c0   0x00000036   Code   RO         1441    .text.SPI_I2S_GetStatus  n32g4fr_spi.o
    0x080031f6   0x080031f6   0x00000002   PAD
    0x080031f8   0x080031f8   0x0000000c   Code   RO         1423    .text.SPI_I2S_ReceiveData  n32g4fr_spi.o
    0x08003204   0x08003204   0x00000014   Code   RO         1421    .text.SPI_I2S_TransmitData  n32g4fr_spi.o
    0x08003218   0x08003218   0x00000068   Code   RO         1405    .text.SPI_Init      n32g4fr_spi.o
    0x08003280   0x08003280   0x0000002c   Code   RO         1427    .text.SPI_SSOutputEnable  n32g4fr_spi.o
    0x080032ac   0x080032ac   0x00000002   Code   RO          478    .text.SVC_Handler   n32g4fr_it.o
    0x080032ae   0x080032ae   0x00000002   PAD
    0x080032b0   0x080032b0   0x000000be   Code   RO          448    .text.SetSysClock   system_n32g4fr.o
    0x0800336e   0x0800336e   0x00000002   PAD
    0x08003370   0x08003370   0x00000020   Code   RO          482    .text.SysTick_Handler  n32g4fr_it.o
    0x08003390   0x08003390   0x000000cc   Code   RO          446    .text.SystemInit    system_n32g4fr.o
    0x0800345c   0x0800345c   0x00000002   Code   RO          486    .text.TIM1_CC_IRQHandler  n32g4fr_it.o
    0x0800345e   0x0800345e   0x00000002   PAD
    0x08003460   0x08003460   0x0000007c   Code   RO          488    .text.USART3_IRQHandler  n32g4fr_it.o
    0x080034dc   0x080034dc   0x00000092   Code   RO         1720    .text.USART_ConfigInt  n32g4fr_usart.o
    0x0800356e   0x0800356e   0x00000002   PAD
    0x08003570   0x08003570   0x0000002c   Code   RO         1718    .text.USART_Enable  n32g4fr_usart.o
    0x0800359c   0x0800359c   0x00000044   Code   RO         1754    .text.USART_GetFlagStatus  n32g4fr_usart.o
    0x080035e0   0x080035e0   0x000000b0   Code   RO         1758    .text.USART_GetIntStatus  n32g4fr_usart.o
    0x08003690   0x08003690   0x00000124   Code   RO         1710    .text.USART_Init    n32g4fr_usart.o
    0x080037b4   0x080037b4   0x00000010   Code   RO         1736    .text.USART_ReceiveData  n32g4fr_usart.o
    0x080037c4   0x080037c4   0x00000018   Code   RO         1734    .text.USART_SendData  n32g4fr_usart.o
    0x080037dc   0x080037dc   0x00000004   Code   RO          476    .text.UsageFault_Handler  n32g4fr_it.o
    0x080037e0   0x080037e0   0x0000009c   Code   RO         1840    .text._DoInit       segger_rtt.o
    0x0800387c   0x0800387c   0x0000001c   Code   RO           20    .text._GLOBAL__sub_I_main.cpp  main.o
    0x08003898   0x08003898   0x0000003e   Code   RO         1852    .text._GetAvailWriteSpace  segger_rtt.o
    0x080038d6   0x080038d6   0x00000002   PAD
    0x080038d8   0x080038d8   0x000001cc   Code   RO         1927    .text._PrintInt     segger_rtt_printf.o
    0x08003aa4   0x08003aa4   0x000001ac   Code   RO         1929    .text._PrintUnsigned  segger_rtt_printf.o
    0x08003c50   0x08003c50   0x00000076   Code   RO         1925    .text._StoreChar    segger_rtt_printf.o
    0x08003cc6   0x08003cc6   0x00000002   PAD
    0x08003cc8   0x08003cc8   0x000000e4   Code   RO         1856    .text._WriteBlocking  segger_rtt.o
    0x08003dac   0x08003dac   0x0000008c   Code   RO         1854    .text._WriteNoCheck  segger_rtt.o
    0x08003e38   0x08003e38   0x000000cc   Code   RO          183    .text._Z14shell_mode_cmdcPc  nr_micro_shell_commands.o
    0x08003f04   0x08003f04   0x0000003a   Code   RO          179    .text._Z14shell_quit_cmdcPc  nr_micro_shell_commands.o
    0x08003f3e   0x08003f3e   0x00000002   PAD
    0x08003f40   0x08003f40   0x00000028   Code   RO          177    .text._Z14shell_stop_cmdcPc  nr_micro_shell_commands.o
    0x08003f68   0x08003f68   0x00000028   Code   RO          175    .text._Z15shell_start_cmdcPc  nr_micro_shell_commands.o
    0x08003f90   0x08003f90   0x00000078   Code   RO          173    .text._Z17shell_hexdump_cmdcPc  nr_micro_shell_commands.o
    0x08004008   0x08004008   0x00000010   Code   RO           16    .text._Z4loopv      main.o
    0x08004018   0x08004018   0x00000052   Code   RO           14    .text._Z5setupv     main.o
    0x0800406a   0x0800406a   0x00000002   PAD
    0x0800406c   0x0800406c   0x00000052   Code   RO          200    .text._ZL14SysTick_Configj  systick.o
    0x080040be   0x080040be   0x00000002   PAD
    0x080040c0   0x080040c0   0x00000042   Code   RO          202    .text._ZL18__NVIC_SetPriority4IRQnj  systick.o
    0x08004102   0x08004102   0x00000002   PAD
    0x08004104   0x08004104   0x00000026   Code   RO          181    .text._ZL18__NVIC_SystemResetv  nr_micro_shell_commands.o
    0x0800412a   0x0800412a   0x00000002   PAD
    0x0800412c   0x0800412c   0x00000054   Code   RO          282    .text._ZN2Di8init_irqEv  di.o
    0x08004180   0x08004180   0x0000010e   Code   RO          278    .text._ZN2Di8init_pinEP11GPIO_Modulet  di.o
    0x0800428e   0x0800428e   0x00000002   PAD
    0x08004290   0x08004290   0x0000000a   Code   RO          274    .text._ZN2DiC2Ev    di.o
    0x0800429a   0x0800429a   0x00000002   PAD
    0x0800429c   0x0800429c   0x0000000a   Code   RO          280    .text._ZN2DiD2Ev    di.o
    0x080042a6   0x080042a6   0x00000002   PAD
    0x080042a8   0x080042a8   0x00000010   Code   RO          104    .text._ZN2Do3lowEv  do.o
    0x080042b8   0x080042b8   0x00000010   Code   RO          106    .text._ZN2Do4highEv  do.o
    0x080042c8   0x080042c8   0x0000010e   Code   RO          100    .text._ZN2Do8init_pinEP11GPIO_Modulet  do.o
    0x080043d6   0x080043d6   0x00000002   PAD
    0x080043d8   0x080043d8   0x0000000a   Code   RO           96    .text._ZN2DoC2Ev    do.o
    0x080043e2   0x080043e2   0x00000002   PAD
    0x080043e4   0x080043e4   0x0000000a   Code   RO          102    .text._ZN2DoD2Ev    do.o
    0x080043ee   0x080043ee   0x00000002   PAD
    0x080043f0   0x080043f0   0x000000a8   Code   RO          159    .text._ZN3App12idle_processEv  app.o
    0x08004498   0x08004498   0x0000000e   Code   RO          157    .text._ZN3App12uart_processEv  app.o
    0x080044a6   0x080044a6   0x00000002   PAD
    0x080044a8   0x080044a8   0x00000028   Code   RO          161    .text._ZN3App13error_processEv  app.o
    0x080044d0   0x080044d0   0x00000012   Code   RO          155    .text._ZN3App16sent_sample_dataEv  app.o
    0x080044e2   0x080044e2   0x00000002   PAD
    0x080044e4   0x080044e4   0x0000004a   Code   RO          153    .text._ZN3App3runEv  app.o
    0x0800452e   0x0800452e   0x00000002   PAD
    0x08004530   0x08004530   0x00000010   Code   RO          149    .text._ZN3AppC2Ev   app.o
    0x08004540   0x08004540   0x0000000a   Code   RO          151    .text._ZN3AppD2Ev   app.o
    0x0800454a   0x0800454a   0x00000002   PAD
    0x0800454c   0x0800454c   0x00000060   Code   RO           70    .text._ZN3Clk11print_clockEv  clk.o
    0x080045ac   0x080045ac   0x00000076   Code   RO           68    .text._ZN3ClkC2Ev   clk.o
    0x08004622   0x08004622   0x00000002   PAD
    0x08004624   0x08004624   0x0000000a   Code   RO           72    .text._ZN3ClkD2Ev   clk.o
    0x0800462e   0x0800462e   0x00000002   PAD
    0x08004630   0x08004630   0x0000007e   Code   RO           82    .text._ZN3Rtt4initEv  rtt.o
    0x080046ae   0x080046ae   0x00000002   PAD
    0x080046b0   0x080046b0   0x00000014   Code   RO           84    .text._ZN3RttC2Ev   rtt.o
    0x080046c4   0x080046c4   0x0000000a   Code   RO           86    .text._ZN3RttD2Ev   rtt.o
    0x080046ce   0x080046ce   0x00000002   PAD
    0x080046d0   0x080046d0   0x0000000c   Code   RO          254    .text._ZN3Spi10get_statusEv  spi.o
    0x080046dc   0x080046dc   0x000001a8   Code   RO          256    .text._ZN3Spi11MS1030_FlowEv  spi.o
    0x08004884   0x08004884   0x00000036   Code   RO          242    .text._ZN3Spi11Read_REG0_LEv  spi.o
    0x080048ba   0x080048ba   0x00000002   PAD
    0x080048bc   0x080048bc   0x00000026   Code   RO          240    .text._ZN3Spi11Write_OrderEh  spi.o
    0x080048e2   0x080048e2   0x00000002   PAD
    0x080048e4   0x080048e4   0x00000022   Code   RO          222    .text._ZN3Spi11init_ss_pinEv  spi.o
    0x08004906   0x08004906   0x00000002   PAD
    0x08004908   0x08004908   0x000000e0   Code   RO          252    .text._ZN3Spi12data_averageEPjh  spi.o
    0x080049e8   0x080049e8   0x00000026   Code   RO          226    .text._ZN3Spi12init_int_pinEv  spi.o
    0x08004a0e   0x08004a0e   0x00000002   PAD
    0x08004a10   0x08004a10   0x00000026   Code   RO          224    .text._ZN3Spi12init_rst_pinEv  spi.o
    0x08004a36   0x08004a36   0x00000002   PAD
    0x08004a38   0x08004a38   0x00000130   Code   RO          258    .text._ZN3Spi13MS1030_TemperEv  spi.o
    0x08004b68   0x08004b68   0x000000b2   Code   RO          232    .text._ZN3Spi5read8Ev  spi.o
    0x08004c1a   0x08004c1a   0x00000002   PAD
    0x08004c1c   0x08004c1c   0x000000ee   Code   RO          262    .text._ZN3Spi6configEv  spi.o
    0x08004d0a   0x08004d0a   0x00000002   PAD
    0x08004d0c   0x08004d0c   0x0000010a   Code   RO          234    .text._ZN3Spi6read16Ev  spi.o
    0x08004e16   0x08004e16   0x00000002   PAD
    0x08004e18   0x08004e18   0x000001ba   Code   RO          236    .text._ZN3Spi6read32Ev  spi.o
    0x08004fd2   0x08004fd2   0x00000002   PAD
    0x08004fd4   0x08004fd4   0x0000004c   Code   RO          230    .text._ZN3Spi6write8Eh  spi.o
    0x08005020   0x08005020   0x00000036   Code   RO          246    .text._ZN3Spi8Read_RegEh  spi.o
    0x08005056   0x08005056   0x00000002   PAD
    0x08005058   0x08005058   0x0000002e   Code   RO          216    .text._ZN3Spi8init_intEv  spi.o
    0x08005086   0x08005086   0x00000002   PAD
    0x08005088   0x08005088   0x00000042   Code   RO          218    .text._ZN3Spi8init_pinEv  spi.o
    0x080050ca   0x080050ca   0x00000002   PAD
    0x080050cc   0x080050cc   0x0000005c   Code   RO          220    .text._ZN3Spi8init_spiEv  spi.o
    0x08005128   0x08005128   0x00000036   Code   RO          244    .text._ZN3Spi9Read_STATEv  spi.o
    0x0800515e   0x0800515e   0x00000002   PAD
    0x08005160   0x08005160   0x00000050   Code   RO          238    .text._ZN3Spi9Write_RegEhj  spi.o
    0x080051b0   0x080051b0   0x000000be   Code   RO          214    .text._ZN3SpiC2Ev   spi.o
    0x0800526e   0x0800526e   0x00000002   PAD
    0x08005270   0x08005270   0x00000024   Code   RO          228    .text._ZN3SpiD2Ev   spi.o
    0x08005294   0x08005294   0x0000004e   Code   RO           53    .text._ZN4Uart4initEj  uart.o
    0x080052e2   0x080052e2   0x00000002   PAD
    0x080052e4   0x080052e4   0x0000004e   Code   RO           51    .text._ZN4Uart8init_pinEv  uart.o
    0x08005332   0x08005332   0x00000002   PAD
    0x08005334   0x08005334   0x0000002a   Code   RO           55    .text._ZN4Uart9init_nvicEv  uart.o
    0x0800535e   0x0800535e   0x00000002   PAD
    0x08005360   0x08005360   0x00000024   Code   RO           49    .text._ZN4UartC2Ev  uart.o
    0x08005384   0x08005384   0x0000000a   Code   RO           57    .text._ZN4UartD2Ev  uart.o
    0x0800538e   0x0800538e   0x00000002   PAD
    0x08005390   0x08005390   0x00000022   Code   RO          136    .text._ZN5Shell4initEv  shell.o
    0x080053b2   0x080053b2   0x00000002   PAD
    0x080053b4   0x080053b4   0x00000014   Code   RO          138    .text._ZN5ShellC2Ev  shell.o
    0x080053c8   0x080053c8   0x0000000a   Code   RO          140    .text._ZN5ShellD2Ev  shell.o
    0x080053d2   0x080053d2   0x00000002   PAD
    0x080053d4   0x080053d4   0x00000038   Code   RO          196    .text._ZN7Systick4initEv  systick.o
    0x0800540c   0x0800540c   0x00000028   Code   RO          204    .text._ZN7Systick8delay_msEj  systick.o
    0x08005434   0x08005434   0x00000014   Code   RO          194    .text._ZN7SystickC2Ev  systick.o
    0x08005448   0x08005448   0x0000000a   Code   RO          198    .text._ZN7SystickD2Ev  systick.o
    0x08005452   0x08005452   0x00000002   PAD
    0x08005454   0x08005454   0x00000030   Code   RO          117    .text._ZN8DWTDelay4initEj  dwtdelay.o
    0x08005484   0x08005484   0x0000001a   Code   RO          125    .text._ZN8DWTDelay8delay_msEj  dwtdelay.o
    0x0800549e   0x0800549e   0x00000002   PAD
    0x080054a0   0x080054a0   0x00000086   Code   RO          123    .text._ZN8DWTDelay8delay_usEj  dwtdelay.o
    0x08005526   0x08005526   0x00000002   PAD
    0x08005528   0x08005528   0x0000001e   Code   RO          119    .text._ZN8DWTDelayC2Ev  dwtdelay.o
    0x08005546   0x08005546   0x00000002   PAD
    0x08005548   0x08005548   0x0000000a   Code   RO          121    .text._ZN8DWTDelayD2Ev  dwtdelay.o
    0x08005552   0x08005552   0x00000002   PAD
    0x08005554   0x08005554   0x00000046   Code   RO           38    .text._ZN8HardwareC2Ev  hardware.o
    0x0800559a   0x0800559a   0x00000002   PAD
    0x0800559c   0x0800559c   0x0000002c   Code   RO           40    .text._ZN8HardwareD2Ev  hardware.o
    0x080055c8   0x080055c8   0x0000002c   Code   RO            2    .text.__cxx_global_var_init  main.o
    0x080055f4   0x080055f4   0x0000002c   Code   RO            4    .text.__cxx_global_var_init.1  main.o
    0x08005620   0x08005620   0x0000002c   Code   RO            6    .text.__cxx_global_var_init.2  main.o
    0x0800564c   0x0800564c   0x0000002c   Code   RO            8    .text.__cxx_global_var_init.3  main.o
    0x08005678   0x08005678   0x0000002c   Code   RO           10    .text.__cxx_global_var_init.4  main.o
    0x080056a4   0x080056a4   0x0000002c   Code   RO           12    .text.__cxx_global_var_init.5  main.o
    0x080056d0   0x080056d0   0x000000d6   Code   RO          382    .text._shell_init   nr_micro_shell.o
    0x080057a6   0x080057a6   0x00000002   PAD
    0x080057a8   0x080057a8   0x0000001e   Code   RO          334    .text.ansi_clear_current_line  ansi.o
    0x080057c6   0x080057c6   0x00000002   PAD
    0x080057c8   0x080057c8   0x00000174   Code   RO          336    .text.ansi_get_char  ansi.o
    0x0800593c   0x0800593c   0x0000002a   Code   RO          332    .text.ansi_init     ansi.o
    0x08005966   0x08005966   0x00000002   PAD
    0x08005968   0x08005968   0x00000062   Code   RO          330    .text.ansi_search_char  ansi.o
    0x080059ca   0x080059ca   0x00000002   PAD
    0x080059cc   0x080059cc   0x00000038   Code   RO          350    .text.ansi_show_str  ansi_port.o
    0x08005a04   0x08005a04   0x00000034   Code   RO          320    .text.fputc         bsp.o
    0x08005a38   0x08005a38   0x00000338   Code   RO          318    .text.hexdump       bsp.o
    0x08005d70   0x08005d70   0x0000002e   Code   RO          430    .text.init_event    log.o
    0x08005d9e   0x08005d9e   0x00000002   PAD
    0x08005da0   0x08005da0   0x00000024   Code   RO          428    .text.lock          log.o
    0x08005dc4   0x08005dc4   0x000000ec   Code   RO          426    .text.log_log       log.o
    0x08005eb0   0x08005eb0   0x00000014   Code   RO           18    .text.main          main.o
    0x08005ec4   0x08005ec4   0x00000002   Code   RO          316    .text.memory_init   bsp.o
    0x08005ec6   0x08005ec6   0x00000002   PAD
    0x08005ec8   0x08005ec8   0x000000d4   Code   RO          352    .text.nr_ansi_common_char_slover  ansi_port.o
    0x08005f9c   0x08005f9c   0x0000003e   Code   RO          354    .text.nr_ansi_ctrl_common_slover  ansi_port.o
    0x08005fda   0x08005fda   0x00000002   PAD
    0x08005fdc   0x08005fdc   0x0000006c   Code   RO          372    .text.nr_ansi_in__  ansi_port.o
    0x08006048   0x08006048   0x0000006c   Code   RO          360    .text.nr_ansi_in_backspace  ansi_port.o
    0x080060b4   0x080060b4   0x000000a4   Code   RO          364    .text.nr_ansi_in_down  ansi_port.o
    0x08006158   0x08006158   0x0000003c   Code   RO          356    .text.nr_ansi_in_enter  ansi_port.o
    0x08006194   0x08006194   0x0000002c   Code   RO          366    .text.nr_ansi_in_left  ansi_port.o
    0x080061c0   0x080061c0   0x00000032   Code   RO          358    .text.nr_ansi_in_newline  ansi_port.o
    0x080061f2   0x080061f2   0x00000002   PAD
    0x080061f4   0x080061f4   0x00000030   Code   RO          368    .text.nr_ansi_in_right  ansi_port.o
    0x08006224   0x08006224   0x000000fe   Code   RO          370    .text.nr_ansi_in_tab  ansi_port.o
    0x08006322   0x08006322   0x00000002   PAD
    0x08006324   0x08006324   0x000000a8   Code   RO          362    .text.nr_ansi_in_up  ansi_port.o
    0x080063cc   0x080063cc   0x0000010a   Code   RO          394    .text.nr_shell_strtok  nr_micro_shell.o
    0x080064d6   0x080064d6   0x00000002   PAD
    0x080064d8   0x080064d8   0x000000ba   Code   RO          396    .text.shell_cmd_complete  nr_micro_shell.o
    0x08006592   0x08006592   0x00000002   PAD
    0x08006594   0x08006594   0x00000178   Code   RO          398    .text.shell_his_copy_queue_item  nr_micro_shell.o
    0x0800670c   0x0800670c   0x0000016e   Code   RO          386    .text.shell_his_queue_add_cmd  nr_micro_shell.o
    0x0800687a   0x0800687a   0x00000002   PAD
    0x0800687c   0x0800687c   0x00000022   Code   RO          384    .text.shell_his_queue_init  nr_micro_shell.o
    0x0800689e   0x0800689e   0x00000002   PAD
    0x080068a0   0x080068a0   0x0000017c   Code   RO          392    .text.shell_his_queue_search_cmd  nr_micro_shell.o
    0x08006a1c   0x08006a1c   0x00000168   Code   RO          390    .text.shell_parser  nr_micro_shell.o
    0x08006b84   0x08006b84   0x00000062   Code   RO          388    .text.shell_search_cmd  nr_micro_shell.o
    0x08006be6   0x08006be6   0x00000002   PAD
    0x08006be8   0x08006be8   0x0000007c   Code   RO          432    .text.stdout_callback  log.o
    0x08006c64   0x08006c64   0x00000024   Code   RO          434    .text.unlock        log.o
    0x08006c88   0x08006c88   0x0000003e   Code   RO         2387    CL$$btod_d2e        c_w.l(btod.o)
    0x08006cc6   0x08006cc6   0x00000046   Code   RO         2389    CL$$btod_d2e_denorm_low  c_w.l(btod.o)
    0x08006d0c   0x08006d0c   0x00000060   Code   RO         2388    CL$$btod_d2e_norm_op1  c_w.l(btod.o)
    0x08006d6c   0x08006d6c   0x00000338   Code   RO         2397    CL$$btod_div_common  c_w.l(btod.o)
    0x080070a4   0x080070a4   0x000000dc   Code   RO         2394    CL$$btod_e2e        c_w.l(btod.o)
    0x08007180   0x08007180   0x0000002a   Code   RO         2391    CL$$btod_ediv       c_w.l(btod.o)
    0x080071aa   0x080071aa   0x0000002a   Code   RO         2390    CL$$btod_emul       c_w.l(btod.o)
    0x080071d4   0x080071d4   0x00000244   Code   RO         2396    CL$$btod_mult_common  c_w.l(btod.o)
    0x08007418   0x08007418   0x00000012   Code   RO         1834    OSKERNEL            hardfaulthandler.o
    0x0800742a   0x0800742a   0x00000030   Code   RO         2434    i.__ARM_fpclassify  m_wm.l(fpclassify.o)
    0x0800745a   0x0800745a   0x0000000e   Code   RO         2066    i._is_digit         c_w.l(__printf_wp.o)
    0x08007468   0x08007468   0x0000002c   Code   RO         2109    locale$$code        c_w.l(lc_ctype_c.o)
    0x08007494   0x08007494   0x0000002c   Code   RO         2112    locale$$code        c_w.l(lc_time_c.o)
    0x080074c0   0x080074c0   0x0000002c   Code   RO         2412    locale$$code        c_w.l(lc_numeric_c.o)
    0x080074ec   0x080074ec   0x0000000c   Code   RO         2173    x$fpl$dretinf       fz_wm.l(dretinf.o)
    0x080074f8   0x080074f8   0x00000056   Code   RO         1997    x$fpl$f2d           fz_wm.l(f2d.o)
    0x0800754e   0x0800754e   0x0000008c   Code   RO         2175    x$fpl$fnaninf       fz_wm.l(fnaninf.o)
    0x080075da   0x080075da   0x0000001a   Code   RO         2346    x$fpl$fpinit        fz_wm.l(fpinit.o)
    0x080075f4   0x080075f4   0x00000004   Code   RO         2177    x$fpl$printf1       fz_wm.l(printf1.o)
    0x080075f8   0x080075f8   0x00000004   Code   RO         2179    x$fpl$printf2       fz_wm.l(printf2.o)
    0x080075fc   0x080075fc   0x00000000   Code   RO         2185    x$fpl$usenofp       fz_wm.l(usenofp.o)
    0x080075fc   0x080075fc   0x00000008   Data   RO         2025    .constdata          c_w.l(_printf_wctomb.o)
    0x08007604   0x08007604   0x00000028   Data   RO         2054    .constdata          c_w.l(_printf_hex_int_ll_ptr.o)
    0x0800762c   0x0800762c   0x00000011   Data   RO         2074    .constdata          c_w.l(__printf_flags_ss_wp.o)
    0x0800763d   0x0800763d   0x00000004   Data   RO         2188    .constdata          c_w.l(sys_io_names.o)
    0x08007641   0x08007641   0x00000004   Data   RO         2189    .constdata          c_w.l(sys_io_names.o)
    0x08007645   0x08007645   0x00000004   Data   RO         2190    .constdata          c_w.l(sys_io_names.o)
    0x08007649   0x08007649   0x00000026   Data   RO         2289    .constdata          c_w.l(_printf_fp_hex.o)
    0x0800766f   0x0800766f   0x0000000c   Data   RO         2327    .constdata          c_w.l(_monlen.o)
    0x0800767b   0x0800767b   0x00000001   PAD
    0x0800767c   0x0800767c   0x00000094   Data   RO         2385    .constdata          c_w.l(bigflt0.o)
    0x08007710   0x08007710   0x00000010   Data   RO         1933    .rodata._PrintUnsigned._aV2C  segger_rtt_printf.o
    0x08007720   0x08007720   0x00000015   Data   RO          338    .rodata.nr_ansi_in_cmd  ansi.o
    0x08007735   0x08007735   0x00000003   PAD
    0x08007738   0x08007738   0x00000050   Data   RO          339    .rodata.nr_ansi_in_cmd_fun  ansi.o
    0x08007788   0x08007788   0x00000005   Data   RO          340    .rodata.nr_ansi_in_special_symbol  ansi.o
    0x0800778d   0x0800778d   0x00000003   PAD
    0x08007790   0x08007790   0x00000010   Data   RO          341    .rodata.nr_ansi_in_special_symbol_fun  ansi.o
    0x080077a0   0x080077a0   0x00000014   Data   RO          400    .rodata.nr_shell_cmd0.end  nr_micro_shell.o
    0x080077b4   0x080077b4   0x00000014   Data   RO          401    .rodata.nr_shell_cmd1.end  nr_micro_shell.o
    0x080077c8   0x080077c8   0x00000010   Data   RO         1230    .rodata.s_AdcHclkPresTable  n32g4fr_rcc.o
    0x080077d8   0x080077d8   0x00000020   Data   RO         1231    .rodata.s_AdcPllClkPresTable  n32g4fr_rcc.o
    0x080077f8   0x080077f8   0x00000010   Data   RO         1229    .rodata.s_ApbAhbPresTable  n32g4fr_rcc.o
    0x08007808   0x08007808   0x00000078   Data   RO          186    .rodata.static_cmd  nr_micro_shell_commands.o
    0x08007880   0x08007880   0x00000035   Data   RO           28    .rodata.str1.1      main.o
    0x080078b5   0x080078b5   0x00000030   Data   RO           74    .rodata.str1.1      clk.o
    0x080078e5   0x080078e5   0x0000007b   Data   RO           88    .rodata.str1.1      rtt.o
    0x08007960   0x08007960   0x00000034   Data   RO          163    .rodata.str1.1      app.o
    0x08007994   0x08007994   0x00000136   Data   RO          185    .rodata.str1.1      nr_micro_shell_commands.o
    0x08007aca   0x08007aca   0x0000002c   Data   RO          266    .rodata.str1.1      spi.o
    0x08007af6   0x08007af6   0x00000047   Data   RO          322    .rodata.str1.1      bsp.o
    0x08007b3d   0x08007b3d   0x00000021   Data   RO          374    .rodata.str1.1      ansi_port.o
    0x08007b5e   0x08007b5e   0x000001b5   Data   RO          403    .rodata.str1.1      nr_micro_shell.o
    0x08007d13   0x08007d13   0x0000003b   Data   RO          438    .rodata.str1.1      log.o
    0x08007d4e   0x08007d4e   0x00000013   Data   RO          494    .rodata.str1.1      n32g4fr_it.o
    0x08007d61   0x08007d61   0x00000014   Data   RO         1913    .rodata.str1.1      segger_rtt.o
    0x08007d75   0x08007d75   0x00000003   PAD
    0x08007d78   0x08007d78   0x00000020   Data   RO         2508    Region$$Table       anon$$obj.o
    0x08007d98   0x08007d98   0x00000110   Data   RO         2108    locale$$data        c_w.l(lc_ctype_c.o)
    0x08007ea8   0x08007ea8   0x00000180   Data   RO         2111    locale$$data        c_w.l(lc_time_c.o)
    0x08008028   0x08008028   0x0000001c   Data   RO         2411    locale$$data        c_w.l(lc_numeric_c.o)
    0x08008044   0x08008044   0x00000004   Data   RO           29    .init_array         main.o
    0x08008048   0x08008044   0x00000000   Data   RO         1992    .init_array         c_w.l(init_aeabi.o)


    Execution Region RW_IRAM1 (Exec base: 0x20000000, Load base: 0x08008048, Size: 0x00006b18, Max: 0x00020000, ABSOLUTE, COMPRESSED[0x00000fe8])

    Exec Addr    Load Addr    Size         Type   Attr      Idx    E Section Name        Object

    0x20000000   COMPRESSED   0x00000004   Data   RW         1961    .data               c_w.l(stdio_streams.o)
    0x20000004   COMPRESSED   0x00000004   Data   RW         1962    .data               c_w.l(stdio_streams.o)
    0x20000008   COMPRESSED   0x00000004   Data   RW         1963    .data               c_w.l(stdio_streams.o)
    0x2000000c   COMPRESSED   0x00000fa4   Data   RW          265    .data.RT_PT1000     spi.o
    0x20000fb0   COMPRESSED   0x00000004   Data   RW          452    .data.SystemCoreClock  system_n32g4fr.o
    0x20000fb4   COMPRESSED   0x00000018   Data   RW          436    .data.level_strings  log.o
    0x20000fcc   COMPRESSED   0x0000013c   Data   RW          402    .data.nr_shell      nr_micro_shell.o
    0x20001108        -       0x00000054   Zero   RW         1958    .bss                c_w.l(stdio_streams.o)
    0x2000115c        -       0x00000054   Zero   RW         1959    .bss                c_w.l(stdio_streams.o)
    0x200011b0        -       0x00000054   Zero   RW         1960    .bss                c_w.l(stdio_streams.o)
    0x20001204        -       0x0000002c   Zero   RW         1983    .bss                c_w.l(localtime.o)
    0x20001230        -       0x00000060   Zero   RW         2194    .bss                c_w.l(libspace.o)
    0x20001290        -       0x00000040   Zero   RW         1827    .bss.HardFaultRegs  segger_hardfaulthandler.o
    0x200012d0        -       0x00000001   Zero   RW          264    .bss.Intn_flag      spi.o
    0x200012d1   COMPRESSED   0x00000003   PAD
    0x200012d4        -       0x00000190   Zero   RW          437    .bss.L              log.o
    0x20001464        -       0x00000004   Zero   RW          495    .bss.SPI2_IRQHandler.i  n32g4fr_it.o
    0x20001468        -       0x00000004   Zero   RW         1828    .bss._Continue      segger_hardfaulthandler.o
    0x2000146c        -       0x000000a8   Zero   RW         1910    .bss._SEGGER_RTT    segger_rtt.o
    0x20001514        -       0x00000010   Zero   RW         1915    .bss._acDownBuffer  segger_rtt.o
    0x20001524        -       0x00000400   Zero   RW         1914    .bss._acUpBuffer    segger_rtt.o
    0x20001924        -       0x00000054   Zero   RW           23    .bss.airflow_meter_b  main.o
    0x20001978        -       0x00000002   Zero   RW           25    .bss.app            main.o
    0x2000197a   COMPRESSED   0x00000002   PAD
    0x2000197c        -       0x00000004   Zero   RW          206    .bss.delay          systick.o
    0x20001980        -       0x00000004   Zero   RW           26    .bss.dwt            main.o
    0x20001984        -       0x00000001   Zero   RW           24    .bss.nr             main.o
    0x20001985   COMPRESSED   0x00000003   PAD
    0x20001988        -       0x00000084   Zero   RW          342    .bss.nr_ansi        ansi.o
    0x20001a0c        -       0x00000004   Zero   RW          404    .bss.nr_shell_strtok.last  nr_micro_shell.o
    0x20001a10        -       0x00004000   Zero   RW           22    .bss.segger_cb      main.o
    0x20005a10        -       0x00000001   Zero   RW           27    .bss.tick           main.o
    0x20005a11   COMPRESSED   0x00000007   PAD
    0x20005a18        -       0x00000100   Zero   RW          461    HEAP                startup_n32g4fr.o
    0x20005b18        -       0x00001000   Zero   RW          460    STACK               startup_n32g4fr.o


==============================================================================

Image component sizes


      Code (inc. data)   RO Data    RW Data    ZI Data      Debug   Object Name

       542          0        122          0        132       2148   ansi.o
      1334          0         33          0          0       3181   ansi_port.o
       340          4         52          0          0      18368   app.o
       878          0         71          0          0       2597   bsp.o
       224          0         48          0          0      17845   clk.o
       374          0          0          0          0      21199   di.o
       322          0          0          0          0      19126   do.o
       248          0          0          0          0      18491   dwtdelay.o
        18          0          0          0          0        312   hardfaulthandler.o
       114          0          0          0          0      20098   hardware.o
       478          0         59         24        400       3945   log.o
       410          0         57          0      16476      22691   main.o
       198          0          0          0          0       2909   misc.o
       330          0          0          0          0       2730   n32g4fr_exti.o
       474          0          0          0          0       6247   n32g4fr_gpio.o
       300          0         19          0          4       2696   n32g4fr_it.o
       654          0         64          0          0       8693   n32g4fr_rcc.o
       404          0          0          0          0       6196   n32g4fr_spi.o
       766          0          0          0          0       6791   n32g4fr_usart.o
      2280          0        477        316          4       5132   nr_micro_shell.o
       500          0        430          0          0      19696   nr_micro_shell_commands.o
       156          0        123          0          0      17517   rtt.o
       276          0          0          0         68       2695   segger_hardfaulthandler.o
      1006          0         20          0       1208      13112   segger_rtt.o
      1876         14         16          0          0       3804   segger_rtt_printf.o
        64          0          0          0          0      17420   shell.o
      2984          8         44       4004          1      28800   spi.o
        64         26        408          0       4352        864   startup_n32g4fr.o
       394          0          0          4          0       2768   system_n32g4fr.o
       274          0          0          0          4      21184   systick.o
       244          0          0          0          0      20974   uart.o

    ----------------------------------------------------------------------
     18678         52       2084       4348      22664     340229   Object Totals
         0          0         32          0          0          0   (incl. Generated)
       152          0          9          0         15          0   (incl. Padding)

    ----------------------------------------------------------------------

      Code (inc. data)   RO Data    RW Data    ZI Data      Debug   Library Member Name

       100          0          0          0          0          0   __dclz77c.o
         8          0          0          0          0         68   __main.o
       392          4         17          0          0         92   __printf_flags_ss_wp.o
        14          0          0          0          0         68   __printf_wp.o
         0          0          0          0          0          0   __rtentry.o
        12          0          0          0          0          0   __rtentry2.o
         6          0          0          0          0          0   __rtentry4.o
        52          8          0          0          0          0   __scatter.o
        28          0          0          0          0          0   __scatter_zi.o
        72          0          0          0          0         96   _c16rtomb.o
         0          0         12          0          0          0   _monlen.o
         6          0          0          0          0          0   _printf_a.o
         6          0          0          0          0          0   _printf_c.o
        44          0          0          0          0        108   _printf_char.o
        48          6          0          0          0         96   _printf_char_common.o
        36          4          0          0          0         80   _printf_char_file.o
        40          0          0          0          0         68   _printf_charcount.o
         6          0          0          0          0          0   _printf_d.o
       120         16          0          0          0         92   _printf_dec.o
         6          0          0          0          0          0   _printf_e.o
         6          0          0          0          0          0   _printf_f.o
      1052          0          0          0          0        148   _printf_fp_dec.o
       764          8         38          0          0        100   _printf_fp_hex.o
       128         16          0          0          0         84   _printf_fp_infnan.o
         6          0          0          0          0          0   _printf_g.o
       148          4         40          0          0        160   _printf_hex_int_ll_ptr.o
         6          0          0          0          0          0   _printf_i.o
       178          0          0          0          0         88   _printf_intcommon.o
        10          0          0          0          0          0   _printf_l.o
         6          0          0          0          0          0   _printf_lc.o
        10          0          0          0          0          0   _printf_ll.o
         6          0          0          0          0          0   _printf_lld.o
         6          0          0          0          0          0   _printf_lli.o
         6          0          0          0          0          0   _printf_llo.o
         6          0          0          0          0          0   _printf_llu.o
         6          0          0          0          0          0   _printf_llx.o
       124         16          0          0          0         92   _printf_longlong_dec.o
         6          0          0          0          0          0   _printf_ls.o
         6          0          0          0          0          0   _printf_n.o
         6          0          0          0          0          0   _printf_o.o
       112          8          0          0          0        124   _printf_oct_int_ll.o
         6          0          0          0          0          0   _printf_p.o
        78          0          0          0          0        108   _printf_pad.o
         0          0          0          0          0          0   _printf_percent.o
         4          0          0          0          0          0   _printf_percent_end.o
         6          0          0          0          0          0   _printf_s.o
        82          0          0          0          0         80   _printf_str.o
        36          0          0          0          0         84   _printf_truncate.o
         6          0          0          0          0          0   _printf_u.o
        44          0          0          0          0        108   _printf_wchar.o
       188          6          8          0          0         92   _printf_wctomb.o
         6          0          0          0          0          0   _printf_x.o
        10          0          0          0          0         68   _sputc.o
        46          0          0          0          0         84   aeabi_atexit.o
       228          4        148          0          0         96   bigflt0.o
      1936        128          0          0          0        668   btod.o
        10          0          0          0          0         68   cxa_atexit.o
        66          0          0          0          0         84   cxa_finalize.o
        10          0          0          0          0         68   defsig_exit.o
        50          0          0          0          0         88   defsig_general.o
        80         58          0          0          0         76   defsig_rtmem_inner.o
        14          0          0          0          0         80   defsig_rtmem_outer.o
        52         38          0          0          0         76   defsig_rtred_inner.o
        14          0          0          0          0         80   defsig_rtred_outer.o
        18          0          0          0          0         80   exit.o
        76          0          0          0          0         88   fclose.o
         8          0          0          0          0         68   ferror.o
       100          4          0          0          0        120   fflush.o
       240          6          0          0          0        128   fopen.o
        20          0          0          0          0         84   fprintf.o
       248          6          0          0          0         84   fseek.o
        66          0          0          0          0         76   ftell.o
        94          0          0          0          0         80   h1_alloc.o
        52          0          0          0          0         68   h1_extend.o
        78          0          0          0          0         80   h1_free.o
        14          0          0          0          0         84   h1_init.o
         6          0          0          0          0        152   heapauxi.o
         4          0          0          0          0        136   hguard.o
         0          0          0          0          0          0   indicate_semi.o
        36          8          0          0          0         80   init_aeabi.o
       138          0          0          0          0        168   init_alloc.o
       312         46          0          0          0        112   initio.o
        44         10        272          0          0         76   lc_ctype_c.o
        44         10         28          0          0         76   lc_numeric_c.o
        44         10        384          0          0         76   lc_time_c.o
         2          0          0          0          0          0   libinit.o
        60          0          0          0          0          0   libinit2.o
         2          0          0          0          0          0   libshutdown.o
        12          0          0          0          0          0   libshutdown2.o
         8          4          0          0         96         68   libspace.o
       138          0          0          0          0         80   lludiv10.o
        12          6          0          0         44         68   localtime.o
       184          6          0          0          0         80   localtime_internal.o
         0          0          0          0          0          0   maybetermalloc1.o
        24          4          0          0          0         84   printf.o
         4          0          0          0          0         68   putc.o
        16          4          0          0          0         76   rt_ctype_table.o
         8          4          0          0          0         68   rt_ddtor_pointer_addr_intlibspace.o
         8          4          0          0          0         68   rt_errno_addr_intlibspace.o
         8          4          0          0          0         68   rt_heap_descriptor_intlibspace.o
         8          4          0          0          0         68   rt_locale_intlibspace.o
        78          0          0          0          0         80   rt_memclr_w.o
       138          0          0          0          0         68   rt_memcpy_v6.o
       100          0          0          0          0         80   rt_memcpy_w.o
         2          0          0          0          0          0   rtexit.o
        10          0          0          0          0          0   rtexit2.o
        70          0          0          0          0         80   setvbuf.o
        44          6          0          0          0         84   sprintf.o
       240          6          0          0          0        156   stdio.o
         0          0          0         12        252          0   stdio_streams.o
       124          0          0          0          0         88   strcmpv7em.o
        72          0          0          0          0         80   strcpy.o
       864        122          0          0          0        184   strftime.o
        62          0          0          0          0         76   strlen.o
        36          0          0          0          0         80   strstr.o
        12          4          0          0          0         68   sys_exit.o
       102          0          0          0          0        240   sys_io.o
         0          0         12          0          0          0   sys_io_names.o
        74          0          0          0          0         80   sys_stackheap_outer.o
        18          0          0          0          0         76   sys_time.o
        14          0          0          0          0         76   sys_wrch.o
         2          0          0          0          0         68   use_no_semi.o
        10          0          0          0          0         68   vfprintf.o
        12          0          0          0          0        116   dretinf.o
        86          4          0          0          0        132   f2d.o
       140          4          0          0          0        132   fnaninf.o
        26          0          0          0          0        116   fpinit.o
         4          0          0          0          0        116   printf1.o
         4          0          0          0          0        116   printf2.o
         0          0          0          0          0          0   usenofp.o
        48          0          0          0          0        124   fpclassify.o

    ----------------------------------------------------------------------
     11118        610        960         12        392       8868   Library Totals
        24          0          1          0          0          0   (incl. Padding)

    ----------------------------------------------------------------------

      Code (inc. data)   RO Data    RW Data    ZI Data      Debug   Library Name

     10774        602        959         12        392       8016   c_w.l
       272          8          0          0          0        728   fz_wm.l
        48          0          0          0          0        124   m_wm.l

    ----------------------------------------------------------------------
     11118        610        960         12        392       8868   Library Totals

    ----------------------------------------------------------------------

==============================================================================


      Code (inc. data)   RO Data    RW Data    ZI Data      Debug   

     29796        662       3044       4360      23056     343565   Grand Totals
     29796        662       3044       4072      23056     343565   ELF Image Totals (compressed)
     29796        662       3044       4072          0          0   ROM Totals

==============================================================================

    Total RO  Size (Code + RO Data)                32840 (  32.07kB)
    Total RW  Size (RW Data + ZI Data)             27416 (  26.77kB)
    Total ROM Size (Code + RO Data + RW Data)      36912 (  36.05kB)

==============================================================================

